HEAD 2fb80e36f609002756aa5cb2d1be75d519b1ac48
$ cargo check -p litchi-core -p soapberry-zip -p litchi-cfb -p litchi-ole-common -p litchi-opc -p litchi-ooxml-common -p litchi-doc -p litchi-docx -p litchi-ppt -p litchi-pptx -p litchi-xls -p litchi-xlsx -p litchi-xlsb -p xml-minifier --all-targets --locked
    Checking litchi-core v0.0.1 (/home/zhuhe/code/litchi/crates/litchi-core)
    Checking soapberry-zip v0.0.1 (/home/zhuhe/code/litchi/crates/soapberry-zip)
    Checking xml-minifier v0.1.0 (/home/zhuhe/code/litchi/crates/xml-minifier)
    Checking litchi-cfb v0.0.1 (/home/zhuhe/code/litchi/crates/litchi-cfb)
    Checking litchi-opc v0.0.1 (/home/zhuhe/code/litchi/crates/litchi-opc)
    Checking litchi-ole-common v0.0.1 (/home/zhuhe/code/litchi/crates/litchi-ole-common)
    Checking litchi-ooxml-common v0.0.1 (/home/zhuhe/code/litchi/crates/litchi-ooxml-common)
    Checking litchi-odraw v0.0.1 (/home/zhuhe/code/litchi/crates/litchi-odraw)
    Checking elliptic-curve v0.13.8
    Checking ecdsa v0.16.9
    Checking primeorder v0.13.6
    Checking p256 v0.13.2
    Checking rand v0.8.8
    Checking litchi-drawingml v0.0.1 (/home/zhuhe/code/litchi/crates/litchi-drawingml)
    Checking litchi-ograph v0.0.1 (/home/zhuhe/code/litchi/crates/litchi-ograph)
    Checking num-bigint-dig v0.8.6
    Checking rsa v0.9.10
    Checking litchi-sign v0.0.1 (/home/zhuhe/code/litchi/crates/litchi-sign)
    Checking litchi-crypto v0.0.1 (/home/zhuhe/code/litchi/crates/litchi-crypto)
    Checking litchi-vba v0.0.1 (/home/zhuhe/code/litchi/crates/litchi-vba)
    Checking litchi-spreadsheet-drawing v0.0.1 (/home/zhuhe/code/litchi/crates/litchi-spreadsheet-drawing)
    Checking litchi-sheet v0.0.1 (/home/zhuhe/code/litchi/crates/litchi-sheet)
    Checking litchi-xls v0.0.1 (/home/zhuhe/code/litchi/crates/litchi-xls)
    Checking litchi-pptx v0.0.1 (/home/zhuhe/code/litchi/crates/litchi-pptx)
    Checking litchi-xlsx v0.0.1 (/home/zhuhe/code/litchi/crates/litchi-xlsx)
    Checking litchi-docx v0.0.1 (/home/zhuhe/code/litchi/crates/litchi-docx)
    Checking litchi-ppt v0.0.1 (/home/zhuhe/code/litchi/crates/litchi-ppt)
    Checking litchi-doc v0.0.1 (/home/zhuhe/code/litchi/crates/litchi-doc)
    Checking regex-automata v0.4.18
    Checking regex v1.13.1
    Checking env_logger v0.8.4
    Checking quickcheck v1.0.3
    Checking litchi-xlsb v0.0.1 (/home/zhuhe/code/litchi/crates/litchi-xlsb)
    Finished `dev` profile [unoptimized + debuginfo] target(s) in 1m 15s

exit 0
