    Checking mce-capabilities-probe v0.1.0 (/home/zhuhe/code/litchi/docs/performance/results/change-0798/probe-src)
error: function `enable` is never used
  --> src/allocation_metrics.rs:89:8
   |
89 | pub fn enable() {
   |        ^^^^^^
   |
   = note: `-D dead-code` implied by `-D warnings`
   = help: to override `-D warnings` add `#[expect(dead_code)]` or `#[allow(dead_code)]`

error: function `record_allocation` is never used
  --> src/allocation_metrics.rs:94:8
   |
94 | pub fn record_allocation(size: usize) {
   |        ^^^^^^^^^^^^^^^^^

error: function `record_deallocation` is never used
  --> src/allocation_metrics.rs:99:8
   |
99 | pub fn record_deallocation(size: usize) {
   |        ^^^^^^^^^^^^^^^^^^^

error: function `record_reallocation` is never used
   --> src/allocation_metrics.rs:104:8
    |
104 | pub fn record_reallocation(old_size: usize, new_size: usize) {
    |        ^^^^^^^^^^^^^^^^^^^

error: function `record_failed_allocation` is never used
   --> src/allocation_metrics.rs:109:8
    |
109 | pub fn record_failed_allocation() {
    |        ^^^^^^^^^^^^^^^^^^^^^^^^

error: struct `Snapshot` is never constructed
   --> src/allocation_metrics.rs:116:12
    |
116 | pub struct Snapshot {
    |            ^^^^^^^^

error: function `snapshot` is never used
   --> src/allocation_metrics.rs:132:8
    |
132 | pub fn snapshot() -> Snapshot {
    |        ^^^^^^^^

error: function `unavailable_sample` is never used
   --> src/allocation_metrics.rs:198:15
    |
198 | pub(crate) fn unavailable_sample() -> Sample {
    |               ^^^^^^^^^^^^^^^^^^

error: field `segment_before` is never read
   --> src/allocation_metrics.rs:291:5
    |
285 | struct ActiveRegion {
    |        ------------ field in this struct
...
291 |     segment_before: CountersSnapshot,
    |     ^^^^^^^^^^^^^^

error: methods `split` and `finish_split` are never used
   --> src/allocation_metrics.rs:315:19
    |
306 | impl Region {
    | ----------- methods in this implementation
...
315 |     pub(crate) fn split(&mut self) -> Option<Sample> {
    |                   ^^^^^
...
351 |     pub(crate) fn finish_split(mut self) -> (Option<Sample>, Option<Sample>) {
    |                   ^^^^^^^^^^^^

error: struct `CallbackEntryGuard` is never constructed
   --> src/allocation_metrics.rs:487:8
    |
487 | struct CallbackEntryGuard;
    |        ^^^^^^^^^^^^^^^^^^

error: associated function `enter` is never used
   --> src/allocation_metrics.rs:490:8
    |
489 | impl CallbackEntryGuard {
    | ----------------------- associated function in this implementation
490 |     fn enter(observer_invalid: &AtomicBool) -> Option<Self> {
    |        ^^^^^

error: multiple methods are never used
   --> src/allocation_metrics.rs:514:8
    |
513 | impl Counters {
    | ------------- methods in this implementation
514 |     fn snapshot(&self) -> CountersSnapshot {
    |        ^^^^^^^^
...
561 |     fn split_region(&self) -> (CountersSnapshot, Option<u64>, bool) {
    |        ^^^^^^^^^^^^
...
618 |     fn update_region_peak(&self, observer: &mut ObserverState, live: u64) {
    |        ^^^^^^^^^^^^^^^^^^
...
626 |     fn enter_callback(&self) -> Option<CallbackEntryGuard> {
    |        ^^^^^^^^^^^^^^
...
630 |     fn add(&self, counter: &AtomicU64, value: u64) {
    |        ^^^
...
636 |     fn live_add(&self, value: u64) -> Option<u64> {
    |        ^^^^^^^^
...
646 |     fn live_sub(&self, value: u64) {
    |        ^^^^^^^^
...
652 |     fn update_peak(&self, live: u64) {
    |        ^^^^^^^^^^^
...
667 |     fn allocation(&self, size: usize) {
    |        ^^^^^^^^^^
...
675 |     fn allocation_locked(&self, size: usize, observer: &mut ObserverState) {
    |        ^^^^^^^^^^^^^^^^^
...
687 |     fn deallocation(&self, size: usize) {
    |        ^^^^^^^^^^^^
...
695 |     fn deallocation_locked(&self, size: usize) {
    |        ^^^^^^^^^^^^^^^^^^^
...
705 |     fn reallocation(&self, old_size: usize, new_size: usize) {
    |        ^^^^^^^^^^^^
...
713 |     fn reallocation_locked(&self, old_size: usize, new_size: usize, observer: &mut ObserverState) {
    |        ^^^^^^^^^^^^^^^^^^^
...
733 |     fn failed_allocation(&self) {
    |        ^^^^^^^^^^^^^^^^^

error: function `checked_add` is never used
   --> src/allocation_metrics.rs:742:4
    |
742 | fn checked_add(counter: &AtomicU64, value: u64) -> Option<u64> {
    |    ^^^^^^^^^^^

error: function `checked_sub` is never used
   --> src/allocation_metrics.rs:749:4
    |
749 | fn checked_sub(counter: &AtomicU64, value: u64) -> Option<u64> {
    |    ^^^^^^^^^^^

error: doc list item without indentation
  --> src/main.rs:14:5
   |
14 | //! Package serialization, reopening, marker checks, and destruction happen
   |     ^
   |
   = help: if this is supposed to be its own paragraph, add a blank line
   = help: for further information visit https://rust-lang.github.io/rust-clippy/rust-1.95.0/index.html#doc_lazy_continuation
   = note: `-D clippy::doc-lazy-continuation` implied by `-D warnings`
   = help: to override `-D warnings` add `#[allow(clippy::doc_lazy_continuation)]`
help: indent this line
   |
14 | //!   Package serialization, reopening, marker checks, and destruction happen
   |     ++

error: doc list item without indentation
  --> src/main.rs:15:5
   |
15 | //! after the timed region unless they are explicitly part of `lifecycle`.
   |     ^
   |
   = help: if this is supposed to be its own paragraph, add a blank line
   = help: for further information visit https://rust-lang.github.io/rust-clippy/rust-1.95.0/index.html#doc_lazy_continuation
help: indent this line
   |
15 | //!   after the timed region unless they are explicitly part of `lifecycle`.
   |     ++

error: doc list item without indentation
  --> src/main.rs:16:5
   |
16 | //! Owners remain live until the allocation region has finished.
   |     ^
   |
   = help: if this is supposed to be its own paragraph, add a blank line
   = help: for further information visit https://rust-lang.github.io/rust-clippy/rust-1.95.0/index.html#doc_lazy_continuation
help: indent this line
   |
16 | //!   Owners remain live until the allocation region has finished.
   |     ++

error: could not compile `mce-capabilities-probe` (bin "namespace-uri-probe") due to 18 previous errors
