	Command being timed: "taskset -c 2 perf record --no-buildid-cache -F 99 -e cycles:u --call-graph fp -o /home/zhuhe/code/litchi/docs/performance/results/change-0459/diagnostic/fp/perf.data -- /tmp/litchi-goal-0459/diagnostic-target/release/litchi-perf-baseline odp-append-attribution --mode phases --shape large --warmup 3 --samples 100 --repeat diagnostic --output /home/zhuhe/code/litchi/docs/performance/results/change-0459/diagnostic/fp/report.json"
	User time (seconds): 16.69
	System time (seconds): 0.03
	Percent of CPU this job got: 99%
	Elapsed (wall clock) time (h:mm:ss or m:ss): 0:16.73
	Average shared text size (kbytes): 0
	Average unshared data size (kbytes): 0
	Average stack size (kbytes): 0
	Average total size (kbytes): 0
	Maximum resident set size (kbytes): 77448
	Average resident set size (kbytes): 0
	Major (requiring I/O) page faults: 0
	Minor (reclaiming a frame) page faults: 23952
	Voluntary context switches: 7
	Involuntary context switches: 139
	Swaps: 0
	File system inputs: 0
	File system outputs: 1056
	Socket messages sent: 0
	Socket messages received: 0
	Signals delivered: 0
	Page size (bytes): 4096
	Exit status: 0
