docx baseline a0
docx opaque a0
docx opaque-many a0
xlsx baseline a0
xlsx opaque a0
xlsx opaque-many a0
pptx baseline a0
pptx opaque a0
pptx opaque-many a0
docx baseline a1
docx opaque a1
docx opaque-many a1
xlsx baseline a1
xlsx opaque a1
xlsx opaque-many a1
pptx baseline a1
pptx opaque a1
pptx opaque-many a1
docx baseline a2
docx opaque a2
docx opaque-many a2
xlsx baseline a2
xlsx opaque a2
xlsx opaque-many a2
pptx baseline a2
pptx opaque a2
pptx opaque-many a2
docx baseline b0
docx opaque b0
docx opaque-many b0
xlsx baseline b0
xlsx opaque b0
xlsx opaque-many b0
pptx baseline b0
pptx opaque b0
pptx opaque-many b0
docx baseline b1
docx opaque b1
docx opaque-many b1
xlsx baseline b1
xlsx opaque b1
xlsx opaque-many b1
pptx baseline b1
pptx opaque b1
pptx opaque-many b1
docx baseline a3
docx opaque a3
docx opaque-many a3
xlsx baseline a3
xlsx opaque a3
xlsx opaque-many a3
pptx baseline a3
pptx opaque a3
pptx opaque-many a3
