LITCHI0693_PART profile=candidate stage=processed_xml uri=/ppt/presentation.xml raw_ptr=0x5f6f9f99fab0 raw_len=2357
LITCHI0693_CODEC call=0 profile=candidate stage=prefix:control:apply input_ptr=0x5f6f9f99fab0 input_len=2357 output_ptr=0x5f6f9f99fab0 output_len=2357 mode=borrow status=ok
LITCHI0693_MODEL profile=candidate stage=capture_begin parts=58
LITCHI0693_PART profile=candidate stage=processed_xml uri=/ppt/presentation.xml raw_ptr=0x5f6f9f99fab0 raw_len=2357
LITCHI0693_CODEC call=1 profile=candidate stage=prefix:control:apply input_ptr=0x5f6f9f99fab0 input_len=2357 output_ptr=0x5f6f9f99fab0 output_len=2357 mode=borrow status=ok
LITCHI0693_PART profile=candidate stage=processed_xml uri=/ppt/presentation.xml raw_ptr=0x5f6f9f99fab0 raw_len=2357
LITCHI0693_CODEC call=2 profile=candidate stage=prefix:control:apply input_ptr=0x5f6f9f99fab0 input_len=2357 output_ptr=0x5f6f9f99fab0 output_len=2357 mode=borrow status=ok
LITCHI0693_PART profile=candidate stage=processed_xml uri=/ppt/presentation.xml raw_ptr=0x5f6f9f99fab0 raw_len=2357
LITCHI0693_CODEC call=3 profile=candidate stage=prefix:control:apply input_ptr=0x5f6f9f99fab0 input_len=2357 output_ptr=0x5f6f9f99fab0 output_len=2357 mode=borrow status=ok
LITCHI0693_PART profile=candidate stage=source_bound uri=/ppt/slides/slide1.xml raw_ptr=0x5f6f9fa65e50 raw_len=2589
LITCHI0693_CODEC call=4 profile=candidate stage=prefix:control:apply input_ptr=0x5f6f9fa65e50 input_len=2589 output_ptr=0x5f6f9fa65e50 output_len=2589 mode=borrow status=ok
LITCHI0693_PART profile=candidate stage=source_bound uri=/ppt/slides/slide2.xml raw_ptr=0x5f6f9fa61bd0 raw_len=17006
LITCHI0693_CODEC call=5 profile=candidate stage=prefix:control:apply input_ptr=0x5f6f9fa61bd0 input_len=17006 output_ptr=0x5f6f9fa61bd0 output_len=17006 mode=borrow status=ok
LITCHI0693_PART profile=candidate stage=source_bound uri=/ppt/slides/slide3.xml raw_ptr=0x5f6f9fa5a0b0 raw_len=3038
LITCHI0693_CODEC call=6 profile=candidate stage=prefix:control:apply input_ptr=0x5f6f9fa5a0b0 input_len=3038 output_ptr=0x5f6f9fa5a0b0 output_len=3038 mode=borrow status=ok
LITCHI0693_PART profile=candidate stage=source_bound uri=/ppt/slides/slide4.xml raw_ptr=0x5f6f9fa526f0 raw_len=31153
LITCHI0693_CODEC call=7 profile=candidate stage=prefix:control:apply input_ptr=0x5f6f9fa526f0 input_len=31153 output_ptr=0x5f6f9fa526f0 output_len=31153 mode=borrow status=ok
LITCHI0693_PART profile=candidate stage=source_bound uri=/ppt/slides/slide5.xml raw_ptr=0x5f6f9fa4a4c0 raw_len=17833
LITCHI0693_CODEC call=8 profile=candidate stage=prefix:control:apply input_ptr=0x5f6f9fa4a4c0 input_len=17833 output_ptr=0x5f6f9fa4a4c0 output_len=17833 mode=borrow status=ok
LITCHI0693_PART profile=candidate stage=source_bound uri=/ppt/slides/slide6.xml raw_ptr=0x5f6f9fa498d0 raw_len=3037
LITCHI0693_CODEC call=9 profile=candidate stage=prefix:control:apply input_ptr=0x5f6f9fa498d0 input_len=3037 output_ptr=0x5f6f9fa498d0 output_len=3037 mode=borrow status=ok
LITCHI0693_PART profile=candidate stage=source_bound uri=/ppt/slides/slide7.xml raw_ptr=0x5f6f9fa5aca0 raw_len=28449
LITCHI0693_CODEC call=10 profile=candidate stage=prefix:control:apply input_ptr=0x5f6f9fa5aca0 input_len=28449 output_ptr=0x5f6f9fa5aca0 output_len=28449 mode=borrow status=ok
LITCHI0693_PART profile=candidate stage=source_bound uri=/ppt/slides/slide8.xml raw_ptr=0x5f6f9fa4ea80 raw_len=2674
LITCHI0693_CODEC call=11 profile=candidate stage=prefix:control:apply input_ptr=0x5f6f9fa4ea80 input_len=2674 output_ptr=0x5f6f9fa4ea80 output_len=2674 mode=borrow status=ok
LITCHI0693_PART profile=candidate stage=source_bound uri=/ppt/slides/slide9.xml raw_ptr=0x5f6f9fa51c70 raw_len=2676
LITCHI0693_CODEC call=12 profile=candidate stage=prefix:control:apply input_ptr=0x5f6f9fa51c70 input_len=2676 output_ptr=0x5f6f9fa51c70 output_len=2676 mode=borrow status=ok
LITCHI0693_PART profile=candidate stage=source_bound uri=/ppt/slides/slide10.xml raw_ptr=0x5f6f9fa4f500 raw_len=3037
LITCHI0693_CODEC call=13 profile=candidate stage=prefix:control:apply input_ptr=0x5f6f9fa4f500 input_len=3037 output_ptr=0x5f6f9fa4f500 output_len=3037 mode=borrow status=ok
LITCHI0693_PART profile=candidate stage=source_bound uri=/ppt/slides/slide11.xml raw_ptr=0x5f6f9fa66880 raw_len=121498
LITCHI0693_CODEC call=14 profile=candidate stage=prefix:control:apply input_ptr=0x5f6f9fa66880 input_len=121498 output_ptr=0x5f6f9fa66880 output_len=121498 mode=borrow status=ok
LITCHI0693_PART profile=candidate stage=source_bound uri=/ppt/slides/slide12.xml raw_ptr=0x5f6f9fa426d0 raw_len=29160
LITCHI0693_CODEC call=15 profile=candidate stage=prefix:control:apply input_ptr=0x5f6f9fa426d0 input_len=29160 output_ptr=0x5f6f9fa426d0 output_len=29160 mode=borrow status=ok
LITCHI0693_PART profile=candidate stage=source_bound uri=/ppt/slides/slide13.xml raw_ptr=0x5f6f9fa500f0 raw_len=7028
LITCHI0693_CODEC call=16 profile=candidate stage=prefix:control:apply input_ptr=0x5f6f9fa500f0 input_len=7028 output_ptr=0x5f6f9fa500f0 output_len=7028 mode=borrow status=ok
LITCHI0693_MODEL profile=candidate stage=capture_layout proof_entry_bytes=24 slide_entry_bytes=48
LITCHI0693_CODEC call=17 profile=candidate stage=prefix:control:apply input_ptr=0x5f6f9f99fab0 input_len=2357 output_ptr=0x5f6f9f99fab0 output_len=2357 mode=borrow status=ok
LITCHI0693_CODEC call=18 profile=candidate stage=prefix:control:apply input_ptr=0x5f6f9f99fab0 input_len=2357 output_ptr=0x5f6f9f99fab0 output_len=2357 mode=borrow status=ok
LITCHI0693_MODEL profile=candidate stage=capture_success parts=58 slides=13
LITCHI0693_PART profile=candidate stage=processed_xml uri=/ppt/presentation.xml raw_ptr=0x5f6f9fa8a160 raw_len=2357
LITCHI0693_CODEC call=19 profile=candidate stage=prefix:control:apply input_ptr=0x5f6f9fa8a160 input_len=2357 output_ptr=0x5f6f9fa8a160 output_len=2357 mode=borrow status=ok
LITCHI0693_MODEL profile=candidate stage=capture_begin parts=58
LITCHI0693_PART profile=candidate stage=processed_xml uri=/ppt/presentation.xml raw_ptr=0x5f6f9fa8a160 raw_len=2357
LITCHI0693_CODEC call=20 profile=candidate stage=prefix:control:apply input_ptr=0x5f6f9fa8a160 input_len=2357 output_ptr=0x5f6f9fa8a160 output_len=2357 mode=borrow status=ok
LITCHI0693_PART profile=candidate stage=processed_xml uri=/ppt/presentation.xml raw_ptr=0x5f6f9fa8a160 raw_len=2357
LITCHI0693_CODEC call=21 profile=candidate stage=prefix:control:apply input_ptr=0x5f6f9fa8a160 input_len=2357 output_ptr=0x5f6f9fa8a160 output_len=2357 mode=borrow status=ok
LITCHI0693_PART profile=candidate stage=processed_xml uri=/ppt/presentation.xml raw_ptr=0x5f6f9fa8a160 raw_len=2357
LITCHI0693_CODEC call=22 profile=candidate stage=prefix:control:apply input_ptr=0x5f6f9fa8a160 input_len=2357 output_ptr=0x5f6f9fa8a160 output_len=2357 mode=borrow status=ok
LITCHI0693_PART profile=candidate stage=source_bound uri=/ppt/slides/slide1.xml raw_ptr=0x5f6f9f9b7220 raw_len=2589
LITCHI0693_CODEC call=23 profile=candidate stage=prefix:control:apply input_ptr=0x5f6f9f9b7220 input_len=2589 output_ptr=0x5f6f9f9b7220 output_len=2589 mode=borrow status=ok
LITCHI0693_PART profile=candidate stage=source_bound uri=/ppt/slides/slide2.xml raw_ptr=0x5f6f9fa80100 raw_len=17006
LITCHI0693_CODEC call=24 profile=candidate stage=prefix:control:apply input_ptr=0x5f6f9fa80100 input_len=17006 output_ptr=0x5f6f9fa80100 output_len=17006 mode=borrow status=ok
LITCHI0693_PART profile=candidate stage=source_bound uri=/ppt/slides/slide3.xml raw_ptr=0x5f6f9f9b6630 raw_len=3038
LITCHI0693_CODEC call=25 profile=candidate stage=prefix:control:apply input_ptr=0x5f6f9f9b6630 input_len=3038 output_ptr=0x5f6f9f9b6630 output_len=3038 mode=borrow status=ok
LITCHI0693_PART profile=candidate stage=source_bound uri=/ppt/slides/slide4.xml raw_ptr=0x5f6f9fa71810 raw_len=31153
LITCHI0693_CODEC call=26 profile=candidate stage=prefix:control:apply input_ptr=0x5f6f9fa71810 input_len=31153 output_ptr=0x5f6f9fa71810 output_len=31153 mode=borrow status=ok
LITCHI0693_PART profile=candidate stage=source_bound uri=/ppt/slides/slide5.xml raw_ptr=0x5f6f9fa6d250 raw_len=17833
LITCHI0693_CODEC call=27 profile=candidate stage=prefix:control:apply input_ptr=0x5f6f9fa6d250 input_len=17833 output_ptr=0x5f6f9fa6d250 output_len=17833 mode=borrow status=ok
LITCHI0693_PART profile=candidate stage=source_bound uri=/ppt/slides/slide6.xml raw_ptr=0x5f6f9fa86200 raw_len=3037
LITCHI0693_CODEC call=28 profile=candidate stage=prefix:control:apply input_ptr=0x5f6f9fa86200 input_len=3037 output_ptr=0x5f6f9fa86200 output_len=3037 mode=borrow status=ok
LITCHI0693_PART profile=candidate stage=source_bound uri=/ppt/slides/slide7.xml raw_ptr=0x5f6f9fa791d0 raw_len=28449
LITCHI0693_CODEC call=29 profile=candidate stage=prefix:control:apply input_ptr=0x5f6f9fa791d0 input_len=28449 output_ptr=0x5f6f9fa791d0 output_len=28449 mode=borrow status=ok
LITCHI0693_PART profile=candidate stage=source_bound uri=/ppt/slides/slide8.xml raw_ptr=0x5f6f9fa86df0 raw_len=2674
LITCHI0693_CODEC call=30 profile=candidate stage=prefix:control:apply input_ptr=0x5f6f9fa86df0 input_len=2674 output_ptr=0x5f6f9fa86df0 output_len=2674 mode=borrow status=ok
LITCHI0693_PART profile=candidate stage=source_bound uri=/ppt/slides/slide9.xml raw_ptr=0x5f6f9fa8db20 raw_len=2676
LITCHI0693_CODEC call=31 profile=candidate stage=prefix:control:apply input_ptr=0x5f6f9fa8db20 input_len=2676 output_ptr=0x5f6f9fa8db20 output_len=2676 mode=borrow status=ok
LITCHI0693_PART profile=candidate stage=source_bound uri=/ppt/slides/slide10.xml raw_ptr=0x5f6f9fa8cf30 raw_len=3037
LITCHI0693_CODEC call=32 profile=candidate stage=prefix:control:apply input_ptr=0x5f6f9fa8cf30 input_len=3037 output_ptr=0x5f6f9fa8cf30 output_len=3037 mode=borrow status=ok
LITCHI0693_PART profile=candidate stage=source_bound uri=/ppt/slides/slide11.xml raw_ptr=0x5f6f9fa97420 raw_len=121498
LITCHI0693_CODEC call=33 profile=candidate stage=prefix:control:apply input_ptr=0x5f6f9fa97420 input_len=121498 output_ptr=0x5f6f9fa97420 output_len=121498 mode=borrow status=ok
LITCHI0693_PART profile=candidate stage=source_bound uri=/ppt/slides/slide12.xml raw_ptr=0x5f6f9fa66050 raw_len=29160
LITCHI0693_CODEC call=34 profile=candidate stage=prefix:control:apply input_ptr=0x5f6f9fa66050 input_len=29160 output_ptr=0x5f6f9fa66050 output_len=29160 mode=borrow status=ok
LITCHI0693_PART profile=candidate stage=source_bound uri=/ppt/slides/slide13.xml raw_ptr=0x5f6f9f9b10b0 raw_len=7028
LITCHI0693_CODEC call=35 profile=candidate stage=prefix:control:apply input_ptr=0x5f6f9f9b10b0 input_len=7028 output_ptr=0x5f6f9f9b10b0 output_len=7028 mode=borrow status=ok
LITCHI0693_MODEL profile=candidate stage=capture_layout proof_entry_bytes=24 slide_entry_bytes=48
LITCHI0693_CODEC call=36 profile=candidate stage=prefix:control:apply input_ptr=0x5f6f9fa8a160 input_len=2357 output_ptr=0x5f6f9fa8a160 output_len=2357 mode=borrow status=ok
LITCHI0693_CODEC call=37 profile=candidate stage=prefix:control:apply input_ptr=0x5f6f9fa8a160 input_len=2357 output_ptr=0x5f6f9fa8a160 output_len=2357 mode=borrow status=ok
LITCHI0693_MODEL profile=candidate stage=capture_success parts=58 slides=13
LITCHI0693_MODEL profile=candidate stage=capture_begin parts=58
LITCHI0693_PART profile=candidate stage=processed_xml uri=/ppt/presentation.xml raw_ptr=0x5f6f9fa8a160 raw_len=2357
LITCHI0693_CODEC call=38 profile=candidate stage=prefix:control:apply input_ptr=0x5f6f9fa8a160 input_len=2357 output_ptr=0x5f6f9fa8a160 output_len=2357 mode=borrow status=ok
LITCHI0693_PART profile=candidate stage=processed_xml uri=/ppt/presentation.xml raw_ptr=0x5f6f9fa8a160 raw_len=2357
LITCHI0693_CODEC call=39 profile=candidate stage=prefix:control:apply input_ptr=0x5f6f9fa8a160 input_len=2357 output_ptr=0x5f6f9fa8a160 output_len=2357 mode=borrow status=ok
LITCHI0693_PART profile=candidate stage=processed_xml uri=/ppt/presentation.xml raw_ptr=0x5f6f9fa8a160 raw_len=2357
LITCHI0693_CODEC call=40 profile=candidate stage=prefix:control:apply input_ptr=0x5f6f9fa8a160 input_len=2357 output_ptr=0x5f6f9fa8a160 output_len=2357 mode=borrow status=ok
LITCHI0693_PART profile=candidate stage=source_bound uri=/ppt/slides/slide1.xml raw_ptr=0x5f6f9f9b7220 raw_len=2589
LITCHI0693_CODEC call=41 profile=candidate stage=prefix:control:apply input_ptr=0x5f6f9f9b7220 input_len=2589 output_ptr=0x5f6f9f9b7220 output_len=2589 mode=borrow status=ok
LITCHI0693_PART profile=candidate stage=source_bound uri=/ppt/slides/slide2.xml raw_ptr=0x5f6f9f9f42a0 raw_len=16935
LITCHI0693_CODEC call=42 profile=candidate stage=prefix:control:apply input_ptr=0x5f6f9f9f42a0 input_len=16935 output_ptr=0x5f6f9f9f42a0 output_len=16935 mode=borrow status=ok
LITCHI0693_PART profile=candidate stage=source_bound uri=/ppt/slides/slide3.xml raw_ptr=0x5f6f9f9b6630 raw_len=3038
LITCHI0693_CODEC call=43 profile=candidate stage=prefix:control:apply input_ptr=0x5f6f9f9b6630 input_len=3038 output_ptr=0x5f6f9f9b6630 output_len=3038 mode=borrow status=ok
LITCHI0693_PART profile=candidate stage=source_bound uri=/ppt/slides/slide4.xml raw_ptr=0x5f6f9fa71810 raw_len=31153
LITCHI0693_CODEC call=44 profile=candidate stage=prefix:control:apply input_ptr=0x5f6f9fa71810 input_len=31153 output_ptr=0x5f6f9fa71810 output_len=31153 mode=borrow status=ok
LITCHI0693_PART profile=candidate stage=source_bound uri=/ppt/slides/slide5.xml raw_ptr=0x5f6f9fa6d250 raw_len=17833
LITCHI0693_CODEC call=45 profile=candidate stage=prefix:control:apply input_ptr=0x5f6f9fa6d250 input_len=17833 output_ptr=0x5f6f9fa6d250 output_len=17833 mode=borrow status=ok
LITCHI0693_PART profile=candidate stage=source_bound uri=/ppt/slides/slide6.xml raw_ptr=0x5f6f9fa86200 raw_len=3037
LITCHI0693_CODEC call=46 profile=candidate stage=prefix:control:apply input_ptr=0x5f6f9fa86200 input_len=3037 output_ptr=0x5f6f9fa86200 output_len=3037 mode=borrow status=ok
LITCHI0693_PART profile=candidate stage=source_bound uri=/ppt/slides/slide7.xml raw_ptr=0x5f6f9fa791d0 raw_len=28449
LITCHI0693_CODEC call=47 profile=candidate stage=prefix:control:apply input_ptr=0x5f6f9fa791d0 input_len=28449 output_ptr=0x5f6f9fa791d0 output_len=28449 mode=borrow status=ok
LITCHI0693_PART profile=candidate stage=source_bound uri=/ppt/slides/slide8.xml raw_ptr=0x5f6f9fa86df0 raw_len=2674
LITCHI0693_CODEC call=48 profile=candidate stage=prefix:control:apply input_ptr=0x5f6f9fa86df0 input_len=2674 output_ptr=0x5f6f9fa86df0 output_len=2674 mode=borrow status=ok
LITCHI0693_PART profile=candidate stage=source_bound uri=/ppt/slides/slide9.xml raw_ptr=0x5f6f9fa8db20 raw_len=2676
LITCHI0693_CODEC call=49 profile=candidate stage=prefix:control:apply input_ptr=0x5f6f9fa8db20 input_len=2676 output_ptr=0x5f6f9fa8db20 output_len=2676 mode=borrow status=ok
LITCHI0693_PART profile=candidate stage=source_bound uri=/ppt/slides/slide10.xml raw_ptr=0x5f6f9fa8cf30 raw_len=3037
LITCHI0693_CODEC call=50 profile=candidate stage=prefix:control:apply input_ptr=0x5f6f9fa8cf30 input_len=3037 output_ptr=0x5f6f9fa8cf30 output_len=3037 mode=borrow status=ok
LITCHI0693_PART profile=candidate stage=source_bound uri=/ppt/slides/slide11.xml raw_ptr=0x5f6f9fa97420 raw_len=121498
LITCHI0693_CODEC call=51 profile=candidate stage=prefix:control:apply input_ptr=0x5f6f9fa97420 input_len=121498 output_ptr=0x5f6f9fa97420 output_len=121498 mode=borrow status=ok
LITCHI0693_PART profile=candidate stage=source_bound uri=/ppt/slides/slide12.xml raw_ptr=0x5f6f9fa66050 raw_len=29160
LITCHI0693_CODEC call=52 profile=candidate stage=prefix:control:apply input_ptr=0x5f6f9fa66050 input_len=29160 output_ptr=0x5f6f9fa66050 output_len=29160 mode=borrow status=ok
LITCHI0693_PART profile=candidate stage=source_bound uri=/ppt/slides/slide13.xml raw_ptr=0x5f6f9f9b10b0 raw_len=7028
LITCHI0693_CODEC call=53 profile=candidate stage=prefix:control:apply input_ptr=0x5f6f9f9b10b0 input_len=7028 output_ptr=0x5f6f9f9b10b0 output_len=7028 mode=borrow status=ok
LITCHI0693_MODEL profile=candidate stage=capture_layout proof_entry_bytes=24 slide_entry_bytes=48
LITCHI0693_CODEC call=54 profile=candidate stage=prefix:control:apply input_ptr=0x5f6f9fa8a160 input_len=2357 output_ptr=0x5f6f9fa8a160 output_len=2357 mode=borrow status=ok
LITCHI0693_CODEC call=55 profile=candidate stage=prefix:control:apply input_ptr=0x5f6f9fa8a160 input_len=2357 output_ptr=0x5f6f9fa8a160 output_len=2357 mode=borrow status=ok
LITCHI0693_MODEL profile=candidate stage=capture_success parts=58 slides=13
LITCHI0693_PART profile=candidate stage=processed_xml uri=/ppt/presentation.xml raw_ptr=0x5f6f9fa8a160 raw_len=2357
LITCHI0693_CODEC call=56 profile=candidate stage=prefix:control:apply input_ptr=0x5f6f9fa8a160 input_len=2357 output_ptr=0x5f6f9fa8a160 output_len=2357 mode=borrow status=ok
