LITCHI0693_PART profile=candidate stage=processed_xml uri=/ppt/presentation.xml raw_ptr=0x5e18c1fe3120 raw_len=2357
LITCHI0693_CODEC call=0 profile=candidate stage=prefix:real:apply input_ptr=0x5e18c1fe3120 input_len=2357 output_ptr=0x5e18c1fc8a30 output_len=2801 mode=owned status=ok
LITCHI0693_MODEL profile=candidate stage=capture_begin parts=58
LITCHI0693_PART profile=candidate stage=processed_xml uri=/ppt/presentation.xml raw_ptr=0x5e18c1fe3120 raw_len=2357
LITCHI0693_CODEC call=1 profile=candidate stage=prefix:real:apply input_ptr=0x5e18c1fe3120 input_len=2357 output_ptr=0x5e18c1fc8a30 output_len=2801 mode=owned status=ok
LITCHI0693_PART profile=candidate stage=processed_xml uri=/ppt/presentation.xml raw_ptr=0x5e18c1fe3120 raw_len=2357
LITCHI0693_CODEC call=2 profile=candidate stage=prefix:real:apply input_ptr=0x5e18c1fe3120 input_len=2357 output_ptr=0x5e18c1fc8a30 output_len=2801 mode=owned status=ok
LITCHI0693_PART profile=candidate stage=processed_xml uri=/ppt/presentation.xml raw_ptr=0x5e18c1fe3120 raw_len=2357
LITCHI0693_CODEC call=3 profile=candidate stage=prefix:real:apply input_ptr=0x5e18c1fe3120 input_len=2357 output_ptr=0x5e18c1fc4450 output_len=2801 mode=owned status=ok
LITCHI0693_PART profile=candidate stage=source_bound uri=/ppt/slides/slide1.xml raw_ptr=0x5e18c20a9510 raw_len=2589
LITCHI0693_CODEC call=4 profile=candidate stage=prefix:real:apply input_ptr=0x5e18c20a9510 input_len=2589 output_ptr=0x5e18c1fc53c0 output_len=2737 mode=owned status=ok
LITCHI0693_PART profile=candidate stage=source_bound uri=/ppt/slides/slide2.xml raw_ptr=0x5e18c20a5290 raw_len=17006
LITCHI0693_CODEC call=5 profile=candidate stage=prefix:real:apply input_ptr=0x5e18c20a5290 input_len=17006 output_ptr=0x5e18c2003d40 output_len=19418 mode=owned status=ok
LITCHI0693_PART profile=candidate stage=source_bound uri=/ppt/slides/slide3.xml raw_ptr=0x5e18c209d770 raw_len=3038
LITCHI0693_CODEC call=6 profile=candidate stage=prefix:real:apply input_ptr=0x5e18c209d770 input_len=3038 output_ptr=0x5e18c1fc90f0 output_len=3237 mode=owned status=ok
LITCHI0693_PART profile=candidate stage=source_bound uri=/ppt/slides/slide4.xml raw_ptr=0x5e18c2095db0 raw_len=31153
LITCHI0693_CODEC call=7 profile=candidate stage=prefix:real:apply input_ptr=0x5e18c2095db0 input_len=31153 output_ptr=0x5e18c1fea210 output_len=35854 mode=owned status=ok
LITCHI0693_PART profile=candidate stage=source_bound uri=/ppt/slides/slide5.xml raw_ptr=0x5e18c208db80 raw_len=17833
LITCHI0693_CODEC call=8 profile=candidate stage=prefix:real:apply input_ptr=0x5e18c208db80 input_len=17833 output_ptr=0x5e18c2003d40 output_len=20569 mode=owned status=ok
LITCHI0693_PART profile=candidate stage=source_bound uri=/ppt/slides/slide6.xml raw_ptr=0x5e18c208cf90 raw_len=3037
LITCHI0693_CODEC call=9 profile=candidate stage=prefix:real:apply input_ptr=0x5e18c208cf90 input_len=3037 output_ptr=0x5e18c1fc8ee0 output_len=3236 mode=owned status=ok
LITCHI0693_PART profile=candidate stage=source_bound uri=/ppt/slides/slide7.xml raw_ptr=0x5e18c209e360 raw_len=28449
LITCHI0693_CODEC call=10 profile=candidate stage=prefix:real:apply input_ptr=0x5e18c209e360 input_len=28449 output_ptr=0x5e18c1fea210 output_len=32716 mode=owned status=ok
LITCHI0693_PART profile=candidate stage=source_bound uri=/ppt/slides/slide8.xml raw_ptr=0x5e18c2092140 raw_len=2674
LITCHI0693_CODEC call=11 profile=candidate stage=prefix:real:apply input_ptr=0x5e18c2092140 input_len=2674 output_ptr=0x5e18c1fc8ee0 output_len=2842 mode=owned status=ok
LITCHI0693_PART profile=candidate stage=source_bound uri=/ppt/slides/slide9.xml raw_ptr=0x5e18c2095330 raw_len=2676
LITCHI0693_CODEC call=12 profile=candidate stage=prefix:real:apply input_ptr=0x5e18c2095330 input_len=2676 output_ptr=0x5e18c1fc8ee0 output_len=2844 mode=owned status=ok
LITCHI0693_PART profile=candidate stage=source_bound uri=/ppt/slides/slide10.xml raw_ptr=0x5e18c2092bc0 raw_len=3037
LITCHI0693_CODEC call=13 profile=candidate stage=prefix:real:apply input_ptr=0x5e18c2092bc0 input_len=3037 output_ptr=0x5e18c1fc8ee0 output_len=3236 mode=owned status=ok
LITCHI0693_PART profile=candidate stage=source_bound uri=/ppt/slides/slide11.xml raw_ptr=0x5e18c20a9f40 raw_len=121498
LITCHI0693_CODEC call=14 profile=candidate stage=prefix:real:apply input_ptr=0x5e18c20a9f40 input_len=121498 output_ptr=0x71533589a010 output_len=141788 mode=owned status=ok
LITCHI0693_PART profile=candidate stage=source_bound uri=/ppt/slides/slide12.xml raw_ptr=0x5e18c2085d90 raw_len=29160
LITCHI0693_CODEC call=15 profile=candidate stage=prefix:real:apply input_ptr=0x5e18c2085d90 input_len=29160 output_ptr=0x5e18c1fea210 output_len=33731 mode=owned status=ok
LITCHI0693_PART profile=candidate stage=source_bound uri=/ppt/slides/slide13.xml raw_ptr=0x5e18c20937b0 raw_len=7028
LITCHI0693_CODEC call=16 profile=candidate stage=prefix:real:apply input_ptr=0x5e18c20937b0 input_len=7028 output_ptr=0x5e18c1fbe5e0 output_len=7850 mode=owned status=ok
LITCHI0693_MODEL profile=candidate stage=capture_layout proof_entry_bytes=24 slide_entry_bytes=48
LITCHI0693_CODEC call=17 profile=candidate stage=prefix:real:apply input_ptr=0x5e18c1fe3120 input_len=2357 output_ptr=0x5e18c1fc8ee0 output_len=2801 mode=owned status=ok
LITCHI0693_CODEC call=18 profile=candidate stage=prefix:real:apply input_ptr=0x5e18c1fe3120 input_len=2357 output_ptr=0x5e18c1fcae00 output_len=2801 mode=owned status=ok
LITCHI0693_MODEL profile=candidate stage=capture_success parts=58 slides=13
LITCHI0693_PART profile=candidate stage=processed_xml uri=/ppt/presentation.xml raw_ptr=0x5e18c20ccd10 raw_len=2357
LITCHI0693_CODEC call=19 profile=candidate stage=prefix:real:apply input_ptr=0x5e18c20ccd10 input_len=2357 output_ptr=0x5e18c1ff99c0 output_len=2801 mode=owned status=ok
LITCHI0693_MODEL profile=candidate stage=capture_begin parts=58
LITCHI0693_PART profile=candidate stage=processed_xml uri=/ppt/presentation.xml raw_ptr=0x5e18c20ccd10 raw_len=2357
LITCHI0693_CODEC call=20 profile=candidate stage=prefix:real:apply input_ptr=0x5e18c20ccd10 input_len=2357 output_ptr=0x5e18c1ff99c0 output_len=2801 mode=owned status=ok
LITCHI0693_PART profile=candidate stage=processed_xml uri=/ppt/presentation.xml raw_ptr=0x5e18c20ccd10 raw_len=2357
LITCHI0693_CODEC call=21 profile=candidate stage=prefix:real:apply input_ptr=0x5e18c20ccd10 input_len=2357 output_ptr=0x5e18c1ff99c0 output_len=2801 mode=owned status=ok
LITCHI0693_PART profile=candidate stage=processed_xml uri=/ppt/presentation.xml raw_ptr=0x5e18c20ccd10 raw_len=2357
LITCHI0693_CODEC call=22 profile=candidate stage=prefix:real:apply input_ptr=0x5e18c20ccd10 input_len=2357 output_ptr=0x5e18c1ff99c0 output_len=2801 mode=owned status=ok
LITCHI0693_PART profile=candidate stage=source_bound uri=/ppt/slides/slide1.xml raw_ptr=0x5e18c1ff7ab0 raw_len=2589
LITCHI0693_CODEC call=23 profile=candidate stage=prefix:real:apply input_ptr=0x5e18c1ff7ab0 input_len=2589 output_ptr=0x5e18c1fcadb0 output_len=2737 mode=owned status=ok
LITCHI0693_PART profile=candidate stage=source_bound uri=/ppt/slides/slide2.xml raw_ptr=0x5e18c20e1d40 raw_len=17006
LITCHI0693_CODEC call=24 profile=candidate stage=prefix:real:apply input_ptr=0x5e18c20e1d40 input_len=17006 output_ptr=0x5e18c2001cb0 output_len=19418 mode=owned status=ok
LITCHI0693_PART profile=candidate stage=source_bound uri=/ppt/slides/slide3.xml raw_ptr=0x5e18c20d7340 raw_len=3038
LITCHI0693_CODEC call=25 profile=candidate stage=prefix:real:apply input_ptr=0x5e18c20d7340 input_len=3038 output_ptr=0x5e18c1fcadb0 output_len=3237 mode=owned status=ok
LITCHI0693_PART profile=candidate stage=source_bound uri=/ppt/slides/slide4.xml raw_ptr=0x5e18c20bd290 raw_len=31153
LITCHI0693_CODEC call=26 profile=candidate stage=prefix:real:apply input_ptr=0x5e18c20bd290 input_len=31153 output_ptr=0x5e18c200d6a0 output_len=35854 mode=owned status=ok
LITCHI0693_PART profile=candidate stage=source_bound uri=/ppt/slides/slide5.xml raw_ptr=0x5e18c20b7150 raw_len=17833
LITCHI0693_CODEC call=27 profile=candidate stage=prefix:real:apply input_ptr=0x5e18c20b7150 input_len=17833 output_ptr=0x5e18c2001cb0 output_len=20569 mode=owned status=ok
LITCHI0693_PART profile=candidate stage=source_bound uri=/ppt/slides/slide6.xml raw_ptr=0x5e18c200b560 raw_len=3037
LITCHI0693_CODEC call=28 profile=candidate stage=prefix:real:apply input_ptr=0x5e18c200b560 input_len=3037 output_ptr=0x5e18c1fcadb0 output_len=3236 mode=owned status=ok
LITCHI0693_PART profile=candidate stage=source_bound uri=/ppt/slides/slide7.xml raw_ptr=0x5e18c20dae10 raw_len=28449
LITCHI0693_CODEC call=29 profile=candidate stage=prefix:real:apply input_ptr=0x5e18c20dae10 input_len=28449 output_ptr=0x5e18c200d6a0 output_len=32716 mode=owned status=ok
LITCHI0693_PART profile=candidate stage=source_bound uri=/ppt/slides/slide8.xml raw_ptr=0x5e18c20cc060 raw_len=2674
LITCHI0693_CODEC call=30 profile=candidate stage=prefix:real:apply input_ptr=0x5e18c20cc060 input_len=2674 output_ptr=0x5e18c1fcadb0 output_len=2842 mode=owned status=ok
LITCHI0693_PART profile=candidate stage=source_bound uri=/ppt/slides/slide9.xml raw_ptr=0x5e18c20c83d0 raw_len=2676
LITCHI0693_CODEC call=31 profile=candidate stage=prefix:real:apply input_ptr=0x5e18c20c83d0 input_len=2676 output_ptr=0x5e18c1fcadb0 output_len=2844 mode=owned status=ok
LITCHI0693_PART profile=candidate stage=source_bound uri=/ppt/slides/slide10.xml raw_ptr=0x5e18c1fd2d10 raw_len=3037
LITCHI0693_CODEC call=32 profile=candidate stage=prefix:real:apply input_ptr=0x5e18c1fd2d10 input_len=3037 output_ptr=0x5e18c1fcadb0 output_len=3236 mode=owned status=ok
LITCHI0693_PART profile=candidate stage=source_bound uri=/ppt/slides/slide11.xml raw_ptr=0x5e18c20e5fc0 raw_len=121498
LITCHI0693_CODEC call=33 profile=candidate stage=prefix:real:apply input_ptr=0x5e18c20e5fc0 input_len=121498 output_ptr=0x5e18c2103a70 output_len=141788 mode=owned status=ok
LITCHI0693_PART profile=candidate stage=source_bound uri=/ppt/slides/slide12.xml raw_ptr=0x5e18c20aff50 raw_len=29160
LITCHI0693_CODEC call=34 profile=candidate stage=prefix:real:apply input_ptr=0x5e18c20aff50 input_len=29160 output_ptr=0x5e18c200d6a0 output_len=33731 mode=owned status=ok
LITCHI0693_PART profile=candidate stage=source_bound uri=/ppt/slides/slide13.xml raw_ptr=0x5e18c20bb710 raw_len=7028
LITCHI0693_CODEC call=35 profile=candidate stage=prefix:real:apply input_ptr=0x5e18c20bb710 input_len=7028 output_ptr=0x5e18c20c4c50 output_len=7850 mode=owned status=ok
LITCHI0693_MODEL profile=candidate stage=capture_layout proof_entry_bytes=24 slide_entry_bytes=48
LITCHI0693_CODEC call=36 profile=candidate stage=prefix:real:apply input_ptr=0x5e18c20ccd10 input_len=2357 output_ptr=0x5e18c1ff99c0 output_len=2801 mode=owned status=ok
LITCHI0693_CODEC call=37 profile=candidate stage=prefix:real:apply input_ptr=0x5e18c20ccd10 input_len=2357 output_ptr=0x5e18c1fcadb0 output_len=2801 mode=owned status=ok
LITCHI0693_MODEL profile=candidate stage=capture_success parts=58 slides=13
LITCHI0693_MODEL profile=candidate stage=capture_begin parts=58
LITCHI0693_PART profile=candidate stage=processed_xml uri=/ppt/presentation.xml raw_ptr=0x5e18c20ccd10 raw_len=2357
LITCHI0693_CODEC call=38 profile=candidate stage=prefix:real:apply input_ptr=0x5e18c20ccd10 input_len=2357 output_ptr=0x5e18c2023b70 output_len=2801 mode=owned status=ok
LITCHI0693_PART profile=candidate stage=processed_xml uri=/ppt/presentation.xml raw_ptr=0x5e18c20ccd10 raw_len=2357
LITCHI0693_CODEC call=39 profile=candidate stage=prefix:real:apply input_ptr=0x5e18c20ccd10 input_len=2357 output_ptr=0x5e18c2023b70 output_len=2801 mode=owned status=ok
LITCHI0693_PART profile=candidate stage=processed_xml uri=/ppt/presentation.xml raw_ptr=0x5e18c20ccd10 raw_len=2357
LITCHI0693_CODEC call=40 profile=candidate stage=prefix:real:apply input_ptr=0x5e18c20ccd10 input_len=2357 output_ptr=0x5e18c2023b70 output_len=2801 mode=owned status=ok
LITCHI0693_PART profile=candidate stage=source_bound uri=/ppt/slides/slide1.xml raw_ptr=0x5e18c1ff7ab0 raw_len=2589
LITCHI0693_CODEC call=41 profile=candidate stage=prefix:real:apply input_ptr=0x5e18c1ff7ab0 input_len=2589 output_ptr=0x5e18c2023b70 output_len=2737 mode=owned status=ok
LITCHI0693_PART profile=candidate stage=source_bound uri=/ppt/slides/slide2.xml raw_ptr=0x5e18c2030bb0 raw_len=16935
LITCHI0693_CODEC call=42 profile=candidate stage=prefix:real:apply input_ptr=0x5e18c2030bb0 input_len=16935 output_ptr=0x5e18c2038e80 output_len=19348 mode=owned status=ok
LITCHI0693_PART profile=candidate stage=source_bound uri=/ppt/slides/slide3.xml raw_ptr=0x5e18c20d7340 raw_len=3038
LITCHI0693_CODEC call=43 profile=candidate stage=prefix:real:apply input_ptr=0x5e18c20d7340 input_len=3038 output_ptr=0x5e18c2038e80 output_len=3237 mode=owned status=ok
LITCHI0693_PART profile=candidate stage=source_bound uri=/ppt/slides/slide4.xml raw_ptr=0x5e18c20bd290 raw_len=31153
LITCHI0693_CODEC call=44 profile=candidate stage=prefix:real:apply input_ptr=0x5e18c20bd290 input_len=31153 output_ptr=0x5e18c2038e80 output_len=35854 mode=owned status=ok
LITCHI0693_PART profile=candidate stage=source_bound uri=/ppt/slides/slide5.xml raw_ptr=0x5e18c20b7150 raw_len=17833
LITCHI0693_CODEC call=45 profile=candidate stage=prefix:real:apply input_ptr=0x5e18c20b7150 input_len=17833 output_ptr=0x5e18c2038e80 output_len=20569 mode=owned status=ok
LITCHI0693_PART profile=candidate stage=source_bound uri=/ppt/slides/slide6.xml raw_ptr=0x5e18c200b560 raw_len=3037
LITCHI0693_CODEC call=46 profile=candidate stage=prefix:real:apply input_ptr=0x5e18c200b560 input_len=3037 output_ptr=0x5e18c2038e80 output_len=3236 mode=owned status=ok
LITCHI0693_PART profile=candidate stage=source_bound uri=/ppt/slides/slide7.xml raw_ptr=0x5e18c20dae10 raw_len=28449
LITCHI0693_CODEC call=47 profile=candidate stage=prefix:real:apply input_ptr=0x5e18c20dae10 input_len=28449 output_ptr=0x5e18c2038e80 output_len=32716 mode=owned status=ok
LITCHI0693_PART profile=candidate stage=source_bound uri=/ppt/slides/slide8.xml raw_ptr=0x5e18c20cc060 raw_len=2674
LITCHI0693_CODEC call=48 profile=candidate stage=prefix:real:apply input_ptr=0x5e18c20cc060 input_len=2674 output_ptr=0x5e18c20242f0 output_len=2842 mode=owned status=ok
LITCHI0693_PART profile=candidate stage=source_bound uri=/ppt/slides/slide9.xml raw_ptr=0x5e18c20c83d0 raw_len=2676
LITCHI0693_CODEC call=49 profile=candidate stage=prefix:real:apply input_ptr=0x5e18c20c83d0 input_len=2676 output_ptr=0x5e18c20242f0 output_len=2844 mode=owned status=ok
LITCHI0693_PART profile=candidate stage=source_bound uri=/ppt/slides/slide10.xml raw_ptr=0x5e18c1fd2d10 raw_len=3037
LITCHI0693_CODEC call=50 profile=candidate stage=prefix:real:apply input_ptr=0x5e18c1fd2d10 input_len=3037 output_ptr=0x5e18c2038e80 output_len=3236 mode=owned status=ok
LITCHI0693_PART profile=candidate stage=source_bound uri=/ppt/slides/slide11.xml raw_ptr=0x5e18c20e5fc0 raw_len=121498
LITCHI0693_CODEC call=51 profile=candidate stage=prefix:real:apply input_ptr=0x5e18c20e5fc0 input_len=121498 output_ptr=0x5e18c2103a70 output_len=141788 mode=owned status=ok
LITCHI0693_PART profile=candidate stage=source_bound uri=/ppt/slides/slide12.xml raw_ptr=0x5e18c20aff50 raw_len=29160
LITCHI0693_CODEC call=52 profile=candidate stage=prefix:real:apply input_ptr=0x5e18c20aff50 input_len=29160 output_ptr=0x5e18c2038e80 output_len=33731 mode=owned status=ok
LITCHI0693_PART profile=candidate stage=source_bound uri=/ppt/slides/slide13.xml raw_ptr=0x5e18c20bb710 raw_len=7028
LITCHI0693_CODEC call=53 profile=candidate stage=prefix:real:apply input_ptr=0x5e18c20bb710 input_len=7028 output_ptr=0x5e18c2038e80 output_len=7850 mode=owned status=ok
LITCHI0693_MODEL profile=candidate stage=capture_layout proof_entry_bytes=24 slide_entry_bytes=48
LITCHI0693_CODEC call=54 profile=candidate stage=prefix:real:apply input_ptr=0x5e18c20ccd10 input_len=2357 output_ptr=0x5e18c2024710 output_len=2801 mode=owned status=ok
LITCHI0693_CODEC call=55 profile=candidate stage=prefix:real:apply input_ptr=0x5e18c20ccd10 input_len=2357 output_ptr=0x5e18c2024710 output_len=2801 mode=owned status=ok
LITCHI0693_MODEL profile=candidate stage=capture_success parts=58 slides=13
LITCHI0693_PART profile=candidate stage=processed_xml uri=/ppt/presentation.xml raw_ptr=0x5e18c20ccd10 raw_len=2357
LITCHI0693_CODEC call=56 profile=candidate stage=prefix:real:apply input_ptr=0x5e18c20ccd10 input_len=2357 output_ptr=0x5e18c2016d30 output_len=2801 mode=owned status=ok
