LITCHI0693_PART profile=candidate stage=processed_xml uri=/ppt/presentation.xml raw_ptr=0x60b6a2883eb0 raw_len=2357
LITCHI0693_CODEC call=0 profile=candidate stage=prefix:real:capture input_ptr=0x60b6a2883eb0 input_len=2357 output_ptr=0x60b6a2867220 output_len=2801 mode=owned status=ok
LITCHI0693_MODEL profile=candidate stage=capture_begin parts=58
LITCHI0693_PART profile=candidate stage=processed_xml uri=/ppt/presentation.xml raw_ptr=0x60b6a2883eb0 raw_len=2357
LITCHI0693_CODEC call=1 profile=candidate stage=prefix:real:capture input_ptr=0x60b6a2883eb0 input_len=2357 output_ptr=0x60b6a28cfce0 output_len=2801 mode=owned status=ok
LITCHI0693_PART profile=candidate stage=processed_xml uri=/ppt/presentation.xml raw_ptr=0x60b6a2883eb0 raw_len=2357
LITCHI0693_CODEC call=2 profile=candidate stage=prefix:real:capture input_ptr=0x60b6a2883eb0 input_len=2357 output_ptr=0x60b6a28cfce0 output_len=2801 mode=owned status=ok
LITCHI0693_PART profile=candidate stage=processed_xml uri=/ppt/presentation.xml raw_ptr=0x60b6a2883eb0 raw_len=2357
LITCHI0693_CODEC call=3 profile=candidate stage=prefix:real:capture input_ptr=0x60b6a2883eb0 input_len=2357 output_ptr=0x60b6a28cfce0 output_len=2801 mode=owned status=ok
LITCHI0693_PART profile=candidate stage=source_bound uri=/ppt/slides/slide1.xml raw_ptr=0x60b6a294a250 raw_len=2589
LITCHI0693_CODEC call=4 profile=candidate stage=prefix:real:capture input_ptr=0x60b6a294a250 input_len=2589 output_ptr=0x60b6a286bde0 output_len=2737 mode=owned status=ok
LITCHI0693_PART profile=candidate stage=source_bound uri=/ppt/slides/slide2.xml raw_ptr=0x60b6a2945fd0 raw_len=17006
LITCHI0693_CODEC call=5 profile=candidate stage=prefix:real:capture input_ptr=0x60b6a2945fd0 input_len=17006 output_ptr=0x60b6a28a4df0 output_len=19418 mode=owned status=ok
LITCHI0693_PART profile=candidate stage=source_bound uri=/ppt/slides/slide3.xml raw_ptr=0x60b6a293e4b0 raw_len=3038
LITCHI0693_CODEC call=6 profile=candidate stage=prefix:real:capture input_ptr=0x60b6a293e4b0 input_len=3038 output_ptr=0x60b6a286c270 output_len=3237 mode=owned status=ok
LITCHI0693_PART profile=candidate stage=source_bound uri=/ppt/slides/slide4.xml raw_ptr=0x60b6a2936af0 raw_len=31153
LITCHI0693_CODEC call=7 profile=candidate stage=prefix:real:capture input_ptr=0x60b6a2936af0 input_len=31153 output_ptr=0x60b6a288afa0 output_len=35854 mode=owned status=ok
LITCHI0693_PART profile=candidate stage=source_bound uri=/ppt/slides/slide5.xml raw_ptr=0x60b6a292e8c0 raw_len=17833
LITCHI0693_CODEC call=8 profile=candidate stage=prefix:real:capture input_ptr=0x60b6a292e8c0 input_len=17833 output_ptr=0x60b6a288afa0 output_len=20569 mode=owned status=ok
LITCHI0693_PART profile=candidate stage=source_bound uri=/ppt/slides/slide6.xml raw_ptr=0x60b6a292dcd0 raw_len=3037
LITCHI0693_CODEC call=9 profile=candidate stage=prefix:real:capture input_ptr=0x60b6a292dcd0 input_len=3037 output_ptr=0x60b6a2865440 output_len=3236 mode=owned status=ok
LITCHI0693_PART profile=candidate stage=source_bound uri=/ppt/slides/slide7.xml raw_ptr=0x60b6a293f0a0 raw_len=28449
LITCHI0693_CODEC call=10 profile=candidate stage=prefix:real:capture input_ptr=0x60b6a293f0a0 input_len=28449 output_ptr=0x60b6a288afa0 output_len=32716 mode=owned status=ok
LITCHI0693_PART profile=candidate stage=source_bound uri=/ppt/slides/slide8.xml raw_ptr=0x60b6a2932e80 raw_len=2674
LITCHI0693_CODEC call=11 profile=candidate stage=prefix:real:capture input_ptr=0x60b6a2932e80 input_len=2674 output_ptr=0x60b6a286c920 output_len=2842 mode=owned status=ok
LITCHI0693_PART profile=candidate stage=source_bound uri=/ppt/slides/slide9.xml raw_ptr=0x60b6a2936070 raw_len=2676
LITCHI0693_CODEC call=12 profile=candidate stage=prefix:real:capture input_ptr=0x60b6a2936070 input_len=2676 output_ptr=0x60b6a2865440 output_len=2844 mode=owned status=ok
LITCHI0693_PART profile=candidate stage=source_bound uri=/ppt/slides/slide10.xml raw_ptr=0x60b6a2933900 raw_len=3037
LITCHI0693_CODEC call=13 profile=candidate stage=prefix:real:capture input_ptr=0x60b6a2933900 input_len=3037 output_ptr=0x60b6a2865440 output_len=3236 mode=owned status=ok
LITCHI0693_PART profile=candidate stage=source_bound uri=/ppt/slides/slide11.xml raw_ptr=0x60b6a294ac80 raw_len=121498
LITCHI0693_CODEC call=14 profile=candidate stage=prefix:real:capture input_ptr=0x60b6a294ac80 input_len=121498 output_ptr=0x7373266ae010 output_len=141788 mode=owned status=ok
LITCHI0693_PART profile=candidate stage=source_bound uri=/ppt/slides/slide12.xml raw_ptr=0x60b6a2926ad0 raw_len=29160
LITCHI0693_CODEC call=15 profile=candidate stage=prefix:real:capture input_ptr=0x60b6a2926ad0 input_len=29160 output_ptr=0x60b6a288afa0 output_len=33731 mode=owned status=ok
LITCHI0693_PART profile=candidate stage=source_bound uri=/ppt/slides/slide13.xml raw_ptr=0x60b6a29344f0 raw_len=7028
LITCHI0693_CODEC call=16 profile=candidate stage=prefix:real:capture input_ptr=0x60b6a29344f0 input_len=7028 output_ptr=0x60b6a285f630 output_len=7850 mode=owned status=ok
LITCHI0693_MODEL profile=candidate stage=capture_layout proof_entry_bytes=24 slide_entry_bytes=48
LITCHI0693_CODEC call=17 profile=candidate stage=prefix:real:capture input_ptr=0x60b6a2883eb0 input_len=2357 output_ptr=0x60b6a286d5f0 output_len=2801 mode=owned status=ok
LITCHI0693_CODEC call=18 profile=candidate stage=prefix:real:capture input_ptr=0x60b6a2883eb0 input_len=2357 output_ptr=0x60b6a286d5f0 output_len=2801 mode=owned status=ok
LITCHI0693_MODEL profile=candidate stage=capture_success parts=58 slides=13
