	Command being timed: "perf record -F 499 -e cycles:u --call-graph fp -o /home/zhuhe/code/litchi/docs/performance/results/change-0475/cpu-P2/perf.data -- /tmp/litchi-goal-0475/profile --case pptx_streaming_create --semantic-shape large --workers 1 --warmup 3 --samples 30 --json /home/zhuhe/code/litchi/docs/performance/results/change-0475/cpu-P2/report.json --corpus-manifest /home/zhuhe/code/litchi/docs/performance/results/change-0475/cpu-P2/corpus-catalog.json"
	User time (seconds): 36.06
	System time (seconds): 0.13
	Percent of CPU this job got: 99%
	Elapsed (wall clock) time (h:mm:ss or m:ss): 0:36.21
	Average shared text size (kbytes): 0
	Average unshared data size (kbytes): 0
	Average stack size (kbytes): 0
	Average total size (kbytes): 0
	Maximum resident set size (kbytes): 82740
	Average resident set size (kbytes): 0
	Major (requiring I/O) page faults: 1
	Minor (reclaiming a frame) page faults: 81594
	Voluntary context switches: 58
	Involuntary context switches: 409
	Swaps: 0
	File system inputs: 8
	File system outputs: 6976
	Socket messages sent: 0
	Socket messages received: 0
	Signals delivered: 0
	Page size (bytes): 4096
	Exit status: 0
