completed corpus=many-small source=instrumented-short-delay api=read-parts-ordered capability=managed-after-only workers=1 samples=60 p50=29578us p95=29670us p99=29929us
completed corpus=many-small source=instrumented-short-delay api=read-parts-ordered capability=managed-after-only workers=2 samples=60 p50=16053us p95=16067us p99=16140us
completed corpus=many-small source=instrumented-short-delay api=read-parts-ordered capability=managed-after-only workers=4 samples=60 p50=8014us p95=8073us p99=9614us
completed corpus=many-small source=instrumented-short-delay api=read-parts-ordered capability=managed-after-only workers=8 samples=60 p50=4202us p95=4247us p99=4309us
	Command being timed: "/home/zhuhe/.cache/litchi-goal-0498/source_backed_batch_perf-final --corpus many-small --source short-delay --api batch --capability managed --workers 1,2,4,8 --warmups 3 --samples 30 --repeats 2 --artifact-dir /tmp/litchi-change-0498-final-batch-managed-short-delay-many-small --output /home/zhuhe/code/litchi/docs/performance/results/change-0498/final-batch-managed-short-delay-many-small.csv --short-read 4096 --delay-us 25"
	User time (seconds): 0.75
	System time (seconds): 0.31
	Percent of CPU this job got: 23%
	Elapsed (wall clock) time (h:mm:ss or m:ss): 0:04.62
	Average shared text size (kbytes): 0
	Average unshared data size (kbytes): 0
	Average stack size (kbytes): 0
	Average total size (kbytes): 0
	Maximum resident set size (kbytes): 17876
	Average resident set size (kbytes): 0
	Major (requiring I/O) page faults: 0
	Minor (reclaiming a frame) page faults: 4524
	Voluntary context switches: 116051
	Involuntary context switches: 214
	Swaps: 0
	File system inputs: 0
	File system outputs: 176
	Socket messages sent: 0
	Socket messages received: 0
	Signals delivered: 0
	Page size (bytes): 4096
	Exit status: 0
