completed corpus=few-large source=instrumented-short-delay api=read-parts-ordered capability=managed-after-only workers=1 samples=60 p50=82054us p95=82490us p99=82605us
completed corpus=few-large source=instrumented-short-delay api=read-parts-ordered capability=managed-after-only workers=2 samples=60 p50=39933us p95=40327us p99=41138us
completed corpus=few-large source=instrumented-short-delay api=read-parts-ordered capability=managed-after-only workers=4 samples=60 p50=19998us p95=20168us p99=20254us
completed corpus=few-large source=instrumented-short-delay api=read-parts-ordered capability=managed-after-only workers=8 samples=60 p50=19974us p95=20160us p99=20240us
	Command being timed: "/home/zhuhe/.cache/litchi-goal-0498/source_backed_batch_perf-final --corpus few-large --source short-delay --api batch --capability managed --workers 1,2,4,8 --warmups 3 --samples 30 --repeats 2 --artifact-dir /tmp/litchi-change-0498-final-batch-managed-short-delay-few-large --output /home/zhuhe/code/litchi/docs/performance/results/change-0498/final-batch-managed-short-delay-few-large.csv --short-read 4096 --delay-us 25"
	User time (seconds): 2.01
	System time (seconds): 0.03
	Percent of CPU this job got: 17%
	Elapsed (wall clock) time (h:mm:ss or m:ss): 0:11.91
	Average shared text size (kbytes): 0
	Average unshared data size (kbytes): 0
	Average stack size (kbytes): 0
	Average total size (kbytes): 0
	Maximum resident set size (kbytes): 24192
	Average resident set size (kbytes): 0
	Major (requiring I/O) page faults: 0
	Minor (reclaiming a frame) page faults: 70234
	Voluntary context switches: 275375
	Involuntary context switches: 10
	Swaps: 0
	File system inputs: 0
	File system outputs: 176
	Socket messages sent: 0
	Socket messages received: 0
	Signals delivered: 0
	Page size (bytes): 4096
	Exit status: 0
