completed corpus=few-large source=instrumented-short-delay api=read-parts-ordered capability=managed-after-only workers=4 samples=60 p50=25989us p95=26032us p99=26068us
1743057862,,cycles,2324314060,100.00,,
1981486691,,instructions,2324314060,100.00,,
204187848,,branches,2324314060,100.00,,
2835628,,branch-misses,2324314060,100.00,,
8241341,,cache-misses,2324314060,100.00,,
	Command being timed: "perf stat -x, -e cycles,instructions,branches,branch-misses,cache-misses -- /home/zhuhe/.cache/litchi-goal-0498/source_backed_batch_perf-final --corpus few-large --source short-delay --api batch --capability managed --workers 4 --warmups 3 --samples 30 --repeats 2 --artifact-dir /tmp/litchi-change-0498-perfstat-final-batch-managed-short-delay-w4-few-large --output /home/zhuhe/code/litchi/docs/performance/results/change-0498/perfstat-final-batch-managed-short-delay-w4-few-large.csv --short-read 4096 --delay-us 25"
	User time (seconds): 1.04
	System time (seconds): 0.95
	Percent of CPU this job got: 97%
	Elapsed (wall clock) time (h:mm:ss or m:ss): 0:02.06
	Average shared text size (kbytes): 0
	Average unshared data size (kbytes): 0
	Average stack size (kbytes): 0
	Average total size (kbytes): 0
	Maximum resident set size (kbytes): 60516
	Average resident set size (kbytes): 0
	Major (requiring I/O) page faults: 0
	Minor (reclaiming a frame) page faults: 8878
	Voluntary context switches: 68885
	Involuntary context switches: 6
	Swaps: 0
	File system inputs: 0
	File system outputs: 56
	Socket messages sent: 0
	Socket messages received: 0
	Signals delivered: 0
	Page size (bytes): 4096
	Exit status: 0
