CASE0720 generated-setup
CASE0720 generated-medium
CASE0720 numbered-list
CASE0720 transitional-no-alt-plain-blocks
CASE0720 strict-no-alt-plain-blocks
CASE0720 valid-fallback-no-alt-blocks
CASE0720 malformed-alternate-content-no-choice-no-alt
CASE0720 unknown-must-understand-no-alt
CASE0720 valid-fallback-with-inactive-anchor
CASE0720 valid-choice-with-inactive-fallback
CASE0720 strict-valid-fallback-with-inactive-anchor
CASE0720 nested-alt-in-paragraph
CASE0720 nested-alt-in-table
CASE0720 active-offset-count-overflow
CASE0720 bom-plain
CASE0720 marker-text
CASE0720 foreign-lookalikes
CASE0720 range-depth-only
CASE0720 range-depth-before-bad-alt
CASE0720 empty-at-depth-256
CASE0720 unbound-fragment
CASE0720 malformed-tail
