==2078395== Callgrind, a call-graph generating cache profiler
==2078395== Copyright (C) 2002-2017, and GNU GPL'd, by Josef Weidendorfer et al.
==2078395== Using Valgrind-3.26.0 and LibVEX; rerun with -h for copyright info
==2078395== Command: /tmp/litchi-goal-0511/after/litchi-perf-baseline --case cfb_open --samples 5 --warmup 0 --json /home/zhuhe/code/litchi/docs/performance/results/change-0511/after/cfb-profile-report.json --corpus-manifest /home/zhuhe/code/litchi/docs/performance/results/change-0511/after/cfb-profile-catalog.json --shape few-large --payload incompressible
==2078395== 
==2078395== For interactive control, run 'callgrind_control -h'.
==2078395== 
==2078395== Events    : Ir
==2078395== Collected : 13081195
==2078395== 
==2078395== I   refs:      13,081,195
	Command being timed: "valgrind --tool=callgrind --collect-atstart=no --toggle-collect=*run_cfb_open --callgrind-out-file=/home/zhuhe/code/litchi/docs/performance/results/change-0511/after/cfb-profile.out /tmp/litchi-goal-0511/after/litchi-perf-baseline --case cfb_open --samples 5 --warmup 0 --json /home/zhuhe/code/litchi/docs/performance/results/change-0511/after/cfb-profile-report.json --corpus-manifest /home/zhuhe/code/litchi/docs/performance/results/change-0511/after/cfb-profile-catalog.json --shape few-large --payload incompressible"
	User time (seconds): 2.30
	System time (seconds): 0.19
	Percent of CPU this job got: 103%
	Elapsed (wall clock) time (h:mm:ss or m:ss): 0:02.41
	Average shared text size (kbytes): 0
	Average unshared data size (kbytes): 0
	Average stack size (kbytes): 0
	Average total size (kbytes): 0
	Maximum resident set size (kbytes): 106680
	Average resident set size (kbytes): 0
	Major (requiring I/O) page faults: 0
	Minor (reclaiming a frame) page faults: 63029
	Voluntary context switches: 76
	Involuntary context switches: 15
	Swaps: 0
	File system inputs: 0
	File system outputs: 80
	Socket messages sent: 0
	Socket messages received: 0
	Signals delivered: 0
	Page size (bytes): 4096
	Exit status: 0
