	Command being timed: "taskset -c 2 perf stat -x , -o /home/zhuhe/code/litchi/docs/performance/results/change-0511/after/hardware-r1.csv -e {cycles,instructions,branches,branch-misses},page-faults,context-switches,cpu-migrations -- /tmp/litchi-goal-0511/after/litchi-perf-baseline --case xls_owned_source_open_one_cell --samples 1000 --warmup 0 --json /home/zhuhe/code/litchi/docs/performance/results/change-0511/after/hardware-r1-report.json --corpus-manifest /home/zhuhe/code/litchi/docs/performance/results/change-0511/after/hardware-r1-catalog.json"
	User time (seconds): 0.65
	System time (seconds): 0.17
	Percent of CPU this job got: 99%
	Elapsed (wall clock) time (h:mm:ss or m:ss): 0:00.83
	Average shared text size (kbytes): 0
	Average unshared data size (kbytes): 0
	Average stack size (kbytes): 0
	Average total size (kbytes): 0
	Maximum resident set size (kbytes): 145568
	Average resident set size (kbytes): 0
	Major (requiring I/O) page faults: 0
	Minor (reclaiming a frame) page faults: 68926
	Voluntary context switches: 37
	Involuntary context switches: 67
	Swaps: 0
	File system inputs: 0
	File system outputs: 152
	Socket messages sent: 0
	Socket messages received: 0
	Signals delivered: 0
	Page size (bytes): 4096
	Exit status: 0
