matrix 0 {'mib': 0, 'touch': 'main', 'workers': 0} all direct identity PASS
matrix 1 {'mib': 0, 'touch': 'main', 'workers': 0} all direct full PASS
matrix 2 {'mib': 0, 'touch': 'main', 'workers': 0} all time identity PASS
matrix 3 {'mib': 0, 'touch': 'main', 'workers': 0} all time full PASS
matrix 4 {'mib': 0, 'touch': 'main', 'workers': 0} single direct identity PASS
matrix 5 {'mib': 0, 'touch': 'main', 'workers': 0} single direct full PASS
matrix 6 {'mib': 0, 'touch': 'main', 'workers': 0} single time identity PASS
matrix 7 {'mib': 0, 'touch': 'main', 'workers': 0} single time full PASS
matrix 8 {'mib': 0, 'touch': 'main', 'workers': 4} all direct identity PASS
matrix 9 {'mib': 0, 'touch': 'main', 'workers': 4} all direct full PASS
matrix 10 {'mib': 0, 'touch': 'main', 'workers': 4} all time identity PASS
matrix 11 {'mib': 0, 'touch': 'main', 'workers': 4} all time full PASS
matrix 12 {'mib': 0, 'touch': 'main', 'workers': 4} single direct identity PASS
matrix 13 {'mib': 0, 'touch': 'main', 'workers': 4} single direct full PASS
matrix 14 {'mib': 0, 'touch': 'main', 'workers': 4} single time identity PASS
matrix 15 {'mib': 0, 'touch': 'main', 'workers': 4} single time full PASS
matrix 16 {'mib': 0, 'touch': 'workers', 'workers': 4} all direct identity PASS
matrix 17 {'mib': 0, 'touch': 'workers', 'workers': 4} all direct full PASS
matrix 18 {'mib': 0, 'touch': 'workers', 'workers': 4} all time identity PASS
matrix 19 {'mib': 0, 'touch': 'workers', 'workers': 4} all time full PASS
matrix 20 {'mib': 0, 'touch': 'workers', 'workers': 4} single direct identity PASS
matrix 21 {'mib': 0, 'touch': 'workers', 'workers': 4} single direct full PASS
matrix 22 {'mib': 0, 'touch': 'workers', 'workers': 4} single time identity PASS
matrix 23 {'mib': 0, 'touch': 'workers', 'workers': 4} single time full PASS
matrix 24 {'mib': 1, 'touch': 'main', 'workers': 0} all direct identity PASS
matrix 25 {'mib': 1, 'touch': 'main', 'workers': 0} all direct full PASS
matrix 26 {'mib': 1, 'touch': 'main', 'workers': 0} all time identity PASS
matrix 27 {'mib': 1, 'touch': 'main', 'workers': 0} all time full PASS
matrix 28 {'mib': 1, 'touch': 'main', 'workers': 0} single direct identity PASS
matrix 29 {'mib': 1, 'touch': 'main', 'workers': 0} single direct full PASS
matrix 30 {'mib': 1, 'touch': 'main', 'workers': 0} single time identity PASS
matrix 31 {'mib': 1, 'touch': 'main', 'workers': 0} single time full PASS
matrix 32 {'mib': 1, 'touch': 'main', 'workers': 4} all direct identity PASS
matrix 33 {'mib': 1, 'touch': 'main', 'workers': 4} all direct full PASS
matrix 34 {'mib': 1, 'touch': 'main', 'workers': 4} all time identity PASS
matrix 35 {'mib': 1, 'touch': 'main', 'workers': 4} all time full PASS
matrix 36 {'mib': 1, 'touch': 'main', 'workers': 4} single direct identity PASS
matrix 37 {'mib': 1, 'touch': 'main', 'workers': 4} single direct full PASS
matrix 38 {'mib': 1, 'touch': 'main', 'workers': 4} single time identity PASS
matrix 39 {'mib': 1, 'touch': 'main', 'workers': 4} single time full PASS
matrix 40 {'mib': 1, 'touch': 'workers', 'workers': 4} all direct identity PASS
matrix 41 {'mib': 1, 'touch': 'workers', 'workers': 4} all direct full PASS
matrix 42 {'mib': 1, 'touch': 'workers', 'workers': 4} all time identity PASS
matrix 43 {'mib': 1, 'touch': 'workers', 'workers': 4} all time full PASS
matrix 44 {'mib': 1, 'touch': 'workers', 'workers': 4} single direct identity PASS
matrix 45 {'mib': 1, 'touch': 'workers', 'workers': 4} single direct full PASS
matrix 46 {'mib': 1, 'touch': 'workers', 'workers': 4} single time identity PASS
matrix 47 {'mib': 1, 'touch': 'workers', 'workers': 4} single time full PASS
matrix 48 {'mib': 4, 'touch': 'main', 'workers': 0} all direct identity PASS
matrix 49 {'mib': 4, 'touch': 'main', 'workers': 0} all direct full PASS
matrix 50 {'mib': 4, 'touch': 'main', 'workers': 0} all time identity PASS
matrix 51 {'mib': 4, 'touch': 'main', 'workers': 0} all time full PASS
matrix 52 {'mib': 4, 'touch': 'main', 'workers': 0} single direct identity PASS
matrix 53 {'mib': 4, 'touch': 'main', 'workers': 0} single direct full PASS
matrix 54 {'mib': 4, 'touch': 'main', 'workers': 0} single time identity PASS
matrix 55 {'mib': 4, 'touch': 'main', 'workers': 0} single time full PASS
matrix 56 {'mib': 4, 'touch': 'main', 'workers': 4} all direct identity PASS
matrix 57 {'mib': 4, 'touch': 'main', 'workers': 4} all direct full PASS
matrix 58 {'mib': 4, 'touch': 'main', 'workers': 4} all time identity PASS
matrix 59 {'mib': 4, 'touch': 'main', 'workers': 4} all time full PASS
matrix 60 {'mib': 4, 'touch': 'main', 'workers': 4} single direct identity PASS
matrix 61 {'mib': 4, 'touch': 'main', 'workers': 4} single direct full PASS
matrix 62 {'mib': 4, 'touch': 'main', 'workers': 4} single time identity PASS
matrix 63 {'mib': 4, 'touch': 'main', 'workers': 4} single time full PASS
matrix 64 {'mib': 4, 'touch': 'workers', 'workers': 4} all direct identity PASS
matrix 65 {'mib': 4, 'touch': 'workers', 'workers': 4} all direct full PASS
matrix 66 {'mib': 4, 'touch': 'workers', 'workers': 4} all time identity PASS
matrix 67 {'mib': 4, 'touch': 'workers', 'workers': 4} all time full PASS
matrix 68 {'mib': 4, 'touch': 'workers', 'workers': 4} single direct identity PASS
matrix 69 {'mib': 4, 'touch': 'workers', 'workers': 4} single direct full PASS
matrix 70 {'mib': 4, 'touch': 'workers', 'workers': 4} single time identity PASS
matrix 71 {'mib': 4, 'touch': 'workers', 'workers': 4} single time full PASS
matrix 72 {'mib': 16, 'touch': 'main', 'workers': 0} all direct identity PASS
matrix 73 {'mib': 16, 'touch': 'main', 'workers': 0} all direct full PASS
matrix 74 {'mib': 16, 'touch': 'main', 'workers': 0} all time identity PASS
matrix 75 {'mib': 16, 'touch': 'main', 'workers': 0} all time full PASS
matrix 76 {'mib': 16, 'touch': 'main', 'workers': 0} single direct identity PASS
matrix 77 {'mib': 16, 'touch': 'main', 'workers': 0} single direct full PASS
matrix 78 {'mib': 16, 'touch': 'main', 'workers': 0} single time identity PASS
matrix 79 {'mib': 16, 'touch': 'main', 'workers': 0} single time full PASS
matrix 80 {'mib': 16, 'touch': 'main', 'workers': 4} all direct identity PASS
matrix 81 {'mib': 16, 'touch': 'main', 'workers': 4} all direct full PASS
matrix 82 {'mib': 16, 'touch': 'main', 'workers': 4} all time identity PASS
matrix 83 {'mib': 16, 'touch': 'main', 'workers': 4} all time full PASS
matrix 84 {'mib': 16, 'touch': 'main', 'workers': 4} single direct identity PASS
matrix 85 {'mib': 16, 'touch': 'main', 'workers': 4} single direct full PASS
matrix 86 {'mib': 16, 'touch': 'main', 'workers': 4} single time identity PASS
matrix 87 {'mib': 16, 'touch': 'main', 'workers': 4} single time full PASS
matrix 88 {'mib': 16, 'touch': 'workers', 'workers': 4} all direct identity PASS
matrix 89 {'mib': 16, 'touch': 'workers', 'workers': 4} all direct full PASS
matrix 90 {'mib': 16, 'touch': 'workers', 'workers': 4} all time identity PASS
matrix 91 {'mib': 16, 'touch': 'workers', 'workers': 4} all time full PASS
matrix 92 {'mib': 16, 'touch': 'workers', 'workers': 4} single direct identity PASS
matrix 93 {'mib': 16, 'touch': 'workers', 'workers': 4} single direct full PASS
matrix 94 {'mib': 16, 'touch': 'workers', 'workers': 4} single time identity PASS
matrix 95 {'mib': 16, 'touch': 'workers', 'workers': 4} single time full PASS
matrix 96 {'mib': 64, 'touch': 'main', 'workers': 0} all direct identity PASS
matrix 97 {'mib': 64, 'touch': 'main', 'workers': 0} all direct full PASS
matrix 98 {'mib': 64, 'touch': 'main', 'workers': 0} all time identity PASS
matrix 99 {'mib': 64, 'touch': 'main', 'workers': 0} all time full PASS
matrix 100 {'mib': 64, 'touch': 'main', 'workers': 0} single direct identity PASS
matrix 101 {'mib': 64, 'touch': 'main', 'workers': 0} single direct full PASS
matrix 102 {'mib': 64, 'touch': 'main', 'workers': 0} single time identity PASS
matrix 103 {'mib': 64, 'touch': 'main', 'workers': 0} single time full PASS
matrix 104 {'mib': 64, 'touch': 'main', 'workers': 4} all direct identity PASS
matrix 105 {'mib': 64, 'touch': 'main', 'workers': 4} all direct full PASS
matrix 106 {'mib': 64, 'touch': 'main', 'workers': 4} all time identity PASS
matrix 107 {'mib': 64, 'touch': 'main', 'workers': 4} all time full PASS
matrix 108 {'mib': 64, 'touch': 'main', 'workers': 4} single direct identity PASS
matrix 109 {'mib': 64, 'touch': 'main', 'workers': 4} single direct full PASS
matrix 110 {'mib': 64, 'touch': 'main', 'workers': 4} single time identity PASS
matrix 111 {'mib': 64, 'touch': 'main', 'workers': 4} single time full PASS
matrix 112 {'mib': 64, 'touch': 'workers', 'workers': 4} all direct identity PASS
matrix 113 {'mib': 64, 'touch': 'workers', 'workers': 4} all direct full PASS
matrix 114 {'mib': 64, 'touch': 'workers', 'workers': 4} all time identity PASS
matrix 115 {'mib': 64, 'touch': 'workers', 'workers': 4} all time full PASS
matrix 116 {'mib': 64, 'touch': 'workers', 'workers': 4} single direct identity PASS
matrix 117 {'mib': 64, 'touch': 'workers', 'workers': 4} single direct full PASS
matrix 118 {'mib': 64, 'touch': 'workers', 'workers': 4} single time identity PASS
matrix 119 {'mib': 64, 'touch': 'workers', 'workers': 4} single time full PASS
matrix 120 {'mib': 4, 'touch': 'main', 'workers': 32} all direct identity PASS
matrix 121 {'mib': 4, 'touch': 'main', 'workers': 32} all direct full PASS
matrix 122 {'mib': 4, 'touch': 'main', 'workers': 32} all time identity PASS
matrix 123 {'mib': 4, 'touch': 'main', 'workers': 32} all time full PASS
matrix 124 {'mib': 4, 'touch': 'main', 'workers': 32} single direct identity PASS
matrix 125 {'mib': 4, 'touch': 'main', 'workers': 32} single direct full PASS
matrix 126 {'mib': 4, 'touch': 'main', 'workers': 32} single time identity PASS
matrix 127 {'mib': 4, 'touch': 'main', 'workers': 32} single time full PASS
matrix 128 {'mib': 4, 'touch': 'workers', 'workers': 32} all direct identity PASS
matrix 129 {'mib': 4, 'touch': 'workers', 'workers': 32} all direct full PASS
matrix 130 {'mib': 4, 'touch': 'workers', 'workers': 32} all time identity PASS
matrix 131 {'mib': 4, 'touch': 'workers', 'workers': 32} all time full PASS
matrix 132 {'mib': 4, 'touch': 'workers', 'workers': 32} single direct identity PASS
matrix 133 {'mib': 4, 'touch': 'workers', 'workers': 32} single direct full PASS
matrix 134 {'mib': 4, 'touch': 'workers', 'workers': 32} single time identity PASS
matrix 135 {'mib': 4, 'touch': 'workers', 'workers': 32} single time full PASS
matrix 136 {'mib': 0, 'touch': 'main', 'workers': 0} all time full PASS
matrix 137 {'mib': 0, 'touch': 'main', 'workers': 0} all time identity PASS
matrix 138 {'mib': 0, 'touch': 'main', 'workers': 0} all direct full PASS
matrix 139 {'mib': 0, 'touch': 'main', 'workers': 0} all direct identity PASS
matrix 140 {'mib': 0, 'touch': 'main', 'workers': 0} single time full PASS
matrix 141 {'mib': 0, 'touch': 'main', 'workers': 0} single time identity PASS
matrix 142 {'mib': 0, 'touch': 'main', 'workers': 0} single direct full PASS
matrix 143 {'mib': 0, 'touch': 'main', 'workers': 0} single direct identity PASS
matrix 144 {'mib': 0, 'touch': 'main', 'workers': 4} all time full PASS
matrix 145 {'mib': 0, 'touch': 'main', 'workers': 4} all time identity PASS
matrix 146 {'mib': 0, 'touch': 'main', 'workers': 4} all direct full PASS
matrix 147 {'mib': 0, 'touch': 'main', 'workers': 4} all direct identity PASS
matrix 148 {'mib': 0, 'touch': 'main', 'workers': 4} single time full PASS
matrix 149 {'mib': 0, 'touch': 'main', 'workers': 4} single time identity PASS
matrix 150 {'mib': 0, 'touch': 'main', 'workers': 4} single direct full PASS
matrix 151 {'mib': 0, 'touch': 'main', 'workers': 4} single direct identity PASS
matrix 152 {'mib': 0, 'touch': 'workers', 'workers': 4} all time full PASS
matrix 153 {'mib': 0, 'touch': 'workers', 'workers': 4} all time identity PASS
matrix 154 {'mib': 0, 'touch': 'workers', 'workers': 4} all direct full PASS
matrix 155 {'mib': 0, 'touch': 'workers', 'workers': 4} all direct identity PASS
matrix 156 {'mib': 0, 'touch': 'workers', 'workers': 4} single time full PASS
matrix 157 {'mib': 0, 'touch': 'workers', 'workers': 4} single time identity PASS
matrix 158 {'mib': 0, 'touch': 'workers', 'workers': 4} single direct full PASS
matrix 159 {'mib': 0, 'touch': 'workers', 'workers': 4} single direct identity PASS
matrix 160 {'mib': 1, 'touch': 'main', 'workers': 0} all time full PASS
matrix 161 {'mib': 1, 'touch': 'main', 'workers': 0} all time identity PASS
matrix 162 {'mib': 1, 'touch': 'main', 'workers': 0} all direct full PASS
matrix 163 {'mib': 1, 'touch': 'main', 'workers': 0} all direct identity PASS
matrix 164 {'mib': 1, 'touch': 'main', 'workers': 0} single time full PASS
matrix 165 {'mib': 1, 'touch': 'main', 'workers': 0} single time identity PASS
matrix 166 {'mib': 1, 'touch': 'main', 'workers': 0} single direct full PASS
matrix 167 {'mib': 1, 'touch': 'main', 'workers': 0} single direct identity PASS
matrix 168 {'mib': 1, 'touch': 'main', 'workers': 4} all time full PASS
matrix 169 {'mib': 1, 'touch': 'main', 'workers': 4} all time identity PASS
matrix 170 {'mib': 1, 'touch': 'main', 'workers': 4} all direct full PASS
matrix 171 {'mib': 1, 'touch': 'main', 'workers': 4} all direct identity PASS
matrix 172 {'mib': 1, 'touch': 'main', 'workers': 4} single time full PASS
matrix 173 {'mib': 1, 'touch': 'main', 'workers': 4} single time identity PASS
matrix 174 {'mib': 1, 'touch': 'main', 'workers': 4} single direct full PASS
matrix 175 {'mib': 1, 'touch': 'main', 'workers': 4} single direct identity PASS
matrix 176 {'mib': 1, 'touch': 'workers', 'workers': 4} all time full PASS
matrix 177 {'mib': 1, 'touch': 'workers', 'workers': 4} all time identity PASS
matrix 178 {'mib': 1, 'touch': 'workers', 'workers': 4} all direct full PASS
matrix 179 {'mib': 1, 'touch': 'workers', 'workers': 4} all direct identity PASS
matrix 180 {'mib': 1, 'touch': 'workers', 'workers': 4} single time full PASS
matrix 181 {'mib': 1, 'touch': 'workers', 'workers': 4} single time identity PASS
matrix 182 {'mib': 1, 'touch': 'workers', 'workers': 4} single direct full PASS
matrix 183 {'mib': 1, 'touch': 'workers', 'workers': 4} single direct identity PASS
matrix 184 {'mib': 4, 'touch': 'main', 'workers': 0} all time full PASS
matrix 185 {'mib': 4, 'touch': 'main', 'workers': 0} all time identity PASS
matrix 186 {'mib': 4, 'touch': 'main', 'workers': 0} all direct full PASS
matrix 187 {'mib': 4, 'touch': 'main', 'workers': 0} all direct identity PASS
matrix 188 {'mib': 4, 'touch': 'main', 'workers': 0} single time full PASS
matrix 189 {'mib': 4, 'touch': 'main', 'workers': 0} single time identity PASS
matrix 190 {'mib': 4, 'touch': 'main', 'workers': 0} single direct full PASS
matrix 191 {'mib': 4, 'touch': 'main', 'workers': 0} single direct identity PASS
matrix 192 {'mib': 4, 'touch': 'main', 'workers': 4} all time full PASS
matrix 193 {'mib': 4, 'touch': 'main', 'workers': 4} all time identity PASS
matrix 194 {'mib': 4, 'touch': 'main', 'workers': 4} all direct full PASS
matrix 195 {'mib': 4, 'touch': 'main', 'workers': 4} all direct identity PASS
matrix 196 {'mib': 4, 'touch': 'main', 'workers': 4} single time full PASS
matrix 197 {'mib': 4, 'touch': 'main', 'workers': 4} single time identity PASS
matrix 198 {'mib': 4, 'touch': 'main', 'workers': 4} single direct full PASS
matrix 199 {'mib': 4, 'touch': 'main', 'workers': 4} single direct identity PASS
matrix 200 {'mib': 4, 'touch': 'workers', 'workers': 4} all time full PASS
matrix 201 {'mib': 4, 'touch': 'workers', 'workers': 4} all time identity PASS
matrix 202 {'mib': 4, 'touch': 'workers', 'workers': 4} all direct full PASS
matrix 203 {'mib': 4, 'touch': 'workers', 'workers': 4} all direct identity PASS
matrix 204 {'mib': 4, 'touch': 'workers', 'workers': 4} single time full PASS
matrix 205 {'mib': 4, 'touch': 'workers', 'workers': 4} single time identity PASS
matrix 206 {'mib': 4, 'touch': 'workers', 'workers': 4} single direct full PASS
matrix 207 {'mib': 4, 'touch': 'workers', 'workers': 4} single direct identity PASS
matrix 208 {'mib': 16, 'touch': 'main', 'workers': 0} all time full PASS
matrix 209 {'mib': 16, 'touch': 'main', 'workers': 0} all time identity PASS
matrix 210 {'mib': 16, 'touch': 'main', 'workers': 0} all direct full PASS
matrix 211 {'mib': 16, 'touch': 'main', 'workers': 0} all direct identity PASS
matrix 212 {'mib': 16, 'touch': 'main', 'workers': 0} single time full PASS
matrix 213 {'mib': 16, 'touch': 'main', 'workers': 0} single time identity PASS
matrix 214 {'mib': 16, 'touch': 'main', 'workers': 0} single direct full PASS
matrix 215 {'mib': 16, 'touch': 'main', 'workers': 0} single direct identity PASS
matrix 216 {'mib': 16, 'touch': 'main', 'workers': 4} all time full PASS
matrix 217 {'mib': 16, 'touch': 'main', 'workers': 4} all time identity PASS
matrix 218 {'mib': 16, 'touch': 'main', 'workers': 4} all direct full PASS
matrix 219 {'mib': 16, 'touch': 'main', 'workers': 4} all direct identity PASS
matrix 220 {'mib': 16, 'touch': 'main', 'workers': 4} single time full PASS
matrix 221 {'mib': 16, 'touch': 'main', 'workers': 4} single time identity PASS
matrix 222 {'mib': 16, 'touch': 'main', 'workers': 4} single direct full PASS
matrix 223 {'mib': 16, 'touch': 'main', 'workers': 4} single direct identity PASS
matrix 224 {'mib': 16, 'touch': 'workers', 'workers': 4} all time full PASS
matrix 225 {'mib': 16, 'touch': 'workers', 'workers': 4} all time identity PASS
matrix 226 {'mib': 16, 'touch': 'workers', 'workers': 4} all direct full PASS
matrix 227 {'mib': 16, 'touch': 'workers', 'workers': 4} all direct identity PASS
matrix 228 {'mib': 16, 'touch': 'workers', 'workers': 4} single time full PASS
matrix 229 {'mib': 16, 'touch': 'workers', 'workers': 4} single time identity PASS
matrix 230 {'mib': 16, 'touch': 'workers', 'workers': 4} single direct full PASS
matrix 231 {'mib': 16, 'touch': 'workers', 'workers': 4} single direct identity PASS
matrix 232 {'mib': 64, 'touch': 'main', 'workers': 0} all time full PASS
matrix 233 {'mib': 64, 'touch': 'main', 'workers': 0} all time identity PASS
matrix 234 {'mib': 64, 'touch': 'main', 'workers': 0} all direct full PASS
matrix 235 {'mib': 64, 'touch': 'main', 'workers': 0} all direct identity PASS
matrix 236 {'mib': 64, 'touch': 'main', 'workers': 0} single time full PASS
matrix 237 {'mib': 64, 'touch': 'main', 'workers': 0} single time identity PASS
matrix 238 {'mib': 64, 'touch': 'main', 'workers': 0} single direct full PASS
matrix 239 {'mib': 64, 'touch': 'main', 'workers': 0} single direct identity PASS
matrix 240 {'mib': 64, 'touch': 'main', 'workers': 4} all time full PASS
matrix 241 {'mib': 64, 'touch': 'main', 'workers': 4} all time identity PASS
matrix 242 {'mib': 64, 'touch': 'main', 'workers': 4} all direct full PASS
matrix 243 {'mib': 64, 'touch': 'main', 'workers': 4} all direct identity PASS
matrix 244 {'mib': 64, 'touch': 'main', 'workers': 4} single time full PASS
matrix 245 {'mib': 64, 'touch': 'main', 'workers': 4} single time identity PASS
matrix 246 {'mib': 64, 'touch': 'main', 'workers': 4} single direct full PASS
matrix 247 {'mib': 64, 'touch': 'main', 'workers': 4} single direct identity PASS
matrix 248 {'mib': 64, 'touch': 'workers', 'workers': 4} all time full PASS
matrix 249 {'mib': 64, 'touch': 'workers', 'workers': 4} all time identity PASS
matrix 250 {'mib': 64, 'touch': 'workers', 'workers': 4} all direct full PASS
matrix 251 {'mib': 64, 'touch': 'workers', 'workers': 4} all direct identity PASS
matrix 252 {'mib': 64, 'touch': 'workers', 'workers': 4} single time full PASS
matrix 253 {'mib': 64, 'touch': 'workers', 'workers': 4} single time identity PASS
matrix 254 {'mib': 64, 'touch': 'workers', 'workers': 4} single direct full PASS
matrix 255 {'mib': 64, 'touch': 'workers', 'workers': 4} single direct identity PASS
matrix 256 {'mib': 4, 'touch': 'main', 'workers': 32} all time full PASS
matrix 257 {'mib': 4, 'touch': 'main', 'workers': 32} all time identity PASS
matrix 258 {'mib': 4, 'touch': 'main', 'workers': 32} all direct full PASS
matrix 259 {'mib': 4, 'touch': 'main', 'workers': 32} all direct identity PASS
matrix 260 {'mib': 4, 'touch': 'main', 'workers': 32} single time full PASS
matrix 261 {'mib': 4, 'touch': 'main', 'workers': 32} single time identity PASS
matrix 262 {'mib': 4, 'touch': 'main', 'workers': 32} single direct full PASS
matrix 263 {'mib': 4, 'touch': 'main', 'workers': 32} single direct identity PASS
matrix 264 {'mib': 4, 'touch': 'workers', 'workers': 32} all time full PASS
matrix 265 {'mib': 4, 'touch': 'workers', 'workers': 32} all time identity PASS
matrix 266 {'mib': 4, 'touch': 'workers', 'workers': 32} all direct full PASS
matrix 267 {'mib': 4, 'touch': 'workers', 'workers': 32} all direct identity PASS
matrix 268 {'mib': 4, 'touch': 'workers', 'workers': 32} single time full PASS
matrix 269 {'mib': 4, 'touch': 'workers', 'workers': 32} single time identity PASS
matrix 270 {'mib': 4, 'touch': 'workers', 'workers': 32} single direct full PASS
matrix 271 {'mib': 4, 'touch': 'workers', 'workers': 32} single direct identity PASS
