	Command being timed: "perf stat -x ; -o /home/zhuhe/code/litchi/docs/performance/results/change-0476/captures/C1-control/counters.csv -e cycles:u,instructions:u,branches:u,branch-misses:u,cache-misses:u,L1-dcache-load-misses:u,LLC-load-misses:u,page-faults,context-switches -- /tmp/litchi-goal-0476/control-normal --workers 1 --warmup 3 --samples 30 --case pptx_streaming_create --semantic-shape large --json /home/zhuhe/code/litchi/docs/performance/results/change-0476/captures/C1-control/report.json --corpus-manifest /home/zhuhe/code/litchi/docs/performance/results/change-0476/captures/C1-control/corpus-catalog.json"
	User time (seconds): 37.05
	System time (seconds): 0.13
	Percent of CPU this job got: 99%
	Elapsed (wall clock) time (h:mm:ss or m:ss): 0:37.22
	Average shared text size (kbytes): 0
	Average unshared data size (kbytes): 0
	Average stack size (kbytes): 0
	Average total size (kbytes): 0
	Maximum resident set size (kbytes): 82792
	Average resident set size (kbytes): 0
	Major (requiring I/O) page faults: 23
	Minor (reclaiming a frame) page faults: 82627
	Voluntary context switches: 68
	Involuntary context switches: 90
	Swaps: 0
	File system inputs: 1248
	File system outputs: 96
	Socket messages sent: 0
	Socket messages received: 0
	Signals delivered: 0
	Page size (bytes): 4096
	Exit status: 0
