    Checking litchi-ooxml-common v0.0.1 (/home/zhuhe/code/litchi-worktrees/0776-mce-expanded-duplicates/crates/litchi-ooxml-common)
    Checking litchi-drawingml v0.0.1 (/home/zhuhe/code/litchi-worktrees/0776-mce-expanded-duplicates/crates/litchi-drawingml)
    Checking litchi-spreadsheet-drawing v0.0.1 (/home/zhuhe/code/litchi-worktrees/0776-mce-expanded-duplicates/crates/litchi-spreadsheet-drawing)
    Checking litchi-pptx v0.0.1 (/home/zhuhe/code/litchi-worktrees/0776-mce-expanded-duplicates/crates/litchi-pptx)
    Checking litchi-xlsx v0.0.1 (/home/zhuhe/code/litchi-worktrees/0776-mce-expanded-duplicates/crates/litchi-xlsx)
    Checking litchi-docx v0.0.1 (/home/zhuhe/code/litchi-worktrees/0776-mce-expanded-duplicates/crates/litchi-docx)
    Checking litchi v0.0.1 (/home/zhuhe/code/litchi-worktrees/0776-mce-expanded-duplicates/crates/litchi)
warning: function `missing_ooxml_catalog_part_error` is never used
   --> crates/litchi/src/detection_smart/detected.rs:612:4
    |
612 | fn missing_ooxml_catalog_part_error(error: &crate::opc::OpcError) -> bool {
    |    ^^^^^^^^^^^^^^^^^^^^^^^^^^^^^^^^
    |
    = note: `#[warn(dead_code)]` (part of `#[warn(unused)]`) on by default

warning: `litchi` (lib) generated 1 warning
warning: variable does not need to be mutable
    --> crates/litchi/src/detection_smart/detected.rs:3621:13
     |
3621 |         let mut cases: Vec<(std::path::PathBuf, FileFormat)> = Vec::new();
     |             ----^^^^^
     |             |
     |             help: remove this `mut`
     |
     = note: `#[warn(unused_mut)]` (part of `#[warn(unused)]`) on by default

warning: `litchi` (lib test) generated 2 warnings (1 duplicate) (run `cargo fix --lib -p litchi --tests` to apply 1 suggestion)
    Finished `dev` profile [unoptimized] target(s) in 18.31s
