	Command being timed: "heaptrack -o /home/zhuhe/code/litchi/docs/performance/results/change-0470/B-heap/heaptrack -- /tmp/litchi-goal-0470/candidate --workers 1 --warmup 1 --samples 5 --json /home/zhuhe/code/litchi/docs/performance/results/change-0470/B-heap/report.json --corpus-manifest /home/zhuhe/code/litchi/docs/performance/results/change-0470/B-heap/corpus-catalog.json --case xlsx_one_percent_commit_save --xlsx-shape dense-wide"
	User time (seconds): 13.54
	System time (seconds): 0.59
	Percent of CPU this job got: 99%
	Elapsed (wall clock) time (h:mm:ss or m:ss): 0:14.14
	Average shared text size (kbytes): 0
	Average unshared data size (kbytes): 0
	Average stack size (kbytes): 0
	Average total size (kbytes): 0
	Maximum resident set size (kbytes): 344412
	Average resident set size (kbytes): 0
	Major (requiring I/O) page faults: 0
	Minor (reclaiming a frame) page faults: 113760
	Voluntary context switches: 234308
	Involuntary context switches: 207482
	Swaps: 0
	File system inputs: 0
	File system outputs: 1224
	Socket messages sent: 0
	Socket messages received: 0
	Signals delivered: 0
	Page size (bytes): 4096
	Exit status: 0
