	Command being timed: "/tmp/litchi-goal-0464/allocator pptx-pair-lifecycle --manifest /home/zhuhe/code/litchi/docs/performance/results/change-0464/pair.json --provider bytes --samples 30 --warmup 3 --repeat R1 --output /home/zhuhe/code/litchi/docs/performance/results/change-0464/captures/R1/allocator-bytes/report.json --output-pptx /home/zhuhe/code/litchi/docs/performance/results/change-0464/captures/R1/allocator-bytes/output.pptx --source-revision 1c1e29473f9402190f5bc4bf68d96029ff106470"
	User time (seconds): 0.15
	System time (seconds): 0.00
	Percent of CPU this job got: 96%
	Elapsed (wall clock) time (h:mm:ss or m:ss): 0:00.16
	Average shared text size (kbytes): 0
	Average unshared data size (kbytes): 0
	Average stack size (kbytes): 0
	Average total size (kbytes): 0
	Maximum resident set size (kbytes): 17068
	Average resident set size (kbytes): 0
	Major (requiring I/O) page faults: 0
	Minor (reclaiming a frame) page faults: 1681
	Voluntary context switches: 3
	Involuntary context switches: 0
	Swaps: 0
	File system inputs: 0
	File system outputs: 3800
	Socket messages sent: 0
	Socket messages received: 0
	Signals delivered: 0
	Page size (bytes): 4096
	Exit status: 0
