   Compiling proc-macro2 v1.0.106
   Compiling unicode-ident v1.0.22
   Compiling quote v1.0.44
    Checking zeroize v1.9.0
    Checking cfg-if v1.0.4
    Checking typenum v1.20.1
   Compiling syn v2.0.114
   Compiling libc v0.2.189
   Compiling version_check v0.9.5
    Checking hybrid-array v0.4.14
   Compiling generic-array v0.14.9
    Checking const-oid v0.9.6
    Checking subtle v2.6.1
    Checking block-buffer v0.12.1
    Checking crypto-common v0.2.2
   Compiling autocfg v1.5.1
   Compiling serde_core v1.0.229
   Compiling libm v0.2.16
   Compiling num-traits v0.2.19
   Compiling zerocopy v0.8.56
   Compiling synstructure v0.13.2
    Checking getrandom v0.2.17
    Checking cmov v0.5.4
    Checking smallvec v1.16.0
    Checking ctutils v0.4.2
    Checking rand_core v0.6.4
    Checking block-buffer v0.10.4
    Checking crypto-common v0.1.6
    Checking cpufeatures v0.3.1
    Checking base64ct v1.6.0
    Checking const-oid v0.10.2
    Checking digest v0.11.3
    Checking pem-rfc7468 v0.7.0
    Checking digest v0.10.7
   Compiling zerofrom-derive v0.1.6
   Compiling der_derive v0.7.3
    Checking memchr v2.8.3
   Compiling crossbeam-utils v0.8.22
    Checking flagset v0.4.7
    Checking der v0.7.10
    Checking zerofrom v0.1.4
   Compiling yoke-derive v0.7.5
   Compiling syn v3.0.4
   Compiling serde v1.0.229
    Checking once_cell v1.21.4
    Checking rand_core v0.10.1
   Compiling crossbeam-epoch v0.9.20
   Compiling thiserror v2.0.18
   Compiling getrandom v0.4.3
   Compiling zmij v1.0.19
    Checking stable_deref_trait v1.2.1
    Checking yoke v0.7.4
    Checking spki v0.7.3
   Compiling zerovec-derive v0.10.4
   Compiling serde_derive v1.0.229
   Compiling thiserror-impl v2.0.18
    Checking either v1.18.0
   Compiling serde_json v1.0.149
   Compiling crossbeam-deque v0.8.7
    Checking zerovec v0.10.4
    Checking chacha20 v0.10.2
   Compiling displaydoc v0.2.6
    Checking iana-time-zone v0.1.65
   Compiling rayon-core v1.13.0
    Checking itoa v1.0.18
    Checking chrono v0.4.45
    Checking rand v0.10.2
    Checking pkcs8 v0.10.2
    Checking sha2 v0.11.0
    Checking base64 v0.22.1
    Checking fast-float2 v0.2.4
    Checking litchi-core v0.0.1 (/home/zhuhe/code/litchi-worktrees/0780-static-mce-capabilities/crates/litchi-core)
    Checking tinystr v0.7.6
    Checking writeable v0.5.5
    Checking spin v0.9.9
   Compiling icu_locid_transform_data v1.5.1
    Checking litemap v0.7.3
    Checking icu_locid v1.5.0
    Checking lazy_static v1.5.0
    Checking rayon v1.12.0
    Checking ff v0.13.1
   Compiling icu_provider_macros v1.5.0
   Compiling icu_properties_data v1.5.1
    Checking cpufeatures v0.2.17
    Checking base16ct v0.2.0
    Checking sec1 v0.7.3
    Checking icu_provider v1.5.0
    Checking group v0.13.0
    Checking ppv-lite86 v0.2.21
    Checking quick-xml v0.41.0
    Checking crypto-bigint v0.5.5
    Checking bitflags v2.13.1
   Compiling zerocopy-derive v0.8.56
    Checking block-padding v0.4.2
    Checking encoding_rs v0.8.35
   Compiling icu_normalizer_data v1.5.1
    Checking fixedbitset v0.5.7
   Compiling crc32fast v1.5.1
    Checking litchi-cfb v0.0.1 (/home/zhuhe/code/litchi-worktrees/0780-static-mce-capabilities/crates/litchi-cfb)
    Checking inout v0.2.2
    Checking elliptic-curve v0.13.8
    Checking rand_chacha v0.3.1
    Checking icu_locid_transform v1.5.0
    Checking sha2 v0.10.9
    Checking icu_collections v1.5.0
    Checking hmac v0.12.1
    Checking signature v2.2.0
    Checking num-integer v0.1.47
    Checking zlib-rs v0.6.7
    Checking tinyvec_macros v0.1.1
   Compiling num-bigint-dig v0.8.6
    Checking tinyvec v1.12.0
    Checking num-iter v0.1.46
    Checking rfc6979 v0.4.0
    Checking icu_properties v1.5.1
    Checking flate2 v1.1.10
    Checking rand v0.8.8
    Checking cipher v0.5.2
    Checking utf8_iter v1.0.4
    Checking write16 v1.0.0
   Compiling rustix v1.1.4
   Compiling getrandom v0.3.4
    Checking utf16_iter v1.0.5
   Compiling rustversion v1.0.23
    Checking icu_normalizer v1.5.0
    Checking ecdsa v0.16.9
    Checking primeorder v0.13.6
    Checking litchi-codepage v0.0.1 (/home/zhuhe/code/litchi-worktrees/0780-static-mce-capabilities/crates/litchi-codepage)
    Checking sha1 v0.10.7
    Checking pkcs1 v0.7.5
    Checking linux-raw-sys v0.12.1
    Checking rsa v0.9.10
    Checking p256 v0.13.2
   Compiling xml-minifier-macros v0.1.0 (/home/zhuhe/code/litchi-worktrees/0780-static-mce-capabilities/crates/xml-minifier-macros)
    Checking idna_adapter v1.2.0
    Checking x509-cert v0.2.5
    Checking cpubits v0.1.1
    Checking debug_unsafe v0.1.4
    Checking fastrand v2.5.0
    Checking percent-encoding v2.3.2
    Checking form_urlencoded v1.2.2
    Checking tempfile v3.27.0
    Checking atoi_simd v0.18.1
    Checking litchi-sign v0.0.1 (/home/zhuhe/code/litchi-worktrees/0780-static-mce-capabilities/crates/litchi-sign)
    Checking aes v0.9.3
    Checking idna v1.1.0
    Checking xml-minifier v0.1.0 (/home/zhuhe/code/litchi-worktrees/0780-static-mce-capabilities/crates/xml-minifier)
    Checking litchi-ole-common v0.0.1 (/home/zhuhe/code/litchi-worktrees/0780-static-mce-capabilities/crates/litchi-ole-common)
    Checking soapberry-zip v0.0.1 (/home/zhuhe/code/litchi-worktrees/0780-static-mce-capabilities/crates/soapberry-zip)
    Checking rc4 v0.2.0
    Checking cbc v0.2.1
    Checking unicode-normalization v0.1.25
    Checking hmac v0.13.0
    Checking sha1 v0.11.0
    Checking md-5 v0.11.0
    Checking caseless v0.2.2
    Checking litchi-crypto v0.0.1 (/home/zhuhe/code/litchi-worktrees/0780-static-mce-capabilities/crates/litchi-crypto)
    Checking litchi-opc v0.0.1 (/home/zhuhe/code/litchi-worktrees/0780-static-mce-capabilities/crates/litchi-opc)
    Checking url v2.5.8
    Checking litchi-vba v0.0.1 (/home/zhuhe/code/litchi-worktrees/0780-static-mce-capabilities/crates/litchi-vba)
    Checking ryu v1.0.22
   Compiling pkg-config v0.3.34
   Compiling semver v1.0.28
   Compiling rustc_version v0.4.1
   Compiling find-msvc-tools v0.1.11
   Compiling shlex v2.0.1
   Compiling cc v1.4.4
    Checking litchi-ooxml-common v0.0.1 (/home/zhuhe/code/litchi-worktrees/0780-static-mce-capabilities/crates/litchi-ooxml-common)
   Compiling pathfinder_simd v0.5.6
   Compiling proc-macro2-diagnostics v0.10.1
   Compiling freetype-sys v0.20.1
   Compiling yeslogic-fontconfig-sys v6.0.1
   Compiling yansi v1.0.1
    Checking libloading v0.8.8
    Checking alloc-no-stdlib v2.0.4
   Compiling unicode-canonical-combining-class v1.0.0
   Compiling unicode-joining-type v1.0.0
    Checking log v0.4.29
    Checking option-ext v0.2.0
    Checking byteorder v1.5.0
   Compiling unicode-general-category v1.1.0
   Compiling heck v0.4.1
   Compiling ouroboros_macro v0.18.5
    Checking litchi-drawingml v0.0.1 (/home/zhuhe/code/litchi-worktrees/0780-static-mce-capabilities/crates/litchi-drawingml)
    Checking dirs-sys v0.5.0
    Checking pathfinder_geometry v0.5.1
    Checking alloc-stdlib v0.2.4
    Checking dlib v0.5.3
   Compiling enumflags2_derive v0.7.12
    Checking static_assertions v1.1.0
    Checking same-file v1.0.6
   Compiling font-kit v0.14.3
    Checking aliasable v0.1.3
    Checking ouroboros v0.18.5
    Checking walkdir v2.5.0
    Checking enumflags2 v0.7.12
    Checking brotli-decompressor v5.0.3
    Checking dirs v6.0.0
    Checking itertools v0.14.0
    Checking bitreader v0.3.11
    Checking float-ord v0.3.2
    Checking bytemuck v1.25.2
    Checking rustc-hash v2.1.3
    Checking glyph-names v0.2.0
    Checking ucd-trie v0.1.7
    Checking roaring v0.11.1
    Checking allsorts v0.17.0
    Checking litchi-spreadsheet-drawing v0.0.1 (/home/zhuhe/code/litchi-worktrees/0780-static-mce-capabilities/crates/litchi-spreadsheet-drawing)
    Checking litchi-xldm v0.0.1 (/home/zhuhe/code/litchi-worktrees/0780-static-mce-capabilities/crates/litchi-xldm)
    Checking litchi-sheet v0.0.1 (/home/zhuhe/code/litchi-worktrees/0780-static-mce-capabilities/crates/litchi-sheet)
    Checking litchi-xlsx v0.0.1 (/home/zhuhe/code/litchi-worktrees/0780-static-mce-capabilities/crates/litchi-xlsx)
    Checking litchi-fonts v0.0.1 (/home/zhuhe/code/litchi-worktrees/0780-static-mce-capabilities/crates/litchi-fonts)
    Checking litchi-pptx v0.0.1 (/home/zhuhe/code/litchi-worktrees/0780-static-mce-capabilities/crates/litchi-pptx)
    Checking litchi-docx v0.0.1 (/home/zhuhe/code/litchi-worktrees/0780-static-mce-capabilities/crates/litchi-docx)
error[E0277]: the size for values of type `str` cannot be known at compilation time
   --> crates/litchi-ooxml-common/src/mce/model.rs:527:14
    |
527 |         for &namespace in OLD_BASELINE_NAMESPACES {
    |              ^^^^^^^^^ doesn't have a size known at compile-time
    |
    = help: the trait `Sized` is not implemented for `str`
    = note: all local variables must have a statically known size

error[E0277]: the trait bound `str: Into<std::string::String>` is not satisfied
   --> crates/litchi-ooxml-common/src/mce/model.rs:528:47
    |
528 |             capabilities.understand_namespace(namespace);
    |                          -------------------- ^^^^^^^^^ the trait `Into<std::string::String>` is not implemented for `str`
    |                          |
    |                          required by a bound introduced by this call
    |
    = note: required for `str` to implement `Into<std::string::String>`
note: required by a bound in `mce::model::Capabilities::understand_namespace`
   --> crates/litchi-ooxml-common/src/mce/model.rs:303:60
    |
303 |     pub fn understand_namespace(&mut self, namespace: impl Into<String>) -> &mut Self {
    |                                                            ^^^^^^^^^^^^ required by this bound in `Capabilities::understand_namespace`
help: consider borrowing here
    |
528 |             capabilities.understand_namespace(&namespace);
    |                                               +
528 |             capabilities.understand_namespace(&mut namespace);
    |                                               ++++

For more information about this error, try `rustc --explain E0277`.
error: could not compile `litchi-ooxml-common` (lib test) due to 2 previous errors
warning: build failed, waiting for other jobs to finish...
