HEAD 8705ebc5f26f2eba62f3e866dbcc78e96a5bd1e4
$ cargo clippy -p litchi-pptx -p litchi-ooxml-common -p litchi-docx -p litchi-xlsx --all-features --lib --no-deps --locked -- -D warnings
    Checking litchi-core v0.0.1 (/home/zhuhe/code/litchi/crates/litchi-core)
    Checking litchi-codepage v0.0.1 (/home/zhuhe/code/litchi/crates/litchi-codepage)
   Compiling xml-minifier-macros v0.1.0 (/home/zhuhe/code/litchi/crates/xml-minifier-macros)
    Checking xml-minifier v0.1.0 (/home/zhuhe/code/litchi/crates/xml-minifier)
    Checking soapberry-zip v0.0.1 (/home/zhuhe/code/litchi/crates/soapberry-zip)
    Checking litchi-cfb v0.0.1 (/home/zhuhe/code/litchi/crates/litchi-cfb)
    Checking litchi-fonts v0.0.1 (/home/zhuhe/code/litchi/crates/litchi-fonts)
    Checking litchi-ole-common v0.0.1 (/home/zhuhe/code/litchi/crates/litchi-ole-common)
    Checking litchi-sign v0.0.1 (/home/zhuhe/code/litchi/crates/litchi-sign)
    Checking litchi-opc v0.0.1 (/home/zhuhe/code/litchi/crates/litchi-opc)
    Checking litchi-crypto v0.0.1 (/home/zhuhe/code/litchi/crates/litchi-crypto)
    Checking litchi-vba v0.0.1 (/home/zhuhe/code/litchi/crates/litchi-vba)
    Checking litchi-sheet v0.0.1 (/home/zhuhe/code/litchi/crates/litchi-sheet)
    Checking litchi-ooxml-common v0.0.1 (/home/zhuhe/code/litchi/crates/litchi-ooxml-common)
    Checking litchi-drawingml v0.0.1 (/home/zhuhe/code/litchi/crates/litchi-drawingml)
    Checking litchi-spreadsheet-drawing v0.0.1 (/home/zhuhe/code/litchi/crates/litchi-spreadsheet-drawing)
    Checking litchi-docx v0.0.1 (/home/zhuhe/code/litchi/crates/litchi-docx)
    Checking litchi-xlsx v0.0.1 (/home/zhuhe/code/litchi/crates/litchi-xlsx)
    Checking litchi-pptx v0.0.1 (/home/zhuhe/code/litchi/crates/litchi-pptx)
error: this boolean expression can be simplified
  --> crates/litchi-pptx/src/parts/mod.rs:70:16
   |
70 |             if !retained_mce_total_charge(count + 1, next).is_some_and(|charge| charge <= maximum) {
   |                ^^^^^^^^^^^^^^^^^^^^^^^^^^^^^^^^^^^^^^^^^^^^^^^^^^^^^^^^^^^^^^^^^^^^^^^^^^^^^^^^^^^ help: try: `retained_mce_total_charge(count + 1, next).is_none_or(|charge| charge > maximum)`
   |
   = help: for further information visit https://rust-lang.github.io/rust-clippy/rust-1.95.0/index.html#nonminimal_bool
   = note: `-D clippy::nonminimal-bool` implied by `-D clippy::all`
   = help: to override `-D clippy::all` add `#[allow(clippy::nonminimal_bool)]`

error: this `let...else` may be rewritten with the `?` operator
   --> crates/litchi-pptx/src/parts/mod.rs:228:9
    |
228 | /         let Some(entry) = self
229 | |             .pending
230 | |             .iter()
231 | |             .find(|entry| entry.key == key && mce_key(entry.source) == key)
232 | |         else {
233 | |             return None;
234 | |         };
    | |__________^
    |
    = help: for further information visit https://rust-lang.github.io/rust-clippy/rust-1.95.0/index.html#question_mark
    = note: `-D clippy::question-mark` implied by `-D clippy::all`
    = help: to override `-D clippy::all` add `#[allow(clippy::question_mark)]`
help: replace it with
    |
228 ~         let entry = self
229 +             .pending
230 +             .iter()
231 +             .find(|entry| entry.key == key && mce_key(entry.source) == key)?;
    |

error: could not compile `litchi-pptx` (lib) due to 2 previous errors

exit 101
