	Command being timed: "taskset -c 2 /tmp/litchi-goal-0511/before/litchi-perf-baseline-alloc --case xls_semantic_open,xls_eager_open_list_worksheets,xls_eager_open_one_cell,xls_source_backed_open,xls_source_backed_open_list_worksheets,xls_source_backed_open_one_cell,xls_owned_source_open,xls_owned_source_open_list_worksheets,xls_owned_source_open_one_cell --samples 30 --warmup 3 --json /home/zhuhe/code/litchi/docs/performance/results/change-0511/before/allocator-r2-report.json --corpus-manifest /home/zhuhe/code/litchi/docs/performance/results/change-0511/before/allocator-r2-catalog.json"
	User time (seconds): 0.35
	System time (seconds): 0.18
	Percent of CPU this job got: 100%
	Elapsed (wall clock) time (h:mm:ss or m:ss): 0:00.54
	Average shared text size (kbytes): 0
	Average unshared data size (kbytes): 0
	Average stack size (kbytes): 0
	Average total size (kbytes): 0
	Maximum resident set size (kbytes): 145008
	Average resident set size (kbytes): 0
	Major (requiring I/O) page faults: 0
	Minor (reclaiming a frame) page faults: 65911
	Voluntary context switches: 35
	Involuntary context switches: 64
	Swaps: 0
	File system inputs: 0
	File system outputs: 496
	Socket messages sent: 0
	Socket messages received: 0
	Signals delivered: 0
	Page size (bytes): 4096
	Exit status: 0
