There are 42 section headers, starting at offset 0x1aca0530:

Section Headers:
  [Nr] Name              Type            Address          Off    Size   ES Flg Lk Inf Al
  [ 0]                   NULL            0000000000000000 000000 000000 00      0   0  0
  [ 1] .interp           PROGBITS        00000000000002e0 0002e0 00001c 00   A  0   0  1
  [ 2] .note.ABI-tag     NOTE            00000000000002fc 0002fc 000020 00   A  0   0  4
  [ 3] .note.gnu.build-id NOTE            000000000000031c 00031c 000024 00   A  0   0  4
  [ 4] .dynsym           DYNSYM          0000000000000340 000340 000cc0 18   A  8   1  8
  [ 5] .gnu.version      VERSYM          0000000000001000 001000 000110 02   A  4   0  2
  [ 6] .gnu.version_r    VERNEED         0000000000001110 001110 0001b0 00   A  8   4  4
  [ 7] .gnu.hash         GNU_HASH        00000000000012c0 0012c0 00001c 00   A  4   0  8
  [ 8] .dynstr           STRTAB          00000000000012dc 0012dc 0007c3 00   A  0   0  1
  [ 9] .rela.dyn         RELA            0000000000001aa0 001aa0 09ce40 18   A  4   0  8
  [10] .rela.plt         RELA            000000000009e8e0 09e8e0 000030 18  AI  4  27  8
  [11] .gcc_except_table PROGBITS        000000000009e910 09e910 20e1e4 00   A  0   0  4
  [12] .rodata           PROGBITS        00000000002acb00 2acb00 445078 00 AMS  0   0 64
  [13] .debug_gdb_scripts PROGBITS        00000000006f1b78 6f1b78 000022 01 AMS  0   0  1
  [14] .eh_frame_hdr     PROGBITS        00000000006f1b9c 6f1b9c 05507c 00   A  0   0  4
  [15] .eh_frame         PROGBITS        0000000000746c18 746c18 225918 00   A  0   0  8
  [16] .text             PROGBITS        000000000096d530 96c530 1f9c832 00  AX  0   0 16
  [17] .init             PROGBITS        0000000002909d64 2908d64 00001b 00  AX  0   0  4
  [18] .fini             PROGBITS        0000000002909d80 2908d80 00000d 00  AX  0   0  4
  [19] .plt              PROGBITS        0000000002909d90 2908d90 000030 00  AX  0   0 16
  [20] .tdata            PROGBITS        000000000290adc0 2908dc0 000070 00 WAT  0   0  8
  [21] .tbss             NOBITS          000000000290ae30 2908e30 000080 00 WAT  0   0  8
  [22] .fini_array       FINI_ARRAY      000000000290ae30 2908e30 000008 08  WA  0   0  8
  [23] .init_array       INIT_ARRAY      000000000290ae38 2908e38 000010 00 WAo  0   0  8
  [24] .data.rel.ro      PROGBITS        000000000290ae60 2908e60 05d418 00  WA  0   0 32
  [25] .dynamic          DYNAMIC         0000000002968278 2966278 0001e0 10  WA  8   0  8
  [26] .got              PROGBITS        0000000002968458 2966458 00d790 00  WA  0   0  8
  [27] .got.plt          PROGBITS        0000000002975be8 2973be8 000028 00  WA  0   0  8
  [28] .relro_padding    NOBITS          0000000002975c10 2973c10 0003f0 00  WA  0   0  1
  [29] .tm_clone_table   PROGBITS        0000000002976c10 2973c10 000000 00  WA  0   0  8
  [30] .data             PROGBITS        0000000002976c10 2973c10 000b88 00  WA  0   0 16
  [31] .bss              NOBITS          0000000002977798 2974798 0001a8 00  WA  0   0  8
  [32] .comment          PROGBITS        0000000000000000 2974798 0000b1 01  MS  0   0  1
  [33] .debug_abbrev     PROGBITS        0000000000000000 2974849 06e23c 00      0   0  1
  [34] .debug_info       PROGBITS        0000000000000000 29e2a85 93c761f 00      0   0  1
  [35] .debug_aranges    PROGBITS        0000000000000000 bdaa0a4 1a6d40 00      0   0  1
  [36] .debug_ranges     PROGBITS        0000000000000000 bf50de4 2d2dc60 00      0   0  1
  [37] .debug_str        PROGBITS        0000000000000000 ec7ea44 894558a 01  MS  0   0  1
  [38] .debug_line       PROGBITS        0000000000000000 175c3fce 2cdc0a8 00      0   0  1
  [39] .symtab           SYMTAB          0000000000000000 1a2a0078 217380 18     41 82919  8
  [40] .shstrtab         STRTAB          0000000000000000 1a4b73f8 0001b4 00      0   0  1
  [41] .strtab           STRTAB          0000000000000000 1a4b75ac 7e8f7d 00      0   0  1
Key to Flags:
  W (write), A (alloc), X (execute), M (merge), S (strings), I (info),
  L (link order), O (extra OS processing required), G (group), T (TLS),
  C (compressed), x (unknown), o (OS specific), E (exclude),
  D (mbind), l (large), p (processor specific)
