   Compiling xml-minifier v0.1.0 (/home/zhuhe/code/litchi/crates/xml-minifier)
   Compiling litchi-sign v0.0.1 (/home/zhuhe/code/litchi/crates/litchi-sign)
   Compiling litchi-opc v0.0.1 (/home/zhuhe/code/litchi/crates/litchi-opc)
   Compiling litchi-ooxml-common v0.0.1 (/home/zhuhe/code/litchi/crates/litchi-ooxml-common)
   Compiling litchi-drawingml v0.0.1 (/home/zhuhe/code/litchi/crates/litchi-drawingml)
   Compiling litchi-ole-common v0.0.1 (/home/zhuhe/code/litchi/crates/litchi-ole-common)
   Compiling litchi-odf-common v0.0.1 (/home/zhuhe/code/litchi/crates/litchi-odf-common)
   Compiling litchi-crypto v0.0.1 (/home/zhuhe/code/litchi/crates/litchi-crypto)
   Compiling litchi-spreadsheet-drawing v0.0.1 (/home/zhuhe/code/litchi/crates/litchi-spreadsheet-drawing)
   Compiling litchi-xldm v0.0.1 (/home/zhuhe/code/litchi/crates/litchi-xldm)
   Compiling litchi-odt v0.0.1 (/home/zhuhe/code/litchi/crates/litchi-odt)
   Compiling litchi-doc v0.0.1 (/home/zhuhe/code/litchi/crates/litchi-doc)
   Compiling litchi-xlsx v0.0.1 (/home/zhuhe/code/litchi/crates/litchi-xlsx)
   Compiling litchi-ppt v0.0.1 (/home/zhuhe/code/litchi/crates/litchi-ppt)
   Compiling litchi-ods v0.0.1 (/home/zhuhe/code/litchi/crates/litchi-ods)
   Compiling litchi-odp v0.0.1 (/home/zhuhe/code/litchi/crates/litchi-odp)
   Compiling litchi-pptx v0.0.1 (/home/zhuhe/code/litchi/crates/litchi-pptx)
   Compiling litchi-docx v0.0.1 (/home/zhuhe/code/litchi/crates/litchi-docx)
   Compiling litchi v0.0.1 (/home/zhuhe/code/litchi/crates/litchi)
   Compiling litchi-xlsb v0.0.1 (/home/zhuhe/code/litchi/crates/litchi-xlsb)
   Compiling litchi-xls v0.0.1 (/home/zhuhe/code/litchi/crates/litchi-xls)
   Compiling litchi-perf-baseline v0.1.0 (/home/zhuhe/code/litchi/tools/perf-baseline)
    Finished `release` profile [optimized] target(s) in 7m 33s
