	Command being timed: "/home/zhuhe/litchi-goal-0553-target/retained/baseline/normal --case xlsx_source_backed_cell_values_one_percent_edit_save --xlsx-cell-crud-shape medium --samples 200 --warmup 20 --json /home/zhuhe/code/litchi/docs/performance/results/change-0553/baseline/native-r2-medium-c1.json --corpus-manifest /home/zhuhe/code/litchi/docs/performance/results/change-0553/baseline/native-r2-medium-c1.catalog.json"
	User time (seconds): 11.21
	System time (seconds): 1.69
	Percent of CPU this job got: 99%
	Elapsed (wall clock) time (h:mm:ss or m:ss): 0:12.91
	Average shared text size (kbytes): 0
	Average unshared data size (kbytes): 0
	Average stack size (kbytes): 0
	Average total size (kbytes): 0
	Maximum resident set size (kbytes): 68268
	Average resident set size (kbytes): 0
	Major (requiring I/O) page faults: 0
	Minor (reclaiming a frame) page faults: 2225146
	Voluntary context switches: 31
	Involuntary context switches: 220
	Swaps: 0
	File system inputs: 0
	File system outputs: 952
	Socket messages sent: 0
	Socket messages received: 0
	Signals delivered: 0
	Page size (bytes): 4096
	Exit status: 0
