0-tiny-capture-before passed
0-tiny-capture-after passed
0-tiny-commit-before passed
0-tiny-commit-after passed
0-tiny-lifecycle-before passed
0-tiny-lifecycle-after passed
0-medium-capture-before passed
0-medium-capture-after passed
0-medium-commit-before passed
0-medium-commit-after passed
0-medium-lifecycle-before passed
0-medium-lifecycle-after passed
0-large-capture-before passed
0-large-capture-after passed
0-large-commit-before passed
0-large-commit-after passed
0-large-lifecycle-before passed
0-large-lifecycle-after passed
0-vendor-capture-before passed
0-vendor-capture-after passed
0-vendor-commit-before passed
0-vendor-commit-after passed
0-vendor-lifecycle-before passed
0-vendor-lifecycle-after passed
0-unicode-vendor-capture-before passed
0-unicode-vendor-capture-after passed
0-unicode-vendor-commit-before passed
0-unicode-vendor-commit-after passed
0-unicode-vendor-lifecycle-before passed
0-unicode-vendor-lifecycle-after passed
1-tiny-capture-after passed
1-tiny-capture-before passed
1-tiny-commit-after passed
1-tiny-commit-before passed
1-tiny-lifecycle-after passed
1-tiny-lifecycle-before passed
1-medium-capture-after passed
1-medium-capture-before passed
1-medium-commit-after passed
1-medium-commit-before passed
1-medium-lifecycle-after passed
1-medium-lifecycle-before passed
1-large-capture-after passed
1-large-capture-before passed
1-large-commit-after passed
1-large-commit-before passed
1-large-lifecycle-after passed
1-large-lifecycle-before passed
1-vendor-capture-after passed
1-vendor-capture-before passed
1-vendor-commit-after passed
1-vendor-commit-before passed
1-vendor-lifecycle-after passed
1-vendor-lifecycle-before passed
1-unicode-vendor-capture-after passed
1-unicode-vendor-capture-before passed
1-unicode-vendor-commit-after passed
1-unicode-vendor-commit-before passed
1-unicode-vendor-lifecycle-after passed
1-unicode-vendor-lifecycle-before passed
2-tiny-capture-before passed
2-tiny-capture-after passed
2-tiny-commit-before passed
2-tiny-commit-after passed
2-tiny-lifecycle-before passed
2-tiny-lifecycle-after passed
2-medium-capture-before passed
2-medium-capture-after passed
2-medium-commit-before passed
2-medium-commit-after passed
2-medium-lifecycle-before passed
2-medium-lifecycle-after passed
2-large-capture-before passed
2-large-capture-after passed
2-large-commit-before passed
2-large-commit-after passed
2-large-lifecycle-before passed
2-large-lifecycle-after passed
2-vendor-capture-before passed
2-vendor-capture-after passed
2-vendor-commit-before passed
2-vendor-commit-after passed
2-vendor-lifecycle-before passed
2-vendor-lifecycle-after passed
2-unicode-vendor-capture-before passed
2-unicode-vendor-capture-after passed
2-unicode-vendor-commit-before passed
2-unicode-vendor-commit-after passed
2-unicode-vendor-lifecycle-before passed
2-unicode-vendor-lifecycle-after passed
3-tiny-capture-after passed
3-tiny-capture-before passed
3-tiny-commit-after passed
3-tiny-commit-before passed
3-tiny-lifecycle-after passed
3-tiny-lifecycle-before passed
3-medium-capture-after passed
3-medium-capture-before passed
3-medium-commit-after passed
3-medium-commit-before passed
3-medium-lifecycle-after passed
3-medium-lifecycle-before passed
3-large-capture-after passed
3-large-capture-before passed
3-large-commit-after passed
3-large-commit-before passed
3-large-lifecycle-after passed
3-large-lifecycle-before passed
3-vendor-capture-after passed
3-vendor-capture-before passed
3-vendor-commit-after passed
3-vendor-commit-before passed
3-vendor-lifecycle-after passed
3-vendor-lifecycle-before passed
3-unicode-vendor-capture-after passed
3-unicode-vendor-capture-before passed
3-unicode-vendor-commit-after passed
3-unicode-vendor-commit-before passed
3-unicode-vendor-lifecycle-after passed
3-unicode-vendor-lifecycle-before passed
4-tiny-capture-after passed
4-tiny-capture-before passed
4-tiny-commit-after passed
4-tiny-commit-before passed
4-tiny-lifecycle-after passed
4-tiny-lifecycle-before passed
4-medium-capture-after passed
4-medium-capture-before passed
4-medium-commit-after passed
4-medium-commit-before passed
4-medium-lifecycle-after passed
4-medium-lifecycle-before passed
4-large-capture-after passed
4-large-capture-before passed
4-large-commit-after passed
4-large-commit-before passed
4-large-lifecycle-after passed
4-large-lifecycle-before passed
4-vendor-capture-after passed
4-vendor-capture-before passed
4-vendor-commit-after passed
4-vendor-commit-before passed
4-vendor-lifecycle-after passed
4-vendor-lifecycle-before passed
4-unicode-vendor-capture-after passed
4-unicode-vendor-capture-before passed
4-unicode-vendor-commit-after passed
4-unicode-vendor-commit-before passed
4-unicode-vendor-lifecycle-after passed
4-unicode-vendor-lifecycle-before passed
5-tiny-capture-before passed
5-tiny-capture-after passed
5-tiny-commit-before passed
5-tiny-commit-after passed
5-tiny-lifecycle-before passed
5-tiny-lifecycle-after passed
5-medium-capture-before passed
5-medium-capture-after passed
5-medium-commit-before passed
5-medium-commit-after passed
5-medium-lifecycle-before passed
5-medium-lifecycle-after passed
5-large-capture-before passed
5-large-capture-after passed
5-large-commit-before passed
5-large-commit-after passed
5-large-lifecycle-before passed
5-large-lifecycle-after passed
5-vendor-capture-before passed
5-vendor-capture-after passed
5-vendor-commit-before passed
5-vendor-commit-after passed
5-vendor-lifecycle-before passed
5-vendor-lifecycle-after passed
5-unicode-vendor-capture-before passed
5-unicode-vendor-capture-after passed
5-unicode-vendor-commit-before passed
5-unicode-vendor-commit-after passed
5-unicode-vendor-lifecycle-before passed
5-unicode-vendor-lifecycle-after passed
