	Command being timed: "/home/zhuhe/litchi-goal-0550-target/retained/baseline/alloc --case xlsx_source_backed_cell_values_one_percent_edit_save --xlsx-cell-crud-shape noncompact --warmup 3 --samples 30 --json /home/zhuhe/code/litchi/docs/performance/results/change-0550/baseline/alloc-r1-noncompact-c1.json --corpus-manifest /home/zhuhe/code/litchi/docs/performance/results/change-0550/baseline/alloc-r1-noncompact-c1.catalog.json"
	User time (seconds): 2.49
	System time (seconds): 0.29
	Percent of CPU this job got: 99%
	Elapsed (wall clock) time (h:mm:ss or m:ss): 0:02.79
	Average shared text size (kbytes): 0
	Average unshared data size (kbytes): 0
	Average stack size (kbytes): 0
	Average total size (kbytes): 0
	Maximum resident set size (kbytes): 69992
	Average resident set size (kbytes): 0
	Major (requiring I/O) page faults: 0
	Minor (reclaiming a frame) page faults: 201174
	Voluntary context switches: 35
	Involuntary context switches: 83
	Swaps: 0
	File system inputs: 0
	File system outputs: 280
	Socket messages sent: 0
	Socket messages received: 0
	Signals delivered: 0
	Page size (bytes): 4096
	Exit status: 0
