	Command being timed: "/home/zhuhe/litchi-goal-0550-target/retained/baseline/normal --case xlsx_source_backed_cell_values_one_percent_edit_save --xlsx-cell-crud-shape medium --warmup 3 --samples 30 --json /home/zhuhe/code/litchi/docs/performance/results/change-0550/baseline/native-r1-medium-c1.json --corpus-manifest /home/zhuhe/code/litchi/docs/performance/results/change-0550/baseline/native-r1-medium-c1.catalog.json"
	User time (seconds): 2.10
	System time (seconds): 0.39
	Percent of CPU this job got: 100%
	Elapsed (wall clock) time (h:mm:ss or m:ss): 0:02.49
	Average shared text size (kbytes): 0
	Average unshared data size (kbytes): 0
	Average stack size (kbytes): 0
	Average total size (kbytes): 0
	Maximum resident set size (kbytes): 69580
	Average resident set size (kbytes): 0
	Major (requiring I/O) page faults: 0
	Minor (reclaiming a frame) page faults: 356406
	Voluntary context switches: 30
	Involuntary context switches: 76
	Swaps: 0
	File system inputs: 0
	File system outputs: 192
	Socket messages sent: 0
	Socket messages received: 0
	Signals delivered: 0
	Page size (bytes): 4096
	Exit status: 0
