	Command being timed: "/home/zhuhe/litchi-goal-0550-target/retained/baseline/normal --case xlsx_source_backed_cell_values_one_edit_save --xlsx-cell-crud-shape dense-sparse --warmup 0 --samples 1 --json /home/zhuhe/code/litchi/docs/performance/results/change-0550/baseline/preflight-r1-dense-sparse-c0.json --corpus-manifest /home/zhuhe/code/litchi/docs/performance/results/change-0550/baseline/preflight-r1-dense-sparse-c0.catalog.json"
	User time (seconds): 0.88
	System time (seconds): 0.17
	Percent of CPU this job got: 99%
	Elapsed (wall clock) time (h:mm:ss or m:ss): 0:01.06
	Average shared text size (kbytes): 0
	Average unshared data size (kbytes): 0
	Average stack size (kbytes): 0
	Average total size (kbytes): 0
	Maximum resident set size (kbytes): 87692
	Average resident set size (kbytes): 0
	Major (requiring I/O) page faults: 0
	Minor (reclaiming a frame) page faults: 60050
	Voluntary context switches: 40
	Involuntary context switches: 71
	Swaps: 0
	File system inputs: 0
	File system outputs: 64
	Socket messages sent: 0
	Socket messages received: 0
	Signals delivered: 0
	Page size (bytes): 4096
	Exit status: 0
