==2489452== Callgrind, a call-graph generating cache profiler
==2489452== Copyright (C) 2002-2017, and GNU GPL'd, by Josef Weidendorfer et al.
==2489452== Using Valgrind-3.26.0 and LibVEX; rerun with -h for copyright info
==2489452== Command: /home/zhuhe/litchi-goal-0550-target/retained/baseline/normal --case xlsx_source_backed_cell_values_one_percent_edit_save --xlsx-cell-crud-shape dense-sparse --warmup 0 --samples 1 --json /home/zhuhe/code/litchi/docs/performance/results/change-0550/baseline/profile-r2-dense-sparse-c0.json --corpus-manifest /home/zhuhe/code/litchi/docs/performance/results/change-0550/baseline/profile-r2-dense-sparse-c0.catalog.json
==2489452== 
==2489452== For interactive control, run 'callgrind_control --vgdb-prefix=/home/zhuhe/litchi-goal-0550-target/tmp/vgdb -h'.
==2489452== brk segment overflow in thread #1: can't grow to 0x7978000
==2489452== (see section Limitations in user manual)
==2489452== NOTE: further instances of this message will not be shown
==2489452== 
==2489452== Events    : Ir
==2489452== Collected : 702042723
==2489452== 
==2489452== I   refs:      702,042,723
	Command being timed: "valgrind --vgdb=no --vgdb-prefix=/home/zhuhe/litchi-goal-0550-target/tmp/vgdb --tool=callgrind --collect-atstart=no --toggle-collect=litchi_xlsx::cell_values::source::MultiSourceEdit::commit --zero-before=litchi_xlsx::cell_values::source::MultiSourceEdit::commit --dump-after=litchi_xlsx::cell_values::source::MultiSourceEdit::commit --callgrind-out-file=/home/zhuhe/code/litchi/docs/performance/results/change-0550/baseline/profile-r2-dense-sparse-c0.callgrind /home/zhuhe/litchi-goal-0550-target/retained/baseline/normal --case xlsx_source_backed_cell_values_one_percent_edit_save --xlsx-cell-crud-shape dense-sparse --warmup 0 --samples 1 --json /home/zhuhe/code/litchi/docs/performance/results/change-0550/baseline/profile-r2-dense-sparse-c0.json --corpus-manifest /home/zhuhe/code/litchi/docs/performance/results/change-0550/baseline/profile-r2-dense-sparse-c0.catalog.json"
	User time (seconds): 47.64
	System time (seconds): 0.23
	Percent of CPU this job got: 99%
	Elapsed (wall clock) time (h:mm:ss or m:ss): 0:47.88
	Average shared text size (kbytes): 0
	Average unshared data size (kbytes): 0
	Average stack size (kbytes): 0
	Average total size (kbytes): 0
	Maximum resident set size (kbytes): 183536
	Average resident set size (kbytes): 0
	Major (requiring I/O) page faults: 0
	Minor (reclaiming a frame) page faults: 95564
	Voluntary context switches: 26
	Involuntary context switches: 489
	Swaps: 0
	File system inputs: 0
	File system outputs: 472
	Socket messages sent: 0
	Socket messages received: 0
	Signals delivered: 0
	Page size (bytes): 4096
	Exit status: 0
