
/home/zhuhe/litchi-goal-0548-target/retained/candidate/normal:     file format elf64-x86-64


Disassembly of section .text:

0000000002837d90 <_ZN4core3ptr57drop_in_place$LT$litchi_cfb..file..SectorChainScratch$GT$17h707769b8d68086e6E>:
 2837d90:	53                   	push   %rbx
 2837d91:	48 89 fb             	mov    %rdi,%rbx
 2837d94:	48 8b 37             	mov    (%rdi),%rsi
 2837d97:	48 85 f6             	test   %rsi,%rsi
 2837d9a:	74 13                	je     2837daf <_ZN4core3ptr57drop_in_place$LT$litchi_cfb..file..SectorChainScratch$GT$17h707769b8d68086e6E+0x1f>
 2837d9c:	48 8b 7b 08          	mov    0x8(%rbx),%rdi
 2837da0:	48 c1 e6 02          	shl    $0x2,%rsi
 2837da4:	ba 04 00 00 00       	mov    $0x4,%edx
 2837da9:	ff 15 11 59 88 00    	call   *0x885911(%rip)        # 30bd6c0 <_DYNAMIC+0x248>
 2837daf:	48 8b 73 18          	mov    0x18(%rbx),%rsi
 2837db3:	48 85 f6             	test   %rsi,%rsi
 2837db6:	74 14                	je     2837dcc <_ZN4core3ptr57drop_in_place$LT$litchi_cfb..file..SectorChainScratch$GT$17h707769b8d68086e6E+0x3c>
 2837db8:	48 8b 7b 20          	mov    0x20(%rbx),%rdi
 2837dbc:	48 c1 e6 03          	shl    $0x3,%rsi
 2837dc0:	ba 08 00 00 00       	mov    $0x8,%edx
 2837dc5:	5b                   	pop    %rbx
 2837dc6:	ff 25 f4 58 88 00    	jmp    *0x8858f4(%rip)        # 30bd6c0 <_DYNAMIC+0x248>
 2837dcc:	5b                   	pop    %rbx
 2837dcd:	c3                   	ret

Disassembly of section .init:

Disassembly of section .fini:

Disassembly of section .plt:
