
/home/zhuhe/litchi-goal-0548-target/retained/candidate/normal:     file format elf64-x86-64


Disassembly of section .text:

0000000001fd79d0 <_ZN4core3ptr57drop_in_place$LT$litchi_cfb..file..SectorChainScratch$GT$17hf57b5842bcd2d7fdE>:
 1fd79d0:	53                   	push   %rbx
 1fd79d1:	48 89 fb             	mov    %rdi,%rbx
 1fd79d4:	48 8b 37             	mov    (%rdi),%rsi
 1fd79d7:	48 85 f6             	test   %rsi,%rsi
 1fd79da:	74 13                	je     1fd79ef <_ZN4core3ptr57drop_in_place$LT$litchi_cfb..file..SectorChainScratch$GT$17hf57b5842bcd2d7fdE+0x1f>
 1fd79dc:	48 8b 7b 08          	mov    0x8(%rbx),%rdi
 1fd79e0:	48 c1 e6 02          	shl    $0x2,%rsi
 1fd79e4:	ba 04 00 00 00       	mov    $0x4,%edx
 1fd79e9:	ff 15 d1 5c 0e 01    	call   *0x10e5cd1(%rip)        # 30bd6c0 <_DYNAMIC+0x248>
 1fd79ef:	48 8b 73 18          	mov    0x18(%rbx),%rsi
 1fd79f3:	48 85 f6             	test   %rsi,%rsi
 1fd79f6:	74 14                	je     1fd7a0c <_ZN4core3ptr57drop_in_place$LT$litchi_cfb..file..SectorChainScratch$GT$17hf57b5842bcd2d7fdE+0x3c>
 1fd79f8:	48 8b 7b 20          	mov    0x20(%rbx),%rdi
 1fd79fc:	48 c1 e6 03          	shl    $0x3,%rsi
 1fd7a00:	ba 08 00 00 00       	mov    $0x8,%edx
 1fd7a05:	5b                   	pop    %rbx
 1fd7a06:	ff 25 b4 5c 0e 01    	jmp    *0x10e5cb4(%rip)        # 30bd6c0 <_DYNAMIC+0x248>
 1fd7a0c:	5b                   	pop    %rbx
 1fd7a0d:	c3                   	ret

Disassembly of section .init:

Disassembly of section .fini:

Disassembly of section .plt:
