one-real a2 0
one-control a2 0
one-generated a2 0
one-notes-poi a2 0
one-notes-lo a2 0
noop-real a2 0
noop-control a2 0
noop-generated a2 0
noop-notes-poi a2 0
noop-notes-lo a2 0
two-real a2 0
two-control a2 0
two-generated a2 0
two-generated b0 0
two-control b0 0
two-real b0 0
noop-notes-lo b0 0
noop-notes-poi b0 0
noop-generated b0 0
noop-control b0 0
noop-real b0 0
one-notes-lo b0 0
one-notes-poi b0 0
one-generated b0 0
one-control b0 0
one-real b0 0
one-real b1 0
one-control b1 0
one-generated b1 0
one-notes-poi b1 0
one-notes-lo b1 0
noop-real b1 0
noop-control b1 0
noop-generated b1 0
noop-notes-poi b1 0
noop-notes-lo b1 0
two-real b1 0
two-control b1 0
two-generated b1 0
two-generated a3 0
two-control a3 0
two-real a3 0
noop-notes-lo a3 0
noop-notes-poi a3 0
noop-generated a3 0
noop-control a3 0
noop-real a3 0
one-notes-lo a3 0
one-notes-poi a3 0
one-generated a3 0
one-control a3 0
one-real a3 0
one-real allocations captured
one-control allocations captured
one-generated allocations captured
one-notes-poi allocations captured
one-notes-lo allocations captured
noop-real allocations captured
noop-control allocations captured
noop-generated allocations captured
noop-notes-poi allocations captured
noop-notes-lo allocations captured
two-real allocations captured
two-control allocations captured
two-generated allocations captured
a2 0
b0 0
b1 0
a3 0
record 0
self-symbols 0
inclusive-symbols 0
counters-10 0
counters-210 0
rss 0
