LITCHI0692_PART profile=candidate stage=process_part uri=/ppt/presentation.xml visible_ptr=0x5a52560f7eb0 visible_len=2357 arc_struct_ptr=0x5a52560fc410 arc_bytes_ptr=0x5a52560f7eb0 arc_len=2357 alias=true
LITCHI0692_CODEC call=0 profile=candidate stage=prefix:real:capture input_ptr=0x5a52560f7eb0 input_len=2357 output_ptr=0x5a5256143ce0 output_len=2801 mode=owned status=ok
LITCHI0692_MODEL profile=candidate stage=capture_begin parts=58
LITCHI0692_PART profile=candidate stage=process_part uri=/ppt/presentation.xml visible_ptr=0x5a52560f7eb0 visible_len=2357 arc_struct_ptr=0x5a52560fc410 arc_bytes_ptr=0x5a52560f7eb0 arc_len=2357 alias=true
LITCHI0692_CODEC call=1 profile=candidate stage=prefix:real:capture input_ptr=0x5a52560f7eb0 input_len=2357 output_ptr=0x5a5256143ce0 output_len=2801 mode=owned status=ok
LITCHI0692_PART profile=candidate stage=process_part uri=/ppt/presentation.xml visible_ptr=0x5a52560f7eb0 visible_len=2357 arc_struct_ptr=0x5a52560fc410 arc_bytes_ptr=0x5a52560f7eb0 arc_len=2357 alias=true
LITCHI0692_CODEC call=2 profile=candidate stage=prefix:real:capture input_ptr=0x5a52560f7eb0 input_len=2357 output_ptr=0x5a5256143ce0 output_len=2801 mode=owned status=ok
LITCHI0692_PART profile=candidate stage=process_part uri=/ppt/presentation.xml visible_ptr=0x5a52560f7eb0 visible_len=2357 arc_struct_ptr=0x5a52560fc410 arc_bytes_ptr=0x5a52560f7eb0 arc_len=2357 alias=true
LITCHI0692_CODEC call=3 profile=candidate stage=prefix:real:capture input_ptr=0x5a52560f7eb0 input_len=2357 output_ptr=0x5a5256143ce0 output_len=2801 mode=owned status=ok
LITCHI0692_PART profile=candidate stage=process_part uri=/ppt/slides/slide1.xml visible_ptr=0x5a52561be250 visible_len=2589 arc_struct_ptr=0x5a52560fb470 arc_bytes_ptr=0x5a52561be250 arc_len=2589 alias=true
LITCHI0692_CODEC call=4 profile=candidate stage=prefix:real:capture input_ptr=0x5a52561be250 input_len=2589 output_ptr=0x5a52560dd240 output_len=2737 mode=owned status=ok
LITCHI0692_PART profile=candidate stage=process_part uri=/ppt/slides/slide2.xml visible_ptr=0x5a52561b9fd0 visible_len=17006 arc_struct_ptr=0x5a52560fb370 arc_bytes_ptr=0x5a52561b9fd0 arc_len=17006 alias=true
LITCHI0692_CODEC call=5 profile=candidate stage=prefix:real:capture input_ptr=0x5a52561b9fd0 input_len=17006 output_ptr=0x5a5256118b70 output_len=19418 mode=owned status=ok
LITCHI0692_PART profile=candidate stage=process_part uri=/ppt/slides/slide3.xml visible_ptr=0x5a52561b24b0 visible_len=3038 arc_struct_ptr=0x5a52560fbca0 arc_bytes_ptr=0x5a52561b24b0 arc_len=3038 alias=true
LITCHI0692_CODEC call=6 profile=candidate stage=prefix:real:capture input_ptr=0x5a52561b24b0 input_len=3038 output_ptr=0x5a52560d9440 output_len=3237 mode=owned status=ok
LITCHI0692_PART profile=candidate stage=process_part uri=/ppt/slides/slide4.xml visible_ptr=0x5a52561aaaf0 visible_len=31153 arc_struct_ptr=0x5a52560fbaa0 arc_bytes_ptr=0x5a52561aaaf0 arc_len=31153 alias=true
LITCHI0692_CODEC call=7 profile=candidate stage=prefix:real:capture input_ptr=0x5a52561aaaf0 input_len=31153 output_ptr=0x5a52560fefa0 output_len=35854 mode=owned status=ok
LITCHI0692_PART profile=candidate stage=process_part uri=/ppt/slides/slide5.xml visible_ptr=0x5a52561a28c0 visible_len=17833 arc_struct_ptr=0x5a52560fbd20 arc_bytes_ptr=0x5a52561a28c0 arc_len=17833 alias=true
LITCHI0692_CODEC call=8 profile=candidate stage=prefix:real:capture input_ptr=0x5a52561a28c0 input_len=17833 output_ptr=0x5a52560fefa0 output_len=20569 mode=owned status=ok
LITCHI0692_PART profile=candidate stage=process_part uri=/ppt/slides/slide6.xml visible_ptr=0x5a52561a1cd0 visible_len=3037 arc_struct_ptr=0x5a52560fd0a0 arc_bytes_ptr=0x5a52561a1cd0 arc_len=3037 alias=true
LITCHI0692_CODEC call=9 profile=candidate stage=prefix:real:capture input_ptr=0x5a52561a1cd0 input_len=3037 output_ptr=0x5a52560d9440 output_len=3236 mode=owned status=ok
LITCHI0692_PART profile=candidate stage=process_part uri=/ppt/slides/slide7.xml visible_ptr=0x5a52561b30a0 visible_len=28449 arc_struct_ptr=0x5a52560fee90 arc_bytes_ptr=0x5a52561b30a0 arc_len=28449 alias=true
LITCHI0692_CODEC call=10 profile=candidate stage=prefix:real:capture input_ptr=0x5a52561b30a0 input_len=28449 output_ptr=0x5a52560fefa0 output_len=32716 mode=owned status=ok
LITCHI0692_PART profile=candidate stage=process_part uri=/ppt/slides/slide8.xml visible_ptr=0x5a52561a6e80 visible_len=2674 arc_struct_ptr=0x5a52560fbda0 arc_bytes_ptr=0x5a52561a6e80 arc_len=2674 alias=true
LITCHI0692_CODEC call=11 profile=candidate stage=prefix:real:capture input_ptr=0x5a52561a6e80 input_len=2674 output_ptr=0x5a52560d9440 output_len=2842 mode=owned status=ok
LITCHI0692_PART profile=candidate stage=process_part uri=/ppt/slides/slide9.xml visible_ptr=0x5a52561aa070 visible_len=2676 arc_struct_ptr=0x5a52560fbc20 arc_bytes_ptr=0x5a52561aa070 arc_len=2676 alias=true
LITCHI0692_CODEC call=12 profile=candidate stage=prefix:real:capture input_ptr=0x5a52561aa070 input_len=2676 output_ptr=0x5a52560d9440 output_len=2844 mode=owned status=ok
LITCHI0692_PART profile=candidate stage=process_part uri=/ppt/slides/slide10.xml visible_ptr=0x5a52561a7900 visible_len=3037 arc_struct_ptr=0x5a52560fed70 arc_bytes_ptr=0x5a52561a7900 arc_len=3037 alias=true
LITCHI0692_CODEC call=13 profile=candidate stage=prefix:real:capture input_ptr=0x5a52561a7900 input_len=3037 output_ptr=0x5a52560d9440 output_len=3236 mode=owned status=ok
LITCHI0692_PART profile=candidate stage=process_part uri=/ppt/slides/slide11.xml visible_ptr=0x5a52561bec80 visible_len=121498 arc_struct_ptr=0x5a52560fdc90 arc_bytes_ptr=0x5a52561bec80 arc_len=121498 alias=true
LITCHI0692_CODEC call=14 profile=candidate stage=prefix:real:capture input_ptr=0x5a52561bec80 input_len=121498 output_ptr=0x7f41f15c4010 output_len=141788 mode=owned status=ok
LITCHI0692_PART profile=candidate stage=process_part uri=/ppt/slides/slide12.xml visible_ptr=0x5a525619aad0 visible_len=29160 arc_struct_ptr=0x5a52560fc1a0 arc_bytes_ptr=0x5a525619aad0 arc_len=29160 alias=true
LITCHI0692_CODEC call=15 profile=candidate stage=prefix:real:capture input_ptr=0x5a525619aad0 input_len=29160 output_ptr=0x5a52560fefa0 output_len=33731 mode=owned status=ok
LITCHI0692_PART profile=candidate stage=process_part uri=/ppt/slides/slide13.xml visible_ptr=0x5a52561a84f0 visible_len=7028 arc_struct_ptr=0x5a52560feef0 arc_bytes_ptr=0x5a52561a84f0 arc_len=7028 alias=true
LITCHI0692_CODEC call=16 profile=candidate stage=prefix:real:capture input_ptr=0x5a52561a84f0 input_len=7028 output_ptr=0x5a52560d3630 output_len=7850 mode=owned status=ok
LITCHI0692_CODEC call=17 profile=candidate stage=prefix:real:capture input_ptr=0x5a52560f7eb0 input_len=2357 output_ptr=0x5a52560d9440 output_len=2801 mode=owned status=ok
LITCHI0692_CODEC call=18 profile=candidate stage=prefix:real:capture input_ptr=0x5a52560f7eb0 input_len=2357 output_ptr=0x5a52560d9440 output_len=2801 mode=owned status=ok
LITCHI0692_CODEC call=19 profile=candidate stage=prefix:real:capture input_ptr=0x5a52561be250 input_len=2589 output_ptr=0x5a52560e0560 output_len=2737 mode=owned status=ok
LITCHI0692_CODEC call=20 profile=candidate stage=prefix:real:capture input_ptr=0x5a52561b9fd0 input_len=17006 output_ptr=0x5a5256118b70 output_len=19418 mode=owned status=ok
LITCHI0692_CODEC call=21 profile=candidate stage=prefix:real:capture input_ptr=0x5a52561b24b0 input_len=3038 output_ptr=0x5a52560d3630 output_len=3237 mode=owned status=ok
LITCHI0692_CODEC call=22 profile=candidate stage=prefix:real:capture input_ptr=0x5a52561aaaf0 input_len=31153 output_ptr=0x5a52560fefa0 output_len=35854 mode=owned status=ok
LITCHI0692_CODEC call=23 profile=candidate stage=prefix:real:capture input_ptr=0x5a52561a28c0 input_len=17833 output_ptr=0x5a52560fefa0 output_len=20569 mode=owned status=ok
LITCHI0692_CODEC call=24 profile=candidate stage=prefix:real:capture input_ptr=0x5a52561a1cd0 input_len=3037 output_ptr=0x5a52560d3630 output_len=3236 mode=owned status=ok
LITCHI0692_CODEC call=25 profile=candidate stage=prefix:real:capture input_ptr=0x5a52561b30a0 input_len=28449 output_ptr=0x5a52560fefa0 output_len=32716 mode=owned status=ok
LITCHI0692_CODEC call=26 profile=candidate stage=prefix:real:capture input_ptr=0x5a52561a6e80 input_len=2674 output_ptr=0x5a52560d3630 output_len=2842 mode=owned status=ok
LITCHI0692_CODEC call=27 profile=candidate stage=prefix:real:capture input_ptr=0x5a52561aa070 input_len=2676 output_ptr=0x5a52560d3630 output_len=2844 mode=owned status=ok
LITCHI0692_CODEC call=28 profile=candidate stage=prefix:real:capture input_ptr=0x5a52561a7900 input_len=3037 output_ptr=0x5a52560d3630 output_len=3236 mode=owned status=ok
LITCHI0692_CODEC call=29 profile=candidate stage=prefix:real:capture input_ptr=0x5a52561bec80 input_len=121498 output_ptr=0x5a52561dc730 output_len=141788 mode=owned status=ok
LITCHI0692_CODEC call=30 profile=candidate stage=prefix:real:capture input_ptr=0x5a525619aad0 input_len=29160 output_ptr=0x5a52560fefa0 output_len=33731 mode=owned status=ok
LITCHI0692_CODEC call=31 profile=candidate stage=prefix:real:capture input_ptr=0x5a52561a84f0 input_len=7028 output_ptr=0x5a52560d3630 output_len=7850 mode=owned status=ok
LITCHI0692_MODEL profile=candidate stage=capture_success parts=58 slides=13
