	Command being timed: "/tmp/litchi-goal-0469/control --workers 1 --warmup 5 --samples 100 --json /home/zhuhe/code/litchi/docs/performance/results/change-0469/review-A1/report.json --corpus-manifest /home/zhuhe/code/litchi/docs/performance/results/change-0469/review-A1/corpus-catalog.json --case cfb_read_one,cfb_shared_concurrent_reads,opc_mutated_save,xls_fresh_write_to --shape few-large --writer-shape large"
	User time (seconds): 7.65
	System time (seconds): 0.36
	Percent of CPU this job got: 99%
	Elapsed (wall clock) time (h:mm:ss or m:ss): 0:08.02
	Average shared text size (kbytes): 0
	Average unshared data size (kbytes): 0
	Average stack size (kbytes): 0
	Average total size (kbytes): 0
	Maximum resident set size (kbytes): 142512
	Average resident set size (kbytes): 0
	Major (requiring I/O) page faults: 0
	Minor (reclaiming a frame) page faults: 483463
	Voluntary context switches: 461
	Involuntary context switches: 394
	Swaps: 0
	File system inputs: 0
	File system outputs: 8704
	Socket messages sent: 0
	Socket messages received: 0
	Signals delivered: 0
	Page size (bytes): 4096
	Exit status: 0
