{
  "schema": "litchi-cfb.perf-chain-guard.v1",
  "case": "latercycle",
  "declared_chain_sectors": 16384,
  "sector_size": 512,
  "stream_start_sector": 0,
  "stream_bytes": 8388608,
  "fat_entry_count": 16640,
  "input_sha256": "fbe396a107b20e5bc8ab1ca503a397be2cb8d91fcb5571f6dbb9171d2de5804c",
  "expected_error": "Cycle detected in regular stream chain at sector 8192",
  "observed_error": "Cycle detected in regular stream chain at sector 8192",
  "warmup_iterations": 20,
  "sample_count": 200,
  "timed_operation": "OleFile::open(Cursor<&[u8]>)",
  "cleanup_inside_timing": false,
  "input_clone_outside_timing": true,
  "allocation_counters": {"available": false, "reason": "not instrumented by this public example"},
  "oracle": {
    "expected_error_exact": true,
    "valid_stream_content_checked": false,
    "valid_reopen_checked": true,
    "all_samples_match": true
  },
  "samples_ns": [25610, 25691, 25620, 25600, 25610, 25640, 25660, 25600, 25600, 25630, 31501, 25680, 25570, 25620, 25570, 25610, 25640, 25680, 25680, 25601, 25790, 25620, 25650, 25640, 25610, 25570, 25630, 25650, 25651, 25640, 25650, 25610, 25630, 25640, 25640, 25710, 25620, 25611, 25710, 25610, 25610, 25620, 25690, 25670, 25570, 25641, 25570, 25620, 32490, 25670, 25660, 25670, 25670, 25640, 25631, 25620, 25620, 25630, 25620, 25570, 25670, 25640, 25650, 25711, 25630, 25700, 25590, 25590, 25620, 25600, 25630, 25620, 25651, 25640, 25620, 25610, 25600, 25630, 25590, 25580, 25640, 25601, 25630, 25630, 25620, 25650, 25690, 31480, 25760, 25600, 25581, 25630, 25600, 25590, 25620, 25590, 25640, 25620, 25610, 25621, 25590, 25610, 25590, 25570, 25570, 28200, 25820, 25650, 25661, 25630, 25630, 25570, 25660, 25610, 25580, 25620, 25640, 25611, 25610, 25630, 25540, 25650, 25650, 25580, 25640, 25650, 31011, 25650, 25610, 25550, 25590, 25570, 25540, 25560, 25560, 25631, 25570, 25590, 25560, 25580, 25600, 25600, 25590, 25560, 25590, 25581, 25570, 25520, 25600, 25540, 25590, 25600, 25570, 25550, 25591, 25610, 25590, 25580, 25600, 25560, 25610, 25620, 25530, 25561, 25550, 30760, 25610, 25600, 25570, 25570, 25580, 25570, 25581, 25610, 25540, 25580, 25540, 25590, 25530, 25530, 25601, 25580, 25590, 25550, 25530, 25590, 25590, 25590, 25570, 25541, 25530, 25600, 25620, 25540, 25580, 25590, 25580, 25570, 25581, 25610]
}
