   Compiling proc-macro2 v1.0.106
   Compiling unicode-ident v1.0.22
   Compiling quote v1.0.44
    Checking cfg-if v1.0.4
    Checking zeroize v1.9.0
    Checking typenum v1.20.1
   Compiling syn v2.0.114
   Compiling libc v0.2.189
    Checking memchr v2.8.3
   Compiling libm v0.2.16
    Checking smallvec v1.16.0
   Compiling autocfg v1.5.1
   Compiling num-traits v0.2.19
    Checking quick-xml v0.41.0
   Compiling zerocopy v0.8.56
   Compiling serde_core v1.0.229
    Checking hybrid-array v0.4.14
   Compiling zerocopy-derive v0.8.56
    Checking crypto-common v0.2.2
    Checking block-buffer v0.12.1
   Compiling crossbeam-utils v0.8.22
   Compiling version_check v0.9.5
   Compiling crossbeam-epoch v0.9.20
   Compiling crossbeam-deque v0.8.7
    Checking either v1.18.0
    Checking cmov v0.5.4
   Compiling rayon-core v1.13.0
    Checking fast-float2 v0.2.4
    Checking once_cell v1.21.4
    Checking ctutils v0.4.2
    Checking cpufeatures v0.3.1
    Checking const-oid v0.10.2
   Compiling thiserror v2.0.18
    Checking digest v0.11.3
   Compiling thiserror-impl v2.0.18
   Compiling syn v3.0.4
   Compiling serde v1.0.229
   Compiling zmij v1.0.19
    Checking rand_core v0.10.1
   Compiling getrandom v0.4.3
    Checking rayon v1.12.0
   Compiling serde_derive v1.0.229
   Compiling serde_json v1.0.149
    Checking base64 v0.22.1
    Checking chacha20 v0.10.2
    Checking itoa v1.0.18
    Checking iana-time-zone v0.1.65
    Checking rand v0.10.2
    Checking sha2 v0.11.0
    Checking chrono v0.4.45
    Checking simd-adler32 v0.3.10
   Compiling crc32fast v1.5.1
    Checking adler2 v2.0.1
    Checking litchi-core v0.0.1 (/home/zhuhe/code/litchi-worktrees/0777-xml-attribute-integration/crates/litchi-core)
    Checking subtle v2.6.1
    Checking miniz_oxide v0.9.1
    Checking fixedbitset v0.5.7
    Checking zlib-rs v0.6.7
    Checking litchi-cfb v0.0.1 (/home/zhuhe/code/litchi-worktrees/0777-xml-attribute-integration/crates/litchi-cfb)
    Checking flate2 v1.1.10
   Compiling generic-array v0.14.9
    Checking const-oid v0.9.6
    Checking bitflags v2.13.1
    Checking num-integer v0.1.47
    Checking getrandom v0.2.17
    Checking rand_core v0.6.4
    Checking block-buffer v0.10.4
    Checking crypto-common v0.1.6
    Checking base64ct v1.6.0
    Checking pem-rfc7468 v0.7.0
    Checking digest v0.10.7
   Compiling der_derive v0.7.3
   Compiling xml-minifier-macros v0.1.0 (/home/zhuhe/code/litchi-worktrees/0777-xml-attribute-integration/crates/xml-minifier-macros)
    Checking xml-minifier v0.1.0 (/home/zhuhe/code/litchi-worktrees/0777-xml-attribute-integration/crates/xml-minifier)
    Checking flagset v0.4.7
    Checking der v0.7.10
    Checking spin v0.9.9
    Checking lazy_static v1.5.0
    Checking ff v0.13.1
    Checking cpufeatures v0.2.17
   Compiling rustversion v1.0.23
    Checking base16ct v0.2.0
    Checking group v0.13.0
    Checking crypto-bigint v0.5.5
    Checking spki v0.7.3
    Checking pkcs8 v0.10.2
    Checking sec1 v0.7.3
    Checking ppv-lite86 v0.2.21
    Checking rand_chacha v0.3.1
    Checking elliptic-curve v0.13.8
    Checking sha2 v0.10.9
    Checking hmac v0.12.1
    Checking signature v2.2.0
    Checking debug_unsafe v0.1.4
   Compiling num-bigint-dig v0.8.6
    Checking atoi_simd v0.18.1
    Checking rfc6979 v0.4.0
    Checking rand v0.8.8
    Checking num-iter v0.1.46
    Checking ecdsa v0.16.9
    Checking primeorder v0.13.6
    Checking pkcs1 v0.7.5
    Checking sha1 v0.10.7
    Checking p256 v0.13.2
    Checking x509-cert v0.2.5
    Checking rsa v0.9.10
    Checking soapberry-zip v0.0.1 (/home/zhuhe/code/litchi-worktrees/0777-xml-attribute-integration/crates/soapberry-zip)
   Compiling getrandom v0.3.4
   Compiling rustix v1.1.4
    Checking litchi-sign v0.0.1 (/home/zhuhe/code/litchi-worktrees/0777-xml-attribute-integration/crates/litchi-sign)
    Checking linux-raw-sys v0.12.1
    Checking fastrand v2.5.0
    Checking encoding_rs v0.8.35
    Checking tempfile v3.27.0
    Checking litchi-codepage v0.0.1 (/home/zhuhe/code/litchi-worktrees/0777-xml-attribute-integration/crates/litchi-codepage)
    Checking litchi-opc v0.0.1 (/home/zhuhe/code/litchi-worktrees/0777-xml-attribute-integration/crates/litchi-opc)
    Checking litchi-ole-common v0.0.1 (/home/zhuhe/code/litchi-worktrees/0777-xml-attribute-integration/crates/litchi-ole-common)
   Compiling synstructure v0.13.2
    Checking tinyvec_macros v0.1.1
    Checking tinyvec v1.12.0
   Compiling zerofrom-derive v0.1.6
   Compiling yoke-derive v0.7.5
    Checking stable_deref_trait v1.2.1
    Checking block-padding v0.4.2
    Checking zerofrom v0.1.4
   Compiling zerovec-derive v0.10.4
    Checking yoke v0.7.4
    Checking inout v0.2.2
   Compiling displaydoc v0.2.6
    Checking cipher v0.5.2
    Checking zerovec v0.10.4
    Checking writeable v0.5.5
    Checking litemap v0.7.3
   Compiling icu_locid_transform_data v1.5.1
   Compiling icu_provider_macros v1.5.0
    Checking tinystr v0.7.6
    Checking icu_locid v1.5.0
   Compiling icu_properties_data v1.5.1
    Checking cpubits v0.1.1
    Checking aes v0.9.3
    Checking icu_provider v1.5.0
    Checking cbc v0.2.1
    Checking rc4 v0.2.0
    Checking hmac v0.13.0
    Checking sha1 v0.11.0
    Checking md-5 v0.11.0
   Compiling icu_normalizer_data v1.5.1
    Checking icu_locid_transform v1.5.0
    Checking icu_collections v1.5.0
    Checking litchi-crypto v0.0.1 (/home/zhuhe/code/litchi-worktrees/0777-xml-attribute-integration/crates/litchi-crypto)
    Checking icu_properties v1.5.1
    Checking utf16_iter v1.0.5
    Checking utf8_iter v1.0.4
    Checking write16 v1.0.0
    Checking percent-encoding v2.3.2
    Checking form_urlencoded v1.2.2
    Checking litchi-vba v0.0.1 (/home/zhuhe/code/litchi-worktrees/0777-xml-attribute-integration/crates/litchi-vba)
    Checking icu_normalizer v1.5.0
    Checking idna_adapter v1.2.0
    Checking idna v1.1.0
    Checking ryu v1.0.22
    Checking url v2.5.8
    Checking unicode-normalization v0.1.25
    Checking log v0.4.29
    Checking caseless v0.2.2
    Checking litchi-ooxml-common v0.0.1 (/home/zhuhe/code/litchi-worktrees/0777-xml-attribute-integration/crates/litchi-ooxml-common)
    Checking bytemuck v1.25.2
   Compiling pkg-config v0.3.34
   Compiling semver v1.0.28
   Compiling rustc_version v0.4.1
   Compiling find-msvc-tools v0.1.11
   Compiling shlex v2.0.1
   Compiling cc v1.4.4
   Compiling pathfinder_simd v0.5.6
   Compiling proc-macro2-diagnostics v0.10.1
   Compiling freetype-sys v0.20.1
   Compiling yeslogic-fontconfig-sys v6.0.1
   Compiling yansi v1.0.1
    Checking litchi-drawingml v0.0.1 (/home/zhuhe/code/litchi-worktrees/0777-xml-attribute-integration/crates/litchi-drawingml)
    Checking libloading v0.8.8
   Compiling unicode-joining-type v1.0.0
    Checking alloc-no-stdlib v2.0.4
    Checking option-ext v0.2.0
   Compiling heck v0.4.1
    Checking byteorder v1.5.0
   Compiling unicode-canonical-combining-class v1.0.0
   Compiling unicode-general-category v1.1.0
   Compiling ouroboros_macro v0.18.5
    Checking dirs-sys v0.5.0
    Checking alloc-stdlib v0.2.4
    Checking dlib v0.5.3
    Checking pathfinder_geometry v0.5.1
   Compiling enumflags2_derive v0.7.12
    Checking aliasable v0.1.3
    Checking static_assertions v1.1.0
   Compiling font-kit v0.14.3
    Checking same-file v1.0.6
    Checking walkdir v2.5.0
    Checking ouroboros v0.18.5
    Checking enumflags2 v0.7.12
    Checking brotli-decompressor v5.0.3
    Checking dirs v6.0.0
    Checking itertools v0.14.0
    Checking bitreader v0.3.11
    Checking rustc-hash v2.1.3
    Checking float-ord v0.3.2
    Checking glyph-names v0.2.0
    Checking ucd-trie v0.1.7
    Checking roaring v0.11.1
    Checking allsorts v0.17.0
    Checking litchi-spreadsheet-drawing v0.0.1 (/home/zhuhe/code/litchi-worktrees/0777-xml-attribute-integration/crates/litchi-spreadsheet-drawing)
    Checking litchi-sheet v0.0.1 (/home/zhuhe/code/litchi-worktrees/0777-xml-attribute-integration/crates/litchi-sheet)
    Checking litchi-xldm v0.0.1 (/home/zhuhe/code/litchi-worktrees/0777-xml-attribute-integration/crates/litchi-xldm)
    Checking litchi-xlsx v0.0.1 (/home/zhuhe/code/litchi-worktrees/0777-xml-attribute-integration/crates/litchi-xlsx)
    Checking litchi-fonts v0.0.1 (/home/zhuhe/code/litchi-worktrees/0777-xml-attribute-integration/crates/litchi-fonts)
    Checking litchi-pptx v0.0.1 (/home/zhuhe/code/litchi-worktrees/0777-xml-attribute-integration/crates/litchi-pptx)
    Checking siphasher v1.0.3
    Checking litchi-docx v0.0.1 (/home/zhuhe/code/litchi-worktrees/0777-xml-attribute-integration/crates/litchi-docx)
    Checking bumpalo v3.20.3
   Compiling phf_shared v0.14.0
   Compiling phf_generator v0.14.0
   Compiling phf_macros v0.14.0
    Checking countme v3.0.1
    Checking hashbrown v0.14.5
    Checking text-size v1.1.1
    Checking rustc-hash v1.1.0
    Checking rowan v0.16.1
    Checking phf v0.14.0
    Checking litchi-odraw v0.0.1 (/home/zhuhe/code/litchi-worktrees/0777-xml-attribute-integration/crates/litchi-odraw)
    Checking litchi-formula v0.0.1 (/home/zhuhe/code/litchi-worktrees/0777-xml-attribute-integration/crates/litchi-formula)
    Checking litchi-biff v0.0.1 (/home/zhuhe/code/litchi-worktrees/0777-xml-attribute-integration/crates/litchi-biff)
    Checking litchi-ograph v0.0.1 (/home/zhuhe/code/litchi-worktrees/0777-xml-attribute-integration/crates/litchi-ograph)
    Checking litchi-ppt v0.0.1 (/home/zhuhe/code/litchi-worktrees/0777-xml-attribute-integration/crates/litchi-ppt)
    Checking litchi-xlsb v0.0.1 (/home/zhuhe/code/litchi-worktrees/0777-xml-attribute-integration/crates/litchi-xlsb)
    Checking arrayvec v0.7.8
   Compiling anyhow v1.0.104
    Checking num-bigint v0.4.8
    Checking miniz_oxide v0.8.9
   Compiling slotmap v1.1.1
    Checking core_maths v0.1.1
   Compiling thiserror v1.0.69
   Compiling built v0.7.6
    Checking float-cmp v0.9.0
    Checking aligned-vec v0.5.0
   Compiling paste v1.0.15
    Checking minimal-lexical v0.2.1
    Checking nom v7.1.3
    Checking v_frame v0.3.8
    Checking strict-num v0.1.1
   Compiling rav1e v0.7.1
    Checking ttf-parser v0.25.1
    Checking num-rational v0.4.2
    Checking fdeflate v0.3.7
   Compiling thiserror-impl v1.0.69
   Compiling profiling-procmacros v1.0.18
    Checking quick-error v2.0.1
    Checking weezl v0.1.12
    Checking roxmltree v0.20.0
    Checking arrayref v0.3.9
    Checking bitflags v1.3.2
    Checking png v0.17.16
    Checking fontconfig-parser v0.5.8
    Checking tiny-skia-path v0.11.4
    Checking profiling v1.0.18
    Checking av1-grain v0.2.4
    Checking kurbo v0.11.3
    Checking rgb v0.8.53
    Checking maybe-rayon v0.1.1
    Checking itertools v0.12.1
   Compiling arg_enum_proc_macro v0.3.4
   Compiling num-derive v0.4.2
   Compiling simd_helpers v0.1.0
    Checking imgref v1.12.3
    Checking zune-core v0.4.12
    Checking unicode-script v0.5.8
    Checking bitstream-io v2.3.0
    Checking new_debug_unreachable v1.0.6
    Checking unicode-bidi-mirroring v0.4.0
    Checking unicode-ccc v0.4.0
    Checking unicode-properties v0.1.4
    Checking byteorder-lite v0.1.0
   Compiling noop_proc_macro v0.3.0
    Checking color_quant v1.1.0
    Checking gif v0.13.3
    Checking image-webp v0.2.0
    Checking rustybuzz v0.20.1
    Checking zune-jpeg v0.4.21
    Checking loop9 v0.1.5
    Checking svgtypes v0.15.3
    Checking fontdb v0.23.0
    Checking avif-serialize v0.8.4
    Checking simplecss v0.2.2
    Checking zune-inflate v0.2.54
    Checking half v2.4.1
    Checking xmlwriter v0.1.0
    Checking unicode-bidi v0.3.18
    Checking unicode-vo v0.1.0
    Checking imagesize v0.13.0
    Checking pico-args v0.5.0
    Checking jpeg-decoder v0.3.2
    Checking data-url v0.3.2
    Checking bit_field v0.10.3
    Checking lebe v0.5.2
    Checking exr v1.74.0
    Checking tiff v0.9.1
    Checking usvg v0.45.1
    Checking ravif v0.11.20
    Checking tiny-skia v0.11.4
    Checking qoi v0.4.1
    Checking hashbrown v0.16.1
    Checking equivalent v1.0.2
    Checking resvg v0.45.1
    Checking indexmap v2.11.4
    Checking image v0.25.6
    Checking zopfli v0.8.3
    Checking bytes v1.12.1
    Checking typed-path v0.12.3
    Checking zip v8.6.0
    Checking litchi-imgconv v0.0.1 (/home/zhuhe/code/litchi-worktrees/0777-xml-attribute-integration/crates/litchi-imgconv)
    Finished `dev` profile [unoptimized] target(s) in 1m 25s
