	Command being timed: "/home/zhuhe/.cache/litchi-goal-0500/target/release/examples/managed_paragraph_batch_perf --paragraphs 512 --replacements 32 --source owned --mode repeated --samples 1 --warmups 0 --repeats 1 --output /home/zhuhe/code/litchi/docs/performance/results/change-0500/pilot-large-before.csv --artifact-dir /home/zhuhe/.cache/litchi-goal-0500/pilot-large-before"
	User time (seconds): 0.04
	System time (seconds): 0.00
	Percent of CPU this job got: 97%
	Elapsed (wall clock) time (h:mm:ss or m:ss): 0:00.04
	Average shared text size (kbytes): 0
	Average unshared data size (kbytes): 0
	Average stack size (kbytes): 0
	Average total size (kbytes): 0
	Maximum resident set size (kbytes): 7344
	Average resident set size (kbytes): 0
	Major (requiring I/O) page faults: 0
	Minor (reclaiming a frame) page faults: 1233
	Voluntary context switches: 1
	Involuntary context switches: 1
	Swaps: 0
	File system inputs: 0
	File system outputs: 1096
	Socket messages sent: 0
	Socket messages received: 0
	Signals delivered: 0
	Page size (bytes): 4096
	Exit status: 0
