    Checking litchi-core v0.0.1 (/home/zhuhe/code/litchi/crates/litchi-core)
   Compiling xml-minifier-macros v0.1.0 (/home/zhuhe/code/litchi/crates/xml-minifier-macros)
    Checking xml-minifier v0.1.0 (/home/zhuhe/code/litchi/crates/xml-minifier)
    Checking soapberry-zip v0.0.1 (/home/zhuhe/code/litchi/crates/soapberry-zip)
    Checking litchi-cfb v0.0.1 (/home/zhuhe/code/litchi/crates/litchi-cfb)
    Checking litchi-fonts v0.0.1 (/home/zhuhe/code/litchi/crates/litchi-fonts)
    Checking litchi-ole-common v0.0.1 (/home/zhuhe/code/litchi/crates/litchi-ole-common)
    Checking litchi-sign v0.0.1 (/home/zhuhe/code/litchi/crates/litchi-sign)
    Checking litchi-opc v0.0.1 (/home/zhuhe/code/litchi/crates/litchi-opc)
    Checking litchi-crypto v0.0.1 (/home/zhuhe/code/litchi/crates/litchi-crypto)
    Checking litchi-vba v0.0.1 (/home/zhuhe/code/litchi/crates/litchi-vba)
    Checking litchi-sheet v0.0.1 (/home/zhuhe/code/litchi/crates/litchi-sheet)
    Checking litchi-ooxml-common v0.0.1 (/home/zhuhe/code/litchi/crates/litchi-ooxml-common)
 Documenting litchi-ooxml-common v0.0.1 (/home/zhuhe/code/litchi/crates/litchi-ooxml-common)
    Checking litchi-drawingml v0.0.1 (/home/zhuhe/code/litchi/crates/litchi-drawingml)
 Documenting litchi-drawingml v0.0.1 (/home/zhuhe/code/litchi/crates/litchi-drawingml)
    Checking litchi-spreadsheet-drawing v0.0.1 (/home/zhuhe/code/litchi/crates/litchi-spreadsheet-drawing)
 Documenting litchi-docx v0.0.1 (/home/zhuhe/code/litchi/crates/litchi-docx)
 Documenting litchi-xlsb v0.0.1 (/home/zhuhe/code/litchi/crates/litchi-xlsb)
 Documenting litchi-xlsx v0.0.1 (/home/zhuhe/code/litchi/crates/litchi-xlsx)
 Documenting litchi-pptx v0.0.1 (/home/zhuhe/code/litchi/crates/litchi-pptx)
    Finished `dev` profile [unoptimized + debuginfo] target(s) in 11.14s
   Generated /home/zhuhe/litchi-goal-0531-target/doc/litchi_docx/index.html and 5 other files
