{
  "schema": "litchi.xlsx.planning-refusal-guard.v1",
  "tool": "xlsx_planning_guard",
  "case": "late-raw",
  "shape": "dense-sparse",
  "warmup_iterations": 5,
  "samples": 30,
  "source": {
    "generator": "litchi-xlsx-planning-refusal-guard-fixed-grid-v1",
    "shape": "dense-sparse",
    "rows": 128,
    "columns": 128,
    "archive_bytes": 451161,
    "worksheet_bytes": 449347,
    "source_sha256": "cdfc8588a6cb419fb8a2f673ad4f72a65628ffcc93881c7d84835e8b7179750b",
    "worksheet_sha256": "01dffe32b8a666a8d78c42803b52d8dad454855f23af376da0b9ba27d2617ef7",
    "worksheet_member": "xl/worksheets/sheet1.xml",
    "compression": "stored",
    "fixture_kind": "raw_zip_input_no_opc_authored_xml_validation"
  },
  "source_sha256": "cdfc8588a6cb419fb8a2f673ad4f72a65628ffcc93881c7d84835e8b7179750b",
  "logical_error": {
    "status": "expected_failure",
    "variant": "Invalid",
    "message": "invalid worksheet boolean 'maybe'"
  },
  "phase": {
    "name": "edit_sheets",
    "sample_order": [
      0,
      1,
      2,
      3,
      4,
      5,
      6,
      7,
      8,
      9,
      10,
      11,
      12,
      13,
      14,
      15,
      16,
      17,
      18,
      19,
      20,
      21,
      22,
      23,
      24,
      25,
      26,
      27,
      28,
      29
    ],
    "duration_ns": [
      12271994,
      12278093,
      12294824,
      12273194,
      12301444,
      12285523,
      12259483,
      12274214,
      12422245,
      12278364,
      12253004,
      12272464,
      12377184,
      12676955,
      12579855,
      12582555,
      12593285,
      12652475,
      12583565,
      12573005,
      12579325,
      12565645,
      12590445,
      12539465,
      12500904,
      12544205,
      12479644,
      12489054,
      12531695,
      12639895
    ],
    "allocation_metrics": [
      {
        "status": "unavailable",
        "scope": "operation_global_system_allocator"
      },
      {
        "status": "unavailable",
        "scope": "operation_global_system_allocator"
      },
      {
        "status": "unavailable",
        "scope": "operation_global_system_allocator"
      },
      {
        "status": "unavailable",
        "scope": "operation_global_system_allocator"
      },
      {
        "status": "unavailable",
        "scope": "operation_global_system_allocator"
      },
      {
        "status": "unavailable",
        "scope": "operation_global_system_allocator"
      },
      {
        "status": "unavailable",
        "scope": "operation_global_system_allocator"
      },
      {
        "status": "unavailable",
        "scope": "operation_global_system_allocator"
      },
      {
        "status": "unavailable",
        "scope": "operation_global_system_allocator"
      },
      {
        "status": "unavailable",
        "scope": "operation_global_system_allocator"
      },
      {
        "status": "unavailable",
        "scope": "operation_global_system_allocator"
      },
      {
        "status": "unavailable",
        "scope": "operation_global_system_allocator"
      },
      {
        "status": "unavailable",
        "scope": "operation_global_system_allocator"
      },
      {
        "status": "unavailable",
        "scope": "operation_global_system_allocator"
      },
      {
        "status": "unavailable",
        "scope": "operation_global_system_allocator"
      },
      {
        "status": "unavailable",
        "scope": "operation_global_system_allocator"
      },
      {
        "status": "unavailable",
        "scope": "operation_global_system_allocator"
      },
      {
        "status": "unavailable",
        "scope": "operation_global_system_allocator"
      },
      {
        "status": "unavailable",
        "scope": "operation_global_system_allocator"
      },
      {
        "status": "unavailable",
        "scope": "operation_global_system_allocator"
      },
      {
        "status": "unavailable",
        "scope": "operation_global_system_allocator"
      },
      {
        "status": "unavailable",
        "scope": "operation_global_system_allocator"
      },
      {
        "status": "unavailable",
        "scope": "operation_global_system_allocator"
      },
      {
        "status": "unavailable",
        "scope": "operation_global_system_allocator"
      },
      {
        "status": "unavailable",
        "scope": "operation_global_system_allocator"
      },
      {
        "status": "unavailable",
        "scope": "operation_global_system_allocator"
      },
      {
        "status": "unavailable",
        "scope": "operation_global_system_allocator"
      },
      {
        "status": "unavailable",
        "scope": "operation_global_system_allocator"
      },
      {
        "status": "unavailable",
        "scope": "operation_global_system_allocator"
      },
      {
        "status": "unavailable",
        "scope": "operation_global_system_allocator"
      }
    ],
    "samples": [
      {
        "order": 0,
        "duration_ns": 12271994,
        "allocation_metrics": {
          "status": "unavailable",
          "scope": "operation_global_system_allocator"
        }
      },
      {
        "order": 1,
        "duration_ns": 12278093,
        "allocation_metrics": {
          "status": "unavailable",
          "scope": "operation_global_system_allocator"
        }
      },
      {
        "order": 2,
        "duration_ns": 12294824,
        "allocation_metrics": {
          "status": "unavailable",
          "scope": "operation_global_system_allocator"
        }
      },
      {
        "order": 3,
        "duration_ns": 12273194,
        "allocation_metrics": {
          "status": "unavailable",
          "scope": "operation_global_system_allocator"
        }
      },
      {
        "order": 4,
        "duration_ns": 12301444,
        "allocation_metrics": {
          "status": "unavailable",
          "scope": "operation_global_system_allocator"
        }
      },
      {
        "order": 5,
        "duration_ns": 12285523,
        "allocation_metrics": {
          "status": "unavailable",
          "scope": "operation_global_system_allocator"
        }
      },
      {
        "order": 6,
        "duration_ns": 12259483,
        "allocation_metrics": {
          "status": "unavailable",
          "scope": "operation_global_system_allocator"
        }
      },
      {
        "order": 7,
        "duration_ns": 12274214,
        "allocation_metrics": {
          "status": "unavailable",
          "scope": "operation_global_system_allocator"
        }
      },
      {
        "order": 8,
        "duration_ns": 12422245,
        "allocation_metrics": {
          "status": "unavailable",
          "scope": "operation_global_system_allocator"
        }
      },
      {
        "order": 9,
        "duration_ns": 12278364,
        "allocation_metrics": {
          "status": "unavailable",
          "scope": "operation_global_system_allocator"
        }
      },
      {
        "order": 10,
        "duration_ns": 12253004,
        "allocation_metrics": {
          "status": "unavailable",
          "scope": "operation_global_system_allocator"
        }
      },
      {
        "order": 11,
        "duration_ns": 12272464,
        "allocation_metrics": {
          "status": "unavailable",
          "scope": "operation_global_system_allocator"
        }
      },
      {
        "order": 12,
        "duration_ns": 12377184,
        "allocation_metrics": {
          "status": "unavailable",
          "scope": "operation_global_system_allocator"
        }
      },
      {
        "order": 13,
        "duration_ns": 12676955,
        "allocation_metrics": {
          "status": "unavailable",
          "scope": "operation_global_system_allocator"
        }
      },
      {
        "order": 14,
        "duration_ns": 12579855,
        "allocation_metrics": {
          "status": "unavailable",
          "scope": "operation_global_system_allocator"
        }
      },
      {
        "order": 15,
        "duration_ns": 12582555,
        "allocation_metrics": {
          "status": "unavailable",
          "scope": "operation_global_system_allocator"
        }
      },
      {
        "order": 16,
        "duration_ns": 12593285,
        "allocation_metrics": {
          "status": "unavailable",
          "scope": "operation_global_system_allocator"
        }
      },
      {
        "order": 17,
        "duration_ns": 12652475,
        "allocation_metrics": {
          "status": "unavailable",
          "scope": "operation_global_system_allocator"
        }
      },
      {
        "order": 18,
        "duration_ns": 12583565,
        "allocation_metrics": {
          "status": "unavailable",
          "scope": "operation_global_system_allocator"
        }
      },
      {
        "order": 19,
        "duration_ns": 12573005,
        "allocation_metrics": {
          "status": "unavailable",
          "scope": "operation_global_system_allocator"
        }
      },
      {
        "order": 20,
        "duration_ns": 12579325,
        "allocation_metrics": {
          "status": "unavailable",
          "scope": "operation_global_system_allocator"
        }
      },
      {
        "order": 21,
        "duration_ns": 12565645,
        "allocation_metrics": {
          "status": "unavailable",
          "scope": "operation_global_system_allocator"
        }
      },
      {
        "order": 22,
        "duration_ns": 12590445,
        "allocation_metrics": {
          "status": "unavailable",
          "scope": "operation_global_system_allocator"
        }
      },
      {
        "order": 23,
        "duration_ns": 12539465,
        "allocation_metrics": {
          "status": "unavailable",
          "scope": "operation_global_system_allocator"
        }
      },
      {
        "order": 24,
        "duration_ns": 12500904,
        "allocation_metrics": {
          "status": "unavailable",
          "scope": "operation_global_system_allocator"
        }
      },
      {
        "order": 25,
        "duration_ns": 12544205,
        "allocation_metrics": {
          "status": "unavailable",
          "scope": "operation_global_system_allocator"
        }
      },
      {
        "order": 26,
        "duration_ns": 12479644,
        "allocation_metrics": {
          "status": "unavailable",
          "scope": "operation_global_system_allocator"
        }
      },
      {
        "order": 27,
        "duration_ns": 12489054,
        "allocation_metrics": {
          "status": "unavailable",
          "scope": "operation_global_system_allocator"
        }
      },
      {
        "order": 28,
        "duration_ns": 12531695,
        "allocation_metrics": {
          "status": "unavailable",
          "scope": "operation_global_system_allocator"
        }
      },
      {
        "order": 29,
        "duration_ns": 12639895,
        "allocation_metrics": {
          "status": "unavailable",
          "scope": "operation_global_system_allocator"
        }
      }
    ]
  },
  "correctness": {
    "source_unchanged": true,
    "retry_preserved_error": true,
    "valid_snapshot_values": false,
    "empty_commit_is_noop": false,
    "expected_error_exact": true,
    "commit_outside_timing": false
  },
  "binary": {
    "path": "/home/zhuhe/litchi-goal-0543-target/retained-binaries/candidate-guard-normal",
    "sha256": "e4b863cb5687a6d3f7b5d6e9201c4eee85f010becc8d0258833ffbcee9a249e6",
    "bytes": 7342256
  },
  "runner": {
    "git_revision": "9c0b36a82e5bd96373510674a4744cc531f554ae",
    "git_dirty": true,
    "rustc_vv": "rustc 1.95.0 (59807616e 2026-04-14)\nbinary: rustc\ncommit-hash: 59807616e1fa2540724bfbac14d7976d7e4a3860\ncommit-date: 2026-04-14\nhost: x86_64-unknown-linux-gnu\nrelease: 1.95.0\nLLVM version: 22.1.2",
    "os": "linux",
    "arch": "x86_64",
    "profile": "release"
  },
  "allocation_scope": "operation_global_system_allocator",
  "allocator": "Rust system allocator",
  "instrumentation": "none",
  "counter_revision": null,
  "timing_scope": "source_open_and_fixture_and_selector_setup_excluded; edit_sheets_result_retained_until_clock_and_allocation_end; inspection_commit_and_drop_excluded",
  "performance_claim": "none: correctness and planning diagnostic only; no speedup claim"
}
