
Elf file type is DYN (Position-Independent Executable file)
Entry point 0xbc4840
There are 12 program headers, starting at offset 64

Program Headers:
  Type           Offset   VirtAddr           PhysAddr           FileSiz  MemSiz   Flg Align
  PHDR           0x000040 0x0000000000000040 0x0000000000000040 0x0002a0 0x0002a0 R   0x8
  INTERP         0x0002e0 0x00000000000002e0 0x00000000000002e0 0x00001c 0x00001c R   0x1
      [Requesting program interpreter: /lib64/ld-linux-x86-64.so.2]
  LOAD           0x000000 0x0000000000000000 0x0000000000000000 0xbc3840 0xbc3840 R   0x1000
  LOAD           0xbc3840 0x0000000000bc4840 0x0000000000bc4840 0x2a360a0 0x2a360a0 R E 0x1000
  LOAD           0x35f98e0 0x00000000035fb8e0 0x00000000035fb8e0 0x085210 0x085720 RW  0x1000
  LOAD           0x367eaf0 0x0000000003681af0 0x0000000003681af0 0x000bc8 0x000db4 RW  0x1000
  TLS            0x35f98e0 0x00000000035fb8e0 0x00000000035fb8e0 0x000050 0x0000f0 R   0x8
  DYNAMIC        0x366eb80 0x0000000003670b80 0x0000000003670b80 0x0001e0 0x0001e0 RW  0x8
  GNU_RELRO      0x35f98e0 0x00000000035fb8e0 0x00000000035fb8e0 0x085210 0x085720 R   0x1
  GNU_EH_FRAME   0x88f190 0x000000000088f190 0x000000000088f190 0x06c15c 0x06c15c R   0x4
  GNU_STACK      0x000000 0x0000000000000000 0x0000000000000000 0x000000 0x000000 RW  0
  NOTE           0x0002fc 0x00000000000002fc 0x00000000000002fc 0x000044 0x000044 R   0x4

 Section to Segment mapping:
  Segment Sections...
   00     
   01     .interp 
   02     .interp .note.ABI-tag .note.gnu.build-id .dynsym .gnu.version .gnu.version_r .gnu.hash .dynstr .rela.dyn .rela.plt .rodata .gcc_except_table .eh_frame_hdr .eh_frame 
   03     .text .init .fini .plt 
   04     .tdata .fini_array .init_array .data.rel.ro .dynamic .got .got.plt .relro_padding 
   05     .tm_clone_table .data .bss 
   06     .tdata .tbss 
   07     .dynamic 
   08     .tdata .fini_array .init_array .data.rel.ro .dynamic .got .got.plt .relro_padding 
   09     .eh_frame_hdr 
   10     
   11     .note.ABI-tag .note.gnu.build-id 
