	Command being timed: "/tmp/litchi-goal-0455/formal-candidate-normal provider-lifecycle --corpus media-rich --provider range --samples 30 --warmup 3 --source-revision cf35acf048b33b9e0fdfc87ba032749da3a3bcc8 --output /home/zhuhe/code/litchi/docs/performance/results/change-0455/formal/runs/7/report.json --max-range 65536 --delay-us 200 --transfer-bytes-per-second 26214400 --transfer-delay-policy separate-sleeps"
	User time (seconds): 5.54
	System time (seconds): 0.31
	Percent of CPU this job got: 9%
	Elapsed (wall clock) time (h:mm:ss or m:ss): 1:00.44
	Average shared text size (kbytes): 0
	Average unshared data size (kbytes): 0
	Average stack size (kbytes): 0
	Average total size (kbytes): 0
	Maximum resident set size (kbytes): 802304
	Average resident set size (kbytes): 0
	Major (requiring I/O) page faults: 0
	Minor (reclaiming a frame) page faults: 383768
	Voluntary context switches: 79201
	Involuntary context switches: 21
	Swaps: 0
	File system inputs: 0
	File system outputs: 3600
	Socket messages sent: 0
	Socket messages received: 0
	Signals delivered: 0
	Page size (bytes): 4096
	Exit status: 0
