   Compiling litchi-xlsx-commit-guard v0.1.0 (/home/zhuhe/code/litchi/docs/performance/results/change-0514/guard-probe)
    Finished `release` profile [optimized] target(s) in 1.30s
	Command being timed: "cargo build --release --locked --offline --manifest-path /home/zhuhe/code/litchi/docs/performance/results/change-0514/guard-probe/Cargo.toml --bin litchi-xlsx-commit-guard --features allocator-metrics"
	User time (seconds): 2.14
	System time (seconds): 0.20
	Percent of CPU this job got: 176%
	Elapsed (wall clock) time (h:mm:ss or m:ss): 0:01.32
	Average shared text size (kbytes): 0
	Average unshared data size (kbytes): 0
	Average stack size (kbytes): 0
	Average total size (kbytes): 0
	Maximum resident set size (kbytes): 273256
	Average resident set size (kbytes): 0
	Major (requiring I/O) page faults: 0
	Minor (reclaiming a frame) page faults: 79616
	Voluntary context switches: 3464
	Involuntary context switches: 12
	Swaps: 0
	File system inputs: 0
	File system outputs: 184
	Socket messages sent: 0
	Socket messages received: 0
	Signals delivered: 0
	Page size (bytes): 4096
	Exit status: 0
