TRACE query sheet=0 row=0 column=0
TRACE call route=worksheet-scan line=2265
TRACE chain table=FAT from=0 to=2 links=2
TRACE call route=sst-entry line=4336
TRACE chain table=FAT from=0 to=2 links=2
TRACE query sheet=0 row=0 column=0
TRACE call route=worksheet-scan line=2265
TRACE chain table=FAT from=0 to=2 links=2
TRACE call route=sst-entry line=4336
TRACE chain table=FAT from=0 to=2 links=2
TRACE call route=worksheet-checkpoint-build line=3020
TRACE chain table=FAT from=2 to=3 links=1
TRACE query sheet=0 row=0 column=0
TRACE call route=worksheet-replay line=3621
TRACE chain table=FAT from=3 to=3 links=0
TRACE call route=sst-entry line=4336
TRACE chain table=FAT from=2 to=2 links=0
TRACE query sheet=0 row=0 column=0
TRACE call route=worksheet-replay line=3621
TRACE chain table=FAT from=3 to=3 links=0
TRACE call route=sst-entry line=4336
TRACE chain table=FAT from=2 to=2 links=0
TRACE query sheet=0 row=0 column=0
TRACE call route=worksheet-scan line=2265
TRACE chain table=FAT from=0 to=2 links=2
TRACE call route=sst-entry line=4336
TRACE chain table=FAT from=0 to=2 links=2
TRACE query sheet=0 row=0 column=0
TRACE call route=worksheet-scan line=2265
TRACE chain table=FAT from=0 to=2 links=2
TRACE call route=sst-entry line=4336
TRACE chain table=FAT from=0 to=2 links=2
TRACE call route=worksheet-checkpoint-build line=3020
TRACE chain table=FAT from=2 to=3 links=1
TRACE query sheet=0 row=0 column=0
TRACE call route=worksheet-replay line=3621
TRACE chain table=FAT from=3 to=3 links=0
TRACE call route=sst-entry line=4336
TRACE chain table=FAT from=2 to=2 links=0
TRACE query sheet=0 row=0 column=0
TRACE call route=worksheet-replay line=3621
TRACE chain table=FAT from=3 to=3 links=0
TRACE call route=sst-entry line=4336
TRACE chain table=FAT from=2 to=2 links=0
