==2961619== Callgrind, a call-graph generating cache profiler
==2961619== Copyright (C) 2002-2017, and GNU GPL'd, by Josef Weidendorfer et al.
==2961619== Using Valgrind-3.26.0 and LibVEX; rerun with -h for copyright info
==2961619== Command: /tmp/litchi-goal-0515/target/release/litchi-perf-baseline --case xlsx_one_percent_commit --xlsx-shape dense-wide --samples 3 --warmup 0 --json /home/zhuhe/code/litchi/docs/performance/results/change-0515/compact-r2-report.json --corpus-manifest /home/zhuhe/code/litchi/docs/performance/results/change-0515/compact-r2-catalog.json
==2961619== 
==2961619== For interactive control, run 'callgrind_control -h'.
==2961619== brk segment overflow in thread #1: can't grow to 0x7921000
==2961619== (see section Limitations in user manual)
==2961619== NOTE: further instances of this message will not be shown
==2961619== 
==2961619== Events    : Ir
==2961619== Collected : 2426404144
==2961619== 
==2961619== I   refs:      2,426,404,144
	Command being timed: "taskset -c 2 valgrind --tool=callgrind --collect-atstart=no --toggle-collect=*litchi_xlsx::raw::compact::changed_worksheet --zero-before=*litchi_perf_baseline::run_xlsx_update_commit --callgrind-out-file=/home/zhuhe/code/litchi/docs/performance/results/change-0515/compact-r2.out /tmp/litchi-goal-0515/target/release/litchi-perf-baseline --case xlsx_one_percent_commit --xlsx-shape dense-wide --samples 3 --warmup 0 --json /home/zhuhe/code/litchi/docs/performance/results/change-0515/compact-r2-report.json --corpus-manifest /home/zhuhe/code/litchi/docs/performance/results/change-0515/compact-r2-catalog.json"
	User time (seconds): 65.08
	System time (seconds): 0.24
	Percent of CPU this job got: 99%
	Elapsed (wall clock) time (h:mm:ss or m:ss): 1:05.34
	Average shared text size (kbytes): 0
	Average unshared data size (kbytes): 0
	Average stack size (kbytes): 0
	Average total size (kbytes): 0
	Maximum resident set size (kbytes): 236216
	Average resident set size (kbytes): 0
	Major (requiring I/O) page faults: 2
	Minor (reclaiming a frame) page faults: 107145
	Voluntary context switches: 31
	Involuntary context switches: 738
	Swaps: 0
	File system inputs: 424
	File system outputs: 104
	Socket messages sent: 0
	Socket messages received: 0
	Signals delivered: 0
	Page size (bytes): 4096
	Exit status: 0
