# callgrind format
version: 1
creator: callgrind-3.26.0
pid: 2949840
cmd:  /tmp/litchi-goal-0515/target/release/litchi-perf-baseline --case xlsx_one_percent_commit --xlsx-shape dense-wide --samples 3 --warmup 0 --json /home/zhuhe/code/litchi/docs/performance/results/change-0515/compact-r1-report.json --corpus-manifest /home/zhuhe/code/litchi/docs/performance/results/change-0515/compact-r1-catalog.json
part: 1


desc: I1 cache: 
desc: D1 cache: 
desc: LL cache: 

desc: Timerange: Basic block 0 - 4195282134
desc: Trigger: Program termination

positions: line
events: Ir
summary: 2426404049


ob=(7) /tmp/litchi-goal-0515/target/release/litchi-perf-baseline
fl=(165) ???
fn=(830) __rustc::__rust_alloc
0 1184322
cfn=(832) __rustc::__rdl_alloc
calls=6951597 0 
0 44627579

fn=(1054) alloc::raw_vec::RawVecInner<A>::finish_grow
0 288
cfn=(828) __rustc::__rust_no_alloc_shim_is_unstable_v2
calls=400395 0 
0 12
0 36
cfn=(830)
calls=400395 0 
0 18533
0 26486436
cfn=(880) __rustc::__rust_realloc
calls=367131 0 
0 23494224
0 3102402
cfn=(828)
calls=2537842 0 
0 789546
0 2368638
cfn=(830)
calls=2537842 0 
0 31581816
0 14299800

fn=(878) <alloc::raw_vec::RawVecInner>::finish_grow
0 7583112
cfn=(880)
calls=421420 0 
0 59728516
0 5476692

fn=(1170) quick_xml::name::NamespaceResolver::set_level
0 16547784

fn=(848) litchi_perf_baseline::run
cfn=(2264) litchi_perf_baseline::run_case_with_config
calls=0 0 
0 2426404049

fn=(1118) quick_xml::name::NamespaceResolver::push
0 25215552
cfn=(1120) quick_xml::events::attributes::IterState::next
calls=3414735 0 
0 76069332
0 1579056
cfn=(1120)
calls=1710959 0 
0 12632448
0 15782970
cfn=(1124) quick_xml::name::NamespaceResolver::add
calls=71 0 
0 2942
0 12607812

fn=(1120)
0 169205634
cfn=(1122) quick_xml::events::attributes::IterState::check_for_duplicates
calls=4248991 0 
0 133429278
0 73212630

fn=(1126) quick_xml::name::NamespaceResolver::resolve_prefix
0 75646368

fn=(1180) core::ptr::drop_in_place<quick_xml::reader::ns_reader::NsReader<&[u8]>>
0 48
cfn=(844) __rustc::__rust_dealloc
calls=6 0 
0 879
0 42
cfn=(844)
calls=6 0 
0 1302
0 36
cfn=(844)
calls=6 0 
0 798
0 48
cfn=(844)
calls=6 0 
0 210

fn=(846) __rustc::__rdl_dealloc
0 1184316
cob=(2) /usr/lib/x86_64-linux-gnu/libc.so.6
cfi=(155) ./malloc/./malloc/malloc.c
cfn=(758) free
calls=6951649 3319 
0 39085035

fn=(574) (below main)
cob=(2)
cfi=(166) ./csu/../csu/libc-start.c
cfn=(576) __libc_start_main@@GLIBC_2.34
calls=0 242 
0 2426404049

fn=(1078) quick_xml::reader::Reader<R>::read_event_impl
0 44904570
cfn=(1086) memchr::arch::x86_64::memchr::memchr2_raw::find_avx2
calls=6829400 0 
0 80374686
0 37829616
cfn=(1094) memchr::arch::x86_64::memchr::memchr_raw::find_avx2
calls=44 0 
0 452
0 150
cfn=(1100) quick_xml::reader::state::ReaderState::emit_question_mark
calls=44 0 
0 180
0 66
cfn=(1174) quick_xml::reader::state::ReaderState::emit_text
calls=44 0 
0 48
0 5898252
cfn=(1174)
calls=1703936 0 
0 3145728
0 7483524
cfn=(1110) memchr::arch::x86_64::memchr::memchr3_raw::find_avx2
calls=3414616 0 
0 47279394
0 23639448
cfn=(1110)
calls=3414696 0 
0 47279160
0 10251528
cfn=(1110)
calls=1710878 0 
0 23685840
0 3552876
cfn=(1110)
calls=1710878 0 
0 23686074
0 34301208
cfn=(1172) quick_xml::reader::state::ReaderState::emit_end
calls=3414616 0 
0 72509991
0 12607776
cfn=(1116) quick_xml::reader::state::ReaderState::emit_start
calls=3414696 0 
0 75284006
0 25602624

fn=(1110)
0 63868338
cfn=(1112) memchr::arch::x86_64::avx2::memchr::Three::find_raw
calls=10251278 0 
0 70965648
0 7096482

fn=(1124)
0 138
cob=(2)
cfi=(203) ./string/../sysdeps/x86_64/multiarch/memmove-vec-unaligned-erms.S
cfn=(724) __memcpy_avx_unaligned_erms
calls=53 255 
0 72
0 192
cfn=(1076) alloc::raw_vec::RawVecInner<A>::reserve::do_reserve_and_handle
calls=53 0 
0 2528
0 12

fn=(1076)
0 9905976
cfn=(1054)
calls=367199 0 
0 38168328
0 3301992

fn=(1116)
0 30363288
cfn=(1052) alloc::raw_vec::RawVec<T,A>::grow_one
calls=79 0 
0 2898
0 14971566
cob=(2)
cfi=(203)
cfn=(724)
calls=3414625 255 
0 12610716
0 17331528
cfn=(1076)
calls=123 0 
0 3956
0 54

fn=(1174)
0 3145776

fn=(1476) quick_xml::events::BytesStart::push_attr
0 11053392
cob=(2)
cfi=(203)
cfn=(724)
calls=394764 255 
0 6316230
0 8345880
cob=(2)
cfi=(203)
cfn=(724)
calls=394764 255 
0 6009522
0 1632096
cfn=(1474) <alloc::raw_vec::RawVec<u8>>::grow_one
calls=26520 0 
0 3184324
0 7754292
cfn=(1076)
calls=366846 0 
0 51361781
0 1467384

fn=(2264)
cfn=(2266) litchi_perf_baseline::run_xlsx_update_commit
calls=1 0 
0 2426404049

fn=(880)
0 788166
cfn=(882) __rustc::__rdl_realloc
calls=1204974 0 
0 82434574

fn=(838) std::sys::backtrace::__rust_begin_short_backtrace
cfn=(840) litchi_perf_baseline::main
calls=0 0 
0 2426404049

fn=(1102) quick_xml::reader::ns_reader::NsReader<R>::process_event
0 43718502
cfn=(1118)
calls=3414616 0 
0 143888234
0 32296626
cfn=(1118)
calls=80 0 
0 1878
0 6303924

fn=(1150) quick_xml::name::QName::decompose
0 18911592
cfn=(1094)
calls=1577640 0 
0 61494594
0 18911592

fn=(836) std::rt::lang_start::{{closure}}
cfn=(838)
calls=0 0 
0 2426404049

fn=(1114) memchr::arch::x86_64::avx2::memchr::Three::find_raw_avx2
0 44944278

fn=(1134) <quick_xml::events::attributes::Attributes as core::iter::traits::iterator::Iterator>::next
0 23654880
cfn=(1120)
calls=2365488 0 
0 287145762
0 56799414

fn=(1464) quick_xml::writer::Writer<W>::write_event
0 42133116
cob=(2)
cfi=(203)
cfn=(724)
calls=393216 255 
0 5900484
0 1966080

ob=(2)
fl=(155)
fn=(648) __libc_malloc2
3247 36
+4 12
+28 30
-26 18
cfn=(650) _int_malloc
calls=1344354 3790 
* 18053
+1 30
fi=(154) ./malloc/./malloc/arena.c
151 12
fe=(155)

fn=(726) _int_free_chunk
4351 252
+8 63
-3 63
+3 63
-3 126
+6 126
+6 63
cfn=(728) _int_free_merge_chunk
calls=1753138 +39 
* 6787
+5 126
+27 189

fn=(790) unlink_chunk.isra.0
1592 74
+2 222
-2 74
+2 148
+3 74
+3 148
-2 74
+2 148
+3 74
+1 74
+1 250
+2 48
+1 72
+3 48
+14 24
+1 24
+3 148

fn=(716) realloc
3380 1576332
+7 1576332
-7 7093494
+11 1576332
4837 788166
+1 788166
-1 788166
+1 788166
-1 1576332
+2 2364498
3425 394800
-22 394800
+22 1974000
+4 789600
1288 2368800
3436 789600
fi=(154)
151 1184400
fe=(155)
3469 789600
4840 788166
3411 1576332
+2 1576236
+1 1576236
+36 393366
+51 7093494
-30 1579200
cfn=(720) _int_realloc
calls=811463 4559 
* 18567508
* 394800
+1 1974000
fi=(154)
151 1184400
fe=(155)
3472 789600

fn=(646) malloc
3283 1184322
1269 2368644
+19 1184322
3287 1184322
1288 3158202
3287 1579116
+2 2368656
+2 1579104
+2 7105896
3030 2368632
+4 4737264
+4 1184316
+1 1184316
3294 1184316
-7 789528
+19 6
cfn=(648)
calls=1344354 -59 
* 18191
-17 789528

fn=(650)
3790 162
+32 36
1288 108
3831 36
+16 36
+54 30
+18 9
-1 9
+12 18
-11 18
-1 27
+12 18
-6 9
+5 9
-7 9
+2 18
+9 18
+3 18
-3 342
+3 342
+1 540
-3 180
+5 180
+1 720
+2 720
-10 180
+12 360
+1 360
+2 360
+11 406
+29 180
+1 180
+4 360
+31 360
+8 916
+1 50
+1 50
-1 50
+4 100
-4 129
+1 129
-1 129
+4 258
+5 540
-2 135
+3 270
+6 63
+3 63
+2 42
+33 42
+9 21
-9 84
+1 21
+1 21
+1 21
+1 21
+6 42
-10 318
+9 159
-9 636
+1 159
+1 159
+1 159
+1 159
+6 318
3850 12
+2 12
-2 12
+2 24
+2 9
+1 18
+2 9
+1 9
+1 9
+2 36
+6 27
+1 18
2919 18
3872 27
+4 99
+1 28
+2 22
+2 11
+1 11
+1 22
+2 11
2999 11
+16 11
3886 11
3003 22
+4 44
+1 11
+7 11
+32 29
1888 9
3893 9
1888 18
4340 162
3901 150
-52 72
4105 540
3930 540
4111 36
+13 9
-2 18
+2 12
+3 6
-3 6
+3 12
+1 12
+3 12
+3 87
-2 465
+6 12
+2 6
+1 12
+2 6
+1 12
-1 24
+1 6
cfn=(790)
calls=5411 1592 
* 186
+3 36
+13 6
+1 12
+3 6
-8 6
+8 12
+1 6
+1 6
+1 12
4277 12
+3 48
+2 18
+1 6
1888 6
4286 6
1888 12
4280 16
+2 6
+1 2
1888 2
4286 2
1888 5
4286 1
1888 2
4031 1018
+52 44
-51 44
+51 132
3959 6
+66 2
+1 3
+1 1
-1 1
+1 12
+4 44
+26 342
+3 411
+1 1233
-3 1050
+6 114
+7 77
-1 231
+2 154
+2 77
+1 231
+2 77
+1 154
-1 37
+1 74
-47 513
+36 74
-36 990
4195 3
+1 3
+1 3
-1 3
+1 3
+1 6
+1 9
+5 15
+16 2
+2 4
-4 14
+8 5
+3 10
+2 4
+1 2
+1 2
-2 2
-27 2
+34 6
+3 6
+2 3
+3 6
-3 12
+3 3
cfn=(790)
calls=407825 1592 
* 57
+3 18
+15 2
+1 4
+3 2
-9 2
+9 4
+1 2
+1 2
+3 4
+1 2
+1 4
-23 1
-1 1
+1 2

fn=(720)
4559 1579200
+11 4737600
+8 789600
+2 394800
+1 1184400
+1 1579200
+4 789600
+14 394788
+53 789576
-53 789576
+57 394788
-57 394788
+57 789576
-2 789576
+2 789508
+1 394754
+16 394754
+1 1579016
-1 34
+1 184
-79 96
+12 96
+12 84
cfn=(650)
calls=8392 3790 
* 4229
* 12
+1 24
+3 12
+6 36
+36 34
-4 34
+3 34
+5 34
-4 34
-1 34
+5 34
-4 34
+4 34
-1 34
+1 102
cfn=(726)
calls=400068 4351 
* 3788
* 34
-60 41
-1 82
+5 216
cfn=(790)
calls=5639 1592 
* 828
+44 180
-48 72
+28 12
fi=(214) ./malloc/../string/bits/string_fortified.h
29 12
fe=(155)
4637 12
fi=(214)
29 24
fe=(155)
4638 24
fi=(214)
29 12
cob=(3) ???
cfi=(152) ???
cfn=(722) 0x0000000007945680
calls=8392 -29 
* 212
fe=(155)
4642 72
cfn=(726)
calls=8392 4351 
* 1514
+2 24

fn=(730) _int_free_maybe_trim
4528 693
+3 126
+2 64
+3 96
+14 693

fn=(728)
4407 504
+7 315
-6 63
+9 189
+5 189
+4 126
-1 126
+1 126
1895 189
4433 126
+2 13
+2 13
+1 52
+2 13
-4 13
+4 13
cfn=(790)
calls=1850621 1592 
* 331
+18 126
+6 126
+4 47
+4 126
+9 22
-1 22
+2 44
+2 66
+7 82
+1 164
+1 41
+2 82
+3 246
+4 41
-1 41
+2 41
+1 41
+2 123
+1 41
-61 41
-1 82
+1 246
-1 41
cfn=(730)
calls=258044 +83 
* 984
+57 22
-1 22
+2 22
+1 22
+2 66
+1 22
-61 22
-1 44
+1 132
-1 22
cfn=(730)
calls=1842852 +83 
* 688
+20 16
+1 16
-1 16
cfn=(790)
calls=551076 1592 
* 322
+1 16

fn=(758)
3319 1184316
+3 2368632
+15 2368632
-4 3552948
+8 3552948
+6 3552948
+6 1184316
-3 2368632
+3 1184316
-3 1184316
+1 2368632
+2 3552948
3007 1184299
+8 1184299
-12 1184299
+4 3552897
+1 1184299
+7 1184299
3354 1184299
+10 51
-34 17
+40 34
fi=(154)
151 51
fe=(155)
3374 51
cfn=(726)
calls=2071644 4351 
* 2556

fl=(203)
fn=(724)
255 3941484
+1 3941484
+6 3941484
+1 3941484
+2 30
+1 30
+1 30
+3 19
+1 19
+1 19
+3 38
+30 3941454
+1 3941454
+2 3941442
+1 3941442
+2 3546642
+4 3546642
+1 2788836
+1 2788836
+1 2788836
+1 2788836
+1 34704
+1 34704
+2 34704
+2 34704
-2 2754132
+2 2754132
+6 757806
+1 757806
+1 757806
+1 757806
+1 757806

ob=(7)
fl=(165)
fn=(1464)
0 22455108
cob=(2)
cfi=(203)
cfn=(724)
calls=787980 255 
0 12610716
0 10243968
cob=(2)
cfi=(203)
cfn=(724)
calls=6 255 
0 66
0 72
cob=(2)
cfi=(203)
cfn=(724)
calls=6 255 
0 108
0 54
cfn=(844)
calls=6 0 
0 468
0 138
cob=(2)
cfi=(203)
cfn=(724)
calls=6 255 
0 72
0 14971656
cob=(2)
cfi=(203)
cfn=(724)
calls=787980 255 
0 11423442
0 13793538
cfn=(844)
calls=394758 0 
0 13816530
0 23237034

fn=(1480) litchi_xlsx::raw::web::check::classify_name
0 20487558
cfn=(1150)
calls=1575966 0 
0 99317778
0 12607728
cfn=(1126)
calls=1575966 0 
0 75646368
0 36247218
cob=(2)
cfi=(233) ./string/../sysdeps/x86_64/multiarch/memcmp-avx2-movbe.S
cfn=(900) __memcmp_avx2_movbe
calls=1575966 73 
0 26791422
0 40962996

fn=(606) main
cfn=(608) std::rt::lang_start_internal
calls=0 0 
0 2426404049

fn=(1052)
0 90
cfn=(1054)
calls=26 0 
0 462
0 11842884
cfn=(1054)
calls=2537642 0 
0 63951282
0 7105878
cfn=(1054)
calls=79 0 
0 2610
0 198
cfn=(1054)
calls=53 0 
0 486
0 54

fn=(832)
0 10658898
cob=(2)
cfi=(155)
cfn=(646)
calls=6951585 3283 
0 33968681

fn=(1100)
0 180

fn=(1086)
0 33095538
cfn=(1088) memchr::arch::x86_64::avx2::memchr::Two::find_raw
calls=6829466 0 
0 42551214
0 4727934

fn=(1172)
0 37823040
cob=(2)
cfi=(233)
cfn=(900)
calls=3414625 73 
0 7895631
0 26791320

fn=(1176) core::ptr::drop_in_place<quick_xml::events::Event>
0 24

fn=(1462) litchi_xlsx::raw::compact::changed_worksheet
0 180
cfn=(1074) <quick_xml::name::NamespaceResolver as core::default::Default>::default
calls=6 0 
0 9309
0 7878546
cfn=(1170)
calls=787986 0 
0 16547784
0 3151944
cfn=(1078)
calls=787986 0 
0 315488991
0 3543624
cfn=(1078)
calls=1181208 0 
0 263828206
0 7876776
cfn=(1102)
calls=1969194 0 
0 226209164
0 37408542
cfn=(1464)
calls=6 0 
0 486
0 1572864
cfn=(1464)
calls=393216 0 
0 25561284
0 8663196
cfn=(1466) litchi_xlsx::raw::web::check::Probe::observe
calls=1969188 0 
0 465489606
0 20475234
cfn=(1470) litchi_xlsx::raw::compact::write_start
calls=6 0 
0 9542
0 6303846
cfn=(1094)
calls=787980 0 
0 30747060
0 18128148
cfn=(1134)
calls=1182738 0 
0 183798702
0 16555260
cfn=(908) core::str::converts::from_utf8
calls=787980 0 
0 30092136
0 7879800
cfn=(1464)
calls=787980 0 
0 65405376
0 5518932
cfn=(844)
calls=394758 0 
0 13816530
0 13395624
cfn=(1468) litchi_xlsx::raw::compact::text_bearing
calls=787980 0 
0 12205212
0 2363952
cfn=(1052)
calls=6 0 
0 606
0 7091820
cfn=(1470)
calls=787980 0 
0 606999379
0 2364096
cfn=(1054)
calls=6 0 
0 18563
0 36
cfn=(1176)
calls=6 0 
0 24
0 78
cfn=(844)
calls=6 0 
0 210
0 12
cfn=(1180)
calls=6 0 
0 3363
0 6

fn=(1470)
0 14971734
cfn=(908)
calls=787986 0 
0 29877612
0 26003538
cfn=(1134)
calls=787986 0 
0 161299806
0 1184292
cfn=(1134)
calls=394764 0 
0 22501548
0 9861390
cfn=(1472) quick_xml::events::BytesStart::push_attribute
calls=394764 0 
0 220293357
0 4337778
cfn=(844)
calls=394764 0 
0 13816740
0 12607776
cfn=(1464)
calls=787986 0 
0 81585504
0 8667846

fn=(1472)
0 7500516
cfn=(828)
calls=394764 0 
0 394764
0 1184292
cfn=(830)
calls=394764 0 
0 14211552
0 2763348
cob=(2)
cfi=(203)
cfn=(724)
calls=394764 255 
0 6319260
0 2368584
cfn=(1474)
calls=394764 0 
0 80136096
0 5131932
cfn=(1476)
calls=394764 0 
0 97124901
0 3158112

fn=(828)
0 1184322

fn=(908)
0 94670130

fn=(882)
0 17339652
cob=(2)
cfi=(155)
cfn=(716)
calls=1204974 3380 
0 65094922

fn=(1088)
0 14183814
cfn=(1090) memchr::arch::x86_64::avx2::memchr::Two::find_raw_avx2
calls=6829308 0 
0 25215264
0 3152136

fn=(1094)
0 30731376
cfn=(1096) memchr::arch::x86_64::avx2::memchr::One::find_raw
calls=23451806 0 
0 54418874
0 7091856

fn=(1122)
0 28817580
cfn=(1052)
calls=2537642 0 
0 82899810
0 21711888

fn=(1074)
0 84
cfn=(1052)
calls=53 0 
0 630
0 72
cfn=(1076)
calls=53 0 
0 678
0 420
cfn=(1076)
calls=53 0 
0 2291
0 54
cfn=(1076)
calls=53 0 
0 5062
0 18

fn=(1112)
0 21290160
cfn=(1114)
calls=10251128 0 
0 44944278
0 4731210

fn=(1468)
0 12205212

fn=(840)
cfn=(848)
calls=0 0 
0 2426404049

fn=(608)
cfn=(836)
calls=0 0 
0 2426404049

fn=(844)
0 1184316
cfn=(846)
calls=6951649 0 
0 40269351

fn=(932) core::slice::memchr::memchr_aligned
0 1020

fn=(1098) memchr::arch::x86_64::avx2::memchr::One::find_raw_avx2
0 272

fn=(1090)
0 25215264

fn=(1096)
0 54418590
cfn=(1098)
calls=53 0 
0 272
0 12

fn=(1484) quick_xml::encoding::Decoder::decode_cow
0 5898240
cfn=(908)
calls=1703936 0 
0 34700382
0 5111808

fn=(1268) litchi_xlsx::workbook::edit::semantic::transaction::Edit::commit
cfn=(1462)
calls=6 0 
0 2426404049

fn=(1466)
0 21266310
cfn=(1478) litchi_xlsx::raw::web::check::Probe::observe_start
calls=6 0 
0 2178
0 3939900
cfn=(1478)
calls=787980 0 
0 218062710
0 4727880
cfn=(1480)
calls=787980 0 
0 156029826
0 8269920
cfn=(1482) quick_xml::events::BytesRef::decode
calls=393216 0 
0 46890078
0 6300804

fn=(1474)
0 6319260
cfn=(878)
calls=421292 0 
0 72788320
0 4212840

fn=(1478)
0 37605066
cfn=(932)
calls=6 0 
0 1020
0 3151956
cfn=(1480)
calls=787986 0 
0 156031242
0 9455874

ob=(2)
fl=(203)
fn=(724)
342 12
+1 12
+1 12
+1 12
+2 12
+17 394800
+1 394800
+1 394800
+1 394800
+1 394800
+7 11
+1 11
+1 11
+1 11
+1 11
+1 11
+1 22
+5 11
+1 11
+5 11
+1 11
+2 11
+1 11
+1 11

fl=(166)
fn=(576)
cfi=(168) ./csu/../sysdeps/nptl/libc_start_call_main.h
cfn=(598) (below main)
calls=0 30 
360 2426404049

fl=(168)
fn=(598)
cob=(7)
cfi=(165)
cfn=(606)
calls=0 0 
59 2426404049

fl=(233)
fn=(900)
73 2363946
+7 2363946
+1 2363946
+3 1575966
+1 1575966
+1 1575966
+4 1575966
+1 1575966
+2 1575966
+1 1575966
337 1575966
+1 1575966
+1 1575966
+1 1575966
+1 1575966
+1 3151932

ob=(7)
fl=(165)
fn=(1478)
0 11819730

fn=(1482)
0 1179648
cfn=(1484)
calls=1703936 0 
0 45710430

fn=(2266)
cfn=(1268)
calls=3 0 
0 2426404049

ob=(2)
fl=(233)
fn=(900)
401 787980
+1 787980
+5 1548
+1 1548
+1 1548
+1 1548
+1 1548
+3 1337
+1 1337
+1 1337
+1 1337
+3 1337
+1 1337
+1 1337
+1 2674
+6 211
+1 211
+2 211
+1 211
+2 211
+1 211
+18 786432
+1 786432
+1 786432
+1 786432
+2 786432
+94 211
+1 211
+1 211
+1 211
+1 211
+1 211
+1 211
+1 211
+1 211
+1 211
+2 211
+2 211

ob=(1) /usr/lib/x86_64-linux-gnu/ld-linux-x86-64.so.2
fl=(1) ???
fn=(0) 0x0000000000023cc0
cob=(7)
cfi=(165)
cfn=(574)
calls=0 0 
0 2426404049

ob=(3)
fl=(152)
fn=(722)
0 24
cob=(2)
cfi=(203)
cfn=(724)
calls=8392 255 
0 188

totals: 2426404049
