	Command being timed: "taskset -c 2 /tmp/litchi-goal-0515/target/release/litchi-perf-baseline --case xlsx_one_cell_commit,xlsx_one_percent_commit,xlsx_one_cell_commit_save,xlsx_one_percent_commit_save --xlsx-shape tiny,medium,dense-wide --samples 30 --warmup 3 --json /home/zhuhe/code/litchi/docs/performance/results/change-0515/normal-r1-report.json --corpus-manifest /home/zhuhe/code/litchi/docs/performance/results/change-0515/normal-r1-catalog.json"
	User time (seconds): 35.88
	System time (seconds): 0.21
	Percent of CPU this job got: 99%
	Elapsed (wall clock) time (h:mm:ss or m:ss): 0:36.10
	Average shared text size (kbytes): 0
	Average unshared data size (kbytes): 0
	Average stack size (kbytes): 0
	Average total size (kbytes): 0
	Maximum resident set size (kbytes): 138480
	Average resident set size (kbytes): 0
	Major (requiring I/O) page faults: 0
	Minor (reclaiming a frame) page faults: 71861
	Voluntary context switches: 34
	Involuntary context switches: 505
	Swaps: 0
	File system inputs: 0
	File system outputs: 480
	Socket messages sent: 0
	Socket messages received: 0
	Signals delivered: 0
	Page size (bytes): 4096
	Exit status: 0
