LITCHI0691_PART profile=baseline stage=process_part uri=/ppt/presentation.xml visible_ptr=0x5f0405688ab0 visible_len=2357 arc_struct_ptr=0x5f040568d010 arc_bytes_ptr=0x5f0405688ab0 arc_len=2357 alias=true
LITCHI0691_CODEC call=0 profile=baseline stage=prefix:control:apply input_ptr=0x5f0405688ab0 input_len=2357 output_ptr=0x5f0405688ab0 output_len=2357 mode=borrow status=ok
LITCHI0691_MODEL profile=baseline stage=capture_begin parts=58
LITCHI0691_PART profile=baseline stage=process_part uri=/ppt/presentation.xml visible_ptr=0x5f0405688ab0 visible_len=2357 arc_struct_ptr=0x5f040568d010 arc_bytes_ptr=0x5f0405688ab0 arc_len=2357 alias=true
LITCHI0691_CODEC call=1 profile=baseline stage=prefix:control:apply input_ptr=0x5f0405688ab0 input_len=2357 output_ptr=0x5f0405688ab0 output_len=2357 mode=borrow status=ok
LITCHI0691_PART profile=baseline stage=process_part uri=/ppt/presentation.xml visible_ptr=0x5f0405688ab0 visible_len=2357 arc_struct_ptr=0x5f040568d010 arc_bytes_ptr=0x5f0405688ab0 arc_len=2357 alias=true
LITCHI0691_CODEC call=2 profile=baseline stage=prefix:control:apply input_ptr=0x5f0405688ab0 input_len=2357 output_ptr=0x5f0405688ab0 output_len=2357 mode=borrow status=ok
LITCHI0691_PART profile=baseline stage=process_part uri=/ppt/presentation.xml visible_ptr=0x5f0405688ab0 visible_len=2357 arc_struct_ptr=0x5f040568d010 arc_bytes_ptr=0x5f0405688ab0 arc_len=2357 alias=true
LITCHI0691_CODEC call=3 profile=baseline stage=prefix:control:apply input_ptr=0x5f0405688ab0 input_len=2357 output_ptr=0x5f0405688ab0 output_len=2357 mode=borrow status=ok
LITCHI0691_PART profile=baseline stage=process_part uri=/ppt/slides/slide1.xml visible_ptr=0x5f040574ee50 visible_len=2589 arc_struct_ptr=0x5f040568bf70 arc_bytes_ptr=0x5f040574ee50 arc_len=2589 alias=true
LITCHI0691_CODEC call=4 profile=baseline stage=prefix:control:apply input_ptr=0x5f040574ee50 input_len=2589 output_ptr=0x5f040574ee50 output_len=2589 mode=borrow status=ok
LITCHI0691_PART profile=baseline stage=process_part uri=/ppt/slides/slide2.xml visible_ptr=0x5f040574abd0 visible_len=17006 arc_struct_ptr=0x5f040568c070 arc_bytes_ptr=0x5f040574abd0 arc_len=17006 alias=true
LITCHI0691_CODEC call=5 profile=baseline stage=prefix:control:apply input_ptr=0x5f040574abd0 input_len=17006 output_ptr=0x5f040574abd0 output_len=17006 mode=borrow status=ok
LITCHI0691_PART profile=baseline stage=process_part uri=/ppt/slides/slide3.xml visible_ptr=0x5f04057430b0 visible_len=3038 arc_struct_ptr=0x5f040568c9a0 arc_bytes_ptr=0x5f04057430b0 arc_len=3038 alias=true
LITCHI0691_CODEC call=6 profile=baseline stage=prefix:control:apply input_ptr=0x5f04057430b0 input_len=3038 output_ptr=0x5f04057430b0 output_len=3038 mode=borrow status=ok
LITCHI0691_PART profile=baseline stage=process_part uri=/ppt/slides/slide4.xml visible_ptr=0x5f040573b6f0 visible_len=31153 arc_struct_ptr=0x5f040568c620 arc_bytes_ptr=0x5f040573b6f0 arc_len=31153 alias=true
LITCHI0691_CODEC call=7 profile=baseline stage=prefix:control:apply input_ptr=0x5f040573b6f0 input_len=31153 output_ptr=0x5f040573b6f0 output_len=31153 mode=borrow status=ok
LITCHI0691_PART profile=baseline stage=process_part uri=/ppt/slides/slide5.xml visible_ptr=0x5f04057334c0 visible_len=17833 arc_struct_ptr=0x5f040568f9d0 arc_bytes_ptr=0x5f04057334c0 arc_len=17833 alias=true
LITCHI0691_CODEC call=8 profile=baseline stage=prefix:control:apply input_ptr=0x5f04057334c0 input_len=17833 output_ptr=0x5f04057334c0 output_len=17833 mode=borrow status=ok
LITCHI0691_PART profile=baseline stage=process_part uri=/ppt/slides/slide6.xml visible_ptr=0x5f04057328d0 visible_len=3037 arc_struct_ptr=0x5f040568e330 arc_bytes_ptr=0x5f04057328d0 arc_len=3037 alias=true
LITCHI0691_CODEC call=9 profile=baseline stage=prefix:control:apply input_ptr=0x5f04057328d0 input_len=3037 output_ptr=0x5f04057328d0 output_len=3037 mode=borrow status=ok
LITCHI0691_PART profile=baseline stage=process_part uri=/ppt/slides/slide7.xml visible_ptr=0x5f0405743ca0 visible_len=28449 arc_struct_ptr=0x5f040568c6a0 arc_bytes_ptr=0x5f0405743ca0 arc_len=28449 alias=true
LITCHI0691_CODEC call=10 profile=baseline stage=prefix:control:apply input_ptr=0x5f0405743ca0 input_len=28449 output_ptr=0x5f0405743ca0 output_len=28449 mode=borrow status=ok
LITCHI0691_PART profile=baseline stage=process_part uri=/ppt/slides/slide8.xml visible_ptr=0x5f0405737a80 visible_len=2674 arc_struct_ptr=0x5f040568c580 arc_bytes_ptr=0x5f0405737a80 arc_len=2674 alias=true
LITCHI0691_CODEC call=11 profile=baseline stage=prefix:control:apply input_ptr=0x5f0405737a80 input_len=2674 output_ptr=0x5f0405737a80 output_len=2674 mode=borrow status=ok
LITCHI0691_PART profile=baseline stage=process_part uri=/ppt/slides/slide9.xml visible_ptr=0x5f040573ac70 visible_len=2676 arc_struct_ptr=0x5f040568ca20 arc_bytes_ptr=0x5f040573ac70 arc_len=2676 alias=true
LITCHI0691_CODEC call=12 profile=baseline stage=prefix:control:apply input_ptr=0x5f040573ac70 input_len=2676 output_ptr=0x5f040573ac70 output_len=2676 mode=borrow status=ok
LITCHI0691_PART profile=baseline stage=process_part uri=/ppt/slides/slide10.xml visible_ptr=0x5f0405738500 visible_len=3037 arc_struct_ptr=0x5f040568e930 arc_bytes_ptr=0x5f0405738500 arc_len=3037 alias=true
LITCHI0691_CODEC call=13 profile=baseline stage=prefix:control:apply input_ptr=0x5f0405738500 input_len=3037 output_ptr=0x5f0405738500 output_len=3037 mode=borrow status=ok
LITCHI0691_PART profile=baseline stage=process_part uri=/ppt/slides/slide11.xml visible_ptr=0x5f040574f880 visible_len=121498 arc_struct_ptr=0x5f040568e890 arc_bytes_ptr=0x5f040574f880 arc_len=121498 alias=true
LITCHI0691_CODEC call=14 profile=baseline stage=prefix:control:apply input_ptr=0x5f040574f880 input_len=121498 output_ptr=0x5f040574f880 output_len=121498 mode=borrow status=ok
LITCHI0691_PART profile=baseline stage=process_part uri=/ppt/slides/slide12.xml visible_ptr=0x5f040572b6d0 visible_len=29160 arc_struct_ptr=0x5f040568dbb0 arc_bytes_ptr=0x5f040572b6d0 arc_len=29160 alias=true
LITCHI0691_CODEC call=15 profile=baseline stage=prefix:control:apply input_ptr=0x5f040572b6d0 input_len=29160 output_ptr=0x5f040572b6d0 output_len=29160 mode=borrow status=ok
LITCHI0691_PART profile=baseline stage=process_part uri=/ppt/slides/slide13.xml visible_ptr=0x5f04057390f0 visible_len=7028 arc_struct_ptr=0x5f040568f8b0 arc_bytes_ptr=0x5f04057390f0 arc_len=7028 alias=true
LITCHI0691_CODEC call=16 profile=baseline stage=prefix:control:apply input_ptr=0x5f04057390f0 input_len=7028 output_ptr=0x5f04057390f0 output_len=7028 mode=borrow status=ok
LITCHI0691_PART profile=baseline stage=process_part uri=/ppt/slides/slide1.xml visible_ptr=0x5f040574ee50 visible_len=2589 arc_struct_ptr=0x5f040568bf70 arc_bytes_ptr=0x5f040574ee50 arc_len=2589 alias=true
LITCHI0691_CODEC call=17 profile=baseline stage=prefix:control:apply input_ptr=0x5f040574ee50 input_len=2589 output_ptr=0x5f040574ee50 output_len=2589 mode=borrow status=ok
LITCHI0691_PART profile=baseline stage=process_part uri=/ppt/slides/slide2.xml visible_ptr=0x5f040574abd0 visible_len=17006 arc_struct_ptr=0x5f040568c070 arc_bytes_ptr=0x5f040574abd0 arc_len=17006 alias=true
LITCHI0691_CODEC call=18 profile=baseline stage=prefix:control:apply input_ptr=0x5f040574abd0 input_len=17006 output_ptr=0x5f040574abd0 output_len=17006 mode=borrow status=ok
LITCHI0691_PART profile=baseline stage=process_part uri=/ppt/slides/slide3.xml visible_ptr=0x5f04057430b0 visible_len=3038 arc_struct_ptr=0x5f040568c9a0 arc_bytes_ptr=0x5f04057430b0 arc_len=3038 alias=true
LITCHI0691_CODEC call=19 profile=baseline stage=prefix:control:apply input_ptr=0x5f04057430b0 input_len=3038 output_ptr=0x5f04057430b0 output_len=3038 mode=borrow status=ok
LITCHI0691_PART profile=baseline stage=process_part uri=/ppt/slides/slide4.xml visible_ptr=0x5f040573b6f0 visible_len=31153 arc_struct_ptr=0x5f040568c620 arc_bytes_ptr=0x5f040573b6f0 arc_len=31153 alias=true
LITCHI0691_CODEC call=20 profile=baseline stage=prefix:control:apply input_ptr=0x5f040573b6f0 input_len=31153 output_ptr=0x5f040573b6f0 output_len=31153 mode=borrow status=ok
LITCHI0691_PART profile=baseline stage=process_part uri=/ppt/slides/slide5.xml visible_ptr=0x5f04057334c0 visible_len=17833 arc_struct_ptr=0x5f040568f9d0 arc_bytes_ptr=0x5f04057334c0 arc_len=17833 alias=true
LITCHI0691_CODEC call=21 profile=baseline stage=prefix:control:apply input_ptr=0x5f04057334c0 input_len=17833 output_ptr=0x5f04057334c0 output_len=17833 mode=borrow status=ok
LITCHI0691_PART profile=baseline stage=process_part uri=/ppt/slides/slide6.xml visible_ptr=0x5f04057328d0 visible_len=3037 arc_struct_ptr=0x5f040568e330 arc_bytes_ptr=0x5f04057328d0 arc_len=3037 alias=true
LITCHI0691_CODEC call=22 profile=baseline stage=prefix:control:apply input_ptr=0x5f04057328d0 input_len=3037 output_ptr=0x5f04057328d0 output_len=3037 mode=borrow status=ok
LITCHI0691_PART profile=baseline stage=process_part uri=/ppt/slides/slide7.xml visible_ptr=0x5f0405743ca0 visible_len=28449 arc_struct_ptr=0x5f040568c6a0 arc_bytes_ptr=0x5f0405743ca0 arc_len=28449 alias=true
LITCHI0691_CODEC call=23 profile=baseline stage=prefix:control:apply input_ptr=0x5f0405743ca0 input_len=28449 output_ptr=0x5f0405743ca0 output_len=28449 mode=borrow status=ok
LITCHI0691_PART profile=baseline stage=process_part uri=/ppt/slides/slide8.xml visible_ptr=0x5f0405737a80 visible_len=2674 arc_struct_ptr=0x5f040568c580 arc_bytes_ptr=0x5f0405737a80 arc_len=2674 alias=true
LITCHI0691_CODEC call=24 profile=baseline stage=prefix:control:apply input_ptr=0x5f0405737a80 input_len=2674 output_ptr=0x5f0405737a80 output_len=2674 mode=borrow status=ok
LITCHI0691_PART profile=baseline stage=process_part uri=/ppt/slides/slide9.xml visible_ptr=0x5f040573ac70 visible_len=2676 arc_struct_ptr=0x5f040568ca20 arc_bytes_ptr=0x5f040573ac70 arc_len=2676 alias=true
LITCHI0691_CODEC call=25 profile=baseline stage=prefix:control:apply input_ptr=0x5f040573ac70 input_len=2676 output_ptr=0x5f040573ac70 output_len=2676 mode=borrow status=ok
LITCHI0691_PART profile=baseline stage=process_part uri=/ppt/slides/slide10.xml visible_ptr=0x5f0405738500 visible_len=3037 arc_struct_ptr=0x5f040568e930 arc_bytes_ptr=0x5f0405738500 arc_len=3037 alias=true
LITCHI0691_CODEC call=26 profile=baseline stage=prefix:control:apply input_ptr=0x5f0405738500 input_len=3037 output_ptr=0x5f0405738500 output_len=3037 mode=borrow status=ok
LITCHI0691_PART profile=baseline stage=process_part uri=/ppt/slides/slide11.xml visible_ptr=0x5f040574f880 visible_len=121498 arc_struct_ptr=0x5f040568e890 arc_bytes_ptr=0x5f040574f880 arc_len=121498 alias=true
LITCHI0691_CODEC call=27 profile=baseline stage=prefix:control:apply input_ptr=0x5f040574f880 input_len=121498 output_ptr=0x5f040574f880 output_len=121498 mode=borrow status=ok
LITCHI0691_PART profile=baseline stage=process_part uri=/ppt/slides/slide12.xml visible_ptr=0x5f040572b6d0 visible_len=29160 arc_struct_ptr=0x5f040568dbb0 arc_bytes_ptr=0x5f040572b6d0 arc_len=29160 alias=true
LITCHI0691_CODEC call=28 profile=baseline stage=prefix:control:apply input_ptr=0x5f040572b6d0 input_len=29160 output_ptr=0x5f040572b6d0 output_len=29160 mode=borrow status=ok
LITCHI0691_PART profile=baseline stage=process_part uri=/ppt/slides/slide13.xml visible_ptr=0x5f04057390f0 visible_len=7028 arc_struct_ptr=0x5f040568f8b0 arc_bytes_ptr=0x5f04057390f0 arc_len=7028 alias=true
LITCHI0691_CODEC call=29 profile=baseline stage=prefix:control:apply input_ptr=0x5f04057390f0 input_len=7028 output_ptr=0x5f04057390f0 output_len=7028 mode=borrow status=ok
LITCHI0691_CODEC call=30 profile=baseline stage=prefix:control:apply input_ptr=0x5f0405688ab0 input_len=2357 output_ptr=0x5f0405688ab0 output_len=2357 mode=borrow status=ok
LITCHI0691_CODEC call=31 profile=baseline stage=prefix:control:apply input_ptr=0x5f0405688ab0 input_len=2357 output_ptr=0x5f0405688ab0 output_len=2357 mode=borrow status=ok
LITCHI0691_CODEC call=32 profile=baseline stage=prefix:control:apply input_ptr=0x5f040574ee50 input_len=2589 output_ptr=0x5f040574ee50 output_len=2589 mode=borrow status=ok
LITCHI0691_CODEC call=33 profile=baseline stage=prefix:control:apply input_ptr=0x5f040574abd0 input_len=17006 output_ptr=0x5f040574abd0 output_len=17006 mode=borrow status=ok
LITCHI0691_CODEC call=34 profile=baseline stage=prefix:control:apply input_ptr=0x5f04057430b0 input_len=3038 output_ptr=0x5f04057430b0 output_len=3038 mode=borrow status=ok
LITCHI0691_CODEC call=35 profile=baseline stage=prefix:control:apply input_ptr=0x5f040573b6f0 input_len=31153 output_ptr=0x5f040573b6f0 output_len=31153 mode=borrow status=ok
LITCHI0691_CODEC call=36 profile=baseline stage=prefix:control:apply input_ptr=0x5f04057334c0 input_len=17833 output_ptr=0x5f04057334c0 output_len=17833 mode=borrow status=ok
LITCHI0691_CODEC call=37 profile=baseline stage=prefix:control:apply input_ptr=0x5f04057328d0 input_len=3037 output_ptr=0x5f04057328d0 output_len=3037 mode=borrow status=ok
LITCHI0691_CODEC call=38 profile=baseline stage=prefix:control:apply input_ptr=0x5f0405743ca0 input_len=28449 output_ptr=0x5f0405743ca0 output_len=28449 mode=borrow status=ok
LITCHI0691_CODEC call=39 profile=baseline stage=prefix:control:apply input_ptr=0x5f0405737a80 input_len=2674 output_ptr=0x5f0405737a80 output_len=2674 mode=borrow status=ok
LITCHI0691_CODEC call=40 profile=baseline stage=prefix:control:apply input_ptr=0x5f040573ac70 input_len=2676 output_ptr=0x5f040573ac70 output_len=2676 mode=borrow status=ok
LITCHI0691_CODEC call=41 profile=baseline stage=prefix:control:apply input_ptr=0x5f0405738500 input_len=3037 output_ptr=0x5f0405738500 output_len=3037 mode=borrow status=ok
LITCHI0691_CODEC call=42 profile=baseline stage=prefix:control:apply input_ptr=0x5f040574f880 input_len=121498 output_ptr=0x5f040574f880 output_len=121498 mode=borrow status=ok
LITCHI0691_CODEC call=43 profile=baseline stage=prefix:control:apply input_ptr=0x5f040572b6d0 input_len=29160 output_ptr=0x5f040572b6d0 output_len=29160 mode=borrow status=ok
LITCHI0691_CODEC call=44 profile=baseline stage=prefix:control:apply input_ptr=0x5f04057390f0 input_len=7028 output_ptr=0x5f04057390f0 output_len=7028 mode=borrow status=ok
LITCHI0691_MODEL profile=baseline stage=capture_success parts=58 slides=13
LITCHI0691_PART profile=baseline stage=process_part uri=/ppt/presentation.xml visible_ptr=0x5f0405683560 visible_len=2357 arc_struct_ptr=0x5f040569e910 arc_bytes_ptr=0x5f0405683560 arc_len=2357 alias=true
LITCHI0691_CODEC call=45 profile=baseline stage=prefix:control:apply input_ptr=0x5f0405683560 input_len=2357 output_ptr=0x5f0405683560 output_len=2357 mode=borrow status=ok
LITCHI0691_MODEL profile=baseline stage=capture_begin parts=58
LITCHI0691_PART profile=baseline stage=process_part uri=/ppt/presentation.xml visible_ptr=0x5f0405683560 visible_len=2357 arc_struct_ptr=0x5f040569e910 arc_bytes_ptr=0x5f0405683560 arc_len=2357 alias=true
LITCHI0691_CODEC call=46 profile=baseline stage=prefix:control:apply input_ptr=0x5f0405683560 input_len=2357 output_ptr=0x5f0405683560 output_len=2357 mode=borrow status=ok
LITCHI0691_PART profile=baseline stage=process_part uri=/ppt/presentation.xml visible_ptr=0x5f0405683560 visible_len=2357 arc_struct_ptr=0x5f040569e910 arc_bytes_ptr=0x5f0405683560 arc_len=2357 alias=true
LITCHI0691_CODEC call=47 profile=baseline stage=prefix:control:apply input_ptr=0x5f0405683560 input_len=2357 output_ptr=0x5f0405683560 output_len=2357 mode=borrow status=ok
LITCHI0691_PART profile=baseline stage=process_part uri=/ppt/presentation.xml visible_ptr=0x5f0405683560 visible_len=2357 arc_struct_ptr=0x5f040569e910 arc_bytes_ptr=0x5f0405683560 arc_len=2357 alias=true
LITCHI0691_CODEC call=48 profile=baseline stage=prefix:control:apply input_ptr=0x5f0405683560 input_len=2357 output_ptr=0x5f0405683560 output_len=2357 mode=borrow status=ok
LITCHI0691_PART profile=baseline stage=process_part uri=/ppt/slides/slide1.xml visible_ptr=0x5f040568b220 visible_len=2589 arc_struct_ptr=0x5f0405777b20 arc_bytes_ptr=0x5f040568b220 arc_len=2589 alias=true
LITCHI0691_CODEC call=49 profile=baseline stage=prefix:control:apply input_ptr=0x5f040568b220 input_len=2589 output_ptr=0x5f040568b220 output_len=2589 mode=borrow status=ok
LITCHI0691_PART profile=baseline stage=process_part uri=/ppt/slides/slide2.xml visible_ptr=0x5f040576d590 visible_len=17006 arc_struct_ptr=0x5f0405777af0 arc_bytes_ptr=0x5f040576d590 arc_len=17006 alias=true
LITCHI0691_CODEC call=50 profile=baseline stage=prefix:control:apply input_ptr=0x5f040576d590 input_len=17006 output_ptr=0x5f040576d590 output_len=17006 mode=borrow status=ok
LITCHI0691_PART profile=baseline stage=process_part uri=/ppt/slides/slide3.xml visible_ptr=0x5f040568a630 visible_len=3038 arc_struct_ptr=0x5f0405693270 arc_bytes_ptr=0x5f040568a630 arc_len=3038 alias=true
LITCHI0691_CODEC call=51 profile=baseline stage=prefix:control:apply input_ptr=0x5f040568a630 input_len=3038 output_ptr=0x5f040568a630 output_len=3038 mode=borrow status=ok
LITCHI0691_PART profile=baseline stage=process_part uri=/ppt/slides/slide4.xml visible_ptr=0x5f040575eca0 visible_len=31153 arc_struct_ptr=0x5f0405777b90 arc_bytes_ptr=0x5f040575eca0 arc_len=31153 alias=true
LITCHI0691_CODEC call=52 profile=baseline stage=prefix:control:apply input_ptr=0x5f040575eca0 input_len=31153 output_ptr=0x5f040575eca0 output_len=31153 mode=borrow status=ok
LITCHI0691_PART profile=baseline stage=process_part uri=/ppt/slides/slide5.xml visible_ptr=0x5f040575a6e0 visible_len=17833 arc_struct_ptr=0x5f04056886a0 arc_bytes_ptr=0x5f040575a6e0 arc_len=17833 alias=true
LITCHI0691_CODEC call=53 profile=baseline stage=prefix:control:apply input_ptr=0x5f040575a6e0 input_len=17833 output_ptr=0x5f040575a6e0 output_len=17833 mode=borrow status=ok
LITCHI0691_PART profile=baseline stage=process_part uri=/ppt/slides/slide6.xml visible_ptr=0x5f04056765b0 visible_len=3037 arc_struct_ptr=0x5f0405777790 arc_bytes_ptr=0x5f04056765b0 arc_len=3037 alias=true
LITCHI0691_CODEC call=54 profile=baseline stage=prefix:control:apply input_ptr=0x5f04056765b0 input_len=3037 output_ptr=0x5f04056765b0 output_len=3037 mode=borrow status=ok
LITCHI0691_PART profile=baseline stage=process_part uri=/ppt/slides/slide7.xml visible_ptr=0x5f0405766660 visible_len=28449 arc_struct_ptr=0x5f040567ee60 arc_bytes_ptr=0x5f0405766660 arc_len=28449 alias=true
LITCHI0691_CODEC call=55 profile=baseline stage=prefix:control:apply input_ptr=0x5f0405766660 input_len=28449 output_ptr=0x5f0405766660 output_len=28449 mode=borrow status=ok
LITCHI0691_PART profile=baseline stage=process_part uri=/ppt/slides/slide8.xml visible_ptr=0x5f04056771a0 visible_len=2674 arc_struct_ptr=0x5f0405688580 arc_bytes_ptr=0x5f04056771a0 arc_len=2674 alias=true
LITCHI0691_CODEC call=56 profile=baseline stage=prefix:control:apply input_ptr=0x5f04056771a0 input_len=2674 output_ptr=0x5f04056771a0 output_len=2674 mode=borrow status=ok
LITCHI0691_PART profile=baseline stage=process_part uri=/ppt/slides/slide9.xml visible_ptr=0x5f0405678810 visible_len=2676 arc_struct_ptr=0x5f040568f030 arc_bytes_ptr=0x5f0405678810 arc_len=2676 alias=true
LITCHI0691_CODEC call=57 profile=baseline stage=prefix:control:apply input_ptr=0x5f0405678810 input_len=2676 output_ptr=0x5f0405678810 output_len=2676 mode=borrow status=ok
LITCHI0691_PART profile=baseline stage=process_part uri=/ppt/slides/slide10.xml visible_ptr=0x5f0405677c20 visible_len=3037 arc_struct_ptr=0x5f0405779980 arc_bytes_ptr=0x5f0405677c20 arc_len=3037 alias=true
LITCHI0691_CODEC call=58 profile=baseline stage=prefix:control:apply input_ptr=0x5f0405677c20 input_len=3037 output_ptr=0x5f0405677c20 output_len=3037 mode=borrow status=ok
LITCHI0691_PART profile=baseline stage=process_part uri=/ppt/slides/slide11.xml visible_ptr=0x5f0405780140 visible_len=121498 arc_struct_ptr=0x5f04056884a0 arc_bytes_ptr=0x5f0405780140 arc_len=121498 alias=true
LITCHI0691_CODEC call=59 profile=baseline stage=prefix:control:apply input_ptr=0x5f0405780140 input_len=121498 output_ptr=0x5f0405780140 output_len=121498 mode=borrow status=ok
LITCHI0691_PART profile=baseline stage=process_part uri=/ppt/slides/slide12.xml visible_ptr=0x5f04057534e0 visible_len=29160 arc_struct_ptr=0x5f040567bb20 arc_bytes_ptr=0x5f04057534e0 arc_len=29160 alias=true
LITCHI0691_CODEC call=60 profile=baseline stage=prefix:control:apply input_ptr=0x5f04057534e0 input_len=29160 output_ptr=0x5f04057534e0 output_len=29160 mode=borrow status=ok
LITCHI0691_PART profile=baseline stage=process_part uri=/ppt/slides/slide13.xml visible_ptr=0x5f0405688ab0 visible_len=7028 arc_struct_ptr=0x5f0405779900 arc_bytes_ptr=0x5f0405688ab0 arc_len=7028 alias=true
LITCHI0691_CODEC call=61 profile=baseline stage=prefix:control:apply input_ptr=0x5f0405688ab0 input_len=7028 output_ptr=0x5f0405688ab0 output_len=7028 mode=borrow status=ok
LITCHI0691_PART profile=baseline stage=process_part uri=/ppt/slides/slide1.xml visible_ptr=0x5f040568b220 visible_len=2589 arc_struct_ptr=0x5f0405777b20 arc_bytes_ptr=0x5f040568b220 arc_len=2589 alias=true
LITCHI0691_CODEC call=62 profile=baseline stage=prefix:control:apply input_ptr=0x5f040568b220 input_len=2589 output_ptr=0x5f040568b220 output_len=2589 mode=borrow status=ok
LITCHI0691_PART profile=baseline stage=process_part uri=/ppt/slides/slide2.xml visible_ptr=0x5f040576d590 visible_len=17006 arc_struct_ptr=0x5f0405777af0 arc_bytes_ptr=0x5f040576d590 arc_len=17006 alias=true
LITCHI0691_CODEC call=63 profile=baseline stage=prefix:control:apply input_ptr=0x5f040576d590 input_len=17006 output_ptr=0x5f040576d590 output_len=17006 mode=borrow status=ok
LITCHI0691_PART profile=baseline stage=process_part uri=/ppt/slides/slide3.xml visible_ptr=0x5f040568a630 visible_len=3038 arc_struct_ptr=0x5f0405693270 arc_bytes_ptr=0x5f040568a630 arc_len=3038 alias=true
LITCHI0691_CODEC call=64 profile=baseline stage=prefix:control:apply input_ptr=0x5f040568a630 input_len=3038 output_ptr=0x5f040568a630 output_len=3038 mode=borrow status=ok
LITCHI0691_PART profile=baseline stage=process_part uri=/ppt/slides/slide4.xml visible_ptr=0x5f040575eca0 visible_len=31153 arc_struct_ptr=0x5f0405777b90 arc_bytes_ptr=0x5f040575eca0 arc_len=31153 alias=true
LITCHI0691_CODEC call=65 profile=baseline stage=prefix:control:apply input_ptr=0x5f040575eca0 input_len=31153 output_ptr=0x5f040575eca0 output_len=31153 mode=borrow status=ok
LITCHI0691_PART profile=baseline stage=process_part uri=/ppt/slides/slide5.xml visible_ptr=0x5f040575a6e0 visible_len=17833 arc_struct_ptr=0x5f04056886a0 arc_bytes_ptr=0x5f040575a6e0 arc_len=17833 alias=true
LITCHI0691_CODEC call=66 profile=baseline stage=prefix:control:apply input_ptr=0x5f040575a6e0 input_len=17833 output_ptr=0x5f040575a6e0 output_len=17833 mode=borrow status=ok
LITCHI0691_PART profile=baseline stage=process_part uri=/ppt/slides/slide6.xml visible_ptr=0x5f04056765b0 visible_len=3037 arc_struct_ptr=0x5f0405777790 arc_bytes_ptr=0x5f04056765b0 arc_len=3037 alias=true
LITCHI0691_CODEC call=67 profile=baseline stage=prefix:control:apply input_ptr=0x5f04056765b0 input_len=3037 output_ptr=0x5f04056765b0 output_len=3037 mode=borrow status=ok
LITCHI0691_PART profile=baseline stage=process_part uri=/ppt/slides/slide7.xml visible_ptr=0x5f0405766660 visible_len=28449 arc_struct_ptr=0x5f040567ee60 arc_bytes_ptr=0x5f0405766660 arc_len=28449 alias=true
LITCHI0691_CODEC call=68 profile=baseline stage=prefix:control:apply input_ptr=0x5f0405766660 input_len=28449 output_ptr=0x5f0405766660 output_len=28449 mode=borrow status=ok
LITCHI0691_PART profile=baseline stage=process_part uri=/ppt/slides/slide8.xml visible_ptr=0x5f04056771a0 visible_len=2674 arc_struct_ptr=0x5f0405688580 arc_bytes_ptr=0x5f04056771a0 arc_len=2674 alias=true
LITCHI0691_CODEC call=69 profile=baseline stage=prefix:control:apply input_ptr=0x5f04056771a0 input_len=2674 output_ptr=0x5f04056771a0 output_len=2674 mode=borrow status=ok
LITCHI0691_PART profile=baseline stage=process_part uri=/ppt/slides/slide9.xml visible_ptr=0x5f0405678810 visible_len=2676 arc_struct_ptr=0x5f040568f030 arc_bytes_ptr=0x5f0405678810 arc_len=2676 alias=true
LITCHI0691_CODEC call=70 profile=baseline stage=prefix:control:apply input_ptr=0x5f0405678810 input_len=2676 output_ptr=0x5f0405678810 output_len=2676 mode=borrow status=ok
LITCHI0691_PART profile=baseline stage=process_part uri=/ppt/slides/slide10.xml visible_ptr=0x5f0405677c20 visible_len=3037 arc_struct_ptr=0x5f0405779980 arc_bytes_ptr=0x5f0405677c20 arc_len=3037 alias=true
LITCHI0691_CODEC call=71 profile=baseline stage=prefix:control:apply input_ptr=0x5f0405677c20 input_len=3037 output_ptr=0x5f0405677c20 output_len=3037 mode=borrow status=ok
LITCHI0691_PART profile=baseline stage=process_part uri=/ppt/slides/slide11.xml visible_ptr=0x5f0405780140 visible_len=121498 arc_struct_ptr=0x5f04056884a0 arc_bytes_ptr=0x5f0405780140 arc_len=121498 alias=true
LITCHI0691_CODEC call=72 profile=baseline stage=prefix:control:apply input_ptr=0x5f0405780140 input_len=121498 output_ptr=0x5f0405780140 output_len=121498 mode=borrow status=ok
LITCHI0691_PART profile=baseline stage=process_part uri=/ppt/slides/slide12.xml visible_ptr=0x5f04057534e0 visible_len=29160 arc_struct_ptr=0x5f040567bb20 arc_bytes_ptr=0x5f04057534e0 arc_len=29160 alias=true
LITCHI0691_CODEC call=73 profile=baseline stage=prefix:control:apply input_ptr=0x5f04057534e0 input_len=29160 output_ptr=0x5f04057534e0 output_len=29160 mode=borrow status=ok
LITCHI0691_PART profile=baseline stage=process_part uri=/ppt/slides/slide13.xml visible_ptr=0x5f0405688ab0 visible_len=7028 arc_struct_ptr=0x5f0405779900 arc_bytes_ptr=0x5f0405688ab0 arc_len=7028 alias=true
LITCHI0691_CODEC call=74 profile=baseline stage=prefix:control:apply input_ptr=0x5f0405688ab0 input_len=7028 output_ptr=0x5f0405688ab0 output_len=7028 mode=borrow status=ok
LITCHI0691_CODEC call=75 profile=baseline stage=prefix:control:apply input_ptr=0x5f0405683560 input_len=2357 output_ptr=0x5f0405683560 output_len=2357 mode=borrow status=ok
LITCHI0691_CODEC call=76 profile=baseline stage=prefix:control:apply input_ptr=0x5f0405683560 input_len=2357 output_ptr=0x5f0405683560 output_len=2357 mode=borrow status=ok
LITCHI0691_CODEC call=77 profile=baseline stage=prefix:control:apply input_ptr=0x5f040568b220 input_len=2589 output_ptr=0x5f040568b220 output_len=2589 mode=borrow status=ok
LITCHI0691_CODEC call=78 profile=baseline stage=prefix:control:apply input_ptr=0x5f040576d590 input_len=17006 output_ptr=0x5f040576d590 output_len=17006 mode=borrow status=ok
LITCHI0691_CODEC call=79 profile=baseline stage=prefix:control:apply input_ptr=0x5f040568a630 input_len=3038 output_ptr=0x5f040568a630 output_len=3038 mode=borrow status=ok
LITCHI0691_CODEC call=80 profile=baseline stage=prefix:control:apply input_ptr=0x5f040575eca0 input_len=31153 output_ptr=0x5f040575eca0 output_len=31153 mode=borrow status=ok
LITCHI0691_CODEC call=81 profile=baseline stage=prefix:control:apply input_ptr=0x5f040575a6e0 input_len=17833 output_ptr=0x5f040575a6e0 output_len=17833 mode=borrow status=ok
LITCHI0691_CODEC call=82 profile=baseline stage=prefix:control:apply input_ptr=0x5f04056765b0 input_len=3037 output_ptr=0x5f04056765b0 output_len=3037 mode=borrow status=ok
LITCHI0691_CODEC call=83 profile=baseline stage=prefix:control:apply input_ptr=0x5f0405766660 input_len=28449 output_ptr=0x5f0405766660 output_len=28449 mode=borrow status=ok
LITCHI0691_CODEC call=84 profile=baseline stage=prefix:control:apply input_ptr=0x5f04056771a0 input_len=2674 output_ptr=0x5f04056771a0 output_len=2674 mode=borrow status=ok
LITCHI0691_CODEC call=85 profile=baseline stage=prefix:control:apply input_ptr=0x5f0405678810 input_len=2676 output_ptr=0x5f0405678810 output_len=2676 mode=borrow status=ok
LITCHI0691_CODEC call=86 profile=baseline stage=prefix:control:apply input_ptr=0x5f0405677c20 input_len=3037 output_ptr=0x5f0405677c20 output_len=3037 mode=borrow status=ok
LITCHI0691_CODEC call=87 profile=baseline stage=prefix:control:apply input_ptr=0x5f0405780140 input_len=121498 output_ptr=0x5f0405780140 output_len=121498 mode=borrow status=ok
LITCHI0691_CODEC call=88 profile=baseline stage=prefix:control:apply input_ptr=0x5f04057534e0 input_len=29160 output_ptr=0x5f04057534e0 output_len=29160 mode=borrow status=ok
LITCHI0691_CODEC call=89 profile=baseline stage=prefix:control:apply input_ptr=0x5f0405688ab0 input_len=7028 output_ptr=0x5f0405688ab0 output_len=7028 mode=borrow status=ok
LITCHI0691_MODEL profile=baseline stage=capture_success parts=58 slides=13
LITCHI0691_MODEL profile=baseline stage=capture_begin parts=58
LITCHI0691_PART profile=baseline stage=process_part uri=/ppt/presentation.xml visible_ptr=0x5f0405683560 visible_len=2357 arc_struct_ptr=0x5f040569e910 arc_bytes_ptr=0x5f0405683560 arc_len=2357 alias=true
LITCHI0691_CODEC call=90 profile=baseline stage=prefix:control:apply input_ptr=0x5f0405683560 input_len=2357 output_ptr=0x5f0405683560 output_len=2357 mode=borrow status=ok
LITCHI0691_PART profile=baseline stage=process_part uri=/ppt/presentation.xml visible_ptr=0x5f0405683560 visible_len=2357 arc_struct_ptr=0x5f040569e910 arc_bytes_ptr=0x5f0405683560 arc_len=2357 alias=true
LITCHI0691_CODEC call=91 profile=baseline stage=prefix:control:apply input_ptr=0x5f0405683560 input_len=2357 output_ptr=0x5f0405683560 output_len=2357 mode=borrow status=ok
LITCHI0691_PART profile=baseline stage=process_part uri=/ppt/presentation.xml visible_ptr=0x5f0405683560 visible_len=2357 arc_struct_ptr=0x5f040569e910 arc_bytes_ptr=0x5f0405683560 arc_len=2357 alias=true
LITCHI0691_CODEC call=92 profile=baseline stage=prefix:control:apply input_ptr=0x5f0405683560 input_len=2357 output_ptr=0x5f0405683560 output_len=2357 mode=borrow status=ok
LITCHI0691_PART profile=baseline stage=process_part uri=/ppt/slides/slide1.xml visible_ptr=0x5f040568b220 visible_len=2589 arc_struct_ptr=0x5f0405777b20 arc_bytes_ptr=0x5f040568b220 arc_len=2589 alias=true
LITCHI0691_CODEC call=93 profile=baseline stage=prefix:control:apply input_ptr=0x5f040568b220 input_len=2589 output_ptr=0x5f040568b220 output_len=2589 mode=borrow status=ok
LITCHI0691_PART profile=baseline stage=process_part uri=/ppt/slides/slide2.xml visible_ptr=0x5f04056dcb70 visible_len=16935 arc_struct_ptr=0x5f04056d7010 arc_bytes_ptr=0x5f04056dcb70 arc_len=16935 alias=true
LITCHI0691_CODEC call=94 profile=baseline stage=prefix:control:apply input_ptr=0x5f04056dcb70 input_len=16935 output_ptr=0x5f04056dcb70 output_len=16935 mode=borrow status=ok
LITCHI0691_PART profile=baseline stage=process_part uri=/ppt/slides/slide3.xml visible_ptr=0x5f040568a630 visible_len=3038 arc_struct_ptr=0x5f0405693270 arc_bytes_ptr=0x5f040568a630 arc_len=3038 alias=true
LITCHI0691_CODEC call=95 profile=baseline stage=prefix:control:apply input_ptr=0x5f040568a630 input_len=3038 output_ptr=0x5f040568a630 output_len=3038 mode=borrow status=ok
LITCHI0691_PART profile=baseline stage=process_part uri=/ppt/slides/slide4.xml visible_ptr=0x5f040575eca0 visible_len=31153 arc_struct_ptr=0x5f0405777b90 arc_bytes_ptr=0x5f040575eca0 arc_len=31153 alias=true
LITCHI0691_CODEC call=96 profile=baseline stage=prefix:control:apply input_ptr=0x5f040575eca0 input_len=31153 output_ptr=0x5f040575eca0 output_len=31153 mode=borrow status=ok
LITCHI0691_PART profile=baseline stage=process_part uri=/ppt/slides/slide5.xml visible_ptr=0x5f040575a6e0 visible_len=17833 arc_struct_ptr=0x5f04056886a0 arc_bytes_ptr=0x5f040575a6e0 arc_len=17833 alias=true
LITCHI0691_CODEC call=97 profile=baseline stage=prefix:control:apply input_ptr=0x5f040575a6e0 input_len=17833 output_ptr=0x5f040575a6e0 output_len=17833 mode=borrow status=ok
LITCHI0691_PART profile=baseline stage=process_part uri=/ppt/slides/slide6.xml visible_ptr=0x5f04056765b0 visible_len=3037 arc_struct_ptr=0x5f0405777790 arc_bytes_ptr=0x5f04056765b0 arc_len=3037 alias=true
LITCHI0691_CODEC call=98 profile=baseline stage=prefix:control:apply input_ptr=0x5f04056765b0 input_len=3037 output_ptr=0x5f04056765b0 output_len=3037 mode=borrow status=ok
LITCHI0691_PART profile=baseline stage=process_part uri=/ppt/slides/slide7.xml visible_ptr=0x5f0405766660 visible_len=28449 arc_struct_ptr=0x5f040567ee60 arc_bytes_ptr=0x5f0405766660 arc_len=28449 alias=true
LITCHI0691_CODEC call=99 profile=baseline stage=prefix:control:apply input_ptr=0x5f0405766660 input_len=28449 output_ptr=0x5f0405766660 output_len=28449 mode=borrow status=ok
LITCHI0691_PART profile=baseline stage=process_part uri=/ppt/slides/slide8.xml visible_ptr=0x5f04056771a0 visible_len=2674 arc_struct_ptr=0x5f0405688580 arc_bytes_ptr=0x5f04056771a0 arc_len=2674 alias=true
LITCHI0691_CODEC call=100 profile=baseline stage=prefix:control:apply input_ptr=0x5f04056771a0 input_len=2674 output_ptr=0x5f04056771a0 output_len=2674 mode=borrow status=ok
LITCHI0691_PART profile=baseline stage=process_part uri=/ppt/slides/slide9.xml visible_ptr=0x5f0405678810 visible_len=2676 arc_struct_ptr=0x5f040568f030 arc_bytes_ptr=0x5f0405678810 arc_len=2676 alias=true
LITCHI0691_CODEC call=101 profile=baseline stage=prefix:control:apply input_ptr=0x5f0405678810 input_len=2676 output_ptr=0x5f0405678810 output_len=2676 mode=borrow status=ok
LITCHI0691_PART profile=baseline stage=process_part uri=/ppt/slides/slide10.xml visible_ptr=0x5f0405677c20 visible_len=3037 arc_struct_ptr=0x5f0405779980 arc_bytes_ptr=0x5f0405677c20 arc_len=3037 alias=true
LITCHI0691_CODEC call=102 profile=baseline stage=prefix:control:apply input_ptr=0x5f0405677c20 input_len=3037 output_ptr=0x5f0405677c20 output_len=3037 mode=borrow status=ok
LITCHI0691_PART profile=baseline stage=process_part uri=/ppt/slides/slide11.xml visible_ptr=0x5f0405780140 visible_len=121498 arc_struct_ptr=0x5f04056884a0 arc_bytes_ptr=0x5f0405780140 arc_len=121498 alias=true
LITCHI0691_CODEC call=103 profile=baseline stage=prefix:control:apply input_ptr=0x5f0405780140 input_len=121498 output_ptr=0x5f0405780140 output_len=121498 mode=borrow status=ok
LITCHI0691_PART profile=baseline stage=process_part uri=/ppt/slides/slide12.xml visible_ptr=0x5f04057534e0 visible_len=29160 arc_struct_ptr=0x5f040567bb20 arc_bytes_ptr=0x5f04057534e0 arc_len=29160 alias=true
LITCHI0691_CODEC call=104 profile=baseline stage=prefix:control:apply input_ptr=0x5f04057534e0 input_len=29160 output_ptr=0x5f04057534e0 output_len=29160 mode=borrow status=ok
LITCHI0691_PART profile=baseline stage=process_part uri=/ppt/slides/slide13.xml visible_ptr=0x5f0405688ab0 visible_len=7028 arc_struct_ptr=0x5f0405779900 arc_bytes_ptr=0x5f0405688ab0 arc_len=7028 alias=true
LITCHI0691_CODEC call=105 profile=baseline stage=prefix:control:apply input_ptr=0x5f0405688ab0 input_len=7028 output_ptr=0x5f0405688ab0 output_len=7028 mode=borrow status=ok
LITCHI0691_PART profile=baseline stage=process_part uri=/ppt/slides/slide1.xml visible_ptr=0x5f040568b220 visible_len=2589 arc_struct_ptr=0x5f0405777b20 arc_bytes_ptr=0x5f040568b220 arc_len=2589 alias=true
LITCHI0691_CODEC call=106 profile=baseline stage=prefix:control:apply input_ptr=0x5f040568b220 input_len=2589 output_ptr=0x5f040568b220 output_len=2589 mode=borrow status=ok
LITCHI0691_PART profile=baseline stage=process_part uri=/ppt/slides/slide2.xml visible_ptr=0x5f04056dcb70 visible_len=16935 arc_struct_ptr=0x5f04056d7010 arc_bytes_ptr=0x5f04056dcb70 arc_len=16935 alias=true
LITCHI0691_CODEC call=107 profile=baseline stage=prefix:control:apply input_ptr=0x5f04056dcb70 input_len=16935 output_ptr=0x5f04056dcb70 output_len=16935 mode=borrow status=ok
LITCHI0691_PART profile=baseline stage=process_part uri=/ppt/slides/slide3.xml visible_ptr=0x5f040568a630 visible_len=3038 arc_struct_ptr=0x5f0405693270 arc_bytes_ptr=0x5f040568a630 arc_len=3038 alias=true
LITCHI0691_CODEC call=108 profile=baseline stage=prefix:control:apply input_ptr=0x5f040568a630 input_len=3038 output_ptr=0x5f040568a630 output_len=3038 mode=borrow status=ok
LITCHI0691_PART profile=baseline stage=process_part uri=/ppt/slides/slide4.xml visible_ptr=0x5f040575eca0 visible_len=31153 arc_struct_ptr=0x5f0405777b90 arc_bytes_ptr=0x5f040575eca0 arc_len=31153 alias=true
LITCHI0691_CODEC call=109 profile=baseline stage=prefix:control:apply input_ptr=0x5f040575eca0 input_len=31153 output_ptr=0x5f040575eca0 output_len=31153 mode=borrow status=ok
LITCHI0691_PART profile=baseline stage=process_part uri=/ppt/slides/slide5.xml visible_ptr=0x5f040575a6e0 visible_len=17833 arc_struct_ptr=0x5f04056886a0 arc_bytes_ptr=0x5f040575a6e0 arc_len=17833 alias=true
LITCHI0691_CODEC call=110 profile=baseline stage=prefix:control:apply input_ptr=0x5f040575a6e0 input_len=17833 output_ptr=0x5f040575a6e0 output_len=17833 mode=borrow status=ok
LITCHI0691_PART profile=baseline stage=process_part uri=/ppt/slides/slide6.xml visible_ptr=0x5f04056765b0 visible_len=3037 arc_struct_ptr=0x5f0405777790 arc_bytes_ptr=0x5f04056765b0 arc_len=3037 alias=true
LITCHI0691_CODEC call=111 profile=baseline stage=prefix:control:apply input_ptr=0x5f04056765b0 input_len=3037 output_ptr=0x5f04056765b0 output_len=3037 mode=borrow status=ok
LITCHI0691_PART profile=baseline stage=process_part uri=/ppt/slides/slide7.xml visible_ptr=0x5f0405766660 visible_len=28449 arc_struct_ptr=0x5f040567ee60 arc_bytes_ptr=0x5f0405766660 arc_len=28449 alias=true
LITCHI0691_CODEC call=112 profile=baseline stage=prefix:control:apply input_ptr=0x5f0405766660 input_len=28449 output_ptr=0x5f0405766660 output_len=28449 mode=borrow status=ok
LITCHI0691_PART profile=baseline stage=process_part uri=/ppt/slides/slide8.xml visible_ptr=0x5f04056771a0 visible_len=2674 arc_struct_ptr=0x5f0405688580 arc_bytes_ptr=0x5f04056771a0 arc_len=2674 alias=true
LITCHI0691_CODEC call=113 profile=baseline stage=prefix:control:apply input_ptr=0x5f04056771a0 input_len=2674 output_ptr=0x5f04056771a0 output_len=2674 mode=borrow status=ok
LITCHI0691_PART profile=baseline stage=process_part uri=/ppt/slides/slide9.xml visible_ptr=0x5f0405678810 visible_len=2676 arc_struct_ptr=0x5f040568f030 arc_bytes_ptr=0x5f0405678810 arc_len=2676 alias=true
LITCHI0691_CODEC call=114 profile=baseline stage=prefix:control:apply input_ptr=0x5f0405678810 input_len=2676 output_ptr=0x5f0405678810 output_len=2676 mode=borrow status=ok
LITCHI0691_PART profile=baseline stage=process_part uri=/ppt/slides/slide10.xml visible_ptr=0x5f0405677c20 visible_len=3037 arc_struct_ptr=0x5f0405779980 arc_bytes_ptr=0x5f0405677c20 arc_len=3037 alias=true
LITCHI0691_CODEC call=115 profile=baseline stage=prefix:control:apply input_ptr=0x5f0405677c20 input_len=3037 output_ptr=0x5f0405677c20 output_len=3037 mode=borrow status=ok
LITCHI0691_PART profile=baseline stage=process_part uri=/ppt/slides/slide11.xml visible_ptr=0x5f0405780140 visible_len=121498 arc_struct_ptr=0x5f04056884a0 arc_bytes_ptr=0x5f0405780140 arc_len=121498 alias=true
LITCHI0691_CODEC call=116 profile=baseline stage=prefix:control:apply input_ptr=0x5f0405780140 input_len=121498 output_ptr=0x5f0405780140 output_len=121498 mode=borrow status=ok
LITCHI0691_PART profile=baseline stage=process_part uri=/ppt/slides/slide12.xml visible_ptr=0x5f04057534e0 visible_len=29160 arc_struct_ptr=0x5f040567bb20 arc_bytes_ptr=0x5f04057534e0 arc_len=29160 alias=true
LITCHI0691_CODEC call=117 profile=baseline stage=prefix:control:apply input_ptr=0x5f04057534e0 input_len=29160 output_ptr=0x5f04057534e0 output_len=29160 mode=borrow status=ok
LITCHI0691_PART profile=baseline stage=process_part uri=/ppt/slides/slide13.xml visible_ptr=0x5f0405688ab0 visible_len=7028 arc_struct_ptr=0x5f0405779900 arc_bytes_ptr=0x5f0405688ab0 arc_len=7028 alias=true
LITCHI0691_CODEC call=118 profile=baseline stage=prefix:control:apply input_ptr=0x5f0405688ab0 input_len=7028 output_ptr=0x5f0405688ab0 output_len=7028 mode=borrow status=ok
LITCHI0691_CODEC call=119 profile=baseline stage=prefix:control:apply input_ptr=0x5f0405683560 input_len=2357 output_ptr=0x5f0405683560 output_len=2357 mode=borrow status=ok
LITCHI0691_CODEC call=120 profile=baseline stage=prefix:control:apply input_ptr=0x5f0405683560 input_len=2357 output_ptr=0x5f0405683560 output_len=2357 mode=borrow status=ok
LITCHI0691_CODEC call=121 profile=baseline stage=prefix:control:apply input_ptr=0x5f040568b220 input_len=2589 output_ptr=0x5f040568b220 output_len=2589 mode=borrow status=ok
LITCHI0691_CODEC call=122 profile=baseline stage=prefix:control:apply input_ptr=0x5f04056dcb70 input_len=16935 output_ptr=0x5f04056dcb70 output_len=16935 mode=borrow status=ok
LITCHI0691_CODEC call=123 profile=baseline stage=prefix:control:apply input_ptr=0x5f040568a630 input_len=3038 output_ptr=0x5f040568a630 output_len=3038 mode=borrow status=ok
LITCHI0691_CODEC call=124 profile=baseline stage=prefix:control:apply input_ptr=0x5f040575eca0 input_len=31153 output_ptr=0x5f040575eca0 output_len=31153 mode=borrow status=ok
LITCHI0691_CODEC call=125 profile=baseline stage=prefix:control:apply input_ptr=0x5f040575a6e0 input_len=17833 output_ptr=0x5f040575a6e0 output_len=17833 mode=borrow status=ok
LITCHI0691_CODEC call=126 profile=baseline stage=prefix:control:apply input_ptr=0x5f04056765b0 input_len=3037 output_ptr=0x5f04056765b0 output_len=3037 mode=borrow status=ok
LITCHI0691_CODEC call=127 profile=baseline stage=prefix:control:apply input_ptr=0x5f0405766660 input_len=28449 output_ptr=0x5f0405766660 output_len=28449 mode=borrow status=ok
LITCHI0691_CODEC call=128 profile=baseline stage=prefix:control:apply input_ptr=0x5f04056771a0 input_len=2674 output_ptr=0x5f04056771a0 output_len=2674 mode=borrow status=ok
LITCHI0691_CODEC call=129 profile=baseline stage=prefix:control:apply input_ptr=0x5f0405678810 input_len=2676 output_ptr=0x5f0405678810 output_len=2676 mode=borrow status=ok
LITCHI0691_CODEC call=130 profile=baseline stage=prefix:control:apply input_ptr=0x5f0405677c20 input_len=3037 output_ptr=0x5f0405677c20 output_len=3037 mode=borrow status=ok
LITCHI0691_CODEC call=131 profile=baseline stage=prefix:control:apply input_ptr=0x5f0405780140 input_len=121498 output_ptr=0x5f0405780140 output_len=121498 mode=borrow status=ok
LITCHI0691_CODEC call=132 profile=baseline stage=prefix:control:apply input_ptr=0x5f04057534e0 input_len=29160 output_ptr=0x5f04057534e0 output_len=29160 mode=borrow status=ok
LITCHI0691_CODEC call=133 profile=baseline stage=prefix:control:apply input_ptr=0x5f0405688ab0 input_len=7028 output_ptr=0x5f0405688ab0 output_len=7028 mode=borrow status=ok
LITCHI0691_MODEL profile=baseline stage=capture_success parts=58 slides=13
LITCHI0691_PART profile=baseline stage=process_part uri=/ppt/presentation.xml visible_ptr=0x5f0405683560 visible_len=2357 arc_struct_ptr=0x5f040569e910 arc_bytes_ptr=0x5f0405683560 arc_len=2357 alias=true
LITCHI0691_CODEC call=134 profile=baseline stage=prefix:control:apply input_ptr=0x5f0405683560 input_len=2357 output_ptr=0x5f0405683560 output_len=2357 mode=borrow status=ok
