LITCHI0691_PART profile=baseline stage=process_part uri=/ppt/presentation.xml visible_ptr=0x56b2ea22cab0 visible_len=976 arc_struct_ptr=0x56b2ea20ef50 arc_bytes_ptr=0x56b2ea22cab0 arc_len=976 alias=true
LITCHI0691_CODEC call=0 profile=baseline stage=prefix:generated:capture input_ptr=0x56b2ea22cab0 input_len=976 output_ptr=0x56b2ea22cab0 output_len=976 mode=borrow status=ok
LITCHI0691_MODEL profile=baseline stage=capture_begin parts=33
LITCHI0691_PART profile=baseline stage=process_part uri=/ppt/presentation.xml visible_ptr=0x56b2ea22cab0 visible_len=976 arc_struct_ptr=0x56b2ea20ef50 arc_bytes_ptr=0x56b2ea22cab0 arc_len=976 alias=true
LITCHI0691_CODEC call=1 profile=baseline stage=prefix:generated:capture input_ptr=0x56b2ea22cab0 input_len=976 output_ptr=0x56b2ea22cab0 output_len=976 mode=borrow status=ok
LITCHI0691_PART profile=baseline stage=process_part uri=/ppt/presentation.xml visible_ptr=0x56b2ea22cab0 visible_len=976 arc_struct_ptr=0x56b2ea20ef50 arc_bytes_ptr=0x56b2ea22cab0 arc_len=976 alias=true
LITCHI0691_CODEC call=2 profile=baseline stage=prefix:generated:capture input_ptr=0x56b2ea22cab0 input_len=976 output_ptr=0x56b2ea22cab0 output_len=976 mode=borrow status=ok
LITCHI0691_PART profile=baseline stage=process_part uri=/ppt/presentation.xml visible_ptr=0x56b2ea22cab0 visible_len=976 arc_struct_ptr=0x56b2ea20ef50 arc_bytes_ptr=0x56b2ea22cab0 arc_len=976 alias=true
LITCHI0691_CODEC call=3 profile=baseline stage=prefix:generated:capture input_ptr=0x56b2ea22cab0 input_len=976 output_ptr=0x56b2ea22cab0 output_len=976 mode=borrow status=ok
LITCHI0691_PART profile=baseline stage=process_part uri=/ppt/slides/slide1.xml visible_ptr=0x56b2ea2032d0 visible_len=3523 arc_struct_ptr=0x56b2ea20e990 arc_bytes_ptr=0x56b2ea2032d0 arc_len=3523 alias=true
LITCHI0691_CODEC call=4 profile=baseline stage=prefix:generated:capture input_ptr=0x56b2ea2032d0 input_len=3523 output_ptr=0x56b2ea2032d0 output_len=3523 mode=borrow status=ok
LITCHI0691_PART profile=baseline stage=process_part uri=/ppt/slides/slide2.xml visible_ptr=0x56b2ea206a10 visible_len=3523 arc_struct_ptr=0x56b2ea20f850 arc_bytes_ptr=0x56b2ea206a10 arc_len=3523 alias=true
LITCHI0691_CODEC call=5 profile=baseline stage=prefix:generated:capture input_ptr=0x56b2ea206a10 input_len=3523 output_ptr=0x56b2ea206a10 output_len=3523 mode=borrow status=ok
LITCHI0691_PART profile=baseline stage=process_part uri=/ppt/slides/slide3.xml visible_ptr=0x56b2ea2077e0 visible_len=3523 arc_struct_ptr=0x56b2ea20e790 arc_bytes_ptr=0x56b2ea2077e0 arc_len=3523 alias=true
LITCHI0691_CODEC call=6 profile=baseline stage=prefix:generated:capture input_ptr=0x56b2ea2077e0 input_len=3523 output_ptr=0x56b2ea2077e0 output_len=3523 mode=borrow status=ok
LITCHI0691_PART profile=baseline stage=process_part uri=/ppt/slides/slide4.xml visible_ptr=0x56b2ea2085b0 visible_len=3523 arc_struct_ptr=0x56b2ea20ea70 arc_bytes_ptr=0x56b2ea2085b0 arc_len=3523 alias=true
LITCHI0691_CODEC call=7 profile=baseline stage=prefix:generated:capture input_ptr=0x56b2ea2085b0 input_len=3523 output_ptr=0x56b2ea2085b0 output_len=3523 mode=borrow status=ok
LITCHI0691_PART profile=baseline stage=process_part uri=/ppt/slides/slide5.xml visible_ptr=0x56b2ea2141f0 visible_len=3523 arc_struct_ptr=0x56b2ea20ed50 arc_bytes_ptr=0x56b2ea2141f0 arc_len=3523 alias=true
LITCHI0691_CODEC call=8 profile=baseline stage=prefix:generated:capture input_ptr=0x56b2ea2141f0 input_len=3523 output_ptr=0x56b2ea2141f0 output_len=3523 mode=borrow status=ok
LITCHI0691_PART profile=baseline stage=process_part uri=/ppt/slides/slide6.xml visible_ptr=0x56b2ea214fc0 visible_len=3523 arc_struct_ptr=0x56b2ea20f490 arc_bytes_ptr=0x56b2ea214fc0 arc_len=3523 alias=true
LITCHI0691_CODEC call=9 profile=baseline stage=prefix:generated:capture input_ptr=0x56b2ea214fc0 input_len=3523 output_ptr=0x56b2ea214fc0 output_len=3523 mode=borrow status=ok
LITCHI0691_PART profile=baseline stage=process_part uri=/ppt/slides/slide7.xml visible_ptr=0x56b2ea215d90 visible_len=3523 arc_struct_ptr=0x56b2ea20f610 arc_bytes_ptr=0x56b2ea215d90 arc_len=3523 alias=true
LITCHI0691_CODEC call=10 profile=baseline stage=prefix:generated:capture input_ptr=0x56b2ea215d90 input_len=3523 output_ptr=0x56b2ea215d90 output_len=3523 mode=borrow status=ok
LITCHI0691_PART profile=baseline stage=process_part uri=/ppt/slides/slide8.xml visible_ptr=0x56b2ea216b60 visible_len=3523 arc_struct_ptr=0x56b2ea20e570 arc_bytes_ptr=0x56b2ea216b60 arc_len=3523 alias=true
LITCHI0691_CODEC call=11 profile=baseline stage=prefix:generated:capture input_ptr=0x56b2ea216b60 input_len=3523 output_ptr=0x56b2ea216b60 output_len=3523 mode=borrow status=ok
LITCHI0691_PART profile=baseline stage=process_part uri=/ppt/slides/slide9.xml visible_ptr=0x56b2ea217930 visible_len=3523 arc_struct_ptr=0x56b2ea22a620 arc_bytes_ptr=0x56b2ea217930 arc_len=3523 alias=true
LITCHI0691_CODEC call=12 profile=baseline stage=prefix:generated:capture input_ptr=0x56b2ea217930 input_len=3523 output_ptr=0x56b2ea217930 output_len=3523 mode=borrow status=ok
LITCHI0691_PART profile=baseline stage=process_part uri=/ppt/slides/slide10.xml visible_ptr=0x56b2ea2040a0 visible_len=3523 arc_struct_ptr=0x56b2ea20e130 arc_bytes_ptr=0x56b2ea2040a0 arc_len=3523 alias=true
LITCHI0691_CODEC call=13 profile=baseline stage=prefix:generated:capture input_ptr=0x56b2ea2040a0 input_len=3523 output_ptr=0x56b2ea2040a0 output_len=3523 mode=borrow status=ok
LITCHI0691_PART profile=baseline stage=process_part uri=/ppt/slides/slide11.xml visible_ptr=0x56b2ea204e70 visible_len=3523 arc_struct_ptr=0x56b2ea20f790 arc_bytes_ptr=0x56b2ea204e70 arc_len=3523 alias=true
LITCHI0691_CODEC call=14 profile=baseline stage=prefix:generated:capture input_ptr=0x56b2ea204e70 input_len=3523 output_ptr=0x56b2ea204e70 output_len=3523 mode=borrow status=ok
LITCHI0691_PART profile=baseline stage=process_part uri=/ppt/slides/slide12.xml visible_ptr=0x56b2ea205c40 visible_len=3523 arc_struct_ptr=0x56b2ea25f5c0 arc_bytes_ptr=0x56b2ea205c40 arc_len=3523 alias=true
LITCHI0691_CODEC call=15 profile=baseline stage=prefix:generated:capture input_ptr=0x56b2ea205c40 input_len=3523 output_ptr=0x56b2ea205c40 output_len=3523 mode=borrow status=ok
LITCHI0691_PART profile=baseline stage=process_part uri=/ppt/slides/slide1.xml visible_ptr=0x56b2ea2032d0 visible_len=3523 arc_struct_ptr=0x56b2ea20e990 arc_bytes_ptr=0x56b2ea2032d0 arc_len=3523 alias=true
LITCHI0691_CODEC call=16 profile=baseline stage=prefix:generated:capture input_ptr=0x56b2ea2032d0 input_len=3523 output_ptr=0x56b2ea2032d0 output_len=3523 mode=borrow status=ok
LITCHI0691_PART profile=baseline stage=process_part uri=/ppt/slides/slide2.xml visible_ptr=0x56b2ea206a10 visible_len=3523 arc_struct_ptr=0x56b2ea20f850 arc_bytes_ptr=0x56b2ea206a10 arc_len=3523 alias=true
LITCHI0691_CODEC call=17 profile=baseline stage=prefix:generated:capture input_ptr=0x56b2ea206a10 input_len=3523 output_ptr=0x56b2ea206a10 output_len=3523 mode=borrow status=ok
LITCHI0691_PART profile=baseline stage=process_part uri=/ppt/slides/slide3.xml visible_ptr=0x56b2ea2077e0 visible_len=3523 arc_struct_ptr=0x56b2ea20e790 arc_bytes_ptr=0x56b2ea2077e0 arc_len=3523 alias=true
LITCHI0691_CODEC call=18 profile=baseline stage=prefix:generated:capture input_ptr=0x56b2ea2077e0 input_len=3523 output_ptr=0x56b2ea2077e0 output_len=3523 mode=borrow status=ok
LITCHI0691_PART profile=baseline stage=process_part uri=/ppt/slides/slide4.xml visible_ptr=0x56b2ea2085b0 visible_len=3523 arc_struct_ptr=0x56b2ea20ea70 arc_bytes_ptr=0x56b2ea2085b0 arc_len=3523 alias=true
LITCHI0691_CODEC call=19 profile=baseline stage=prefix:generated:capture input_ptr=0x56b2ea2085b0 input_len=3523 output_ptr=0x56b2ea2085b0 output_len=3523 mode=borrow status=ok
LITCHI0691_PART profile=baseline stage=process_part uri=/ppt/slides/slide5.xml visible_ptr=0x56b2ea2141f0 visible_len=3523 arc_struct_ptr=0x56b2ea20ed50 arc_bytes_ptr=0x56b2ea2141f0 arc_len=3523 alias=true
LITCHI0691_CODEC call=20 profile=baseline stage=prefix:generated:capture input_ptr=0x56b2ea2141f0 input_len=3523 output_ptr=0x56b2ea2141f0 output_len=3523 mode=borrow status=ok
LITCHI0691_PART profile=baseline stage=process_part uri=/ppt/slides/slide6.xml visible_ptr=0x56b2ea214fc0 visible_len=3523 arc_struct_ptr=0x56b2ea20f490 arc_bytes_ptr=0x56b2ea214fc0 arc_len=3523 alias=true
LITCHI0691_CODEC call=21 profile=baseline stage=prefix:generated:capture input_ptr=0x56b2ea214fc0 input_len=3523 output_ptr=0x56b2ea214fc0 output_len=3523 mode=borrow status=ok
LITCHI0691_PART profile=baseline stage=process_part uri=/ppt/slides/slide7.xml visible_ptr=0x56b2ea215d90 visible_len=3523 arc_struct_ptr=0x56b2ea20f610 arc_bytes_ptr=0x56b2ea215d90 arc_len=3523 alias=true
LITCHI0691_CODEC call=22 profile=baseline stage=prefix:generated:capture input_ptr=0x56b2ea215d90 input_len=3523 output_ptr=0x56b2ea215d90 output_len=3523 mode=borrow status=ok
LITCHI0691_PART profile=baseline stage=process_part uri=/ppt/slides/slide8.xml visible_ptr=0x56b2ea216b60 visible_len=3523 arc_struct_ptr=0x56b2ea20e570 arc_bytes_ptr=0x56b2ea216b60 arc_len=3523 alias=true
LITCHI0691_CODEC call=23 profile=baseline stage=prefix:generated:capture input_ptr=0x56b2ea216b60 input_len=3523 output_ptr=0x56b2ea216b60 output_len=3523 mode=borrow status=ok
LITCHI0691_PART profile=baseline stage=process_part uri=/ppt/slides/slide9.xml visible_ptr=0x56b2ea217930 visible_len=3523 arc_struct_ptr=0x56b2ea22a620 arc_bytes_ptr=0x56b2ea217930 arc_len=3523 alias=true
LITCHI0691_CODEC call=24 profile=baseline stage=prefix:generated:capture input_ptr=0x56b2ea217930 input_len=3523 output_ptr=0x56b2ea217930 output_len=3523 mode=borrow status=ok
LITCHI0691_PART profile=baseline stage=process_part uri=/ppt/slides/slide10.xml visible_ptr=0x56b2ea2040a0 visible_len=3523 arc_struct_ptr=0x56b2ea20e130 arc_bytes_ptr=0x56b2ea2040a0 arc_len=3523 alias=true
LITCHI0691_CODEC call=25 profile=baseline stage=prefix:generated:capture input_ptr=0x56b2ea2040a0 input_len=3523 output_ptr=0x56b2ea2040a0 output_len=3523 mode=borrow status=ok
LITCHI0691_PART profile=baseline stage=process_part uri=/ppt/slides/slide11.xml visible_ptr=0x56b2ea204e70 visible_len=3523 arc_struct_ptr=0x56b2ea20f790 arc_bytes_ptr=0x56b2ea204e70 arc_len=3523 alias=true
LITCHI0691_CODEC call=26 profile=baseline stage=prefix:generated:capture input_ptr=0x56b2ea204e70 input_len=3523 output_ptr=0x56b2ea204e70 output_len=3523 mode=borrow status=ok
LITCHI0691_PART profile=baseline stage=process_part uri=/ppt/slides/slide12.xml visible_ptr=0x56b2ea205c40 visible_len=3523 arc_struct_ptr=0x56b2ea25f5c0 arc_bytes_ptr=0x56b2ea205c40 arc_len=3523 alias=true
LITCHI0691_CODEC call=27 profile=baseline stage=prefix:generated:capture input_ptr=0x56b2ea205c40 input_len=3523 output_ptr=0x56b2ea205c40 output_len=3523 mode=borrow status=ok
LITCHI0691_CODEC call=28 profile=baseline stage=prefix:generated:capture input_ptr=0x56b2ea22cab0 input_len=976 output_ptr=0x56b2ea22cab0 output_len=976 mode=borrow status=ok
LITCHI0691_CODEC call=29 profile=baseline stage=prefix:generated:capture input_ptr=0x56b2ea22cab0 input_len=976 output_ptr=0x56b2ea22cab0 output_len=976 mode=borrow status=ok
LITCHI0691_CODEC call=30 profile=baseline stage=prefix:generated:capture input_ptr=0x56b2ea2032d0 input_len=3523 output_ptr=0x56b2ea2032d0 output_len=3523 mode=borrow status=ok
LITCHI0691_CODEC call=31 profile=baseline stage=prefix:generated:capture input_ptr=0x56b2ea206a10 input_len=3523 output_ptr=0x56b2ea206a10 output_len=3523 mode=borrow status=ok
LITCHI0691_CODEC call=32 profile=baseline stage=prefix:generated:capture input_ptr=0x56b2ea2077e0 input_len=3523 output_ptr=0x56b2ea2077e0 output_len=3523 mode=borrow status=ok
LITCHI0691_CODEC call=33 profile=baseline stage=prefix:generated:capture input_ptr=0x56b2ea2085b0 input_len=3523 output_ptr=0x56b2ea2085b0 output_len=3523 mode=borrow status=ok
LITCHI0691_CODEC call=34 profile=baseline stage=prefix:generated:capture input_ptr=0x56b2ea2141f0 input_len=3523 output_ptr=0x56b2ea2141f0 output_len=3523 mode=borrow status=ok
LITCHI0691_CODEC call=35 profile=baseline stage=prefix:generated:capture input_ptr=0x56b2ea214fc0 input_len=3523 output_ptr=0x56b2ea214fc0 output_len=3523 mode=borrow status=ok
LITCHI0691_CODEC call=36 profile=baseline stage=prefix:generated:capture input_ptr=0x56b2ea215d90 input_len=3523 output_ptr=0x56b2ea215d90 output_len=3523 mode=borrow status=ok
LITCHI0691_CODEC call=37 profile=baseline stage=prefix:generated:capture input_ptr=0x56b2ea216b60 input_len=3523 output_ptr=0x56b2ea216b60 output_len=3523 mode=borrow status=ok
LITCHI0691_CODEC call=38 profile=baseline stage=prefix:generated:capture input_ptr=0x56b2ea217930 input_len=3523 output_ptr=0x56b2ea217930 output_len=3523 mode=borrow status=ok
LITCHI0691_CODEC call=39 profile=baseline stage=prefix:generated:capture input_ptr=0x56b2ea2040a0 input_len=3523 output_ptr=0x56b2ea2040a0 output_len=3523 mode=borrow status=ok
LITCHI0691_CODEC call=40 profile=baseline stage=prefix:generated:capture input_ptr=0x56b2ea204e70 input_len=3523 output_ptr=0x56b2ea204e70 output_len=3523 mode=borrow status=ok
LITCHI0691_CODEC call=41 profile=baseline stage=prefix:generated:capture input_ptr=0x56b2ea205c40 input_len=3523 output_ptr=0x56b2ea205c40 output_len=3523 mode=borrow status=ok
LITCHI0691_CODEC call=42 profile=baseline stage=prefix:generated:capture input_ptr=0x56b2ea20fee0 input_len=7626 output_ptr=0x56b2ea20fee0 output_len=7626 mode=borrow status=ok
LITCHI0691_CODEC call=43 profile=baseline stage=prefix:generated:capture input_ptr=0x56b2ea2483a0 input_len=7653 output_ptr=0x56b2ea2483a0 output_len=7653 mode=borrow status=ok
LITCHI0691_MODEL profile=baseline stage=capture_success parts=33 slides=12
