LITCHI0691_PART profile=baseline stage=process_part uri=/ppt/presentation.xml visible_ptr=0x55b1e106d470 visible_len=976 arc_struct_ptr=0x55b1e1057ec0 arc_bytes_ptr=0x55b1e106d470 arc_len=976 alias=true
LITCHI0691_CODEC call=0 profile=baseline stage=prefix:generated:apply input_ptr=0x55b1e106d470 input_len=976 output_ptr=0x55b1e106d470 output_len=976 mode=borrow status=ok
LITCHI0691_MODEL profile=baseline stage=capture_begin parts=33
LITCHI0691_PART profile=baseline stage=process_part uri=/ppt/presentation.xml visible_ptr=0x55b1e106d470 visible_len=976 arc_struct_ptr=0x55b1e1057ec0 arc_bytes_ptr=0x55b1e106d470 arc_len=976 alias=true
LITCHI0691_CODEC call=1 profile=baseline stage=prefix:generated:apply input_ptr=0x55b1e106d470 input_len=976 output_ptr=0x55b1e106d470 output_len=976 mode=borrow status=ok
LITCHI0691_PART profile=baseline stage=process_part uri=/ppt/presentation.xml visible_ptr=0x55b1e106d470 visible_len=976 arc_struct_ptr=0x55b1e1057ec0 arc_bytes_ptr=0x55b1e106d470 arc_len=976 alias=true
LITCHI0691_CODEC call=2 profile=baseline stage=prefix:generated:apply input_ptr=0x55b1e106d470 input_len=976 output_ptr=0x55b1e106d470 output_len=976 mode=borrow status=ok
LITCHI0691_PART profile=baseline stage=process_part uri=/ppt/presentation.xml visible_ptr=0x55b1e106d470 visible_len=976 arc_struct_ptr=0x55b1e1057ec0 arc_bytes_ptr=0x55b1e106d470 arc_len=976 alias=true
LITCHI0691_CODEC call=3 profile=baseline stage=prefix:generated:apply input_ptr=0x55b1e106d470 input_len=976 output_ptr=0x55b1e106d470 output_len=976 mode=borrow status=ok
LITCHI0691_PART profile=baseline stage=process_part uri=/ppt/slides/slide1.xml visible_ptr=0x55b1e1089a60 visible_len=3523 arc_struct_ptr=0x55b1e1057900 arc_bytes_ptr=0x55b1e1089a60 arc_len=3523 alias=true
LITCHI0691_CODEC call=4 profile=baseline stage=prefix:generated:apply input_ptr=0x55b1e1089a60 input_len=3523 output_ptr=0x55b1e1089a60 output_len=3523 mode=borrow status=ok
LITCHI0691_PART profile=baseline stage=process_part uri=/ppt/slides/slide2.xml visible_ptr=0x55b1e108d6e0 visible_len=3523 arc_struct_ptr=0x55b1e10584c0 arc_bytes_ptr=0x55b1e108d6e0 arc_len=3523 alias=true
LITCHI0691_CODEC call=5 profile=baseline stage=prefix:generated:apply input_ptr=0x55b1e108d6e0 input_len=3523 output_ptr=0x55b1e108d6e0 output_len=3523 mode=borrow status=ok
LITCHI0691_PART profile=baseline stage=process_part uri=/ppt/slides/slide3.xml visible_ptr=0x55b1e108e4b0 visible_len=3523 arc_struct_ptr=0x55b1e1057fa0 arc_bytes_ptr=0x55b1e108e4b0 arc_len=3523 alias=true
LITCHI0691_CODEC call=6 profile=baseline stage=prefix:generated:apply input_ptr=0x55b1e108e4b0 input_len=3523 output_ptr=0x55b1e108e4b0 output_len=3523 mode=borrow status=ok
LITCHI0691_PART profile=baseline stage=process_part uri=/ppt/slides/slide4.xml visible_ptr=0x55b1e108f280 visible_len=3523 arc_struct_ptr=0x55b1e10572b0 arc_bytes_ptr=0x55b1e108f280 arc_len=3523 alias=true
LITCHI0691_CODEC call=7 profile=baseline stage=prefix:generated:apply input_ptr=0x55b1e108f280 input_len=3523 output_ptr=0x55b1e108f280 output_len=3523 mode=borrow status=ok
LITCHI0691_PART profile=baseline stage=process_part uri=/ppt/slides/slide5.xml visible_ptr=0x55b1e1090050 visible_len=3523 arc_struct_ptr=0x55b1e1057590 arc_bytes_ptr=0x55b1e1090050 arc_len=3523 alias=true
LITCHI0691_CODEC call=8 profile=baseline stage=prefix:generated:apply input_ptr=0x55b1e1090050 input_len=3523 output_ptr=0x55b1e1090050 output_len=3523 mode=borrow status=ok
LITCHI0691_PART profile=baseline stage=process_part uri=/ppt/slides/slide6.xml visible_ptr=0x55b1e10482d0 visible_len=3523 arc_struct_ptr=0x55b1e1058880 arc_bytes_ptr=0x55b1e10482d0 arc_len=3523 alias=true
LITCHI0691_CODEC call=9 profile=baseline stage=prefix:generated:apply input_ptr=0x55b1e10482d0 input_len=3523 output_ptr=0x55b1e10482d0 output_len=3523 mode=borrow status=ok
LITCHI0691_PART profile=baseline stage=process_part uri=/ppt/slides/slide7.xml visible_ptr=0x55b1e10490a0 visible_len=3523 arc_struct_ptr=0x55b1e1058700 arc_bytes_ptr=0x55b1e10490a0 arc_len=3523 alias=true
LITCHI0691_CODEC call=10 profile=baseline stage=prefix:generated:apply input_ptr=0x55b1e10490a0 input_len=3523 output_ptr=0x55b1e10490a0 output_len=3523 mode=borrow status=ok
LITCHI0691_PART profile=baseline stage=process_part uri=/ppt/slides/slide8.xml visible_ptr=0x55b1e1049e70 visible_len=3523 arc_struct_ptr=0x55b1e1058c60 arc_bytes_ptr=0x55b1e1049e70 arc_len=3523 alias=true
LITCHI0691_CODEC call=11 profile=baseline stage=prefix:generated:apply input_ptr=0x55b1e1049e70 input_len=3523 output_ptr=0x55b1e1049e70 output_len=3523 mode=borrow status=ok
LITCHI0691_PART profile=baseline stage=process_part uri=/ppt/slides/slide9.xml visible_ptr=0x55b1e104ac40 visible_len=3523 arc_struct_ptr=0x55b1e1057d80 arc_bytes_ptr=0x55b1e104ac40 arc_len=3523 alias=true
LITCHI0691_CODEC call=12 profile=baseline stage=prefix:generated:apply input_ptr=0x55b1e104ac40 input_len=3523 output_ptr=0x55b1e104ac40 output_len=3523 mode=borrow status=ok
LITCHI0691_PART profile=baseline stage=process_part uri=/ppt/slides/slide10.xml visible_ptr=0x55b1e108ad70 visible_len=3523 arc_struct_ptr=0x55b1e1057cc0 arc_bytes_ptr=0x55b1e108ad70 arc_len=3523 alias=true
LITCHI0691_CODEC call=13 profile=baseline stage=prefix:generated:apply input_ptr=0x55b1e108ad70 input_len=3523 output_ptr=0x55b1e108ad70 output_len=3523 mode=borrow status=ok
LITCHI0691_PART profile=baseline stage=process_part uri=/ppt/slides/slide11.xml visible_ptr=0x55b1e108bb40 visible_len=3523 arc_struct_ptr=0x55b1e10579e0 arc_bytes_ptr=0x55b1e108bb40 arc_len=3523 alias=true
LITCHI0691_CODEC call=14 profile=baseline stage=prefix:generated:apply input_ptr=0x55b1e108bb40 input_len=3523 output_ptr=0x55b1e108bb40 output_len=3523 mode=borrow status=ok
LITCHI0691_PART profile=baseline stage=process_part uri=/ppt/slides/slide12.xml visible_ptr=0x55b1e108c910 visible_len=3523 arc_struct_ptr=0x55b1e10624c0 arc_bytes_ptr=0x55b1e108c910 arc_len=3523 alias=true
LITCHI0691_CODEC call=15 profile=baseline stage=prefix:generated:apply input_ptr=0x55b1e108c910 input_len=3523 output_ptr=0x55b1e108c910 output_len=3523 mode=borrow status=ok
LITCHI0691_PART profile=baseline stage=process_part uri=/ppt/slides/slide1.xml visible_ptr=0x55b1e1089a60 visible_len=3523 arc_struct_ptr=0x55b1e1057900 arc_bytes_ptr=0x55b1e1089a60 arc_len=3523 alias=true
LITCHI0691_CODEC call=16 profile=baseline stage=prefix:generated:apply input_ptr=0x55b1e1089a60 input_len=3523 output_ptr=0x55b1e1089a60 output_len=3523 mode=borrow status=ok
LITCHI0691_PART profile=baseline stage=process_part uri=/ppt/slides/slide2.xml visible_ptr=0x55b1e108d6e0 visible_len=3523 arc_struct_ptr=0x55b1e10584c0 arc_bytes_ptr=0x55b1e108d6e0 arc_len=3523 alias=true
LITCHI0691_CODEC call=17 profile=baseline stage=prefix:generated:apply input_ptr=0x55b1e108d6e0 input_len=3523 output_ptr=0x55b1e108d6e0 output_len=3523 mode=borrow status=ok
LITCHI0691_PART profile=baseline stage=process_part uri=/ppt/slides/slide3.xml visible_ptr=0x55b1e108e4b0 visible_len=3523 arc_struct_ptr=0x55b1e1057fa0 arc_bytes_ptr=0x55b1e108e4b0 arc_len=3523 alias=true
LITCHI0691_CODEC call=18 profile=baseline stage=prefix:generated:apply input_ptr=0x55b1e108e4b0 input_len=3523 output_ptr=0x55b1e108e4b0 output_len=3523 mode=borrow status=ok
LITCHI0691_PART profile=baseline stage=process_part uri=/ppt/slides/slide4.xml visible_ptr=0x55b1e108f280 visible_len=3523 arc_struct_ptr=0x55b1e10572b0 arc_bytes_ptr=0x55b1e108f280 arc_len=3523 alias=true
LITCHI0691_CODEC call=19 profile=baseline stage=prefix:generated:apply input_ptr=0x55b1e108f280 input_len=3523 output_ptr=0x55b1e108f280 output_len=3523 mode=borrow status=ok
LITCHI0691_PART profile=baseline stage=process_part uri=/ppt/slides/slide5.xml visible_ptr=0x55b1e1090050 visible_len=3523 arc_struct_ptr=0x55b1e1057590 arc_bytes_ptr=0x55b1e1090050 arc_len=3523 alias=true
LITCHI0691_CODEC call=20 profile=baseline stage=prefix:generated:apply input_ptr=0x55b1e1090050 input_len=3523 output_ptr=0x55b1e1090050 output_len=3523 mode=borrow status=ok
LITCHI0691_PART profile=baseline stage=process_part uri=/ppt/slides/slide6.xml visible_ptr=0x55b1e10482d0 visible_len=3523 arc_struct_ptr=0x55b1e1058880 arc_bytes_ptr=0x55b1e10482d0 arc_len=3523 alias=true
LITCHI0691_CODEC call=21 profile=baseline stage=prefix:generated:apply input_ptr=0x55b1e10482d0 input_len=3523 output_ptr=0x55b1e10482d0 output_len=3523 mode=borrow status=ok
LITCHI0691_PART profile=baseline stage=process_part uri=/ppt/slides/slide7.xml visible_ptr=0x55b1e10490a0 visible_len=3523 arc_struct_ptr=0x55b1e1058700 arc_bytes_ptr=0x55b1e10490a0 arc_len=3523 alias=true
LITCHI0691_CODEC call=22 profile=baseline stage=prefix:generated:apply input_ptr=0x55b1e10490a0 input_len=3523 output_ptr=0x55b1e10490a0 output_len=3523 mode=borrow status=ok
LITCHI0691_PART profile=baseline stage=process_part uri=/ppt/slides/slide8.xml visible_ptr=0x55b1e1049e70 visible_len=3523 arc_struct_ptr=0x55b1e1058c60 arc_bytes_ptr=0x55b1e1049e70 arc_len=3523 alias=true
LITCHI0691_CODEC call=23 profile=baseline stage=prefix:generated:apply input_ptr=0x55b1e1049e70 input_len=3523 output_ptr=0x55b1e1049e70 output_len=3523 mode=borrow status=ok
LITCHI0691_PART profile=baseline stage=process_part uri=/ppt/slides/slide9.xml visible_ptr=0x55b1e104ac40 visible_len=3523 arc_struct_ptr=0x55b1e1057d80 arc_bytes_ptr=0x55b1e104ac40 arc_len=3523 alias=true
LITCHI0691_CODEC call=24 profile=baseline stage=prefix:generated:apply input_ptr=0x55b1e104ac40 input_len=3523 output_ptr=0x55b1e104ac40 output_len=3523 mode=borrow status=ok
LITCHI0691_PART profile=baseline stage=process_part uri=/ppt/slides/slide10.xml visible_ptr=0x55b1e108ad70 visible_len=3523 arc_struct_ptr=0x55b1e1057cc0 arc_bytes_ptr=0x55b1e108ad70 arc_len=3523 alias=true
LITCHI0691_CODEC call=25 profile=baseline stage=prefix:generated:apply input_ptr=0x55b1e108ad70 input_len=3523 output_ptr=0x55b1e108ad70 output_len=3523 mode=borrow status=ok
LITCHI0691_PART profile=baseline stage=process_part uri=/ppt/slides/slide11.xml visible_ptr=0x55b1e108bb40 visible_len=3523 arc_struct_ptr=0x55b1e10579e0 arc_bytes_ptr=0x55b1e108bb40 arc_len=3523 alias=true
LITCHI0691_CODEC call=26 profile=baseline stage=prefix:generated:apply input_ptr=0x55b1e108bb40 input_len=3523 output_ptr=0x55b1e108bb40 output_len=3523 mode=borrow status=ok
LITCHI0691_PART profile=baseline stage=process_part uri=/ppt/slides/slide12.xml visible_ptr=0x55b1e108c910 visible_len=3523 arc_struct_ptr=0x55b1e10624c0 arc_bytes_ptr=0x55b1e108c910 arc_len=3523 alias=true
LITCHI0691_CODEC call=27 profile=baseline stage=prefix:generated:apply input_ptr=0x55b1e108c910 input_len=3523 output_ptr=0x55b1e108c910 output_len=3523 mode=borrow status=ok
LITCHI0691_CODEC call=28 profile=baseline stage=prefix:generated:apply input_ptr=0x55b1e106d470 input_len=976 output_ptr=0x55b1e106d470 output_len=976 mode=borrow status=ok
LITCHI0691_CODEC call=29 profile=baseline stage=prefix:generated:apply input_ptr=0x55b1e106d470 input_len=976 output_ptr=0x55b1e106d470 output_len=976 mode=borrow status=ok
LITCHI0691_CODEC call=30 profile=baseline stage=prefix:generated:apply input_ptr=0x55b1e1089a60 input_len=3523 output_ptr=0x55b1e1089a60 output_len=3523 mode=borrow status=ok
LITCHI0691_CODEC call=31 profile=baseline stage=prefix:generated:apply input_ptr=0x55b1e108d6e0 input_len=3523 output_ptr=0x55b1e108d6e0 output_len=3523 mode=borrow status=ok
LITCHI0691_CODEC call=32 profile=baseline stage=prefix:generated:apply input_ptr=0x55b1e108e4b0 input_len=3523 output_ptr=0x55b1e108e4b0 output_len=3523 mode=borrow status=ok
LITCHI0691_CODEC call=33 profile=baseline stage=prefix:generated:apply input_ptr=0x55b1e108f280 input_len=3523 output_ptr=0x55b1e108f280 output_len=3523 mode=borrow status=ok
LITCHI0691_CODEC call=34 profile=baseline stage=prefix:generated:apply input_ptr=0x55b1e1090050 input_len=3523 output_ptr=0x55b1e1090050 output_len=3523 mode=borrow status=ok
LITCHI0691_CODEC call=35 profile=baseline stage=prefix:generated:apply input_ptr=0x55b1e10482d0 input_len=3523 output_ptr=0x55b1e10482d0 output_len=3523 mode=borrow status=ok
LITCHI0691_CODEC call=36 profile=baseline stage=prefix:generated:apply input_ptr=0x55b1e10490a0 input_len=3523 output_ptr=0x55b1e10490a0 output_len=3523 mode=borrow status=ok
LITCHI0691_CODEC call=37 profile=baseline stage=prefix:generated:apply input_ptr=0x55b1e1049e70 input_len=3523 output_ptr=0x55b1e1049e70 output_len=3523 mode=borrow status=ok
LITCHI0691_CODEC call=38 profile=baseline stage=prefix:generated:apply input_ptr=0x55b1e104ac40 input_len=3523 output_ptr=0x55b1e104ac40 output_len=3523 mode=borrow status=ok
LITCHI0691_CODEC call=39 profile=baseline stage=prefix:generated:apply input_ptr=0x55b1e108ad70 input_len=3523 output_ptr=0x55b1e108ad70 output_len=3523 mode=borrow status=ok
LITCHI0691_CODEC call=40 profile=baseline stage=prefix:generated:apply input_ptr=0x55b1e108bb40 input_len=3523 output_ptr=0x55b1e108bb40 output_len=3523 mode=borrow status=ok
LITCHI0691_CODEC call=41 profile=baseline stage=prefix:generated:apply input_ptr=0x55b1e108c910 input_len=3523 output_ptr=0x55b1e108c910 output_len=3523 mode=borrow status=ok
LITCHI0691_CODEC call=42 profile=baseline stage=prefix:generated:apply input_ptr=0x55b1e10a1b10 input_len=7626 output_ptr=0x55b1e10a1b10 output_len=7626 mode=borrow status=ok
LITCHI0691_CODEC call=43 profile=baseline stage=prefix:generated:apply input_ptr=0x55b1e10591f0 input_len=7653 output_ptr=0x55b1e10591f0 output_len=7653 mode=borrow status=ok
LITCHI0691_MODEL profile=baseline stage=capture_success parts=33 slides=12
LITCHI0691_PART profile=baseline stage=process_part uri=/ppt/presentation.xml visible_ptr=0x55b1e106d470 visible_len=976 arc_struct_ptr=0x55b1e1058250 arc_bytes_ptr=0x55b1e106d470 arc_len=976 alias=true
LITCHI0691_CODEC call=44 profile=baseline stage=prefix:generated:apply input_ptr=0x55b1e106d470 input_len=976 output_ptr=0x55b1e106d470 output_len=976 mode=borrow status=ok
LITCHI0691_MODEL profile=baseline stage=capture_begin parts=33
LITCHI0691_PART profile=baseline stage=process_part uri=/ppt/presentation.xml visible_ptr=0x55b1e106d470 visible_len=976 arc_struct_ptr=0x55b1e1058250 arc_bytes_ptr=0x55b1e106d470 arc_len=976 alias=true
LITCHI0691_CODEC call=45 profile=baseline stage=prefix:generated:apply input_ptr=0x55b1e106d470 input_len=976 output_ptr=0x55b1e106d470 output_len=976 mode=borrow status=ok
LITCHI0691_PART profile=baseline stage=process_part uri=/ppt/presentation.xml visible_ptr=0x55b1e106d470 visible_len=976 arc_struct_ptr=0x55b1e1058250 arc_bytes_ptr=0x55b1e106d470 arc_len=976 alias=true
LITCHI0691_CODEC call=46 profile=baseline stage=prefix:generated:apply input_ptr=0x55b1e106d470 input_len=976 output_ptr=0x55b1e106d470 output_len=976 mode=borrow status=ok
LITCHI0691_PART profile=baseline stage=process_part uri=/ppt/presentation.xml visible_ptr=0x55b1e106d470 visible_len=976 arc_struct_ptr=0x55b1e1058250 arc_bytes_ptr=0x55b1e106d470 arc_len=976 alias=true
LITCHI0691_CODEC call=47 profile=baseline stage=prefix:generated:apply input_ptr=0x55b1e106d470 input_len=976 output_ptr=0x55b1e106d470 output_len=976 mode=borrow status=ok
LITCHI0691_PART profile=baseline stage=process_part uri=/ppt/slides/slide1.xml visible_ptr=0x55b1e1096550 visible_len=3523 arc_struct_ptr=0x55b1e1052c30 arc_bytes_ptr=0x55b1e1096550 arc_len=3523 alias=true
LITCHI0691_CODEC call=48 profile=baseline stage=prefix:generated:apply input_ptr=0x55b1e1096550 input_len=3523 output_ptr=0x55b1e1096550 output_len=3523 mode=borrow status=ok
LITCHI0691_PART profile=baseline stage=process_part uri=/ppt/slides/slide2.xml visible_ptr=0x55b1e1065b70 visible_len=3523 arc_struct_ptr=0x55b1e1071ed0 arc_bytes_ptr=0x55b1e1065b70 arc_len=3523 alias=true
LITCHI0691_CODEC call=49 profile=baseline stage=prefix:generated:apply input_ptr=0x55b1e1065b70 input_len=3523 output_ptr=0x55b1e1065b70 output_len=3523 mode=borrow status=ok
LITCHI0691_PART profile=baseline stage=process_part uri=/ppt/slides/slide3.xml visible_ptr=0x55b1e1066940 visible_len=3523 arc_struct_ptr=0x55b1e1091da0 arc_bytes_ptr=0x55b1e1066940 arc_len=3523 alias=true
LITCHI0691_CODEC call=50 profile=baseline stage=prefix:generated:apply input_ptr=0x55b1e1066940 input_len=3523 output_ptr=0x55b1e1066940 output_len=3523 mode=borrow status=ok
LITCHI0691_PART profile=baseline stage=process_part uri=/ppt/slides/slide4.xml visible_ptr=0x55b1e1067710 visible_len=3523 arc_struct_ptr=0x55b1e1062f20 arc_bytes_ptr=0x55b1e1067710 arc_len=3523 alias=true
LITCHI0691_CODEC call=51 profile=baseline stage=prefix:generated:apply input_ptr=0x55b1e1067710 input_len=3523 output_ptr=0x55b1e1067710 output_len=3523 mode=borrow status=ok
LITCHI0691_PART profile=baseline stage=process_part uri=/ppt/slides/slide5.xml visible_ptr=0x55b1e108ad70 visible_len=3523 arc_struct_ptr=0x55b1e1062fe0 arc_bytes_ptr=0x55b1e108ad70 arc_len=3523 alias=true
LITCHI0691_CODEC call=52 profile=baseline stage=prefix:generated:apply input_ptr=0x55b1e108ad70 input_len=3523 output_ptr=0x55b1e108ad70 output_len=3523 mode=borrow status=ok
LITCHI0691_PART profile=baseline stage=process_part uri=/ppt/slides/slide6.xml visible_ptr=0x55b1e108bb40 visible_len=3523 arc_struct_ptr=0x55b1e1063160 arc_bytes_ptr=0x55b1e108bb40 arc_len=3523 alias=true
LITCHI0691_CODEC call=53 profile=baseline stage=prefix:generated:apply input_ptr=0x55b1e108bb40 input_len=3523 output_ptr=0x55b1e108bb40 output_len=3523 mode=borrow status=ok
LITCHI0691_PART profile=baseline stage=process_part uri=/ppt/slides/slide7.xml visible_ptr=0x55b1e108c910 visible_len=3523 arc_struct_ptr=0x55b1e10933d0 arc_bytes_ptr=0x55b1e108c910 arc_len=3523 alias=true
LITCHI0691_CODEC call=54 profile=baseline stage=prefix:generated:apply input_ptr=0x55b1e108c910 input_len=3523 output_ptr=0x55b1e108c910 output_len=3523 mode=borrow status=ok
LITCHI0691_PART profile=baseline stage=process_part uri=/ppt/slides/slide8.xml visible_ptr=0x55b1e108d6e0 visible_len=3523 arc_struct_ptr=0x55b1e10927a0 arc_bytes_ptr=0x55b1e108d6e0 arc_len=3523 alias=true
LITCHI0691_CODEC call=55 profile=baseline stage=prefix:generated:apply input_ptr=0x55b1e108d6e0 input_len=3523 output_ptr=0x55b1e108d6e0 output_len=3523 mode=borrow status=ok
LITCHI0691_PART profile=baseline stage=process_part uri=/ppt/slides/slide9.xml visible_ptr=0x55b1e108e4b0 visible_len=3523 arc_struct_ptr=0x55b1e1053f40 arc_bytes_ptr=0x55b1e108e4b0 arc_len=3523 alias=true
LITCHI0691_CODEC call=56 profile=baseline stage=prefix:generated:apply input_ptr=0x55b1e108e4b0 input_len=3523 output_ptr=0x55b1e108e4b0 output_len=3523 mode=borrow status=ok
LITCHI0691_PART profile=baseline stage=process_part uri=/ppt/slides/slide10.xml visible_ptr=0x55b1e1063200 visible_len=3523 arc_struct_ptr=0x55b1e1071280 arc_bytes_ptr=0x55b1e1063200 arc_len=3523 alias=true
LITCHI0691_CODEC call=57 profile=baseline stage=prefix:generated:apply input_ptr=0x55b1e1063200 input_len=3523 output_ptr=0x55b1e1063200 output_len=3523 mode=borrow status=ok
LITCHI0691_PART profile=baseline stage=process_part uri=/ppt/slides/slide11.xml visible_ptr=0x55b1e1063fd0 visible_len=3523 arc_struct_ptr=0x55b1e1062e60 arc_bytes_ptr=0x55b1e1063fd0 arc_len=3523 alias=true
LITCHI0691_CODEC call=58 profile=baseline stage=prefix:generated:apply input_ptr=0x55b1e1063fd0 input_len=3523 output_ptr=0x55b1e1063fd0 output_len=3523 mode=borrow status=ok
LITCHI0691_PART profile=baseline stage=process_part uri=/ppt/slides/slide12.xml visible_ptr=0x55b1e1064da0 visible_len=3523 arc_struct_ptr=0x55b1e1098810 arc_bytes_ptr=0x55b1e1064da0 arc_len=3523 alias=true
LITCHI0691_CODEC call=59 profile=baseline stage=prefix:generated:apply input_ptr=0x55b1e1064da0 input_len=3523 output_ptr=0x55b1e1064da0 output_len=3523 mode=borrow status=ok
LITCHI0691_PART profile=baseline stage=process_part uri=/ppt/slides/slide1.xml visible_ptr=0x55b1e1096550 visible_len=3523 arc_struct_ptr=0x55b1e1052c30 arc_bytes_ptr=0x55b1e1096550 arc_len=3523 alias=true
LITCHI0691_CODEC call=60 profile=baseline stage=prefix:generated:apply input_ptr=0x55b1e1096550 input_len=3523 output_ptr=0x55b1e1096550 output_len=3523 mode=borrow status=ok
LITCHI0691_PART profile=baseline stage=process_part uri=/ppt/slides/slide2.xml visible_ptr=0x55b1e1065b70 visible_len=3523 arc_struct_ptr=0x55b1e1071ed0 arc_bytes_ptr=0x55b1e1065b70 arc_len=3523 alias=true
LITCHI0691_CODEC call=61 profile=baseline stage=prefix:generated:apply input_ptr=0x55b1e1065b70 input_len=3523 output_ptr=0x55b1e1065b70 output_len=3523 mode=borrow status=ok
LITCHI0691_PART profile=baseline stage=process_part uri=/ppt/slides/slide3.xml visible_ptr=0x55b1e1066940 visible_len=3523 arc_struct_ptr=0x55b1e1091da0 arc_bytes_ptr=0x55b1e1066940 arc_len=3523 alias=true
LITCHI0691_CODEC call=62 profile=baseline stage=prefix:generated:apply input_ptr=0x55b1e1066940 input_len=3523 output_ptr=0x55b1e1066940 output_len=3523 mode=borrow status=ok
LITCHI0691_PART profile=baseline stage=process_part uri=/ppt/slides/slide4.xml visible_ptr=0x55b1e1067710 visible_len=3523 arc_struct_ptr=0x55b1e1062f20 arc_bytes_ptr=0x55b1e1067710 arc_len=3523 alias=true
LITCHI0691_CODEC call=63 profile=baseline stage=prefix:generated:apply input_ptr=0x55b1e1067710 input_len=3523 output_ptr=0x55b1e1067710 output_len=3523 mode=borrow status=ok
LITCHI0691_PART profile=baseline stage=process_part uri=/ppt/slides/slide5.xml visible_ptr=0x55b1e108ad70 visible_len=3523 arc_struct_ptr=0x55b1e1062fe0 arc_bytes_ptr=0x55b1e108ad70 arc_len=3523 alias=true
LITCHI0691_CODEC call=64 profile=baseline stage=prefix:generated:apply input_ptr=0x55b1e108ad70 input_len=3523 output_ptr=0x55b1e108ad70 output_len=3523 mode=borrow status=ok
LITCHI0691_PART profile=baseline stage=process_part uri=/ppt/slides/slide6.xml visible_ptr=0x55b1e108bb40 visible_len=3523 arc_struct_ptr=0x55b1e1063160 arc_bytes_ptr=0x55b1e108bb40 arc_len=3523 alias=true
LITCHI0691_CODEC call=65 profile=baseline stage=prefix:generated:apply input_ptr=0x55b1e108bb40 input_len=3523 output_ptr=0x55b1e108bb40 output_len=3523 mode=borrow status=ok
LITCHI0691_PART profile=baseline stage=process_part uri=/ppt/slides/slide7.xml visible_ptr=0x55b1e108c910 visible_len=3523 arc_struct_ptr=0x55b1e10933d0 arc_bytes_ptr=0x55b1e108c910 arc_len=3523 alias=true
LITCHI0691_CODEC call=66 profile=baseline stage=prefix:generated:apply input_ptr=0x55b1e108c910 input_len=3523 output_ptr=0x55b1e108c910 output_len=3523 mode=borrow status=ok
LITCHI0691_PART profile=baseline stage=process_part uri=/ppt/slides/slide8.xml visible_ptr=0x55b1e108d6e0 visible_len=3523 arc_struct_ptr=0x55b1e10927a0 arc_bytes_ptr=0x55b1e108d6e0 arc_len=3523 alias=true
LITCHI0691_CODEC call=67 profile=baseline stage=prefix:generated:apply input_ptr=0x55b1e108d6e0 input_len=3523 output_ptr=0x55b1e108d6e0 output_len=3523 mode=borrow status=ok
LITCHI0691_PART profile=baseline stage=process_part uri=/ppt/slides/slide9.xml visible_ptr=0x55b1e108e4b0 visible_len=3523 arc_struct_ptr=0x55b1e1053f40 arc_bytes_ptr=0x55b1e108e4b0 arc_len=3523 alias=true
LITCHI0691_CODEC call=68 profile=baseline stage=prefix:generated:apply input_ptr=0x55b1e108e4b0 input_len=3523 output_ptr=0x55b1e108e4b0 output_len=3523 mode=borrow status=ok
LITCHI0691_PART profile=baseline stage=process_part uri=/ppt/slides/slide10.xml visible_ptr=0x55b1e1063200 visible_len=3523 arc_struct_ptr=0x55b1e1071280 arc_bytes_ptr=0x55b1e1063200 arc_len=3523 alias=true
LITCHI0691_CODEC call=69 profile=baseline stage=prefix:generated:apply input_ptr=0x55b1e1063200 input_len=3523 output_ptr=0x55b1e1063200 output_len=3523 mode=borrow status=ok
LITCHI0691_PART profile=baseline stage=process_part uri=/ppt/slides/slide11.xml visible_ptr=0x55b1e1063fd0 visible_len=3523 arc_struct_ptr=0x55b1e1062e60 arc_bytes_ptr=0x55b1e1063fd0 arc_len=3523 alias=true
LITCHI0691_CODEC call=70 profile=baseline stage=prefix:generated:apply input_ptr=0x55b1e1063fd0 input_len=3523 output_ptr=0x55b1e1063fd0 output_len=3523 mode=borrow status=ok
LITCHI0691_PART profile=baseline stage=process_part uri=/ppt/slides/slide12.xml visible_ptr=0x55b1e1064da0 visible_len=3523 arc_struct_ptr=0x55b1e1098810 arc_bytes_ptr=0x55b1e1064da0 arc_len=3523 alias=true
LITCHI0691_CODEC call=71 profile=baseline stage=prefix:generated:apply input_ptr=0x55b1e1064da0 input_len=3523 output_ptr=0x55b1e1064da0 output_len=3523 mode=borrow status=ok
LITCHI0691_CODEC call=72 profile=baseline stage=prefix:generated:apply input_ptr=0x55b1e106d470 input_len=976 output_ptr=0x55b1e106d470 output_len=976 mode=borrow status=ok
LITCHI0691_CODEC call=73 profile=baseline stage=prefix:generated:apply input_ptr=0x55b1e106d470 input_len=976 output_ptr=0x55b1e106d470 output_len=976 mode=borrow status=ok
LITCHI0691_CODEC call=74 profile=baseline stage=prefix:generated:apply input_ptr=0x55b1e1096550 input_len=3523 output_ptr=0x55b1e1096550 output_len=3523 mode=borrow status=ok
LITCHI0691_CODEC call=75 profile=baseline stage=prefix:generated:apply input_ptr=0x55b1e1065b70 input_len=3523 output_ptr=0x55b1e1065b70 output_len=3523 mode=borrow status=ok
LITCHI0691_CODEC call=76 profile=baseline stage=prefix:generated:apply input_ptr=0x55b1e1066940 input_len=3523 output_ptr=0x55b1e1066940 output_len=3523 mode=borrow status=ok
LITCHI0691_CODEC call=77 profile=baseline stage=prefix:generated:apply input_ptr=0x55b1e1067710 input_len=3523 output_ptr=0x55b1e1067710 output_len=3523 mode=borrow status=ok
LITCHI0691_CODEC call=78 profile=baseline stage=prefix:generated:apply input_ptr=0x55b1e108ad70 input_len=3523 output_ptr=0x55b1e108ad70 output_len=3523 mode=borrow status=ok
LITCHI0691_CODEC call=79 profile=baseline stage=prefix:generated:apply input_ptr=0x55b1e108bb40 input_len=3523 output_ptr=0x55b1e108bb40 output_len=3523 mode=borrow status=ok
LITCHI0691_CODEC call=80 profile=baseline stage=prefix:generated:apply input_ptr=0x55b1e108c910 input_len=3523 output_ptr=0x55b1e108c910 output_len=3523 mode=borrow status=ok
LITCHI0691_CODEC call=81 profile=baseline stage=prefix:generated:apply input_ptr=0x55b1e108d6e0 input_len=3523 output_ptr=0x55b1e108d6e0 output_len=3523 mode=borrow status=ok
LITCHI0691_CODEC call=82 profile=baseline stage=prefix:generated:apply input_ptr=0x55b1e108e4b0 input_len=3523 output_ptr=0x55b1e108e4b0 output_len=3523 mode=borrow status=ok
LITCHI0691_CODEC call=83 profile=baseline stage=prefix:generated:apply input_ptr=0x55b1e1063200 input_len=3523 output_ptr=0x55b1e1063200 output_len=3523 mode=borrow status=ok
LITCHI0691_CODEC call=84 profile=baseline stage=prefix:generated:apply input_ptr=0x55b1e1063fd0 input_len=3523 output_ptr=0x55b1e1063fd0 output_len=3523 mode=borrow status=ok
LITCHI0691_CODEC call=85 profile=baseline stage=prefix:generated:apply input_ptr=0x55b1e1064da0 input_len=3523 output_ptr=0x55b1e1064da0 output_len=3523 mode=borrow status=ok
LITCHI0691_CODEC call=86 profile=baseline stage=prefix:generated:apply input_ptr=0x55b1e1069f90 input_len=7626 output_ptr=0x55b1e1069f90 output_len=7626 mode=borrow status=ok
LITCHI0691_CODEC call=87 profile=baseline stage=prefix:generated:apply input_ptr=0x55b1e107e270 input_len=7653 output_ptr=0x55b1e107e270 output_len=7653 mode=borrow status=ok
LITCHI0691_MODEL profile=baseline stage=capture_success parts=33 slides=12
LITCHI0691_MODEL profile=baseline stage=capture_begin parts=33
LITCHI0691_PART profile=baseline stage=process_part uri=/ppt/presentation.xml visible_ptr=0x55b1e106d470 visible_len=976 arc_struct_ptr=0x55b1e1058250 arc_bytes_ptr=0x55b1e106d470 arc_len=976 alias=true
LITCHI0691_CODEC call=88 profile=baseline stage=prefix:generated:apply input_ptr=0x55b1e106d470 input_len=976 output_ptr=0x55b1e106d470 output_len=976 mode=borrow status=ok
LITCHI0691_PART profile=baseline stage=process_part uri=/ppt/presentation.xml visible_ptr=0x55b1e106d470 visible_len=976 arc_struct_ptr=0x55b1e1058250 arc_bytes_ptr=0x55b1e106d470 arc_len=976 alias=true
LITCHI0691_CODEC call=89 profile=baseline stage=prefix:generated:apply input_ptr=0x55b1e106d470 input_len=976 output_ptr=0x55b1e106d470 output_len=976 mode=borrow status=ok
LITCHI0691_PART profile=baseline stage=process_part uri=/ppt/presentation.xml visible_ptr=0x55b1e106d470 visible_len=976 arc_struct_ptr=0x55b1e1058250 arc_bytes_ptr=0x55b1e106d470 arc_len=976 alias=true
LITCHI0691_CODEC call=90 profile=baseline stage=prefix:generated:apply input_ptr=0x55b1e106d470 input_len=976 output_ptr=0x55b1e106d470 output_len=976 mode=borrow status=ok
LITCHI0691_PART profile=baseline stage=process_part uri=/ppt/slides/slide1.xml visible_ptr=0x55b1e10a0b20 visible_len=3496 arc_struct_ptr=0x55b1e109da70 arc_bytes_ptr=0x55b1e10a0b20 arc_len=3496 alias=true
LITCHI0691_CODEC call=91 profile=baseline stage=prefix:generated:apply input_ptr=0x55b1e10a0b20 input_len=3496 output_ptr=0x55b1e10a0b20 output_len=3496 mode=borrow status=ok
LITCHI0691_PART profile=baseline stage=process_part uri=/ppt/slides/slide2.xml visible_ptr=0x55b1e1065b70 visible_len=3523 arc_struct_ptr=0x55b1e1071ed0 arc_bytes_ptr=0x55b1e1065b70 arc_len=3523 alias=true
LITCHI0691_CODEC call=92 profile=baseline stage=prefix:generated:apply input_ptr=0x55b1e1065b70 input_len=3523 output_ptr=0x55b1e1065b70 output_len=3523 mode=borrow status=ok
LITCHI0691_PART profile=baseline stage=process_part uri=/ppt/slides/slide3.xml visible_ptr=0x55b1e1066940 visible_len=3523 arc_struct_ptr=0x55b1e1091da0 arc_bytes_ptr=0x55b1e1066940 arc_len=3523 alias=true
LITCHI0691_CODEC call=93 profile=baseline stage=prefix:generated:apply input_ptr=0x55b1e1066940 input_len=3523 output_ptr=0x55b1e1066940 output_len=3523 mode=borrow status=ok
LITCHI0691_PART profile=baseline stage=process_part uri=/ppt/slides/slide4.xml visible_ptr=0x55b1e1067710 visible_len=3523 arc_struct_ptr=0x55b1e1062f20 arc_bytes_ptr=0x55b1e1067710 arc_len=3523 alias=true
LITCHI0691_CODEC call=94 profile=baseline stage=prefix:generated:apply input_ptr=0x55b1e1067710 input_len=3523 output_ptr=0x55b1e1067710 output_len=3523 mode=borrow status=ok
LITCHI0691_PART profile=baseline stage=process_part uri=/ppt/slides/slide5.xml visible_ptr=0x55b1e108ad70 visible_len=3523 arc_struct_ptr=0x55b1e1062fe0 arc_bytes_ptr=0x55b1e108ad70 arc_len=3523 alias=true
LITCHI0691_CODEC call=95 profile=baseline stage=prefix:generated:apply input_ptr=0x55b1e108ad70 input_len=3523 output_ptr=0x55b1e108ad70 output_len=3523 mode=borrow status=ok
LITCHI0691_PART profile=baseline stage=process_part uri=/ppt/slides/slide6.xml visible_ptr=0x55b1e108bb40 visible_len=3523 arc_struct_ptr=0x55b1e1063160 arc_bytes_ptr=0x55b1e108bb40 arc_len=3523 alias=true
LITCHI0691_CODEC call=96 profile=baseline stage=prefix:generated:apply input_ptr=0x55b1e108bb40 input_len=3523 output_ptr=0x55b1e108bb40 output_len=3523 mode=borrow status=ok
LITCHI0691_PART profile=baseline stage=process_part uri=/ppt/slides/slide7.xml visible_ptr=0x55b1e108c910 visible_len=3523 arc_struct_ptr=0x55b1e10933d0 arc_bytes_ptr=0x55b1e108c910 arc_len=3523 alias=true
LITCHI0691_CODEC call=97 profile=baseline stage=prefix:generated:apply input_ptr=0x55b1e108c910 input_len=3523 output_ptr=0x55b1e108c910 output_len=3523 mode=borrow status=ok
LITCHI0691_PART profile=baseline stage=process_part uri=/ppt/slides/slide8.xml visible_ptr=0x55b1e108d6e0 visible_len=3523 arc_struct_ptr=0x55b1e10927a0 arc_bytes_ptr=0x55b1e108d6e0 arc_len=3523 alias=true
LITCHI0691_CODEC call=98 profile=baseline stage=prefix:generated:apply input_ptr=0x55b1e108d6e0 input_len=3523 output_ptr=0x55b1e108d6e0 output_len=3523 mode=borrow status=ok
LITCHI0691_PART profile=baseline stage=process_part uri=/ppt/slides/slide9.xml visible_ptr=0x55b1e108e4b0 visible_len=3523 arc_struct_ptr=0x55b1e1053f40 arc_bytes_ptr=0x55b1e108e4b0 arc_len=3523 alias=true
LITCHI0691_CODEC call=99 profile=baseline stage=prefix:generated:apply input_ptr=0x55b1e108e4b0 input_len=3523 output_ptr=0x55b1e108e4b0 output_len=3523 mode=borrow status=ok
LITCHI0691_PART profile=baseline stage=process_part uri=/ppt/slides/slide10.xml visible_ptr=0x55b1e1063200 visible_len=3523 arc_struct_ptr=0x55b1e1071280 arc_bytes_ptr=0x55b1e1063200 arc_len=3523 alias=true
LITCHI0691_CODEC call=100 profile=baseline stage=prefix:generated:apply input_ptr=0x55b1e1063200 input_len=3523 output_ptr=0x55b1e1063200 output_len=3523 mode=borrow status=ok
LITCHI0691_PART profile=baseline stage=process_part uri=/ppt/slides/slide11.xml visible_ptr=0x55b1e1063fd0 visible_len=3523 arc_struct_ptr=0x55b1e1062e60 arc_bytes_ptr=0x55b1e1063fd0 arc_len=3523 alias=true
LITCHI0691_CODEC call=101 profile=baseline stage=prefix:generated:apply input_ptr=0x55b1e1063fd0 input_len=3523 output_ptr=0x55b1e1063fd0 output_len=3523 mode=borrow status=ok
LITCHI0691_PART profile=baseline stage=process_part uri=/ppt/slides/slide12.xml visible_ptr=0x55b1e1064da0 visible_len=3523 arc_struct_ptr=0x55b1e1098810 arc_bytes_ptr=0x55b1e1064da0 arc_len=3523 alias=true
LITCHI0691_CODEC call=102 profile=baseline stage=prefix:generated:apply input_ptr=0x55b1e1064da0 input_len=3523 output_ptr=0x55b1e1064da0 output_len=3523 mode=borrow status=ok
LITCHI0691_PART profile=baseline stage=process_part uri=/ppt/slides/slide1.xml visible_ptr=0x55b1e10a0b20 visible_len=3496 arc_struct_ptr=0x55b1e109da70 arc_bytes_ptr=0x55b1e10a0b20 arc_len=3496 alias=true
LITCHI0691_CODEC call=103 profile=baseline stage=prefix:generated:apply input_ptr=0x55b1e10a0b20 input_len=3496 output_ptr=0x55b1e10a0b20 output_len=3496 mode=borrow status=ok
LITCHI0691_PART profile=baseline stage=process_part uri=/ppt/slides/slide2.xml visible_ptr=0x55b1e1065b70 visible_len=3523 arc_struct_ptr=0x55b1e1071ed0 arc_bytes_ptr=0x55b1e1065b70 arc_len=3523 alias=true
LITCHI0691_CODEC call=104 profile=baseline stage=prefix:generated:apply input_ptr=0x55b1e1065b70 input_len=3523 output_ptr=0x55b1e1065b70 output_len=3523 mode=borrow status=ok
LITCHI0691_PART profile=baseline stage=process_part uri=/ppt/slides/slide3.xml visible_ptr=0x55b1e1066940 visible_len=3523 arc_struct_ptr=0x55b1e1091da0 arc_bytes_ptr=0x55b1e1066940 arc_len=3523 alias=true
LITCHI0691_CODEC call=105 profile=baseline stage=prefix:generated:apply input_ptr=0x55b1e1066940 input_len=3523 output_ptr=0x55b1e1066940 output_len=3523 mode=borrow status=ok
LITCHI0691_PART profile=baseline stage=process_part uri=/ppt/slides/slide4.xml visible_ptr=0x55b1e1067710 visible_len=3523 arc_struct_ptr=0x55b1e1062f20 arc_bytes_ptr=0x55b1e1067710 arc_len=3523 alias=true
LITCHI0691_CODEC call=106 profile=baseline stage=prefix:generated:apply input_ptr=0x55b1e1067710 input_len=3523 output_ptr=0x55b1e1067710 output_len=3523 mode=borrow status=ok
LITCHI0691_PART profile=baseline stage=process_part uri=/ppt/slides/slide5.xml visible_ptr=0x55b1e108ad70 visible_len=3523 arc_struct_ptr=0x55b1e1062fe0 arc_bytes_ptr=0x55b1e108ad70 arc_len=3523 alias=true
LITCHI0691_CODEC call=107 profile=baseline stage=prefix:generated:apply input_ptr=0x55b1e108ad70 input_len=3523 output_ptr=0x55b1e108ad70 output_len=3523 mode=borrow status=ok
LITCHI0691_PART profile=baseline stage=process_part uri=/ppt/slides/slide6.xml visible_ptr=0x55b1e108bb40 visible_len=3523 arc_struct_ptr=0x55b1e1063160 arc_bytes_ptr=0x55b1e108bb40 arc_len=3523 alias=true
LITCHI0691_CODEC call=108 profile=baseline stage=prefix:generated:apply input_ptr=0x55b1e108bb40 input_len=3523 output_ptr=0x55b1e108bb40 output_len=3523 mode=borrow status=ok
LITCHI0691_PART profile=baseline stage=process_part uri=/ppt/slides/slide7.xml visible_ptr=0x55b1e108c910 visible_len=3523 arc_struct_ptr=0x55b1e10933d0 arc_bytes_ptr=0x55b1e108c910 arc_len=3523 alias=true
LITCHI0691_CODEC call=109 profile=baseline stage=prefix:generated:apply input_ptr=0x55b1e108c910 input_len=3523 output_ptr=0x55b1e108c910 output_len=3523 mode=borrow status=ok
LITCHI0691_PART profile=baseline stage=process_part uri=/ppt/slides/slide8.xml visible_ptr=0x55b1e108d6e0 visible_len=3523 arc_struct_ptr=0x55b1e10927a0 arc_bytes_ptr=0x55b1e108d6e0 arc_len=3523 alias=true
LITCHI0691_CODEC call=110 profile=baseline stage=prefix:generated:apply input_ptr=0x55b1e108d6e0 input_len=3523 output_ptr=0x55b1e108d6e0 output_len=3523 mode=borrow status=ok
LITCHI0691_PART profile=baseline stage=process_part uri=/ppt/slides/slide9.xml visible_ptr=0x55b1e108e4b0 visible_len=3523 arc_struct_ptr=0x55b1e1053f40 arc_bytes_ptr=0x55b1e108e4b0 arc_len=3523 alias=true
LITCHI0691_CODEC call=111 profile=baseline stage=prefix:generated:apply input_ptr=0x55b1e108e4b0 input_len=3523 output_ptr=0x55b1e108e4b0 output_len=3523 mode=borrow status=ok
LITCHI0691_PART profile=baseline stage=process_part uri=/ppt/slides/slide10.xml visible_ptr=0x55b1e1063200 visible_len=3523 arc_struct_ptr=0x55b1e1071280 arc_bytes_ptr=0x55b1e1063200 arc_len=3523 alias=true
LITCHI0691_CODEC call=112 profile=baseline stage=prefix:generated:apply input_ptr=0x55b1e1063200 input_len=3523 output_ptr=0x55b1e1063200 output_len=3523 mode=borrow status=ok
LITCHI0691_PART profile=baseline stage=process_part uri=/ppt/slides/slide11.xml visible_ptr=0x55b1e1063fd0 visible_len=3523 arc_struct_ptr=0x55b1e1062e60 arc_bytes_ptr=0x55b1e1063fd0 arc_len=3523 alias=true
LITCHI0691_CODEC call=113 profile=baseline stage=prefix:generated:apply input_ptr=0x55b1e1063fd0 input_len=3523 output_ptr=0x55b1e1063fd0 output_len=3523 mode=borrow status=ok
LITCHI0691_PART profile=baseline stage=process_part uri=/ppt/slides/slide12.xml visible_ptr=0x55b1e1064da0 visible_len=3523 arc_struct_ptr=0x55b1e1098810 arc_bytes_ptr=0x55b1e1064da0 arc_len=3523 alias=true
LITCHI0691_CODEC call=114 profile=baseline stage=prefix:generated:apply input_ptr=0x55b1e1064da0 input_len=3523 output_ptr=0x55b1e1064da0 output_len=3523 mode=borrow status=ok
LITCHI0691_CODEC call=115 profile=baseline stage=prefix:generated:apply input_ptr=0x55b1e106d470 input_len=976 output_ptr=0x55b1e106d470 output_len=976 mode=borrow status=ok
LITCHI0691_CODEC call=116 profile=baseline stage=prefix:generated:apply input_ptr=0x55b1e106d470 input_len=976 output_ptr=0x55b1e106d470 output_len=976 mode=borrow status=ok
LITCHI0691_CODEC call=117 profile=baseline stage=prefix:generated:apply input_ptr=0x55b1e10a0b20 input_len=3496 output_ptr=0x55b1e10a0b20 output_len=3496 mode=borrow status=ok
LITCHI0691_CODEC call=118 profile=baseline stage=prefix:generated:apply input_ptr=0x55b1e1065b70 input_len=3523 output_ptr=0x55b1e1065b70 output_len=3523 mode=borrow status=ok
LITCHI0691_CODEC call=119 profile=baseline stage=prefix:generated:apply input_ptr=0x55b1e1066940 input_len=3523 output_ptr=0x55b1e1066940 output_len=3523 mode=borrow status=ok
LITCHI0691_CODEC call=120 profile=baseline stage=prefix:generated:apply input_ptr=0x55b1e1067710 input_len=3523 output_ptr=0x55b1e1067710 output_len=3523 mode=borrow status=ok
LITCHI0691_CODEC call=121 profile=baseline stage=prefix:generated:apply input_ptr=0x55b1e108ad70 input_len=3523 output_ptr=0x55b1e108ad70 output_len=3523 mode=borrow status=ok
LITCHI0691_CODEC call=122 profile=baseline stage=prefix:generated:apply input_ptr=0x55b1e108bb40 input_len=3523 output_ptr=0x55b1e108bb40 output_len=3523 mode=borrow status=ok
LITCHI0691_CODEC call=123 profile=baseline stage=prefix:generated:apply input_ptr=0x55b1e108c910 input_len=3523 output_ptr=0x55b1e108c910 output_len=3523 mode=borrow status=ok
LITCHI0691_CODEC call=124 profile=baseline stage=prefix:generated:apply input_ptr=0x55b1e108d6e0 input_len=3523 output_ptr=0x55b1e108d6e0 output_len=3523 mode=borrow status=ok
LITCHI0691_CODEC call=125 profile=baseline stage=prefix:generated:apply input_ptr=0x55b1e108e4b0 input_len=3523 output_ptr=0x55b1e108e4b0 output_len=3523 mode=borrow status=ok
LITCHI0691_CODEC call=126 profile=baseline stage=prefix:generated:apply input_ptr=0x55b1e1063200 input_len=3523 output_ptr=0x55b1e1063200 output_len=3523 mode=borrow status=ok
LITCHI0691_CODEC call=127 profile=baseline stage=prefix:generated:apply input_ptr=0x55b1e1063fd0 input_len=3523 output_ptr=0x55b1e1063fd0 output_len=3523 mode=borrow status=ok
LITCHI0691_CODEC call=128 profile=baseline stage=prefix:generated:apply input_ptr=0x55b1e1064da0 input_len=3523 output_ptr=0x55b1e1064da0 output_len=3523 mode=borrow status=ok
LITCHI0691_CODEC call=129 profile=baseline stage=prefix:generated:apply input_ptr=0x55b1e1069f90 input_len=7626 output_ptr=0x55b1e1069f90 output_len=7626 mode=borrow status=ok
LITCHI0691_CODEC call=130 profile=baseline stage=prefix:generated:apply input_ptr=0x55b1e107e270 input_len=7653 output_ptr=0x55b1e107e270 output_len=7653 mode=borrow status=ok
LITCHI0691_MODEL profile=baseline stage=capture_success parts=33 slides=12
LITCHI0691_PART profile=baseline stage=process_part uri=/ppt/presentation.xml visible_ptr=0x55b1e106d470 visible_len=976 arc_struct_ptr=0x55b1e1058250 arc_bytes_ptr=0x55b1e106d470 arc_len=976 alias=true
LITCHI0691_CODEC call=131 profile=baseline stage=prefix:generated:apply input_ptr=0x55b1e106d470 input_len=976 output_ptr=0x55b1e106d470 output_len=976 mode=borrow status=ok
