LITCHI0691_PART profile=baseline stage=process_part uri=/ppt/presentation.xml visible_ptr=0x651c31b16120 visible_len=2357 arc_struct_ptr=0x651c31b1a680 arc_bytes_ptr=0x651c31b16120 arc_len=2357 alias=true
LITCHI0691_CODEC call=0 profile=baseline stage=prefix:real:apply input_ptr=0x651c31b16120 input_len=2357 output_ptr=0x651c31af95b0 output_len=2801 mode=owned status=ok
LITCHI0691_MODEL profile=baseline stage=capture_begin parts=58
LITCHI0691_PART profile=baseline stage=process_part uri=/ppt/presentation.xml visible_ptr=0x651c31b16120 visible_len=2357 arc_struct_ptr=0x651c31b1a680 arc_bytes_ptr=0x651c31b16120 arc_len=2357 alias=true
LITCHI0691_CODEC call=1 profile=baseline stage=prefix:real:apply input_ptr=0x651c31b16120 input_len=2357 output_ptr=0x651c31af95b0 output_len=2801 mode=owned status=ok
LITCHI0691_PART profile=baseline stage=process_part uri=/ppt/presentation.xml visible_ptr=0x651c31b16120 visible_len=2357 arc_struct_ptr=0x651c31b1a680 arc_bytes_ptr=0x651c31b16120 arc_len=2357 alias=true
LITCHI0691_CODEC call=2 profile=baseline stage=prefix:real:apply input_ptr=0x651c31b16120 input_len=2357 output_ptr=0x651c31afb7f0 output_len=2801 mode=owned status=ok
LITCHI0691_PART profile=baseline stage=process_part uri=/ppt/presentation.xml visible_ptr=0x651c31b16120 visible_len=2357 arc_struct_ptr=0x651c31b1a680 arc_bytes_ptr=0x651c31b16120 arc_len=2357 alias=true
LITCHI0691_CODEC call=3 profile=baseline stage=prefix:real:apply input_ptr=0x651c31b16120 input_len=2357 output_ptr=0x651c31b61fa0 output_len=2801 mode=owned status=ok
LITCHI0691_PART profile=baseline stage=process_part uri=/ppt/slides/slide1.xml visible_ptr=0x651c31bdc510 visible_len=2589 arc_struct_ptr=0x651c31b195e0 arc_bytes_ptr=0x651c31bdc510 arc_len=2589 alias=true
LITCHI0691_CODEC call=4 profile=baseline stage=prefix:real:apply input_ptr=0x651c31bdc510 input_len=2589 output_ptr=0x651c31afde30 output_len=2737 mode=owned status=ok
LITCHI0691_PART profile=baseline stage=process_part uri=/ppt/slides/slide2.xml visible_ptr=0x651c31bd8290 visible_len=17006 arc_struct_ptr=0x651c31b196e0 arc_bytes_ptr=0x651c31bd8290 arc_len=17006 alias=true
LITCHI0691_CODEC call=5 profile=baseline stage=prefix:real:apply input_ptr=0x651c31bd8290 input_len=17006 output_ptr=0x651c31b37080 output_len=19418 mode=owned status=ok
LITCHI0691_PART profile=baseline stage=process_part uri=/ppt/slides/slide3.xml visible_ptr=0x651c31bd0770 visible_len=3038 arc_struct_ptr=0x651c31b1d0a0 arc_bytes_ptr=0x651c31bd0770 arc_len=3038 alias=true
LITCHI0691_CODEC call=6 profile=baseline stage=prefix:real:apply input_ptr=0x651c31bd0770 input_len=3038 output_ptr=0x651c31afeeb0 output_len=3237 mode=owned status=ok
LITCHI0691_PART profile=baseline stage=process_part uri=/ppt/slides/slide4.xml visible_ptr=0x651c31bc8db0 visible_len=31153 arc_struct_ptr=0x651c31b1d040 arc_bytes_ptr=0x651c31bc8db0 arc_len=31153 alias=true
LITCHI0691_CODEC call=7 profile=baseline stage=prefix:real:apply input_ptr=0x651c31bc8db0 input_len=31153 output_ptr=0x651c31b1d210 output_len=35854 mode=owned status=ok
LITCHI0691_PART profile=baseline stage=process_part uri=/ppt/slides/slide5.xml visible_ptr=0x651c31bc0b80 visible_len=17833 arc_struct_ptr=0x651c31b1ce00 arc_bytes_ptr=0x651c31bc0b80 arc_len=17833 alias=true
LITCHI0691_CODEC call=8 profile=baseline stage=prefix:real:apply input_ptr=0x651c31bc0b80 input_len=17833 output_ptr=0x651c31b37080 output_len=20569 mode=owned status=ok
LITCHI0691_PART profile=baseline stage=process_part uri=/ppt/slides/slide6.xml visible_ptr=0x651c31bbff90 visible_len=3037 arc_struct_ptr=0x651c31b1b5e0 arc_bytes_ptr=0x651c31bbff90 arc_len=3037 alias=true
LITCHI0691_CODEC call=9 profile=baseline stage=prefix:real:apply input_ptr=0x651c31bbff90 input_len=3037 output_ptr=0x651c31af7450 output_len=3236 mode=owned status=ok
LITCHI0691_PART profile=baseline stage=process_part uri=/ppt/slides/slide7.xml visible_ptr=0x651c31bd1360 visible_len=28449 arc_struct_ptr=0x651c31b19e90 arc_bytes_ptr=0x651c31bd1360 arc_len=28449 alias=true
LITCHI0691_CODEC call=10 profile=baseline stage=prefix:real:apply input_ptr=0x651c31bd1360 input_len=28449 output_ptr=0x651c31b1d210 output_len=32716 mode=owned status=ok
LITCHI0691_PART profile=baseline stage=process_part uri=/ppt/slides/slide8.xml visible_ptr=0x651c31bc5140 visible_len=2674 arc_struct_ptr=0x651c31b1cec0 arc_bytes_ptr=0x651c31bc5140 arc_len=2674 alias=true
LITCHI0691_CODEC call=11 profile=baseline stage=prefix:real:apply input_ptr=0x651c31bc5140 input_len=2674 output_ptr=0x651c31afecf0 output_len=2842 mode=owned status=ok
LITCHI0691_PART profile=baseline stage=process_part uri=/ppt/slides/slide9.xml visible_ptr=0x651c31bc8330 visible_len=2676 arc_struct_ptr=0x651c31b19f90 arc_bytes_ptr=0x651c31bc8330 arc_len=2676 alias=true
LITCHI0691_CODEC call=12 profile=baseline stage=prefix:real:apply input_ptr=0x651c31bc8330 input_len=2676 output_ptr=0x651c31af7450 output_len=2844 mode=owned status=ok
LITCHI0691_PART profile=baseline stage=process_part uri=/ppt/slides/slide10.xml visible_ptr=0x651c31bc5bc0 visible_len=3037 arc_struct_ptr=0x651c31b1cfe0 arc_bytes_ptr=0x651c31bc5bc0 arc_len=3037 alias=true
LITCHI0691_CODEC call=13 profile=baseline stage=prefix:real:apply input_ptr=0x651c31bc5bc0 input_len=3037 output_ptr=0x651c31af7450 output_len=3236 mode=owned status=ok
LITCHI0691_PART profile=baseline stage=process_part uri=/ppt/slides/slide11.xml visible_ptr=0x651c31bdcf40 visible_len=121498 arc_struct_ptr=0x651c31b34cc0 arc_bytes_ptr=0x651c31bdcf40 arc_len=121498 alias=true
LITCHI0691_CODEC call=14 profile=baseline stage=prefix:real:apply input_ptr=0x651c31bdcf40 input_len=121498 output_ptr=0x7f2548c8c010 output_len=141788 mode=owned status=ok
LITCHI0691_PART profile=baseline stage=process_part uri=/ppt/slides/slide12.xml visible_ptr=0x651c31bb8d90 visible_len=29160 arc_struct_ptr=0x651c31b1bd60 arc_bytes_ptr=0x651c31bb8d90 arc_len=29160 alias=true
LITCHI0691_CODEC call=15 profile=baseline stage=prefix:real:apply input_ptr=0x651c31bb8d90 input_len=29160 output_ptr=0x651c31b1d210 output_len=33731 mode=owned status=ok
LITCHI0691_PART profile=baseline stage=process_part uri=/ppt/slides/slide13.xml visible_ptr=0x651c31bc67b0 visible_len=7028 arc_struct_ptr=0x651c31b19d90 arc_bytes_ptr=0x651c31bc67b0 arc_len=7028 alias=true
LITCHI0691_CODEC call=16 profile=baseline stage=prefix:real:apply input_ptr=0x651c31bc67b0 input_len=7028 output_ptr=0x651c31af7450 output_len=7850 mode=owned status=ok
LITCHI0691_PART profile=baseline stage=process_part uri=/ppt/slides/slide1.xml visible_ptr=0x651c31bdc510 visible_len=2589 arc_struct_ptr=0x651c31b195e0 arc_bytes_ptr=0x651c31bdc510 arc_len=2589 alias=true
LITCHI0691_CODEC call=17 profile=baseline stage=prefix:real:apply input_ptr=0x651c31bdc510 input_len=2589 output_ptr=0x651c31af7450 output_len=2737 mode=owned status=ok
LITCHI0691_PART profile=baseline stage=process_part uri=/ppt/slides/slide2.xml visible_ptr=0x651c31bd8290 visible_len=17006 arc_struct_ptr=0x651c31b196e0 arc_bytes_ptr=0x651c31bd8290 arc_len=17006 alias=true
LITCHI0691_CODEC call=18 profile=baseline stage=prefix:real:apply input_ptr=0x651c31bd8290 input_len=17006 output_ptr=0x651c31b37080 output_len=19418 mode=owned status=ok
LITCHI0691_PART profile=baseline stage=process_part uri=/ppt/slides/slide3.xml visible_ptr=0x651c31bd0770 visible_len=3038 arc_struct_ptr=0x651c31b1d0a0 arc_bytes_ptr=0x651c31bd0770 arc_len=3038 alias=true
LITCHI0691_CODEC call=19 profile=baseline stage=prefix:real:apply input_ptr=0x651c31bd0770 input_len=3038 output_ptr=0x651c31af8760 output_len=3237 mode=owned status=ok
LITCHI0691_PART profile=baseline stage=process_part uri=/ppt/slides/slide4.xml visible_ptr=0x651c31bc8db0 visible_len=31153 arc_struct_ptr=0x651c31b1d040 arc_bytes_ptr=0x651c31bc8db0 arc_len=31153 alias=true
LITCHI0691_CODEC call=20 profile=baseline stage=prefix:real:apply input_ptr=0x651c31bc8db0 input_len=31153 output_ptr=0x651c31b1d210 output_len=35854 mode=owned status=ok
LITCHI0691_PART profile=baseline stage=process_part uri=/ppt/slides/slide5.xml visible_ptr=0x651c31bc0b80 visible_len=17833 arc_struct_ptr=0x651c31b1ce00 arc_bytes_ptr=0x651c31bc0b80 arc_len=17833 alias=true
LITCHI0691_CODEC call=21 profile=baseline stage=prefix:real:apply input_ptr=0x651c31bc0b80 input_len=17833 output_ptr=0x651c31b37080 output_len=20569 mode=owned status=ok
LITCHI0691_PART profile=baseline stage=process_part uri=/ppt/slides/slide6.xml visible_ptr=0x651c31bbff90 visible_len=3037 arc_struct_ptr=0x651c31b1b5e0 arc_bytes_ptr=0x651c31bbff90 arc_len=3037 alias=true
LITCHI0691_CODEC call=22 profile=baseline stage=prefix:real:apply input_ptr=0x651c31bbff90 input_len=3037 output_ptr=0x651c31af82b0 output_len=3236 mode=owned status=ok
LITCHI0691_PART profile=baseline stage=process_part uri=/ppt/slides/slide7.xml visible_ptr=0x651c31bd1360 visible_len=28449 arc_struct_ptr=0x651c31b19e90 arc_bytes_ptr=0x651c31bd1360 arc_len=28449 alias=true
LITCHI0691_CODEC call=23 profile=baseline stage=prefix:real:apply input_ptr=0x651c31bd1360 input_len=28449 output_ptr=0x651c31b1d210 output_len=32716 mode=owned status=ok
LITCHI0691_PART profile=baseline stage=process_part uri=/ppt/slides/slide8.xml visible_ptr=0x651c31bc5140 visible_len=2674 arc_struct_ptr=0x651c31b1cec0 arc_bytes_ptr=0x651c31bc5140 arc_len=2674 alias=true
LITCHI0691_CODEC call=24 profile=baseline stage=prefix:real:apply input_ptr=0x651c31bc5140 input_len=2674 output_ptr=0x651c31af82b0 output_len=2842 mode=owned status=ok
LITCHI0691_PART profile=baseline stage=process_part uri=/ppt/slides/slide9.xml visible_ptr=0x651c31bc8330 visible_len=2676 arc_struct_ptr=0x651c31b19f90 arc_bytes_ptr=0x651c31bc8330 arc_len=2676 alias=true
LITCHI0691_CODEC call=25 profile=baseline stage=prefix:real:apply input_ptr=0x651c31bc8330 input_len=2676 output_ptr=0x651c31af85e0 output_len=2844 mode=owned status=ok
LITCHI0691_PART profile=baseline stage=process_part uri=/ppt/slides/slide10.xml visible_ptr=0x651c31bc5bc0 visible_len=3037 arc_struct_ptr=0x651c31b1cfe0 arc_bytes_ptr=0x651c31bc5bc0 arc_len=3037 alias=true
LITCHI0691_CODEC call=26 profile=baseline stage=prefix:real:apply input_ptr=0x651c31bc5bc0 input_len=3037 output_ptr=0x651c31af85e0 output_len=3236 mode=owned status=ok
LITCHI0691_PART profile=baseline stage=process_part uri=/ppt/slides/slide11.xml visible_ptr=0x651c31bdcf40 visible_len=121498 arc_struct_ptr=0x651c31b34cc0 arc_bytes_ptr=0x651c31bdcf40 arc_len=121498 alias=true
LITCHI0691_CODEC call=27 profile=baseline stage=prefix:real:apply input_ptr=0x651c31bdcf40 input_len=121498 output_ptr=0x651c31bfa9f0 output_len=141788 mode=owned status=ok
LITCHI0691_PART profile=baseline stage=process_part uri=/ppt/slides/slide12.xml visible_ptr=0x651c31bb8d90 visible_len=29160 arc_struct_ptr=0x651c31b1bd60 arc_bytes_ptr=0x651c31bb8d90 arc_len=29160 alias=true
LITCHI0691_CODEC call=28 profile=baseline stage=prefix:real:apply input_ptr=0x651c31bb8d90 input_len=29160 output_ptr=0x651c31b1d210 output_len=33731 mode=owned status=ok
LITCHI0691_PART profile=baseline stage=process_part uri=/ppt/slides/slide13.xml visible_ptr=0x651c31bc67b0 visible_len=7028 arc_struct_ptr=0x651c31b19d90 arc_bytes_ptr=0x651c31bc67b0 arc_len=7028 alias=true
LITCHI0691_CODEC call=29 profile=baseline stage=prefix:real:apply input_ptr=0x651c31bc67b0 input_len=7028 output_ptr=0x651c31af15e0 output_len=7850 mode=owned status=ok
LITCHI0691_CODEC call=30 profile=baseline stage=prefix:real:apply input_ptr=0x651c31b16120 input_len=2357 output_ptr=0x651c31af85e0 output_len=2801 mode=owned status=ok
LITCHI0691_CODEC call=31 profile=baseline stage=prefix:real:apply input_ptr=0x651c31b16120 input_len=2357 output_ptr=0x651c31af85e0 output_len=2801 mode=owned status=ok
LITCHI0691_CODEC call=32 profile=baseline stage=prefix:real:apply input_ptr=0x651c31bdc510 input_len=2589 output_ptr=0x651c31af15e0 output_len=2737 mode=owned status=ok
LITCHI0691_CODEC call=33 profile=baseline stage=prefix:real:apply input_ptr=0x651c31bd8290 input_len=17006 output_ptr=0x651c31b37080 output_len=19418 mode=owned status=ok
LITCHI0691_CODEC call=34 profile=baseline stage=prefix:real:apply input_ptr=0x651c31bd0770 input_len=3038 output_ptr=0x651c31af15e0 output_len=3237 mode=owned status=ok
LITCHI0691_CODEC call=35 profile=baseline stage=prefix:real:apply input_ptr=0x651c31bc8db0 input_len=31153 output_ptr=0x651c31b1d210 output_len=35854 mode=owned status=ok
LITCHI0691_CODEC call=36 profile=baseline stage=prefix:real:apply input_ptr=0x651c31bc0b80 input_len=17833 output_ptr=0x651c31b37080 output_len=20569 mode=owned status=ok
LITCHI0691_CODEC call=37 profile=baseline stage=prefix:real:apply input_ptr=0x651c31bbff90 input_len=3037 output_ptr=0x651c31af15e0 output_len=3236 mode=owned status=ok
LITCHI0691_CODEC call=38 profile=baseline stage=prefix:real:apply input_ptr=0x651c31bd1360 input_len=28449 output_ptr=0x651c31b1d210 output_len=32716 mode=owned status=ok
LITCHI0691_CODEC call=39 profile=baseline stage=prefix:real:apply input_ptr=0x651c31bc5140 input_len=2674 output_ptr=0x651c31af15e0 output_len=2842 mode=owned status=ok
LITCHI0691_CODEC call=40 profile=baseline stage=prefix:real:apply input_ptr=0x651c31bc8330 input_len=2676 output_ptr=0x651c31af15e0 output_len=2844 mode=owned status=ok
LITCHI0691_CODEC call=41 profile=baseline stage=prefix:real:apply input_ptr=0x651c31bc5bc0 input_len=3037 output_ptr=0x651c31af15e0 output_len=3236 mode=owned status=ok
LITCHI0691_CODEC call=42 profile=baseline stage=prefix:real:apply input_ptr=0x651c31bdcf40 input_len=121498 output_ptr=0x651c31bfa9f0 output_len=141788 mode=owned status=ok
LITCHI0691_CODEC call=43 profile=baseline stage=prefix:real:apply input_ptr=0x651c31bb8d90 input_len=29160 output_ptr=0x651c31b1d210 output_len=33731 mode=owned status=ok
LITCHI0691_CODEC call=44 profile=baseline stage=prefix:real:apply input_ptr=0x651c31bc67b0 input_len=7028 output_ptr=0x651c31af15e0 output_len=7850 mode=owned status=ok
LITCHI0691_MODEL profile=baseline stage=capture_success parts=58 slides=13
LITCHI0691_PART profile=baseline stage=process_part uri=/ppt/presentation.xml visible_ptr=0x651c31afa030 visible_len=2357 arc_struct_ptr=0x651c31bfdea0 arc_bytes_ptr=0x651c31afa030 arc_len=2357 alias=true
LITCHI0691_CODEC call=45 profile=baseline stage=prefix:real:apply input_ptr=0x651c31afa030 input_len=2357 output_ptr=0x651c31b1cdd0 output_len=2801 mode=owned status=ok
LITCHI0691_MODEL profile=baseline stage=capture_begin parts=58
LITCHI0691_PART profile=baseline stage=process_part uri=/ppt/presentation.xml visible_ptr=0x651c31afa030 visible_len=2357 arc_struct_ptr=0x651c31bfdea0 arc_bytes_ptr=0x651c31afa030 arc_len=2357 alias=true
LITCHI0691_CODEC call=46 profile=baseline stage=prefix:real:apply input_ptr=0x651c31afa030 input_len=2357 output_ptr=0x651c31b1cdd0 output_len=2801 mode=owned status=ok
LITCHI0691_PART profile=baseline stage=process_part uri=/ppt/presentation.xml visible_ptr=0x651c31afa030 visible_len=2357 arc_struct_ptr=0x651c31bfdea0 arc_bytes_ptr=0x651c31afa030 arc_len=2357 alias=true
LITCHI0691_CODEC call=47 profile=baseline stage=prefix:real:apply input_ptr=0x651c31afa030 input_len=2357 output_ptr=0x651c31b1cdd0 output_len=2801 mode=owned status=ok
LITCHI0691_PART profile=baseline stage=process_part uri=/ppt/presentation.xml visible_ptr=0x651c31afa030 visible_len=2357 arc_struct_ptr=0x651c31bfdea0 arc_bytes_ptr=0x651c31afa030 arc_len=2357 alias=true
LITCHI0691_CODEC call=48 profile=baseline stage=prefix:real:apply input_ptr=0x651c31afa030 input_len=2357 output_ptr=0x651c31b1cdd0 output_len=2801 mode=owned status=ok
LITCHI0691_PART profile=baseline stage=process_part uri=/ppt/slides/slide1.xml visible_ptr=0x651c31bf9040 visible_len=2589 arc_struct_ptr=0x651c31b23360 arc_bytes_ptr=0x651c31bf9040 arc_len=2589 alias=true
LITCHI0691_CODEC call=49 profile=baseline stage=prefix:real:apply input_ptr=0x651c31bf9040 input_len=2589 output_ptr=0x651c31c0acd0 output_len=2737 mode=owned status=ok
LITCHI0691_PART profile=baseline stage=process_part uri=/ppt/slides/slide2.xml visible_ptr=0x651c31bf4dc0 visible_len=17006 arc_struct_ptr=0x651c31b03220 arc_bytes_ptr=0x651c31bf4dc0 arc_len=17006 alias=true
LITCHI0691_CODEC call=50 profile=baseline stage=prefix:real:apply input_ptr=0x651c31bf4dc0 input_len=17006 output_ptr=0x651c31b2ec70 output_len=19418 mode=owned status=ok
LITCHI0691_PART profile=baseline stage=process_part uri=/ppt/slides/slide3.xml visible_ptr=0x651c31bf41d0 visible_len=3038 arc_struct_ptr=0x651c31b02ec0 arc_bytes_ptr=0x651c31bf41d0 arc_len=3038 alias=true
LITCHI0691_CODEC call=51 profile=baseline stage=prefix:real:apply input_ptr=0x651c31bf41d0 input_len=3038 output_ptr=0x651c31b2c9c0 output_len=3237 mode=owned status=ok
LITCHI0691_PART profile=baseline stage=process_part uri=/ppt/slides/slide4.xml visible_ptr=0x651c31bec810 visible_len=31153 arc_struct_ptr=0x651c31b031c0 arc_bytes_ptr=0x651c31bec810 arc_len=31153 alias=true
LITCHI0691_CODEC call=52 profile=baseline stage=prefix:real:apply input_ptr=0x651c31bec810 input_len=31153 output_ptr=0x651c31b2ec70 output_len=35854 mode=owned status=ok
LITCHI0691_PART profile=baseline stage=process_part uri=/ppt/slides/slide5.xml visible_ptr=0x651c31be5c50 visible_len=17833 arc_struct_ptr=0x651c31b030a0 arc_bytes_ptr=0x651c31be5c50 arc_len=17833 alias=true
LITCHI0691_CODEC call=53 profile=baseline stage=prefix:real:apply input_ptr=0x651c31be5c50 input_len=17833 output_ptr=0x651c31b2ec70 output_len=20569 mode=owned status=ok
LITCHI0691_PART profile=baseline stage=process_part uri=/ppt/slides/slide6.xml visible_ptr=0x651c31c03c60 visible_len=3037 arc_struct_ptr=0x651c31c05510 arc_bytes_ptr=0x651c31c03c60 arc_len=3037 alias=true
LITCHI0691_CODEC call=54 profile=baseline stage=prefix:real:apply input_ptr=0x651c31c03c60 input_len=3037 output_ptr=0x651c31b2c9c0 output_len=3236 mode=owned status=ok
LITCHI0691_PART profile=baseline stage=process_part uri=/ppt/slides/slide7.xml visible_ptr=0x651c31c0d8b0 visible_len=28449 arc_struct_ptr=0x651c31b03040 arc_bytes_ptr=0x651c31c0d8b0 arc_len=28449 alias=true
LITCHI0691_CODEC call=55 profile=baseline stage=prefix:real:apply input_ptr=0x651c31c0d8b0 input_len=28449 output_ptr=0x651c31b2ec70 output_len=32716 mode=owned status=ok
LITCHI0691_PART profile=baseline stage=process_part uri=/ppt/slides/slide8.xml visible_ptr=0x651c31b1a430 visible_len=2674 arc_struct_ptr=0x651c31bfe4f0 arc_bytes_ptr=0x651c31b1a430 arc_len=2674 alias=true
LITCHI0691_CODEC call=56 profile=baseline stage=prefix:real:apply input_ptr=0x651c31b1a430 input_len=2674 output_ptr=0x651c31b2c9c0 output_len=2842 mode=owned status=ok
LITCHI0691_PART profile=baseline stage=process_part uri=/ppt/slides/slide9.xml visible_ptr=0x651c31bebd90 visible_len=2676 arc_struct_ptr=0x651c31b02fe0 arc_bytes_ptr=0x651c31bebd90 arc_len=2676 alias=true
LITCHI0691_CODEC call=57 profile=baseline stage=prefix:real:apply input_ptr=0x651c31bebd90 input_len=2676 output_ptr=0x651c31b2c9c0 output_len=2844 mode=owned status=ok
LITCHI0691_PART profile=baseline stage=process_part uri=/ppt/slides/slide10.xml visible_ptr=0x651c31b1aeb0 visible_len=3037 arc_struct_ptr=0x651c31afc330 arc_bytes_ptr=0x651c31b1aeb0 arc_len=3037 alias=true
LITCHI0691_CODEC call=58 profile=baseline stage=prefix:real:apply input_ptr=0x651c31b1aeb0 input_len=3037 output_ptr=0x651c31b1f4d0 output_len=3236 mode=owned status=ok
LITCHI0691_PART profile=baseline stage=process_part uri=/ppt/slides/slide11.xml visible_ptr=0x651c31c147e0 visible_len=121498 arc_struct_ptr=0x651c31b61f70 arc_bytes_ptr=0x651c31c147e0 arc_len=121498 alias=true
LITCHI0691_CODEC call=59 profile=baseline stage=prefix:real:apply input_ptr=0x651c31c147e0 input_len=121498 output_ptr=0x651c31c32290 output_len=141788 mode=owned status=ok
LITCHI0691_PART profile=baseline stage=process_part uri=/ppt/slides/slide12.xml visible_ptr=0x651c31bdea50 visible_len=29160 arc_struct_ptr=0x651c31bfdd20 arc_bytes_ptr=0x651c31bdea50 arc_len=29160 alias=true
LITCHI0691_CODEC call=60 profile=baseline stage=prefix:real:apply input_ptr=0x651c31bdea50 input_len=29160 output_ptr=0x651c31b2ec70 output_len=33731 mode=owned status=ok
LITCHI0691_PART profile=baseline stage=process_part uri=/ppt/slides/slide13.xml visible_ptr=0x651c31bea210 visible_len=7028 arc_struct_ptr=0x651c31b02f80 arc_bytes_ptr=0x651c31bea210 arc_len=7028 alias=true
LITCHI0691_CODEC call=61 profile=baseline stage=prefix:real:apply input_ptr=0x651c31bea210 input_len=7028 output_ptr=0x651c31b16120 output_len=7850 mode=owned status=ok
LITCHI0691_PART profile=baseline stage=process_part uri=/ppt/slides/slide1.xml visible_ptr=0x651c31bf9040 visible_len=2589 arc_struct_ptr=0x651c31b23360 arc_bytes_ptr=0x651c31bf9040 arc_len=2589 alias=true
LITCHI0691_CODEC call=62 profile=baseline stage=prefix:real:apply input_ptr=0x651c31bf9040 input_len=2589 output_ptr=0x651c31c0acd0 output_len=2737 mode=owned status=ok
LITCHI0691_PART profile=baseline stage=process_part uri=/ppt/slides/slide2.xml visible_ptr=0x651c31bf4dc0 visible_len=17006 arc_struct_ptr=0x651c31b03220 arc_bytes_ptr=0x651c31bf4dc0 arc_len=17006 alias=true
LITCHI0691_CODEC call=63 profile=baseline stage=prefix:real:apply input_ptr=0x651c31bf4dc0 input_len=17006 output_ptr=0x651c31b2ec70 output_len=19418 mode=owned status=ok
LITCHI0691_PART profile=baseline stage=process_part uri=/ppt/slides/slide3.xml visible_ptr=0x651c31bf41d0 visible_len=3038 arc_struct_ptr=0x651c31b02ec0 arc_bytes_ptr=0x651c31bf41d0 arc_len=3038 alias=true
LITCHI0691_CODEC call=64 profile=baseline stage=prefix:real:apply input_ptr=0x651c31bf41d0 input_len=3038 output_ptr=0x651c31b1f4d0 output_len=3237 mode=owned status=ok
LITCHI0691_PART profile=baseline stage=process_part uri=/ppt/slides/slide4.xml visible_ptr=0x651c31bec810 visible_len=31153 arc_struct_ptr=0x651c31b031c0 arc_bytes_ptr=0x651c31bec810 arc_len=31153 alias=true
LITCHI0691_CODEC call=65 profile=baseline stage=prefix:real:apply input_ptr=0x651c31bec810 input_len=31153 output_ptr=0x651c31b2ec70 output_len=35854 mode=owned status=ok
LITCHI0691_PART profile=baseline stage=process_part uri=/ppt/slides/slide5.xml visible_ptr=0x651c31be5c50 visible_len=17833 arc_struct_ptr=0x651c31b030a0 arc_bytes_ptr=0x651c31be5c50 arc_len=17833 alias=true
LITCHI0691_CODEC call=66 profile=baseline stage=prefix:real:apply input_ptr=0x651c31be5c50 input_len=17833 output_ptr=0x651c31b2ec70 output_len=20569 mode=owned status=ok
LITCHI0691_PART profile=baseline stage=process_part uri=/ppt/slides/slide6.xml visible_ptr=0x651c31c03c60 visible_len=3037 arc_struct_ptr=0x651c31c05510 arc_bytes_ptr=0x651c31c03c60 arc_len=3037 alias=true
LITCHI0691_CODEC call=67 profile=baseline stage=prefix:real:apply input_ptr=0x651c31c03c60 input_len=3037 output_ptr=0x651c31b1f4d0 output_len=3236 mode=owned status=ok
LITCHI0691_PART profile=baseline stage=process_part uri=/ppt/slides/slide7.xml visible_ptr=0x651c31c0d8b0 visible_len=28449 arc_struct_ptr=0x651c31b03040 arc_bytes_ptr=0x651c31c0d8b0 arc_len=28449 alias=true
LITCHI0691_CODEC call=68 profile=baseline stage=prefix:real:apply input_ptr=0x651c31c0d8b0 input_len=28449 output_ptr=0x651c31b2ec70 output_len=32716 mode=owned status=ok
LITCHI0691_PART profile=baseline stage=process_part uri=/ppt/slides/slide8.xml visible_ptr=0x651c31b1a430 visible_len=2674 arc_struct_ptr=0x651c31bfe4f0 arc_bytes_ptr=0x651c31b1a430 arc_len=2674 alias=true
LITCHI0691_CODEC call=69 profile=baseline stage=prefix:real:apply input_ptr=0x651c31b1a430 input_len=2674 output_ptr=0x651c31b2c9c0 output_len=2842 mode=owned status=ok
LITCHI0691_PART profile=baseline stage=process_part uri=/ppt/slides/slide9.xml visible_ptr=0x651c31bebd90 visible_len=2676 arc_struct_ptr=0x651c31b02fe0 arc_bytes_ptr=0x651c31bebd90 arc_len=2676 alias=true
LITCHI0691_CODEC call=70 profile=baseline stage=prefix:real:apply input_ptr=0x651c31bebd90 input_len=2676 output_ptr=0x651c31b2c9c0 output_len=2844 mode=owned status=ok
LITCHI0691_PART profile=baseline stage=process_part uri=/ppt/slides/slide10.xml visible_ptr=0x651c31b1aeb0 visible_len=3037 arc_struct_ptr=0x651c31afc330 arc_bytes_ptr=0x651c31b1aeb0 arc_len=3037 alias=true
LITCHI0691_CODEC call=71 profile=baseline stage=prefix:real:apply input_ptr=0x651c31b1aeb0 input_len=3037 output_ptr=0x651c31b1f4d0 output_len=3236 mode=owned status=ok
LITCHI0691_PART profile=baseline stage=process_part uri=/ppt/slides/slide11.xml visible_ptr=0x651c31c147e0 visible_len=121498 arc_struct_ptr=0x651c31b61f70 arc_bytes_ptr=0x651c31c147e0 arc_len=121498 alias=true
LITCHI0691_CODEC call=72 profile=baseline stage=prefix:real:apply input_ptr=0x651c31c147e0 input_len=121498 output_ptr=0x651c31c32290 output_len=141788 mode=owned status=ok
LITCHI0691_PART profile=baseline stage=process_part uri=/ppt/slides/slide12.xml visible_ptr=0x651c31bdea50 visible_len=29160 arc_struct_ptr=0x651c31bfdd20 arc_bytes_ptr=0x651c31bdea50 arc_len=29160 alias=true
LITCHI0691_CODEC call=73 profile=baseline stage=prefix:real:apply input_ptr=0x651c31bdea50 input_len=29160 output_ptr=0x651c31b2ec70 output_len=33731 mode=owned status=ok
LITCHI0691_PART profile=baseline stage=process_part uri=/ppt/slides/slide13.xml visible_ptr=0x651c31bea210 visible_len=7028 arc_struct_ptr=0x651c31b02f80 arc_bytes_ptr=0x651c31bea210 arc_len=7028 alias=true
LITCHI0691_CODEC call=74 profile=baseline stage=prefix:real:apply input_ptr=0x651c31bea210 input_len=7028 output_ptr=0x651c31b16120 output_len=7850 mode=owned status=ok
LITCHI0691_CODEC call=75 profile=baseline stage=prefix:real:apply input_ptr=0x651c31afa030 input_len=2357 output_ptr=0x651c31b1cdd0 output_len=2801 mode=owned status=ok
LITCHI0691_CODEC call=76 profile=baseline stage=prefix:real:apply input_ptr=0x651c31afa030 input_len=2357 output_ptr=0x651c31b1cdd0 output_len=2801 mode=owned status=ok
LITCHI0691_CODEC call=77 profile=baseline stage=prefix:real:apply input_ptr=0x651c31bf9040 input_len=2589 output_ptr=0x651c31b2c9c0 output_len=2737 mode=owned status=ok
LITCHI0691_CODEC call=78 profile=baseline stage=prefix:real:apply input_ptr=0x651c31bf4dc0 input_len=17006 output_ptr=0x651c31b2ec70 output_len=19418 mode=owned status=ok
LITCHI0691_CODEC call=79 profile=baseline stage=prefix:real:apply input_ptr=0x651c31bf41d0 input_len=3038 output_ptr=0x651c31b1f4d0 output_len=3237 mode=owned status=ok
LITCHI0691_CODEC call=80 profile=baseline stage=prefix:real:apply input_ptr=0x651c31bec810 input_len=31153 output_ptr=0x651c31b2ec70 output_len=35854 mode=owned status=ok
LITCHI0691_CODEC call=81 profile=baseline stage=prefix:real:apply input_ptr=0x651c31be5c50 input_len=17833 output_ptr=0x651c31b2ec70 output_len=20569 mode=owned status=ok
LITCHI0691_CODEC call=82 profile=baseline stage=prefix:real:apply input_ptr=0x651c31c03c60 input_len=3037 output_ptr=0x651c31b1f4d0 output_len=3236 mode=owned status=ok
LITCHI0691_CODEC call=83 profile=baseline stage=prefix:real:apply input_ptr=0x651c31c0d8b0 input_len=28449 output_ptr=0x651c31b2ec70 output_len=32716 mode=owned status=ok
LITCHI0691_CODEC call=84 profile=baseline stage=prefix:real:apply input_ptr=0x651c31b1a430 input_len=2674 output_ptr=0x651c31b2c9c0 output_len=2842 mode=owned status=ok
LITCHI0691_CODEC call=85 profile=baseline stage=prefix:real:apply input_ptr=0x651c31bebd90 input_len=2676 output_ptr=0x651c31b2c9c0 output_len=2844 mode=owned status=ok
LITCHI0691_CODEC call=86 profile=baseline stage=prefix:real:apply input_ptr=0x651c31b1aeb0 input_len=3037 output_ptr=0x651c31b1f4d0 output_len=3236 mode=owned status=ok
LITCHI0691_CODEC call=87 profile=baseline stage=prefix:real:apply input_ptr=0x651c31c147e0 input_len=121498 output_ptr=0x651c31c32290 output_len=141788 mode=owned status=ok
LITCHI0691_CODEC call=88 profile=baseline stage=prefix:real:apply input_ptr=0x651c31bdea50 input_len=29160 output_ptr=0x651c31b2ec70 output_len=33731 mode=owned status=ok
LITCHI0691_CODEC call=89 profile=baseline stage=prefix:real:apply input_ptr=0x651c31bea210 input_len=7028 output_ptr=0x651c31b16120 output_len=7850 mode=owned status=ok
LITCHI0691_MODEL profile=baseline stage=capture_success parts=58 slides=13
LITCHI0691_MODEL profile=baseline stage=capture_begin parts=58
LITCHI0691_PART profile=baseline stage=process_part uri=/ppt/presentation.xml visible_ptr=0x651c31afa030 visible_len=2357 arc_struct_ptr=0x651c31bfdea0 arc_bytes_ptr=0x651c31afa030 arc_len=2357 alias=true
LITCHI0691_CODEC call=90 profile=baseline stage=prefix:real:apply input_ptr=0x651c31afa030 input_len=2357 output_ptr=0x651c31b6db00 output_len=2801 mode=owned status=ok
LITCHI0691_PART profile=baseline stage=process_part uri=/ppt/presentation.xml visible_ptr=0x651c31afa030 visible_len=2357 arc_struct_ptr=0x651c31bfdea0 arc_bytes_ptr=0x651c31afa030 arc_len=2357 alias=true
LITCHI0691_CODEC call=91 profile=baseline stage=prefix:real:apply input_ptr=0x651c31afa030 input_len=2357 output_ptr=0x651c31b6db00 output_len=2801 mode=owned status=ok
LITCHI0691_PART profile=baseline stage=process_part uri=/ppt/presentation.xml visible_ptr=0x651c31afa030 visible_len=2357 arc_struct_ptr=0x651c31bfdea0 arc_bytes_ptr=0x651c31afa030 arc_len=2357 alias=true
LITCHI0691_CODEC call=92 profile=baseline stage=prefix:real:apply input_ptr=0x651c31afa030 input_len=2357 output_ptr=0x651c31b6db00 output_len=2801 mode=owned status=ok
LITCHI0691_PART profile=baseline stage=process_part uri=/ppt/slides/slide1.xml visible_ptr=0x651c31bf9040 visible_len=2589 arc_struct_ptr=0x651c31b23360 arc_bytes_ptr=0x651c31bf9040 arc_len=2589 alias=true
LITCHI0691_CODEC call=93 profile=baseline stage=prefix:real:apply input_ptr=0x651c31bf9040 input_len=2589 output_ptr=0x651c31b6dd50 output_len=2737 mode=owned status=ok
LITCHI0691_PART profile=baseline stage=process_part uri=/ppt/slides/slide2.xml visible_ptr=0x651c31b63780 visible_len=16935 arc_struct_ptr=0x651c31b4f520 arc_bytes_ptr=0x651c31b63780 arc_len=16935 alias=true
LITCHI0691_CODEC call=94 profile=baseline stage=prefix:real:apply input_ptr=0x651c31b63780 input_len=16935 output_ptr=0x651c31b6db00 output_len=19348 mode=owned status=ok
LITCHI0691_PART profile=baseline stage=process_part uri=/ppt/slides/slide3.xml visible_ptr=0x651c31bf41d0 visible_len=3038 arc_struct_ptr=0x651c31b02ec0 arc_bytes_ptr=0x651c31bf41d0 arc_len=3038 alias=true
LITCHI0691_CODEC call=95 profile=baseline stage=prefix:real:apply input_ptr=0x651c31bf41d0 input_len=3038 output_ptr=0x651c31b6db00 output_len=3237 mode=owned status=ok
LITCHI0691_PART profile=baseline stage=process_part uri=/ppt/slides/slide4.xml visible_ptr=0x651c31bec810 visible_len=31153 arc_struct_ptr=0x651c31b031c0 arc_bytes_ptr=0x651c31bec810 arc_len=31153 alias=true
LITCHI0691_CODEC call=96 profile=baseline stage=prefix:real:apply input_ptr=0x651c31bec810 input_len=31153 output_ptr=0x651c31c32290 output_len=35854 mode=owned status=ok
LITCHI0691_PART profile=baseline stage=process_part uri=/ppt/slides/slide5.xml visible_ptr=0x651c31be5c50 visible_len=17833 arc_struct_ptr=0x651c31b030a0 arc_bytes_ptr=0x651c31be5c50 arc_len=17833 alias=true
LITCHI0691_CODEC call=97 profile=baseline stage=prefix:real:apply input_ptr=0x651c31be5c50 input_len=17833 output_ptr=0x651c31b72550 output_len=20569 mode=owned status=ok
LITCHI0691_PART profile=baseline stage=process_part uri=/ppt/slides/slide6.xml visible_ptr=0x651c31c03c60 visible_len=3037 arc_struct_ptr=0x651c31c05510 arc_bytes_ptr=0x651c31c03c60 arc_len=3037 alias=true
LITCHI0691_CODEC call=98 profile=baseline stage=prefix:real:apply input_ptr=0x651c31c03c60 input_len=3037 output_ptr=0x651c31b6eb80 output_len=3236 mode=owned status=ok
LITCHI0691_PART profile=baseline stage=process_part uri=/ppt/slides/slide7.xml visible_ptr=0x651c31c0d8b0 visible_len=28449 arc_struct_ptr=0x651c31b03040 arc_bytes_ptr=0x651c31c0d8b0 arc_len=28449 alias=true
LITCHI0691_CODEC call=99 profile=baseline stage=prefix:real:apply input_ptr=0x651c31c0d8b0 input_len=28449 output_ptr=0x651c31b75140 output_len=32716 mode=owned status=ok
LITCHI0691_PART profile=baseline stage=process_part uri=/ppt/slides/slide8.xml visible_ptr=0x651c31b1a430 visible_len=2674 arc_struct_ptr=0x651c31bfe4f0 arc_bytes_ptr=0x651c31b1a430 arc_len=2674 alias=true
LITCHI0691_CODEC call=100 profile=baseline stage=prefix:real:apply input_ptr=0x651c31b1a430 input_len=2674 output_ptr=0x651c31b6dd80 output_len=2842 mode=owned status=ok
LITCHI0691_PART profile=baseline stage=process_part uri=/ppt/slides/slide9.xml visible_ptr=0x651c31bebd90 visible_len=2676 arc_struct_ptr=0x651c31b02fe0 arc_bytes_ptr=0x651c31bebd90 arc_len=2676 alias=true
LITCHI0691_CODEC call=101 profile=baseline stage=prefix:real:apply input_ptr=0x651c31bebd90 input_len=2676 output_ptr=0x651c31b6dd80 output_len=2844 mode=owned status=ok
LITCHI0691_PART profile=baseline stage=process_part uri=/ppt/slides/slide10.xml visible_ptr=0x651c31b1aeb0 visible_len=3037 arc_struct_ptr=0x651c31afc330 arc_bytes_ptr=0x651c31b1aeb0 arc_len=3037 alias=true
LITCHI0691_CODEC call=102 profile=baseline stage=prefix:real:apply input_ptr=0x651c31b1aeb0 input_len=3037 output_ptr=0x651c31b6dd80 output_len=3236 mode=owned status=ok
LITCHI0691_PART profile=baseline stage=process_part uri=/ppt/slides/slide11.xml visible_ptr=0x651c31c147e0 visible_len=121498 arc_struct_ptr=0x651c31b61f70 arc_bytes_ptr=0x651c31c147e0 arc_len=121498 alias=true
LITCHI0691_CODEC call=103 profile=baseline stage=prefix:real:apply input_ptr=0x651c31c147e0 input_len=121498 output_ptr=0x651c31c32290 output_len=141788 mode=owned status=ok
LITCHI0691_PART profile=baseline stage=process_part uri=/ppt/slides/slide12.xml visible_ptr=0x651c31bdea50 visible_len=29160 arc_struct_ptr=0x651c31bfdd20 arc_bytes_ptr=0x651c31bdea50 arc_len=29160 alias=true
LITCHI0691_CODEC call=104 profile=baseline stage=prefix:real:apply input_ptr=0x651c31bdea50 input_len=29160 output_ptr=0x651c31b6dd80 output_len=33731 mode=owned status=ok
LITCHI0691_PART profile=baseline stage=process_part uri=/ppt/slides/slide13.xml visible_ptr=0x651c31bea210 visible_len=7028 arc_struct_ptr=0x651c31b02f80 arc_bytes_ptr=0x651c31bea210 arc_len=7028 alias=true
LITCHI0691_CODEC call=105 profile=baseline stage=prefix:real:apply input_ptr=0x651c31bea210 input_len=7028 output_ptr=0x651c31b6dd80 output_len=7850 mode=owned status=ok
LITCHI0691_PART profile=baseline stage=process_part uri=/ppt/slides/slide1.xml visible_ptr=0x651c31bf9040 visible_len=2589 arc_struct_ptr=0x651c31b23360 arc_bytes_ptr=0x651c31bf9040 arc_len=2589 alias=true
LITCHI0691_CODEC call=106 profile=baseline stage=prefix:real:apply input_ptr=0x651c31bf9040 input_len=2589 output_ptr=0x651c31b6dd80 output_len=2737 mode=owned status=ok
LITCHI0691_PART profile=baseline stage=process_part uri=/ppt/slides/slide2.xml visible_ptr=0x651c31b63780 visible_len=16935 arc_struct_ptr=0x651c31b4f520 arc_bytes_ptr=0x651c31b63780 arc_len=16935 alias=true
LITCHI0691_CODEC call=107 profile=baseline stage=prefix:real:apply input_ptr=0x651c31b63780 input_len=16935 output_ptr=0x651c31b6dd80 output_len=19348 mode=owned status=ok
LITCHI0691_PART profile=baseline stage=process_part uri=/ppt/slides/slide3.xml visible_ptr=0x651c31bf41d0 visible_len=3038 arc_struct_ptr=0x651c31b02ec0 arc_bytes_ptr=0x651c31bf41d0 arc_len=3038 alias=true
LITCHI0691_CODEC call=108 profile=baseline stage=prefix:real:apply input_ptr=0x651c31bf41d0 input_len=3038 output_ptr=0x651c31b6dd80 output_len=3237 mode=owned status=ok
LITCHI0691_PART profile=baseline stage=process_part uri=/ppt/slides/slide4.xml visible_ptr=0x651c31bec810 visible_len=31153 arc_struct_ptr=0x651c31b031c0 arc_bytes_ptr=0x651c31bec810 arc_len=31153 alias=true
LITCHI0691_CODEC call=109 profile=baseline stage=prefix:real:apply input_ptr=0x651c31bec810 input_len=31153 output_ptr=0x651c31b6dd80 output_len=35854 mode=owned status=ok
LITCHI0691_PART profile=baseline stage=process_part uri=/ppt/slides/slide5.xml visible_ptr=0x651c31be5c50 visible_len=17833 arc_struct_ptr=0x651c31b030a0 arc_bytes_ptr=0x651c31be5c50 arc_len=17833 alias=true
LITCHI0691_CODEC call=110 profile=baseline stage=prefix:real:apply input_ptr=0x651c31be5c50 input_len=17833 output_ptr=0x651c31b6dd80 output_len=20569 mode=owned status=ok
LITCHI0691_PART profile=baseline stage=process_part uri=/ppt/slides/slide6.xml visible_ptr=0x651c31c03c60 visible_len=3037 arc_struct_ptr=0x651c31c05510 arc_bytes_ptr=0x651c31c03c60 arc_len=3037 alias=true
LITCHI0691_CODEC call=111 profile=baseline stage=prefix:real:apply input_ptr=0x651c31c03c60 input_len=3037 output_ptr=0x651c31b6dd80 output_len=3236 mode=owned status=ok
LITCHI0691_PART profile=baseline stage=process_part uri=/ppt/slides/slide7.xml visible_ptr=0x651c31c0d8b0 visible_len=28449 arc_struct_ptr=0x651c31b03040 arc_bytes_ptr=0x651c31c0d8b0 arc_len=28449 alias=true
LITCHI0691_CODEC call=112 profile=baseline stage=prefix:real:apply input_ptr=0x651c31c0d8b0 input_len=28449 output_ptr=0x651c31b6dd80 output_len=32716 mode=owned status=ok
LITCHI0691_PART profile=baseline stage=process_part uri=/ppt/slides/slide8.xml visible_ptr=0x651c31b1a430 visible_len=2674 arc_struct_ptr=0x651c31bfe4f0 arc_bytes_ptr=0x651c31b1a430 arc_len=2674 alias=true
LITCHI0691_CODEC call=113 profile=baseline stage=prefix:real:apply input_ptr=0x651c31b1a430 input_len=2674 output_ptr=0x651c31b6dd80 output_len=2842 mode=owned status=ok
LITCHI0691_PART profile=baseline stage=process_part uri=/ppt/slides/slide9.xml visible_ptr=0x651c31bebd90 visible_len=2676 arc_struct_ptr=0x651c31b02fe0 arc_bytes_ptr=0x651c31bebd90 arc_len=2676 alias=true
LITCHI0691_CODEC call=114 profile=baseline stage=prefix:real:apply input_ptr=0x651c31bebd90 input_len=2676 output_ptr=0x651c31b6dd80 output_len=2844 mode=owned status=ok
LITCHI0691_PART profile=baseline stage=process_part uri=/ppt/slides/slide10.xml visible_ptr=0x651c31b1aeb0 visible_len=3037 arc_struct_ptr=0x651c31afc330 arc_bytes_ptr=0x651c31b1aeb0 arc_len=3037 alias=true
LITCHI0691_CODEC call=115 profile=baseline stage=prefix:real:apply input_ptr=0x651c31b1aeb0 input_len=3037 output_ptr=0x651c31b6dd80 output_len=3236 mode=owned status=ok
LITCHI0691_PART profile=baseline stage=process_part uri=/ppt/slides/slide11.xml visible_ptr=0x651c31c147e0 visible_len=121498 arc_struct_ptr=0x651c31b61f70 arc_bytes_ptr=0x651c31c147e0 arc_len=121498 alias=true
LITCHI0691_CODEC call=116 profile=baseline stage=prefix:real:apply input_ptr=0x651c31c147e0 input_len=121498 output_ptr=0x651c31c32290 output_len=141788 mode=owned status=ok
LITCHI0691_PART profile=baseline stage=process_part uri=/ppt/slides/slide12.xml visible_ptr=0x651c31bdea50 visible_len=29160 arc_struct_ptr=0x651c31bfdd20 arc_bytes_ptr=0x651c31bdea50 arc_len=29160 alias=true
LITCHI0691_CODEC call=117 profile=baseline stage=prefix:real:apply input_ptr=0x651c31bdea50 input_len=29160 output_ptr=0x651c31b6dd80 output_len=33731 mode=owned status=ok
LITCHI0691_PART profile=baseline stage=process_part uri=/ppt/slides/slide13.xml visible_ptr=0x651c31bea210 visible_len=7028 arc_struct_ptr=0x651c31b02f80 arc_bytes_ptr=0x651c31bea210 arc_len=7028 alias=true
LITCHI0691_CODEC call=118 profile=baseline stage=prefix:real:apply input_ptr=0x651c31bea210 input_len=7028 output_ptr=0x651c31b6dd80 output_len=7850 mode=owned status=ok
LITCHI0691_CODEC call=119 profile=baseline stage=prefix:real:apply input_ptr=0x651c31afa030 input_len=2357 output_ptr=0x651c31b838c0 output_len=2801 mode=owned status=ok
LITCHI0691_CODEC call=120 profile=baseline stage=prefix:real:apply input_ptr=0x651c31afa030 input_len=2357 output_ptr=0x651c31b838c0 output_len=2801 mode=owned status=ok
LITCHI0691_CODEC call=121 profile=baseline stage=prefix:real:apply input_ptr=0x651c31bf9040 input_len=2589 output_ptr=0x651c31b6e800 output_len=2737 mode=owned status=ok
LITCHI0691_CODEC call=122 profile=baseline stage=prefix:real:apply input_ptr=0x651c31b63780 input_len=16935 output_ptr=0x651c31b6e800 output_len=19348 mode=owned status=ok
LITCHI0691_CODEC call=123 profile=baseline stage=prefix:real:apply input_ptr=0x651c31bf41d0 input_len=3038 output_ptr=0x651c31b6ec90 output_len=3237 mode=owned status=ok
LITCHI0691_CODEC call=124 profile=baseline stage=prefix:real:apply input_ptr=0x651c31bec810 input_len=31153 output_ptr=0x651c31b6e800 output_len=35854 mode=owned status=ok
LITCHI0691_CODEC call=125 profile=baseline stage=prefix:real:apply input_ptr=0x651c31be5c50 input_len=17833 output_ptr=0x651c31b6e800 output_len=20569 mode=owned status=ok
LITCHI0691_CODEC call=126 profile=baseline stage=prefix:real:apply input_ptr=0x651c31c03c60 input_len=3037 output_ptr=0x651c31b6ec90 output_len=3236 mode=owned status=ok
LITCHI0691_CODEC call=127 profile=baseline stage=prefix:real:apply input_ptr=0x651c31c0d8b0 input_len=28449 output_ptr=0x651c31b6e800 output_len=32716 mode=owned status=ok
LITCHI0691_CODEC call=128 profile=baseline stage=prefix:real:apply input_ptr=0x651c31b1a430 input_len=2674 output_ptr=0x651c31b6e800 output_len=2842 mode=owned status=ok
LITCHI0691_CODEC call=129 profile=baseline stage=prefix:real:apply input_ptr=0x651c31bebd90 input_len=2676 output_ptr=0x651c31b6e800 output_len=2844 mode=owned status=ok
LITCHI0691_CODEC call=130 profile=baseline stage=prefix:real:apply input_ptr=0x651c31b1aeb0 input_len=3037 output_ptr=0x651c31b6ec90 output_len=3236 mode=owned status=ok
LITCHI0691_CODEC call=131 profile=baseline stage=prefix:real:apply input_ptr=0x651c31c147e0 input_len=121498 output_ptr=0x651c31c32290 output_len=141788 mode=owned status=ok
LITCHI0691_CODEC call=132 profile=baseline stage=prefix:real:apply input_ptr=0x651c31bdea50 input_len=29160 output_ptr=0x651c31b6e800 output_len=33731 mode=owned status=ok
LITCHI0691_CODEC call=133 profile=baseline stage=prefix:real:apply input_ptr=0x651c31bea210 input_len=7028 output_ptr=0x651c31b6e800 output_len=7850 mode=owned status=ok
LITCHI0691_MODEL profile=baseline stage=capture_success parts=58 slides=13
LITCHI0691_PART profile=baseline stage=process_part uri=/ppt/presentation.xml visible_ptr=0x651c31afa030 visible_len=2357 arc_struct_ptr=0x651c31bfdea0 arc_bytes_ptr=0x651c31afa030 arc_len=2357 alias=true
LITCHI0691_CODEC call=134 profile=baseline stage=prefix:real:apply input_ptr=0x651c31afa030 input_len=2357 output_ptr=0x651c31b67a20 output_len=2801 mode=owned status=ok
