LITCHI0691_PART profile=baseline stage=process_part uri=/ppt/presentation.xml visible_ptr=0x639ad5201eb0 visible_len=2357 arc_struct_ptr=0x639ad5206410 arc_bytes_ptr=0x639ad5201eb0 arc_len=2357 alias=true
LITCHI0691_CODEC call=0 profile=baseline stage=prefix:real:capture input_ptr=0x639ad5201eb0 input_len=2357 output_ptr=0x639ad51e7aa0 output_len=2801 mode=owned status=ok
LITCHI0691_MODEL profile=baseline stage=capture_begin parts=58
LITCHI0691_PART profile=baseline stage=process_part uri=/ppt/presentation.xml visible_ptr=0x639ad5201eb0 visible_len=2357 arc_struct_ptr=0x639ad5206410 arc_bytes_ptr=0x639ad5201eb0 arc_len=2357 alias=true
LITCHI0691_CODEC call=1 profile=baseline stage=prefix:real:capture input_ptr=0x639ad5201eb0 input_len=2357 output_ptr=0x639ad51e7aa0 output_len=2801 mode=owned status=ok
LITCHI0691_PART profile=baseline stage=process_part uri=/ppt/presentation.xml visible_ptr=0x639ad5201eb0 visible_len=2357 arc_struct_ptr=0x639ad5206410 arc_bytes_ptr=0x639ad5201eb0 arc_len=2357 alias=true
LITCHI0691_CODEC call=2 profile=baseline stage=prefix:real:capture input_ptr=0x639ad5201eb0 input_len=2357 output_ptr=0x639ad51e7aa0 output_len=2801 mode=owned status=ok
LITCHI0691_PART profile=baseline stage=process_part uri=/ppt/presentation.xml visible_ptr=0x639ad5201eb0 visible_len=2357 arc_struct_ptr=0x639ad5206410 arc_bytes_ptr=0x639ad5201eb0 arc_len=2357 alias=true
LITCHI0691_CODEC call=3 profile=baseline stage=prefix:real:capture input_ptr=0x639ad5201eb0 input_len=2357 output_ptr=0x639ad51e7aa0 output_len=2801 mode=owned status=ok
LITCHI0691_PART profile=baseline stage=process_part uri=/ppt/slides/slide1.xml visible_ptr=0x639ad52c8250 visible_len=2589 arc_struct_ptr=0x639ad5205370 arc_bytes_ptr=0x639ad52c8250 arc_len=2589 alias=true
LITCHI0691_CODEC call=4 profile=baseline stage=prefix:real:capture input_ptr=0x639ad52c8250 input_len=2589 output_ptr=0x639ad524dce0 output_len=2737 mode=owned status=ok
LITCHI0691_PART profile=baseline stage=process_part uri=/ppt/slides/slide2.xml visible_ptr=0x639ad52c3fd0 visible_len=17006 arc_struct_ptr=0x639ad5205470 arc_bytes_ptr=0x639ad52c3fd0 arc_len=17006 alias=true
LITCHI0691_CODEC call=5 profile=baseline stage=prefix:real:capture input_ptr=0x639ad52c3fd0 input_len=17006 output_ptr=0x639ad5222df0 output_len=19418 mode=owned status=ok
LITCHI0691_PART profile=baseline stage=process_part uri=/ppt/slides/slide3.xml visible_ptr=0x639ad52bc4b0 visible_len=3038 arc_struct_ptr=0x639ad5208b90 arc_bytes_ptr=0x639ad52bc4b0 arc_len=3038 alias=true
LITCHI0691_CODEC call=6 profile=baseline stage=prefix:real:capture input_ptr=0x639ad52bc4b0 input_len=3038 output_ptr=0x639ad51e3440 output_len=3237 mode=owned status=ok
LITCHI0691_PART profile=baseline stage=process_part uri=/ppt/slides/slide4.xml visible_ptr=0x639ad52b4af0 visible_len=31153 arc_struct_ptr=0x639ad5208ef0 arc_bytes_ptr=0x639ad52b4af0 arc_len=31153 alias=true
LITCHI0691_CODEC call=7 profile=baseline stage=prefix:real:capture input_ptr=0x639ad52b4af0 input_len=31153 output_ptr=0x639ad5208fa0 output_len=35854 mode=owned status=ok
LITCHI0691_PART profile=baseline stage=process_part uri=/ppt/slides/slide5.xml visible_ptr=0x639ad52ac8c0 visible_len=17833 arc_struct_ptr=0x639ad5205d20 arc_bytes_ptr=0x639ad52ac8c0 arc_len=17833 alias=true
LITCHI0691_CODEC call=8 profile=baseline stage=prefix:real:capture input_ptr=0x639ad52ac8c0 input_len=17833 output_ptr=0x639ad5208fa0 output_len=20569 mode=owned status=ok
LITCHI0691_PART profile=baseline stage=process_part uri=/ppt/slides/slide6.xml visible_ptr=0x639ad52abcd0 visible_len=3037 arc_struct_ptr=0x639ad52060b0 arc_bytes_ptr=0x639ad52abcd0 arc_len=3037 alias=true
LITCHI0691_CODEC call=9 profile=baseline stage=prefix:real:capture input_ptr=0x639ad52abcd0 input_len=3037 output_ptr=0x639ad524dce0 output_len=3236 mode=owned status=ok
LITCHI0691_PART profile=baseline stage=process_part uri=/ppt/slides/slide7.xml visible_ptr=0x639ad52bd0a0 visible_len=28449 arc_struct_ptr=0x639ad5205a20 arc_bytes_ptr=0x639ad52bd0a0 arc_len=28449 alias=true
LITCHI0691_CODEC call=10 profile=baseline stage=prefix:real:capture input_ptr=0x639ad52bd0a0 input_len=28449 output_ptr=0x639ad5208fa0 output_len=32716 mode=owned status=ok
LITCHI0691_PART profile=baseline stage=process_part uri=/ppt/slides/slide8.xml visible_ptr=0x639ad52b0e80 visible_len=2674 arc_struct_ptr=0x639ad5205e20 arc_bytes_ptr=0x639ad52b0e80 arc_len=2674 alias=true
LITCHI0691_CODEC call=11 profile=baseline stage=prefix:real:capture input_ptr=0x639ad52b0e80 input_len=2674 output_ptr=0x639ad524dce0 output_len=2842 mode=owned status=ok
LITCHI0691_PART profile=baseline stage=process_part uri=/ppt/slides/slide9.xml visible_ptr=0x639ad52b4070 visible_len=2676 arc_struct_ptr=0x639ad5205c20 arc_bytes_ptr=0x639ad52b4070 arc_len=2676 alias=true
LITCHI0691_CODEC call=12 profile=baseline stage=prefix:real:capture input_ptr=0x639ad52b4070 input_len=2676 output_ptr=0x639ad524dce0 output_len=2844 mode=owned status=ok
LITCHI0691_PART profile=baseline stage=process_part uri=/ppt/slides/slide10.xml visible_ptr=0x639ad52b1900 visible_len=3037 arc_struct_ptr=0x639ad5208d10 arc_bytes_ptr=0x639ad52b1900 arc_len=3037 alias=true
LITCHI0691_CODEC call=13 profile=baseline stage=prefix:real:capture input_ptr=0x639ad52b1900 input_len=3037 output_ptr=0x639ad51e9100 output_len=3236 mode=owned status=ok
LITCHI0691_PART profile=baseline stage=process_part uri=/ppt/slides/slide11.xml visible_ptr=0x639ad52c8c80 visible_len=121498 arc_struct_ptr=0x639ad52058e0 arc_bytes_ptr=0x639ad52c8c80 arc_len=121498 alias=true
LITCHI0691_CODEC call=14 profile=baseline stage=prefix:real:capture input_ptr=0x639ad52c8c80 input_len=121498 output_ptr=0x7c6e5c398010 output_len=141788 mode=owned status=ok
LITCHI0691_PART profile=baseline stage=process_part uri=/ppt/slides/slide12.xml visible_ptr=0x639ad52a4ad0 visible_len=29160 arc_struct_ptr=0x639ad5207640 arc_bytes_ptr=0x639ad52a4ad0 arc_len=29160 alias=true
LITCHI0691_CODEC call=15 profile=baseline stage=prefix:real:capture input_ptr=0x639ad52a4ad0 input_len=29160 output_ptr=0x639ad5208fa0 output_len=33731 mode=owned status=ok
LITCHI0691_PART profile=baseline stage=process_part uri=/ppt/slides/slide13.xml visible_ptr=0x639ad52b24f0 visible_len=7028 arc_struct_ptr=0x639ad5205aa0 arc_bytes_ptr=0x639ad52b24f0 arc_len=7028 alias=true
LITCHI0691_CODEC call=16 profile=baseline stage=prefix:real:capture input_ptr=0x639ad52b24f0 input_len=7028 output_ptr=0x639ad51e9100 output_len=7850 mode=owned status=ok
LITCHI0691_PART profile=baseline stage=process_part uri=/ppt/slides/slide1.xml visible_ptr=0x639ad52c8250 visible_len=2589 arc_struct_ptr=0x639ad5205370 arc_bytes_ptr=0x639ad52c8250 arc_len=2589 alias=true
LITCHI0691_CODEC call=17 profile=baseline stage=prefix:real:capture input_ptr=0x639ad52c8250 input_len=2589 output_ptr=0x639ad51e9100 output_len=2737 mode=owned status=ok
LITCHI0691_PART profile=baseline stage=process_part uri=/ppt/slides/slide2.xml visible_ptr=0x639ad52c3fd0 visible_len=17006 arc_struct_ptr=0x639ad5205470 arc_bytes_ptr=0x639ad52c3fd0 arc_len=17006 alias=true
LITCHI0691_CODEC call=18 profile=baseline stage=prefix:real:capture input_ptr=0x639ad52c3fd0 input_len=17006 output_ptr=0x639ad5222df0 output_len=19418 mode=owned status=ok
LITCHI0691_PART profile=baseline stage=process_part uri=/ppt/slides/slide3.xml visible_ptr=0x639ad52bc4b0 visible_len=3038 arc_struct_ptr=0x639ad5208b90 arc_bytes_ptr=0x639ad52bc4b0 arc_len=3038 alias=true
LITCHI0691_CODEC call=19 profile=baseline stage=prefix:real:capture input_ptr=0x639ad52bc4b0 input_len=3038 output_ptr=0x639ad51e9100 output_len=3237 mode=owned status=ok
LITCHI0691_PART profile=baseline stage=process_part uri=/ppt/slides/slide4.xml visible_ptr=0x639ad52b4af0 visible_len=31153 arc_struct_ptr=0x639ad5208ef0 arc_bytes_ptr=0x639ad52b4af0 arc_len=31153 alias=true
LITCHI0691_CODEC call=20 profile=baseline stage=prefix:real:capture input_ptr=0x639ad52b4af0 input_len=31153 output_ptr=0x639ad5208fa0 output_len=35854 mode=owned status=ok
LITCHI0691_PART profile=baseline stage=process_part uri=/ppt/slides/slide5.xml visible_ptr=0x639ad52ac8c0 visible_len=17833 arc_struct_ptr=0x639ad5205d20 arc_bytes_ptr=0x639ad52ac8c0 arc_len=17833 alias=true
LITCHI0691_CODEC call=21 profile=baseline stage=prefix:real:capture input_ptr=0x639ad52ac8c0 input_len=17833 output_ptr=0x639ad5208fa0 output_len=20569 mode=owned status=ok
LITCHI0691_PART profile=baseline stage=process_part uri=/ppt/slides/slide6.xml visible_ptr=0x639ad52abcd0 visible_len=3037 arc_struct_ptr=0x639ad52060b0 arc_bytes_ptr=0x639ad52abcd0 arc_len=3037 alias=true
LITCHI0691_CODEC call=22 profile=baseline stage=prefix:real:capture input_ptr=0x639ad52abcd0 input_len=3037 output_ptr=0x639ad51e9100 output_len=3236 mode=owned status=ok
LITCHI0691_PART profile=baseline stage=process_part uri=/ppt/slides/slide7.xml visible_ptr=0x639ad52bd0a0 visible_len=28449 arc_struct_ptr=0x639ad5205a20 arc_bytes_ptr=0x639ad52bd0a0 arc_len=28449 alias=true
LITCHI0691_CODEC call=23 profile=baseline stage=prefix:real:capture input_ptr=0x639ad52bd0a0 input_len=28449 output_ptr=0x639ad5208fa0 output_len=32716 mode=owned status=ok
LITCHI0691_PART profile=baseline stage=process_part uri=/ppt/slides/slide8.xml visible_ptr=0x639ad52b0e80 visible_len=2674 arc_struct_ptr=0x639ad5205e20 arc_bytes_ptr=0x639ad52b0e80 arc_len=2674 alias=true
LITCHI0691_CODEC call=24 profile=baseline stage=prefix:real:capture input_ptr=0x639ad52b0e80 input_len=2674 output_ptr=0x639ad51e9100 output_len=2842 mode=owned status=ok
LITCHI0691_PART profile=baseline stage=process_part uri=/ppt/slides/slide9.xml visible_ptr=0x639ad52b4070 visible_len=2676 arc_struct_ptr=0x639ad5205c20 arc_bytes_ptr=0x639ad52b4070 arc_len=2676 alias=true
LITCHI0691_CODEC call=25 profile=baseline stage=prefix:real:capture input_ptr=0x639ad52b4070 input_len=2676 output_ptr=0x639ad51e9100 output_len=2844 mode=owned status=ok
LITCHI0691_PART profile=baseline stage=process_part uri=/ppt/slides/slide10.xml visible_ptr=0x639ad52b1900 visible_len=3037 arc_struct_ptr=0x639ad5208d10 arc_bytes_ptr=0x639ad52b1900 arc_len=3037 alias=true
LITCHI0691_CODEC call=26 profile=baseline stage=prefix:real:capture input_ptr=0x639ad52b1900 input_len=3037 output_ptr=0x639ad51e9100 output_len=3236 mode=owned status=ok
LITCHI0691_PART profile=baseline stage=process_part uri=/ppt/slides/slide11.xml visible_ptr=0x639ad52c8c80 visible_len=121498 arc_struct_ptr=0x639ad52058e0 arc_bytes_ptr=0x639ad52c8c80 arc_len=121498 alias=true
LITCHI0691_CODEC call=27 profile=baseline stage=prefix:real:capture input_ptr=0x639ad52c8c80 input_len=121498 output_ptr=0x639ad52e6730 output_len=141788 mode=owned status=ok
LITCHI0691_PART profile=baseline stage=process_part uri=/ppt/slides/slide12.xml visible_ptr=0x639ad52a4ad0 visible_len=29160 arc_struct_ptr=0x639ad5207640 arc_bytes_ptr=0x639ad52a4ad0 arc_len=29160 alias=true
LITCHI0691_CODEC call=28 profile=baseline stage=prefix:real:capture input_ptr=0x639ad52a4ad0 input_len=29160 output_ptr=0x639ad5208fa0 output_len=33731 mode=owned status=ok
LITCHI0691_PART profile=baseline stage=process_part uri=/ppt/slides/slide13.xml visible_ptr=0x639ad52b24f0 visible_len=7028 arc_struct_ptr=0x639ad5205aa0 arc_bytes_ptr=0x639ad52b24f0 arc_len=7028 alias=true
LITCHI0691_CODEC call=29 profile=baseline stage=prefix:real:capture input_ptr=0x639ad52b24f0 input_len=7028 output_ptr=0x639ad51e9100 output_len=7850 mode=owned status=ok
LITCHI0691_CODEC call=30 profile=baseline stage=prefix:real:capture input_ptr=0x639ad5201eb0 input_len=2357 output_ptr=0x639ad51e9100 output_len=2801 mode=owned status=ok
LITCHI0691_CODEC call=31 profile=baseline stage=prefix:real:capture input_ptr=0x639ad5201eb0 input_len=2357 output_ptr=0x639ad51e9100 output_len=2801 mode=owned status=ok
LITCHI0691_CODEC call=32 profile=baseline stage=prefix:real:capture input_ptr=0x639ad52c8250 input_len=2589 output_ptr=0x639ad51e9e00 output_len=2737 mode=owned status=ok
LITCHI0691_CODEC call=33 profile=baseline stage=prefix:real:capture input_ptr=0x639ad52c3fd0 input_len=17006 output_ptr=0x639ad5222df0 output_len=19418 mode=owned status=ok
LITCHI0691_CODEC call=34 profile=baseline stage=prefix:real:capture input_ptr=0x639ad52bc4b0 input_len=3038 output_ptr=0x639ad51e9dc0 output_len=3237 mode=owned status=ok
LITCHI0691_CODEC call=35 profile=baseline stage=prefix:real:capture input_ptr=0x639ad52b4af0 input_len=31153 output_ptr=0x639ad5208fa0 output_len=35854 mode=owned status=ok
LITCHI0691_CODEC call=36 profile=baseline stage=prefix:real:capture input_ptr=0x639ad52ac8c0 input_len=17833 output_ptr=0x639ad5208fa0 output_len=20569 mode=owned status=ok
LITCHI0691_CODEC call=37 profile=baseline stage=prefix:real:capture input_ptr=0x639ad52abcd0 input_len=3037 output_ptr=0x639ad51e9dc0 output_len=3236 mode=owned status=ok
LITCHI0691_CODEC call=38 profile=baseline stage=prefix:real:capture input_ptr=0x639ad52bd0a0 input_len=28449 output_ptr=0x639ad5208fa0 output_len=32716 mode=owned status=ok
LITCHI0691_CODEC call=39 profile=baseline stage=prefix:real:capture input_ptr=0x639ad52b0e80 input_len=2674 output_ptr=0x639ad51e9dc0 output_len=2842 mode=owned status=ok
LITCHI0691_CODEC call=40 profile=baseline stage=prefix:real:capture input_ptr=0x639ad52b4070 input_len=2676 output_ptr=0x639ad51e9dc0 output_len=2844 mode=owned status=ok
LITCHI0691_CODEC call=41 profile=baseline stage=prefix:real:capture input_ptr=0x639ad52b1900 input_len=3037 output_ptr=0x639ad51eae40 output_len=3236 mode=owned status=ok
LITCHI0691_CODEC call=42 profile=baseline stage=prefix:real:capture input_ptr=0x639ad52c8c80 input_len=121498 output_ptr=0x639ad52e6730 output_len=141788 mode=owned status=ok
LITCHI0691_CODEC call=43 profile=baseline stage=prefix:real:capture input_ptr=0x639ad52a4ad0 input_len=29160 output_ptr=0x639ad5208fa0 output_len=33731 mode=owned status=ok
LITCHI0691_CODEC call=44 profile=baseline stage=prefix:real:capture input_ptr=0x639ad52b24f0 input_len=7028 output_ptr=0x639ad51dd630 output_len=7850 mode=owned status=ok
LITCHI0691_MODEL profile=baseline stage=capture_success parts=58 slides=13
