Verified source/probe/constraints/corpus/quality/raw bindings, 126-fixture corpus parity, 36 route groups and 64 allocation groups
REVIEW paired >5% p50: 15228-stored-file-native-prepared q2-build-trigger {'b1_a1': 26.731866340668287, 'b2_a2': 23.64810330912026, 'aa': 0.08149959250203231, 'abba_a': 0.9779951100244544, 'abba_b': -1.4790996784565968}
REVIEW paired >5% p50: 15228-stored-file-native-prepared queries-2 {'b1_a1': 15.243902439024382, 'b2_a2': 13.157894736842103, 'aa': -0.08113590263691961, 'abba_a': 0.40650406504065817, 'abba_b': -1.4109347442680775}
REVIEW paired >5% p50: 15228-stored-owned-native-prepared q2-build-trigger {'b1_a1': 37.301587301587304, 'b2_a2': 36.25498007968127, 'aa': 0.0, 'abba_a': -0.3968253968253954, 'abba_b': -1.1560693641618491}
REVIEW paired >5% p50: 15228-stored-owned-native-prepared queries-2 {'b1_a1': 20.54161162483488, 'b2_a2': 19.286657859973587, 'aa': 0.7279947054930513, 'abba_a': 0.0, 'abba_b': -1.041095890410959}
REVIEW paired >5% p50: 45365-2-stored-file-native-prepared q1 {'b1_a1': 20.602787710720282, 'b2_a2': 19.646891533914147, 'aa': -0.008056778314080582, 'abba_a': 1.1026782456396322, 'abba_b': 0.30133969091503676}
REVIEW paired >5% p50: 45365-2-stored-file-native-prepared q2-build-trigger {'b1_a1': 123.30313742819268, 'b2_a2': 118.97244128859529, 'aa': -0.33885765019237013, 'abba_a': 1.231403741346293, 'abba_b': -0.7318577445325047}
REVIEW paired >5% p50: 45365-2-stored-file-native-prepared queries-2 {'b1_a1': 71.82304461961478, 'b2_a2': 69.43468910435115, 'aa': -0.08486064119378467, 'abba_a': 1.1243688925826723, 'abba_b': -0.2812687778871559}
REVIEW paired >5% p50: 45365-2-stored-file-native-prepared open-and-queries-2 {'b1_a1': 58.01932481979546, 'b2_a2': 57.0934450246934, 'aa': -0.02123701102529907, 'abba_a': 0.5912729303961806, 'abba_b': 0.001880289489375464}
REVIEW paired >5% p50: 45365-2-stored-file-native-prepared queries-3 {'b1_a1': 15.183871171271734, 'b2_a2': 13.952541948409714, 'aa': -0.18506703809946234, 'abba_a': 0.7741177726763082, 'abba_b': -0.30316947995584487}
REVIEW paired >5% p50: 45365-2-stored-file-native-prepared open-and-queries-3 {'b1_a1': 13.181543310935663, 'b2_a2': 12.436843581382306, 'aa': -0.335754825022927, 'abba_a': 0.6698229888980833, 'abba_b': 0.0074465292657865945}
REVIEW paired >5% p50: 45365-2-stored-owned-native-prepared q1 {'b1_a1': 22.38602303202397, 'b2_a2': 21.091268273409725, 'aa': -0.5420267085624486, 'abba_a': -0.18141662722827023, 'abba_b': -1.2374243527690565}
REVIEW paired >5% p50: 45365-2-stored-owned-native-prepared q2-build-trigger {'b1_a1': 133.93774746855107, 'b2_a2': 130.78610603290676, 'aa': -0.3169156718373922, 'abba_a': 0.23024035818708377, 'abba_b': -1.1200751938591713}
REVIEW paired >5% p50: 45365-2-stored-owned-native-prepared queries-2 {'b1_a1': 77.19680292880757, 'b2_a2': 75.56980564461861, 'aa': -0.48779337371418485, 'abba_a': -0.3361185409614831, 'abba_b': -1.2512189365974868}
REVIEW paired >5% p50: 45365-2-stored-owned-native-prepared open-and-queries-2 {'b1_a1': 65.6934887235989, 'b2_a2': 63.7570849128253, 'aa': -0.3908985406235299, 'abba_a': -0.056680322978397424, 'abba_b': -1.2246841267174013}
REVIEW paired >5% p50: 45365-2-stored-owned-native-prepared queries-3 {'b1_a1': 18.719152205255575, 'b2_a2': 17.123467692760563, 'aa': 0.07861388006666914, 'abba_a': 0.09997579533376211, 'abba_b': -1.2454514429064645}
REVIEW paired >5% p50: 45365-2-stored-owned-native-prepared open-and-queries-3 {'b1_a1': 17.038477138900944, 'b2_a2': 15.46461372231227, 'aa': 0.09280268756584054, 'abba_a': 0.10489950627299294, 'abba_b': -1.2412512896505246}
REVIEW paired >5% p50: 54016-missing-file-native-prepared q1 {'b1_a1': 6.522857855282216, 'b2_a2': 7.942693686020541, 'aa': 2.1885243904749885, 'abba_a': -0.9602580494559421, 'abba_b': 0.3598358451286421}
REVIEW paired >5% p50: 54016-missing-file-native-prepared q2-build-trigger {'b1_a1': 88.69541799000761, 'b2_a2': 91.24744605821049, 'aa': 1.518921728060496, 'abba_a': -0.7191810808014121, 'abba_b': 0.6235512399663357}
REVIEW paired >5% p50: 54016-missing-file-native-prepared queries-2 {'b1_a1': 46.75201248924732, 'b2_a2': 49.63583668765945, 'aa': 1.8569611282828857, 'abba_a': -1.4196514778657465, 'abba_b': 0.5175512203041466}
REVIEW paired >5% p50: 54016-missing-file-native-prepared open-and-queries-2 {'b1_a1': 34.18683496691004, 'b2_a2': 35.8052942203158, 'aa': 1.0974982532412136, 'abba_a': -0.7166648826047228, 'abba_b': 0.48081497798933004}
REVIEW paired >5% p50: 54016-missing-owned-native-prepared q1 {'b1_a1': 7.1475416988790785, 'b2_a2': 7.122724187467799, 'aa': 1.0336541084307038, 'abba_a': 0.03831401952243407, 'abba_b': 0.015143147280460845}
REVIEW paired >5% p50: 54016-missing-owned-native-prepared q2-build-trigger {'b1_a1': 92.29710388839175, 'b2_a2': 91.7173283339283, 'aa': 1.2037755648590442, 'abba_a': 0.4258102298444699, 'abba_b': 0.12302652363618272}
REVIEW paired >5% p50: 54016-missing-owned-native-prepared queries-2 {'b1_a1': 49.83114566946338, 'b2_a2': 48.568616103542084, 'aa': 0.8732808552465832, 'abba_a': 0.9935981471770772, 'abba_b': 0.1425908144902177}
REVIEW paired >5% p50: 54016-missing-owned-native-prepared open-and-queries-2 {'b1_a1': 36.21758379512108, 'b2_a2': 35.92251261116925, 'aa': 0.9989722671072343, 'abba_a': 0.3679532667987262, 'abba_b': 0.1505386718827051}
REVIEW paired >5% p50: 54016-stored-file-native-prepared q1 {'b1_a1': 7.038287543923194, 'b2_a2': 6.260024480837423, 'aa': -1.432405171301332, 'abba_a': 0.22606070060309236, 'abba_b': -0.5026714455447556}
REVIEW paired >5% p50: 54016-stored-file-native-prepared q2-build-trigger {'b1_a1': 88.6427782631348, 'b2_a2': 89.9953815185994, 'aa': -0.6118226035055518, 'abba_a': -0.6826078829345383, 'abba_b': 0.029516000834872713}
REVIEW paired >5% p50: 54016-stored-file-native-prepared queries-2 {'b1_a1': 47.32833835774799, 'b2_a2': 47.90712667781347, 'aa': -0.30556426628444155, 'abba_a': -0.4291952983605962, 'abba_b': -0.03802534814443259}
REVIEW paired >5% p50: 54016-stored-file-native-prepared open-and-queries-2 {'b1_a1': 33.53257865950108, 'b2_a2': 34.972780791428605, 'aa': -0.20056408649326007, 'abba_a': -1.1043774893754854, 'abba_b': -0.03774874747657364}
REVIEW paired >5% p50: 54016-stored-owned-native-prepared q1 {'b1_a1': 5.787966077579143, 'b2_a2': 5.839831222947867, 'aa': -0.034112855110068896, 'abba_a': -0.17328998622807568, 'abba_b': -0.12434749287539848}
REVIEW paired >5% p50: 54016-stored-owned-native-prepared q2-build-trigger {'b1_a1': 90.84765296860479, 'b2_a2': 90.22726626430486, 'aa': -0.09298273879906338, 'abba_a': -0.10551191540649763, 'abba_b': -0.43023800596379}
REVIEW paired >5% p50: 54016-stored-owned-native-prepared queries-2 {'b1_a1': 47.17027406130778, 'b2_a2': 47.851135427729076, 'aa': -0.27032196021266053, 'abba_a': -0.7664975738714497, 'abba_b': -0.30740854595757705}
REVIEW paired >5% p50: 54016-stored-owned-native-prepared open-and-queries-2 {'b1_a1': 34.90677062082459, 'b2_a2': 34.728059636821996, 'aa': -0.05305683670284722, 'abba_a': -0.16074878455238917, 'abba_b': -0.29300582950785303}
REVIEW paired >5% p50: Simple-missing-owned-native-prepared q1 {'b1_a1': 7.86516853932584, 'b2_a2': 9.411764705882364, 'aa': 1.2499999999999956, 'abba_a': -4.49438202247191, 'abba_b': -3.125}
REVIEW paired >5% p50: Simple-missing-owned-native-prepared q2-build-trigger {'b1_a1': 12.58278145695364, 'b2_a2': 7.006369426751591, 'aa': 0.0, 'abba_a': 3.9735099337748325, 'abba_b': -1.17647058823529}
REVIEW paired >5% p50: Simple-missing-owned-native-prepared queries-2 {'b1_a1': 9.053497942386834, 'b2_a2': 9.016393442622949, 'aa': -0.4048582995951455, 'abba_a': 0.4115226337448652, 'abba_b': 0.37735849056603765}
REVIEW paired >5% p50: Simple-stored-file-native-prepared q2-build-trigger {'b1_a1': 5.623471882640585, 'b2_a2': 6.403940886699511, 'aa': -0.24096385542168308, 'abba_a': -0.7334963325183352, 'abba_b': 0.0}
REVIEW paired >5% p50: Simple-stored-file-native-prepared q3-warm-repeat-q1 {'b1_a1': 7.730673316708225, 'b2_a2': 5.970149253731338, 'aa': -0.4901960784313708, 'abba_a': 0.24937655860348684, 'abba_b': -1.388888888888884}
REVIEW paired >5% p50: Simple-stored-owned-native-prepared q2-build-trigger {'b1_a1': 17.006802721088434, 'b2_a2': 22.44897959183674, 'aa': -1.3698630136986356, 'abba_a': -3.3333333333333326, 'abba_b': 1.1627906976744207}
REVIEW paired >5% p50: Simple-stored-owned-native-prepared queries-2 {'b1_a1': 11.258278145695355, 'b2_a2': 11.705685618729088, 'aa': -1.3333333333333308, 'abba_a': -0.9933774834437137, 'abba_b': -0.5952380952380931}
REVIEW paired >5% p50: WithCustomViews-missing-file-native-prepared q1 {'b1_a1': 7.396339185655587, 'b2_a2': 8.54555744199208, 'aa': -0.41587474831109583, 'abba_a': -0.9899140829286557, 'abba_b': 0.06956521739129862}
REVIEW paired >5% p50: WithCustomViews-missing-file-native-prepared q2-build-trigger {'b1_a1': 67.50058578612499, 'b2_a2': 68.24089727509045, 'aa': -0.3994915562012036, 'abba_a': -0.847136857662989, 'abba_b': -0.408905532061421}
REVIEW paired >5% p50: WithCustomViews-missing-file-native-prepared queries-2 {'b1_a1': 38.132392041808004, 'b2_a2': 38.98853550295858, 'aa': -0.4995337069833128, 'abba_a': -0.8343265792610244, 'abba_b': -0.2196985284844799}
REVIEW paired >5% p50: WithCustomViews-missing-file-native-prepared open-and-queries-2 {'b1_a1': 23.119177335109995, 'b2_a2': 24.15001415227851, 'aa': -0.37756901905314777, 'abba_a': -0.6808687683078407, 'abba_b': 0.15069800576306136}
REVIEW paired >5% p50: WithCustomViews-missing-owned-native-prepared q1 {'b1_a1': 9.855820959758987, 'b2_a2': 9.469615632381355, 'aa': -0.4901960784313708, 'abba_a': 0.21519259737465823, 'abba_b': -0.13712047012732764}
REVIEW paired >5% p50: WithCustomViews-missing-owned-native-prepared q2-build-trigger {'b1_a1': 79.38289806234205, 'b2_a2': 79.09319899244332, 'aa': -0.9364423496189822, 'abba_a': 0.33698399326032025, 'abba_b': 0.17494217515352517}
REVIEW paired >5% p50: WithCustomViews-missing-owned-native-prepared queries-2 {'b1_a1': 45.12247071352502, 'b2_a2': 44.85832537408469, 'aa': -0.6216995224169519, 'abba_a': 0.3514376996805124, 'abba_b': 0.1687825640273033}
REVIEW paired >5% p50: WithCustomViews-missing-owned-native-prepared open-and-queries-2 {'b1_a1': 28.508579564240467, 'b2_a2': 28.658323240479078, 'aa': -0.5285949131928147, 'abba_a': 0.28272413816370356, 'abba_b': 0.39957784416988495}
REVIEW paired >5% p50: WithCustomViews-stored-file-native-prepared q1 {'b1_a1': 8.201915590881924, 'b2_a2': 8.233803836409702, 'aa': 1.2515871576274318, 'abba_a': 0.05250674440078207, 'abba_b': 0.08199327320492777}
REVIEW paired >5% p50: WithCustomViews-stored-file-native-prepared q2-build-trigger {'b1_a1': 70.17105263157895, 'b2_a2': 70.5296769346356, 'aa': 1.0140845070422566, 'abba_a': 0.07518796992480592, 'abba_b': 0.28608984767648504}
REVIEW paired >5% p50: WithCustomViews-stored-file-native-prepared queries-2 {'b1_a1': 38.775472568003686, 'b2_a2': 38.83233064003464, 'aa': 1.1420302144878436, 'abba_a': 0.08390963577684651, 'abba_b': 0.12491528351783465}
REVIEW paired >5% p50: WithCustomViews-stored-file-native-prepared open-and-queries-2 {'b1_a1': 23.940608776928187, 'b2_a2': 23.710333145115747, 'aa': 0.5349462517122205, 'abba_a': -0.2826544746117765, 'abba_b': -0.46792445972896335}
REVIEW paired >5% p50: WithCustomViews-stored-owned-native-prepared q1 {'b1_a1': 7.592056268100955, 'b2_a2': 8.49645980841316, 'aa': 0.0647722524028449, 'abba_a': -0.6619776582540315, 'abba_b': 0.17304364545280837}
REVIEW paired >5% p50: WithCustomViews-stored-owned-native-prepared q2-build-trigger {'b1_a1': 78.1476766390834, 'b2_a2': 79.77141636402479, 'aa': 0.2572898799313883, 'abba_a': -0.6789730532569482, 'abba_b': 0.22629554197781676}
REVIEW paired >5% p50: WithCustomViews-stored-owned-native-prepared queries-2 {'b1_a1': 42.2514420912679, 'b2_a2': 44.03331224963103, 'aa': 0.2338376891334315, 'abba_a': -0.691994430544074, 'abba_b': 0.5519576096555845}
REVIEW paired >5% p50: WithCustomViews-stored-owned-native-prepared open-and-queries-2 {'b1_a1': 26.38510142999668, 'b2_a2': 27.565199946502617, 'aa': -0.02013152596966883, 'abba_a': -0.5387429331559668, 'abba_b': 0.3899589516892954}
REVIEW paired >5% p50: formula-refusal-file-native-prepared q2-build-trigger {'b1_a1': 17.624148003894845, 'b2_a2': 18.199419167473387, 'aa': -0.6711409395973145, 'abba_a': 0.5842259006815897, 'abba_b': 1.0761589403973426}
REVIEW paired >5% p50: formula-refusal-file-native-prepared q3-warm-repeat-q1 {'b1_a1': 16.179337231968805, 'b2_a2': 17.50972762645915, 'aa': -0.19342359767892114, 'abba_a': 0.19493177387914784, 'abba_b': 1.342281879194629}
REVIEW paired >5% p50: formula-refusal-file-native-prepared queries-2 {'b1_a1': 9.706439393939403, 'b2_a2': 10.339943342776214, 'aa': -0.6979990693345761, 'abba_a': 0.28409090909091717, 'abba_b': 0.8631851532153734}
REVIEW paired >5% p50: formula-refusal-file-native-prepared queries-3 {'b1_a1': 11.843361986628453, 'b2_a2': 12.883942766295696, 'aa': -0.43969849246231485, 'abba_a': 0.12734797835083356, 'abba_b': 1.0589239965841157}
REVIEW paired >5% p50: formula-refusal-owned-native-prepared q2-build-trigger {'b1_a1': 20.485175202156334, 'b2_a2': 19.5710455764075, 'aa': -0.536193029490617, 'abba_a': 0.5390835579514919, 'abba_b': -0.22371364653244186}
REVIEW paired >5% p50: formula-refusal-owned-native-prepared q3-warm-repeat-q1 {'b1_a1': 19.20980926430518, 'b2_a2': 18.588873812754404, 'aa': -0.5420054200542035, 'abba_a': 0.4087193460490468, 'abba_b': -0.11428571428571122}
REVIEW paired >5% p50: formula-refusal-owned-native-prepared queries-2 {'b1_a1': 10.865322055953165, 'b2_a2': 10.304601425793901, 'aa': -1.229773462783168, 'abba_a': 0.39037085230968493, 'abba_b': -0.11737089201877549}
REVIEW paired >5% p50: formula-refusal-owned-native-prepared queries-3 {'b1_a1': 14.021164021164022, 'b2_a2': 12.466112811543507, 'aa': -0.8333333333333304, 'abba_a': 0.837742504409178, 'abba_b': -0.5375096674400615}
