{
  "archive_bytes": 751863,
  "binary": {
    "bytes": 3009600,
    "identity_method": "parent binds SHA-256 of the captured binary",
    "path": "/home/zhuhe/litchi-goal-0544-target/cap-boundary-binaries/candidate-cap-boundary",
    "profile": "release"
  },
  "case": "valid",
  "cells": 26896,
  "columns": 164,
  "correctness": {
    "commit_outside_timing": true,
    "empty_commit_is_noop": true,
    "no_op_publication_exact": true,
    "snapshot_a1": 1,
    "snapshot_last_cell": 26896,
    "source_bytes_unchanged": true,
    "source_unchanged": true,
    "source_xml_unchanged": true,
    "valid_snapshot_values": true
  },
  "event_cap_relation": "above",
  "event_count": 134814,
  "event_count_formula": "5*N*N+2*N+6 (including EOF)",
  "expected_event_count": 134814,
  "fixture_out": "/home/zhuhe/code/litchi/docs/performance/results/change-0544/cap-boundary/candidate/cap-native-r1-164.fixture.bin",
  "last_cell": "FH164",
  "ordinary_parser_event_cap": 1000000,
  "performance_claim": "none: valid event-cap boundary diagnostic only",
  "phase": {
    "duration_ns": [
      17293639,
      17173829,
      18425593,
      17729902,
      17341640,
      17224569,
      18497814,
      17920912,
      17213089,
      17196739,
      17338260,
      17186449,
      18492774,
      17071499,
      17093568,
      17707551,
      17452390,
      17127999,
      18449944,
      17070348,
      17665851,
      17254879,
      17224670,
      18395674,
      17658841,
      17273409,
      17156289,
      18417604,
      17707681,
      17356610,
      17162849,
      18448744,
      17732822,
      17277239,
      17192669,
      18492125,
      17702511,
      17273889,
      17192789,
      18509304,
      17094888,
      17726931,
      17262409,
      17179479,
      18467444,
      17048188,
      17088349,
      17371559,
      17218699,
      17126779,
      17127739,
      17785171,
      17121949,
      18487084,
      17706851,
      17193569,
      18906206,
      17913862,
      17145198,
      17111029,
      17146759,
      17172239,
      17559010,
      17185849,
      18555804,
      17155739,
      17145639,
      17791661,
      17195989,
      17122579,
      17530770,
      17119649,
      17418510,
      17164969,
      18568414,
      17701351,
      17291620,
      17154299,
      18540994,
      17099988,
      17743771,
      17318220,
      17154439,
      18533525,
      17092638,
      17102299,
      17078358,
      17127799,
      17069219,
      17168039,
      17092128,
      17139669,
      17136069,
      17140109,
      17087708,
      17233909,
      17087298,
      17064809,
      17158959,
      17179828
    ],
    "name": "edit_sheets",
    "sample_order": [
      0,
      1,
      2,
      3,
      4,
      5,
      6,
      7,
      8,
      9,
      10,
      11,
      12,
      13,
      14,
      15,
      16,
      17,
      18,
      19,
      20,
      21,
      22,
      23,
      24,
      25,
      26,
      27,
      28,
      29,
      30,
      31,
      32,
      33,
      34,
      35,
      36,
      37,
      38,
      39,
      40,
      41,
      42,
      43,
      44,
      45,
      46,
      47,
      48,
      49,
      50,
      51,
      52,
      53,
      54,
      55,
      56,
      57,
      58,
      59,
      60,
      61,
      62,
      63,
      64,
      65,
      66,
      67,
      68,
      69,
      70,
      71,
      72,
      73,
      74,
      75,
      76,
      77,
      78,
      79,
      80,
      81,
      82,
      83,
      84,
      85,
      86,
      87,
      88,
      89,
      90,
      91,
      92,
      93,
      94,
      95,
      96,
      97,
      98,
      99
    ],
    "samples": 100,
    "timing_scope": "source/editor/selector setup excluded; transaction retained through clock stop; inspection/commit/drop excluded",
    "warmup_iterations": 10
  },
  "rows": 164,
  "samples": 100,
  "schema": "litchi.xlsx.cap-boundary-guard.v1",
  "shared_provisional_event_cap": 131072,
  "size": 164,
  "source": {
    "archive_bytes": 751863,
    "columns": 164,
    "compression": "stored",
    "encoding": "UTF-8",
    "fixture_dump": "/home/zhuhe/code/litchi/docs/performance/results/change-0544/cap-boundary/candidate/cap-native-r1-164.fixture.bin",
    "fixture_kind": "single_worksheet_dense_numeric_grid",
    "format": "OOXML/XLSX",
    "generator": "litchi-xlsx-cap-boundary-stored-grid-v1",
    "identity_method": "parent binds SHA-256 of fixture_dump bytes",
    "marker_free": true,
    "rows": 164,
    "shape": "164x164",
    "source_xml_bytes": 750049,
    "worksheet_bytes": 750049,
    "worksheet_member": "xl/worksheets/sheet1.xml",
    "worksheet_xml_bytes": 750049
  },
  "source_stream_byte_limit": 8388608,
  "source_stream_eligible": true,
  "source_xml_bytes": 750049,
  "tool": "perf_cap_boundary",
  "warmup_iterations": 10
}
