{
  "archive_bytes": 1861843,
  "binary": {
    "bytes": 3009600,
    "identity_method": "parent binds SHA-256 of the captured binary",
    "path": "/home/zhuhe/litchi-goal-0544-target/cap-boundary-binaries/candidate-cap-boundary",
    "profile": "release"
  },
  "case": "valid",
  "cells": 65536,
  "columns": 256,
  "correctness": {
    "commit_outside_timing": true,
    "empty_commit_is_noop": true,
    "no_op_publication_exact": true,
    "snapshot_a1": 1,
    "snapshot_last_cell": 65536,
    "source_bytes_unchanged": true,
    "source_unchanged": true,
    "source_xml_unchanged": true,
    "valid_snapshot_values": true
  },
  "event_cap_relation": "above",
  "event_count": 328198,
  "event_count_formula": "5*N*N+2*N+6 (including EOF)",
  "expected_event_count": 328198,
  "fixture_out": "/home/zhuhe/code/litchi/docs/performance/results/change-0544/cap-boundary/candidate/cap-native-r1-256.fixture.bin",
  "last_cell": "IV256",
  "ordinary_parser_event_cap": 1000000,
  "performance_claim": "none: valid event-cap boundary diagnostic only",
  "phase": {
    "duration_ns": [
      40722153,
      40954724,
      40949154,
      41008125,
      40646563,
      40961524,
      40576623,
      40931344,
      40742393,
      40933854,
      40692664,
      41036605,
      40550143,
      40770663,
      40847224,
      40810004,
      40763983,
      40883184,
      40808084,
      40908885,
      40682423,
      40824533,
      40666804,
      40861934,
      40624773,
      40826614,
      40626853,
      40689513,
      40575873,
      40844644,
      40656104,
      40831064,
      40687643,
      40752494,
      40770203,
      41017185,
      40853883,
      40864764,
      40629203,
      41168875,
      40918145,
      41071315,
      40830354,
      40895624,
      40875604,
      41089705,
      41111025,
      41197245,
      41095305,
      41393846,
      41139335,
      41353466,
      41069004,
      41352426,
      41056335,
      41208395,
      41373776,
      41209706,
      41649128,
      40884544,
      41215446,
      41647997,
      41292065,
      41348976,
      41311876,
      40993114,
      41182126,
      40996795,
      41170146,
      40926554,
      41115205,
      41145195,
      41222295,
      41118395,
      41294656,
      41136395,
      41293775,
      41047095,
      41391516,
      41226375,
      41230416,
      41205415,
      41139935,
      41153695,
      41110395,
      41089315,
      41155576,
      41184286,
      41161536,
      41135255,
      41095335,
      41131265,
      41264705,
      41288186,
      41203385,
      41217165,
      41235846,
      41325936,
      41767728,
      41164475
    ],
    "name": "edit_sheets",
    "sample_order": [
      0,
      1,
      2,
      3,
      4,
      5,
      6,
      7,
      8,
      9,
      10,
      11,
      12,
      13,
      14,
      15,
      16,
      17,
      18,
      19,
      20,
      21,
      22,
      23,
      24,
      25,
      26,
      27,
      28,
      29,
      30,
      31,
      32,
      33,
      34,
      35,
      36,
      37,
      38,
      39,
      40,
      41,
      42,
      43,
      44,
      45,
      46,
      47,
      48,
      49,
      50,
      51,
      52,
      53,
      54,
      55,
      56,
      57,
      58,
      59,
      60,
      61,
      62,
      63,
      64,
      65,
      66,
      67,
      68,
      69,
      70,
      71,
      72,
      73,
      74,
      75,
      76,
      77,
      78,
      79,
      80,
      81,
      82,
      83,
      84,
      85,
      86,
      87,
      88,
      89,
      90,
      91,
      92,
      93,
      94,
      95,
      96,
      97,
      98,
      99
    ],
    "samples": 100,
    "timing_scope": "source/editor/selector setup excluded; transaction retained through clock stop; inspection/commit/drop excluded",
    "warmup_iterations": 10
  },
  "rows": 256,
  "samples": 100,
  "schema": "litchi.xlsx.cap-boundary-guard.v1",
  "shared_provisional_event_cap": 131072,
  "size": 256,
  "source": {
    "archive_bytes": 1861843,
    "columns": 256,
    "compression": "stored",
    "encoding": "UTF-8",
    "fixture_dump": "/home/zhuhe/code/litchi/docs/performance/results/change-0544/cap-boundary/candidate/cap-native-r1-256.fixture.bin",
    "fixture_kind": "single_worksheet_dense_numeric_grid",
    "format": "OOXML/XLSX",
    "generator": "litchi-xlsx-cap-boundary-stored-grid-v1",
    "identity_method": "parent binds SHA-256 of fixture_dump bytes",
    "marker_free": true,
    "rows": 256,
    "shape": "256x256",
    "source_xml_bytes": 1860029,
    "worksheet_bytes": 1860029,
    "worksheet_member": "xl/worksheets/sheet1.xml",
    "worksheet_xml_bytes": 1860029
  },
  "source_stream_byte_limit": 8388608,
  "source_stream_eligible": true,
  "source_xml_bytes": 1860029,
  "tool": "perf_cap_boundary",
  "warmup_iterations": 10
}
