==1685615== Callgrind, a call-graph generating cache profiler
==1685615== Copyright (C) 2002-2017, and GNU GPL'd, by Josef Weidendorfer et al.
==1685615== Using Valgrind-3.26.0 and LibVEX; rerun with -h for copyright info
==1685615== Command: /tmp/litchi-goal-0509/after/litchi-perf-baseline --case odt_semantic_text_to_sink --semantic-shape large --warmup 0 --samples 5 --json /home/zhuhe/code/litchi/docs/performance/results/change-0509/after/callgrind-report.json --corpus-manifest /home/zhuhe/code/litchi/docs/performance/results/change-0509/after/callgrind-catalog.json
==1685615== 
==1685615== For interactive control, run 'callgrind_control -h'.
==1685615== brk segment overflow in thread #1: can't grow to 0x7a89000
==1685615== (see section Limitations in user manual)
==1685615== NOTE: further instances of this message will not be shown
==1685615== 
==1685615== Events    : Ir
==1685615== Collected : 298891534
==1685615== 
==1685615== I   refs:      298,891,534
	Command being timed: "valgrind --tool=callgrind --collect-atstart=no --toggle-collect=*write_text_blocks_to_writer* --callgrind-out-file=/home/zhuhe/code/litchi/docs/performance/results/change-0509/after/callgrind.out /tmp/litchi-goal-0509/after/litchi-perf-baseline --case odt_semantic_text_to_sink --semantic-shape large --warmup 0 --samples 5 --json /home/zhuhe/code/litchi/docs/performance/results/change-0509/after/callgrind-report.json --corpus-manifest /home/zhuhe/code/litchi/docs/performance/results/change-0509/after/callgrind-catalog.json"
	User time (seconds): 3.66
	System time (seconds): 0.18
	Percent of CPU this job got: 102%
	Elapsed (wall clock) time (h:mm:ss or m:ss): 0:03.76
	Average shared text size (kbytes): 0
	Average unshared data size (kbytes): 0
	Average stack size (kbytes): 0
	Average total size (kbytes): 0
	Maximum resident set size (kbytes): 97396
	Average resident set size (kbytes): 0
	Major (requiring I/O) page faults: 0
	Minor (reclaiming a frame) page faults: 58754
	Voluntary context switches: 68
	Involuntary context switches: 23
	Swaps: 0
	File system inputs: 0
	File system outputs: 104
	Socket messages sent: 0
	Socket messages received: 0
	Signals delivered: 0
	Page size (bytes): 4096
	Exit status: 0
