	Command being timed: "/tmp/litchi-goal-0467/control-fixed --workers 1 --warmup 5 --samples 500 --json /home/zhuhe/code/litchi/docs/performance/results/change-0467/A1-fixed/report.json --corpus-manifest /home/zhuhe/code/litchi/docs/performance/results/change-0467/A1-fixed/corpus-catalog.json --case doc_fresh_write_to,xlsx_one_percent_commit_save --xlsx-shape dense-wide"
	User time (seconds): 286.25
	System time (seconds): 7.44
	Percent of CPU this job got: 99%
	Elapsed (wall clock) time (h:mm:ss or m:ss): 4:53.74
	Average shared text size (kbytes): 0
	Average unshared data size (kbytes): 0
	Average stack size (kbytes): 0
	Average total size (kbytes): 0
	Maximum resident set size (kbytes): 115648
	Average resident set size (kbytes): 0
	Major (requiring I/O) page faults: 0
	Minor (reclaiming a frame) page faults: 9999070
	Voluntary context switches: 31
	Involuntary context switches: 3036
	Swaps: 0
	File system inputs: 0
	File system outputs: 8768
	Socket messages sent: 0
	Socket messages received: 0
	Signals delivered: 0
	Page size (bytes): 4096
	Exit status: 0
