	Command being timed: "taskset -c 2 /tmp/litchi-goal-0513/after/litchi-perf-baseline-alloc --case xlsx_one_cell_commit,xlsx_one_percent_commit,xlsx_one_cell_commit_save,xlsx_one_percent_commit_save --xlsx-shape tiny,medium,dense-wide --samples 10 --warmup 1 --json /home/zhuhe/code/litchi/docs/performance/results/change-0513/after/allocator-r2-report.json --corpus-manifest /home/zhuhe/code/litchi/docs/performance/results/change-0513/after/allocator-r2-catalog.json"
	User time (seconds): 14.73
	System time (seconds): 0.15
	Percent of CPU this job got: 99%
	Elapsed (wall clock) time (h:mm:ss or m:ss): 0:14.89
	Average shared text size (kbytes): 0
	Average unshared data size (kbytes): 0
	Average stack size (kbytes): 0
	Average total size (kbytes): 0
	Maximum resident set size (kbytes): 134636
	Average resident set size (kbytes): 0
	Major (requiring I/O) page faults: 0
	Minor (reclaiming a frame) page faults: 59372
	Voluntary context switches: 36
	Involuntary context switches: 192
	Swaps: 0
	File system inputs: 0
	File system outputs: 480
	Socket messages sent: 0
	Socket messages received: 0
	Signals delivered: 0
	Page size (bytes): 4096
	Exit status: 0
