   Compiling proc-macro2 v1.0.106
   Compiling quote v1.0.44
   Compiling unicode-ident v1.0.22
    Checking typenum v1.20.1
    Checking cfg-if v1.0.4
   Compiling version_check v0.9.5
   Compiling crossbeam-utils v0.8.22
   Compiling libc v0.2.189
   Compiling generic-array v0.14.9
   Compiling syn v2.0.114
   Compiling crossbeam-epoch v0.9.20
   Compiling serde_core v1.0.229
    Checking hybrid-array v0.4.14
   Compiling crossbeam-deque v0.8.7
   Compiling autocfg v1.5.1
   Compiling num-traits v0.2.19
   Compiling syn v3.0.4
    Checking memchr v2.8.3
    Checking cpufeatures v0.3.1
   Compiling zmij v1.0.19
    Checking rand_core v0.10.1
   Compiling rayon-core v1.13.0
   Compiling getrandom v0.4.3
   Compiling serde v1.0.229
   Compiling serde_derive v1.0.229
    Checking block-buffer v0.12.1
    Checking crypto-common v0.2.2
    Checking const-oid v0.10.2
   Compiling thiserror v2.0.18
   Compiling serde_json v1.0.149
   Compiling zerocopy v0.8.56
    Checking digest v0.11.3
    Checking chacha20 v0.10.2
   Compiling thiserror-impl v2.0.18
    Checking block-buffer v0.10.4
    Checking crypto-common v0.1.6
    Checking once_cell v1.21.4
   Compiling getrandom v0.3.4
   Compiling rustix v1.1.4
    Checking iana-time-zone v0.1.65
    Checking itoa v1.0.18
   Compiling crc32fast v1.5.1
    Checking either v1.18.0
   Compiling rustversion v1.0.23
    Checking rayon v1.12.0
   Compiling quick-xml v0.41.0
    Checking chrono v0.4.45
    Checking digest v0.10.7
    Checking rand v0.10.2
    Checking sha2 v0.11.0
    Checking linux-raw-sys v0.12.1
    Checking zlib-rs v0.6.7
    Checking base64 v0.22.1
    Checking cpufeatures v0.2.17
    Checking fast-float2 v0.2.4
    Checking smallvec v1.16.0
    Checking bitflags v2.13.1
    Checking litchi-core v0.0.1 (/home/zhuhe/code/litchi-worktrees/0788-cached-part-memory/crates/litchi-core)
    Checking sha2 v0.10.9
    Checking flate2 v1.1.10
   Compiling xml-minifier-macros v0.1.0 (/home/zhuhe/code/litchi-worktrees/0788-cached-part-memory/crates/xml-minifier-macros)
    Checking fastrand v2.5.0
    Checking debug_unsafe v0.1.4
    Checking atoi_simd v0.18.1
    Checking tempfile v3.27.0
    Checking soapberry-zip v0.0.1 (/home/zhuhe/code/litchi-worktrees/0788-cached-part-memory/crates/soapberry-zip)
    Checking xml-minifier v0.1.0 (/home/zhuhe/code/litchi-worktrees/0788-cached-part-memory/crates/xml-minifier)
   Compiling zerocopy-derive v0.8.56
    Checking fixedbitset v0.5.7
    Checking litchi-cfb v0.0.1 (/home/zhuhe/code/litchi-worktrees/0788-cached-part-memory/crates/litchi-cfb)
    Checking litchi-opc v0.0.1 (/home/zhuhe/code/litchi-worktrees/0788-cached-part-memory/crates/litchi-opc)
    Checking litchi-perf-execution v0.1.0 (/home/zhuhe/code/litchi-worktrees/0788-cached-part-memory/docs/performance/results/change-0788/probe-src)
    Finished `dev` profile [unoptimized] target(s) in 9.89s
