   Compiling typenum v1.20.1
   Compiling cfg-if v1.0.4
   Compiling crossbeam-utils v0.8.22
   Compiling libc v0.2.189
   Compiling hybrid-array v0.4.14
   Compiling generic-array v0.14.9
   Compiling crossbeam-epoch v0.9.20
   Compiling serde_core v1.0.229
   Compiling rand_core v0.10.1
   Compiling cpufeatures v0.3.1
   Compiling crossbeam-deque v0.8.7
   Compiling block-buffer v0.12.1
   Compiling crypto-common v0.2.2
   Compiling const-oid v0.10.2
   Compiling digest v0.11.3
   Compiling num-traits v0.2.19
   Compiling serde v1.0.229
   Compiling rayon-core v1.13.0
   Compiling zmij v1.0.19
   Compiling getrandom v0.4.3
   Compiling chacha20 v0.10.2
   Compiling block-buffer v0.10.4
   Compiling crypto-common v0.1.6
   Compiling iana-time-zone v0.1.65
   Compiling either v1.18.0
   Compiling itoa v1.0.18
   Compiling once_cell v1.21.4
   Compiling serde_json v1.0.149
   Compiling rayon v1.12.0
   Compiling chrono v0.4.45
   Compiling thiserror v2.0.18
   Compiling rand v0.10.2
   Compiling digest v0.10.7
   Compiling sha2 v0.11.0
   Compiling zerocopy v0.8.56
   Compiling cpufeatures v0.2.17
   Compiling fast-float2 v0.2.4
   Compiling linux-raw-sys v0.12.1
   Compiling smallvec v1.16.0
   Compiling zlib-rs v0.6.7
   Compiling bitflags v2.13.1
   Compiling base64 v0.22.1
   Compiling litchi-core v0.0.1 (/home/zhuhe/code/litchi-worktrees/0788-cached-part-memory/crates/litchi-core)
   Compiling rustix v1.1.4
   Compiling flate2 v1.1.10
   Compiling sha2 v0.10.9
   Compiling getrandom v0.3.4
   Compiling crc32fast v1.5.1
   Compiling debug_unsafe v0.1.4
   Compiling fastrand v2.5.0
   Compiling atoi_simd v0.18.1
   Compiling tempfile v3.27.0
   Compiling soapberry-zip v0.0.1 (/home/zhuhe/code/litchi-worktrees/0788-cached-part-memory/crates/soapberry-zip)
   Compiling xml-minifier v0.1.0 (/home/zhuhe/code/litchi-worktrees/0788-cached-part-memory/crates/xml-minifier)
   Compiling fixedbitset v0.5.7
   Compiling litchi-cfb v0.0.1 (/home/zhuhe/code/litchi-worktrees/0788-cached-part-memory/crates/litchi-cfb)
   Compiling litchi-opc v0.0.1 (/home/zhuhe/code/litchi-worktrees/0788-cached-part-memory/crates/litchi-opc)
   Compiling litchi-perf-execution v0.1.0 (/home/zhuhe/code/litchi-worktrees/0788-cached-part-memory/docs/performance/results/change-0788/probe-src)
    Finished `test` profile [unoptimized] target(s) in 10.69s
     Running unittests main.rs (/home/zhuhe/code/litchi-target-0788/quality/debug/deps/cached_part_memory-861fae1afc866249)

running 5 tests
test tests::public_routes_verify_order_and_release_resources ... ok
test tests::rss_phase_protocol_flushes_pid_record_and_requires_exact_ack ... ok
test tests::rss_phase_selection_marks_first_and_last_but_not_warmups ... ok
test tests::zero_io_budget_refuses_before_first_payload_read ... ok
test tests::generator_identity_and_argument_bounds ... ok

test result: ok. 5 passed; 0 failed; 0 ignored; 0 measured; 0 filtered out; finished in 1.00s

