   Compiling cfg-if v1.0.4
   Compiling typenum v1.20.1
   Compiling zeroize v1.9.0
   Compiling libc v0.2.189
   Compiling serde_core v1.0.229
   Compiling zerofrom v0.1.4
   Compiling cmov v0.5.4
   Compiling stable_deref_trait v1.2.1
   Compiling cpufeatures v0.3.1
   Compiling yoke v0.7.4
   Compiling ctutils v0.4.2
   Compiling const-oid v0.10.2
   Compiling hybrid-array v0.4.14
   Compiling smallvec v1.16.0
   Compiling zerovec v0.10.4
   Compiling crossbeam-utils v0.8.22
   Compiling block-buffer v0.12.1
   Compiling crypto-common v0.2.2
   Compiling once_cell v1.21.4
   Compiling either v1.18.0
   Compiling rand_core v0.10.1
   Compiling memchr v2.8.3
   Compiling digest v0.11.3
   Compiling num-traits v0.2.19
   Compiling crossbeam-epoch v0.9.20
   Compiling serde v1.0.229
   Compiling crossbeam-deque v0.8.7
   Compiling getrandom v0.4.3
   Compiling zmij v1.0.19
   Compiling chacha20 v0.10.2
   Compiling tinystr v0.7.6
   Compiling itoa v1.0.18
   Compiling iana-time-zone v0.1.65
   Compiling writeable v0.5.5
   Compiling litemap v0.7.3
   Compiling serde_json v1.0.149
   Compiling icu_locid v1.5.0
   Compiling chrono v0.4.45
   Compiling rand v0.10.2
   Compiling thiserror v2.0.18
   Compiling rayon-core v1.13.0
   Compiling zerocopy v0.8.56
   Compiling sha2 v0.11.0
   Compiling base64 v0.22.1
   Compiling fast-float2 v0.2.4
   Compiling icu_provider v1.5.0
   Compiling rayon v1.12.0
   Compiling icu_locid_transform_data v1.5.1
   Compiling bitflags v2.13.1
   Compiling block-padding v0.4.2
   Compiling encoding_rs v0.8.35
   Compiling inout v0.2.2
   Compiling icu_locid_transform v1.5.0
   Compiling libz-sys v1.1.29
   Compiling crc32fast v1.5.1
   Compiling icu_properties_data v1.5.1
   Compiling icu_collections v1.5.0
   Compiling tinyvec_macros v0.1.1
   Compiling zlib-rs v0.6.7
   Compiling litchi-core v0.0.1 (/home/zhuhe/code/litchi/crates/litchi-core)
   Compiling icu_properties v1.5.1
   Compiling tinyvec v1.12.0
   Compiling cipher v0.5.2
   Compiling icu_normalizer_data v1.5.1
   Compiling quick-xml v0.41.0
   Compiling flate2 v1.1.10
   Compiling write16 v1.0.0
   Compiling utf8_iter v1.0.4
   Compiling fixedbitset v0.5.7
   Compiling utf16_iter v1.0.5
   Compiling litchi-cfb v0.0.1 (/home/zhuhe/code/litchi/crates/litchi-cfb)
   Compiling icu_normalizer v1.5.0
   Compiling litchi-codepage v0.0.1 (/home/zhuhe/code/litchi/crates/litchi-codepage)
   Compiling linux-raw-sys v0.12.1
   Compiling pathfinder_simd v0.5.6
   Compiling rustix v1.1.4
   Compiling idna_adapter v1.2.0
   Compiling getrandom v0.3.4
   Compiling libloading v0.8.8
   Compiling log v0.4.29
   Compiling byteorder v1.5.0
   Compiling option-ext v0.2.0
   Compiling fastrand v2.5.0
   Compiling debug_unsafe v0.1.4
   Compiling alloc-no-stdlib v2.0.4
   Compiling cpubits v0.1.1
   Compiling percent-encoding v2.3.2
   Compiling aes v0.9.3
   Compiling form_urlencoded v1.2.2
   Compiling alloc-stdlib v0.2.4
   Compiling atoi_simd v0.18.1
   Compiling dirs-sys v0.5.0
   Compiling pathfinder_geometry v0.5.1
   Compiling tempfile v3.27.0
   Compiling dlib v0.5.3
   Compiling xml-minifier v0.1.0 (/home/zhuhe/code/litchi/crates/xml-minifier)
   Compiling litchi-ole-common v0.0.1 (/home/zhuhe/code/litchi/crates/litchi-ole-common)
   Compiling idna v1.1.0
   Compiling soapberry-zip v0.0.1 (/home/zhuhe/code/litchi/crates/soapberry-zip)
   Compiling rc4 v0.2.0
   Compiling cbc v0.2.1
   Compiling unicode-normalization v0.1.25
   Compiling sha1 v0.11.0
   Compiling hmac v0.13.0
   Compiling same-file v1.0.6
   Compiling static_assertions v1.1.0
   Compiling aliasable v0.1.3
   Compiling lazy_static v1.5.0
   Compiling subtle v2.6.1
   Compiling ouroboros v0.18.5
   Compiling litchi-opc v0.0.1 (/home/zhuhe/code/litchi/crates/litchi-opc)
   Compiling litchi-crypto v0.0.1 (/home/zhuhe/code/litchi/crates/litchi-crypto)
   Compiling walkdir v2.5.0
   Compiling enumflags2 v0.7.12
   Compiling caseless v0.2.2
   Compiling url v2.5.8
   Compiling litchi-vba v0.0.1 (/home/zhuhe/code/litchi/crates/litchi-vba)
   Compiling yeslogic-fontconfig-sys v6.0.1
   Compiling unicode-joining-type v1.0.0
   Compiling dirs v6.0.0
   Compiling unicode-canonical-combining-class v1.0.0
   Compiling brotli-decompressor v5.0.3
   Compiling unicode-general-category v1.1.0
   Compiling freetype-sys v0.20.1
   Compiling itertools v0.14.0
   Compiling bitreader v0.3.11
   Compiling glyph-names v0.2.0
   Compiling rustc-hash v2.1.3
   Compiling float-ord v0.3.2
   Compiling ucd-trie v0.1.7
   Compiling bytemuck v1.25.2
   Compiling ryu v1.0.22
   Compiling litchi-ooxml-common v0.0.1 (/home/zhuhe/code/litchi/crates/litchi-ooxml-common)
   Compiling roaring v0.11.1
   Compiling allsorts v0.17.0
   Compiling font-kit v0.14.3
   Compiling litchi-drawingml v0.0.1 (/home/zhuhe/code/litchi/crates/litchi-drawingml)
   Compiling litchi-fonts v0.0.1 (/home/zhuhe/code/litchi/crates/litchi-fonts)
   Compiling litchi-pptx v0.0.1 (/home/zhuhe/code/litchi/crates/litchi-pptx)
    Finished `release` profile [optimized] target(s) in 41.01s
