
/tmp/litchi-goal-0536/candidate/normal:     file format elf64-x86-64


Disassembly of section .text:

0000000002f299a0 <_ZN10litchi_cfb4file18SectorChainScratch17chain_error_index17hb07d082958ce4b0bE>:
 2f299a0:	53                   	push   %rbx
 2f299a1:	48 83 ec 40          	sub    $0x40,%rsp
 2f299a5:	48 89 fb             	mov    %rdi,%rbx
 2f299a8:	48 89 74 24 10       	mov    %rsi,0x10(%rsp)
 2f299ad:	48 89 54 24 18       	mov    %rdx,0x18(%rsp)
 2f299b2:	89 4c 24 0c          	mov    %ecx,0xc(%rsp)
 2f299b6:	48 8d 44 24 0c       	lea    0xc(%rsp),%rax
 2f299bb:	48 89 44 24 20       	mov    %rax,0x20(%rsp)
 2f299c0:	48 8b 05 29 ae 19 00 	mov    0x19ae29(%rip),%rax        # 30c47f0 <_DYNAMIC+0x558>
 2f299c7:	48 89 44 24 28       	mov    %rax,0x28(%rsp)
 2f299cc:	48 8d 44 24 10       	lea    0x10(%rsp),%rax
 2f299d1:	48 89 44 24 30       	mov    %rax,0x30(%rsp)
 2f299d6:	48 8d 05 b3 3e 02 00 	lea    0x23eb3(%rip),%rax        # 2f4d890 <_ZN44_$LT$$RF$T$u20$as$u20$core..fmt..Display$GT$3fmt17hb52deec176681277E>
 2f299dd:	48 89 44 24 38       	mov    %rax,0x38(%rsp)
 2f299e2:	48 83 c7 08          	add    $0x8,%rdi
 2f299e6:	48 8d 35 8f e5 18 fd 	lea    -0x2e71a71(%rip),%rsi        # b7f7c <anon.329804da5c085d6b9b3a63161478db6e.110.llvm.17923441514424368298+0x9c>
 2f299ed:	48 8d 54 24 20       	lea    0x20(%rsp),%rdx
 2f299f2:	ff 15 a8 ae 19 00    	call   *0x19aea8(%rip)        # 30c48a0 <_DYNAMIC+0x608>
 2f299f8:	48 c7 03 08 00 00 00 	movq   $0x8,(%rbx)
 2f299ff:	48 83 c4 40          	add    $0x40,%rsp
 2f29a03:	5b                   	pop    %rbx
 2f29a04:	c3                   	ret

Disassembly of section .init:

Disassembly of section .fini:

Disassembly of section .plt:
