
/home/zhuhe/litchi-goal-0555-target/retained/baseline/normal:     file format elf64-x86-64


Disassembly of section .text:

0000000002834ec0 <_ZN10litchi_cfb4file16OleFile$LT$R$GT$31validate_physical_sector_layout17hc6d894f09f4e71e8E>:
 2834ec0:	53                   	push   %rbx
 2834ec1:	48 83 ec 50          	sub    $0x50,%rsp
 2834ec5:	48 8b 86 88 00 00 00 	mov    0x88(%rsi),%rax
 2834ecc:	48 85 c0             	test   %rax,%rax
 2834ecf:	0f 84 98 00 00 00    	je     2834f6d <_ZN10litchi_cfb4file16OleFile$LT$R$GT$31validate_physical_sector_layout17hc6d894f09f4e71e8E+0xad>
 2834ed5:	48 8b 8e 80 00 00 00 	mov    0x80(%rsi),%rcx
 2834edc:	48 8b 56 08          	mov    0x8(%rsi),%rdx
 2834ee0:	48 8b 76 10          	mov    0x10(%rsi),%rsi
 2834ee4:	45 31 c0             	xor    %r8d,%r8d
 2834ee7:	eb 0f                	jmp    2834ef8 <_ZN10litchi_cfb4file16OleFile$LT$R$GT$31validate_physical_sector_layout17hc6d894f09f4e71e8E+0x38>
 2834ee9:	0f 1f 80 00 00 00 00 	nopl   0x0(%rax)
 2834ef0:	49 ff c0             	inc    %r8
 2834ef3:	4c 39 c0             	cmp    %r8,%rax
 2834ef6:	74 75                	je     2834f6d <_ZN10litchi_cfb4file16OleFile$LT$R$GT$31validate_physical_sector_layout17hc6d894f09f4e71e8E+0xad>
 2834ef8:	4c 89 44 24 10       	mov    %r8,0x10(%rsp)
 2834efd:	4c 39 c6             	cmp    %r8,%rsi
 2834f00:	74 78                	je     2834f7a <_ZN10litchi_cfb4file16OleFile$LT$R$GT$31validate_physical_sector_layout17hc6d894f09f4e71e8E+0xba>
 2834f02:	46 8b 0c 82          	mov    (%rdx,%r8,4),%r9d
 2834f06:	44 89 4c 24 0c       	mov    %r9d,0xc(%rsp)
 2834f0b:	41 83 f9 ff          	cmp    $0xffffffff,%r9d
 2834f0f:	74 df                	je     2834ef0 <_ZN10litchi_cfb4file16OleFile$LT$R$GT$31validate_physical_sector_layout17hc6d894f09f4e71e8E+0x30>
 2834f11:	42 80 3c 01 00       	cmpb   $0x0,(%rcx,%r8,1)
 2834f16:	75 d8                	jne    2834ef0 <_ZN10litchi_cfb4file16OleFile$LT$R$GT$31validate_physical_sector_layout17hc6d894f09f4e71e8E+0x30>
 2834f18:	48 8d 44 24 10       	lea    0x10(%rsp),%rax
 2834f1d:	48 89 44 24 18       	mov    %rax,0x18(%rsp)
 2834f22:	48 8b 05 17 88 88 00 	mov    0x888817(%rip),%rax        # 30bd740 <_DYNAMIC+0x588>
 2834f29:	48 89 44 24 20       	mov    %rax,0x20(%rsp)
 2834f2e:	48 8d 44 24 0c       	lea    0xc(%rsp),%rax
 2834f33:	48 89 44 24 28       	mov    %rax,0x28(%rsp)
 2834f38:	48 8b 05 e1 87 88 00 	mov    0x8887e1(%rip),%rax        # 30bd720 <_DYNAMIC+0x568>
 2834f3f:	48 89 44 24 30       	mov    %rax,0x30(%rsp)
 2834f44:	48 8d 47 08          	lea    0x8(%rdi),%rax
 2834f48:	48 8d 35 77 51 c2 fd 	lea    -0x23dae89(%rip),%rsi        # 45a0c6 <anon.4d4cdfcced2b1992e9b9938e18689bfe.425.llvm.8322287504112291706+0x797>
 2834f4f:	48 8d 54 24 18       	lea    0x18(%rsp),%rdx
 2834f54:	48 89 fb             	mov    %rdi,%rbx
 2834f57:	48 89 c7             	mov    %rax,%rdi
 2834f5a:	ff 15 60 88 88 00    	call   *0x888860(%rip)        # 30bd7c0 <_DYNAMIC+0x608>
 2834f60:	48 c7 03 08 00 00 00 	movq   $0x8,(%rbx)
 2834f67:	48 83 c4 50          	add    $0x50,%rsp
 2834f6b:	5b                   	pop    %rbx
 2834f6c:	c3                   	ret
 2834f6d:	48 c7 07 0b 00 00 00 	movq   $0xb,(%rdi)
 2834f74:	48 83 c4 50          	add    $0x50,%rsp
 2834f78:	5b                   	pop    %rbx
 2834f79:	c3                   	ret
 2834f7a:	48 8d 44 24 10       	lea    0x10(%rsp),%rax
 2834f7f:	48 89 44 24 40       	mov    %rax,0x40(%rsp)
 2834f84:	48 8b 05 b5 87 88 00 	mov    0x8887b5(%rip),%rax        # 30bd740 <_DYNAMIC+0x588>
 2834f8b:	48 89 44 24 48       	mov    %rax,0x48(%rsp)
 2834f90:	48 8d 44 24 20       	lea    0x20(%rsp),%rax
 2834f95:	48 8d 35 14 7c 88 fd 	lea    -0x27783ec(%rip),%rsi        # bcbb0 <anon.8ef06b40d81327544857ea83829b9715.647.llvm.4620706390201315637+0x116>
 2834f9c:	48 8d 54 24 40       	lea    0x40(%rsp),%rdx
 2834fa1:	48 89 fb             	mov    %rdi,%rbx
 2834fa4:	48 89 c7             	mov    %rax,%rdi
 2834fa7:	ff 15 13 88 88 00    	call   *0x888813(%rip)        # 30bd7c0 <_DYNAMIC+0x608>
 2834fad:	8b 44 24 20          	mov    0x20(%rsp),%eax
 2834fb1:	0f 10 44 24 30       	movups 0x30(%rsp),%xmm0
 2834fb6:	0f 11 43 18          	movups %xmm0,0x18(%rbx)
 2834fba:	0f 10 44 24 24       	movups 0x24(%rsp),%xmm0
 2834fbf:	0f 11 43 0c          	movups %xmm0,0xc(%rbx)
 2834fc3:	48 c7 03 08 00 00 00 	movq   $0x8,(%rbx)
 2834fca:	89 43 08             	mov    %eax,0x8(%rbx)
 2834fcd:	48 83 c4 50          	add    $0x50,%rsp
 2834fd1:	5b                   	pop    %rbx
 2834fd2:	c3                   	ret

Disassembly of section .init:

Disassembly of section .fini:

Disassembly of section .plt:
