
/home/zhuhe/litchi-goal-0555-target/retained/baseline/normal:     file format elf64-x86-64


Disassembly of section .text:

0000000002860c90 <_ZN10litchi_cfb4file16OleFile$LT$R$GT$8load_fat17h8c1846b2bfec3773E>:
 2860c90:	55                   	push   %rbp
 2860c91:	41 57                	push   %r15
 2860c93:	41 56                	push   %r14
 2860c95:	41 55                	push   %r13
 2860c97:	41 54                	push   %r12
 2860c99:	53                   	push   %rbx
 2860c9a:	48 81 ec 00 10 00 00 	sub    $0x1000,%rsp
 2860ca1:	48 c7 04 24 00 00 00 	movq   $0x0,(%rsp)
 2860ca8:	00 
 2860ca9:	48 81 ec 48 01 00 00 	sub    $0x148,%rsp
 2860cb0:	48 89 fd             	mov    %rdi,%rbp
 2860cb3:	48 8b 86 88 00 00 00 	mov    0x88(%rsi),%rax
 2860cba:	41 89 cd             	mov    %ecx,%r13d
 2860cbd:	4c 39 e8             	cmp    %r13,%rax
 2860cc0:	73 67                	jae    2860d29 <_ZN10litchi_cfb4file16OleFile$LT$R$GT$8load_fat17h8c1846b2bfec3773E+0x99>
 2860cc2:	ff 15 88 c7 85 00    	call   *0x85c788(%rip)        # 30bd450 <_DYNAMIC+0x298>
 2860cc8:	bf 33 00 00 00       	mov    $0x33,%edi
 2860ccd:	be 01 00 00 00       	mov    $0x1,%esi
 2860cd2:	ff 15 80 c7 85 00    	call   *0x85c780(%rip)        # 30bd458 <_DYNAMIC+0x2a0>
 2860cd8:	48 85 c0             	test   %rax,%rax
 2860cdb:	0f 84 20 12 00 00    	je     2861f01 <_ZN10litchi_cfb4file16OleFile$LT$R$GT$8load_fat17h8c1846b2bfec3773E+0x1271>
 2860ce1:	0f 10 05 cc d6 bf fd 	movups -0x2402934(%rip),%xmm0        # 45e3b4 <anon.2077b60551287b2eeaef1459249fd50a.7.llvm.18364902712296607230+0xe84>
 2860ce8:	0f 11 40 20          	movups %xmm0,0x20(%rax)
 2860cec:	0f 10 05 b1 d6 bf fd 	movups -0x240294f(%rip),%xmm0        # 45e3a4 <anon.2077b60551287b2eeaef1459249fd50a.7.llvm.18364902712296607230+0xe74>
 2860cf3:	0f 11 40 10          	movups %xmm0,0x10(%rax)
 2860cf7:	0f 10 05 96 d6 bf fd 	movups -0x240296a(%rip),%xmm0        # 45e394 <anon.2077b60551287b2eeaef1459249fd50a.7.llvm.18364902712296607230+0xe64>
 2860cfe:	0f 11 00             	movups %xmm0,(%rax)
 2860d01:	c7 40 2f 66 69 6c 65 	movl   $0x656c6966,0x2f(%rax)
 2860d08:	48 c7 45 00 08 00 00 	movq   $0x8,0x0(%rbp)
 2860d0f:	00 
 2860d10:	48 c7 45 08 33 00 00 	movq   $0x33,0x8(%rbp)
 2860d17:	00 
 2860d18:	48 89 45 10          	mov    %rax,0x10(%rbp)
 2860d1c:	48 c7 45 18 33 00 00 	movq   $0x33,0x18(%rbp)
 2860d23:	00 
 2860d24:	e9 0d 10 00 00       	jmp    2861d36 <_ZN10litchi_cfb4file16OleFile$LT$R$GT$8load_fat17h8c1846b2bfec3773E+0x10a6>
 2860d29:	45 89 cf             	mov    %r9d,%r15d
 2860d2c:	4c 39 f8             	cmp    %r15,%rax
 2860d2f:	73 6e                	jae    2860d9f <_ZN10litchi_cfb4file16OleFile$LT$R$GT$8load_fat17h8c1846b2bfec3773E+0x10f>
 2860d31:	ff 15 19 c7 85 00    	call   *0x85c719(%rip)        # 30bd450 <_DYNAMIC+0x298>
 2860d37:	bf 35 00 00 00       	mov    $0x35,%edi
 2860d3c:	be 01 00 00 00       	mov    $0x1,%esi
 2860d41:	ff 15 11 c7 85 00    	call   *0x85c711(%rip)        # 30bd458 <_DYNAMIC+0x2a0>
 2860d47:	48 85 c0             	test   %rax,%rax
 2860d4a:	0f 84 c1 11 00 00    	je     2861f11 <_ZN10litchi_cfb4file16OleFile$LT$R$GT$8load_fat17h8c1846b2bfec3773E+0x1281>
 2860d50:	0f 10 05 28 d6 bf fd 	movups -0x24029d8(%rip),%xmm0        # 45e37f <anon.2077b60551287b2eeaef1459249fd50a.7.llvm.18364902712296607230+0xe4f>
 2860d57:	0f 11 40 20          	movups %xmm0,0x20(%rax)
 2860d5b:	0f 10 05 0d d6 bf fd 	movups -0x24029f3(%rip),%xmm0        # 45e36f <anon.2077b60551287b2eeaef1459249fd50a.7.llvm.18364902712296607230+0xe3f>
 2860d62:	0f 11 40 10          	movups %xmm0,0x10(%rax)
 2860d66:	0f 10 05 f2 d5 bf fd 	movups -0x2402a0e(%rip),%xmm0        # 45e35f <anon.2077b60551287b2eeaef1459249fd50a.7.llvm.18364902712296607230+0xe2f>
 2860d6d:	0f 11 00             	movups %xmm0,(%rax)
 2860d70:	48 b9 63 61 6c 20 66 	movabs $0x656c6966206c6163,%rcx
 2860d77:	69 6c 65 
 2860d7a:	48 89 48 2d          	mov    %rcx,0x2d(%rax)
 2860d7e:	48 c7 45 00 08 00 00 	movq   $0x8,0x0(%rbp)
 2860d85:	00 
 2860d86:	48 c7 45 08 35 00 00 	movq   $0x35,0x8(%rbp)
 2860d8d:	00 
 2860d8e:	48 89 45 10          	mov    %rax,0x10(%rbp)
 2860d92:	48 c7 45 18 35 00 00 	movq   $0x35,0x18(%rbp)
 2860d99:	00 
 2860d9a:	e9 97 0f 00 00       	jmp    2861d36 <_ZN10litchi_cfb4file16OleFile$LT$R$GT$8load_fat17h8c1846b2bfec3773E+0x10a6>
 2860d9f:	48 89 d3             	mov    %rdx,%rbx
 2860da2:	49 89 f4             	mov    %rsi,%r12
 2860da5:	44 89 4c 24 70       	mov    %r9d,0x70(%rsp)
 2860daa:	44 89 04 24          	mov    %r8d,(%rsp)
 2860dae:	4c 89 ac 24 f8 00 00 	mov    %r13,0xf8(%rsp)
 2860db5:	00 
 2860db6:	41 be 04 00 00 00    	mov    $0x4,%r14d
 2860dbc:	b8 04 00 00 00       	mov    $0x4,%eax
 2860dc1:	85 c9                	test   %ecx,%ecx
 2860dc3:	48 89 6c 24 18       	mov    %rbp,0x18(%rsp)
 2860dc8:	0f 85 11 0b 00 00    	jne    28618df <_ZN10litchi_cfb4file16OleFile$LT$R$GT$8load_fat17h8c1846b2bfec3773E+0xc4f>
 2860dce:	4c 89 6c 24 58       	mov    %r13,0x58(%rsp)
 2860dd3:	48 89 44 24 60       	mov    %rax,0x60(%rsp)
 2860dd8:	48 c7 44 24 68 00 00 	movq   $0x0,0x68(%rsp)
 2860ddf:	00 00 
 2860de1:	83 7c 24 70 00       	cmpl   $0x0,0x70(%rsp)
 2860de6:	0f 85 56 0b 00 00    	jne    2861942 <_ZN10litchi_cfb4file16OleFile$LT$R$GT$8load_fat17h8c1846b2bfec3773E+0xcb2>
 2860dec:	4c 89 7c 24 50       	mov    %r15,0x50(%rsp)
 2860df1:	4c 89 74 24 08       	mov    %r14,0x8(%rsp)
 2860df6:	49 83 fd 6d          	cmp    $0x6d,%r13
 2860dfa:	4c 89 e8             	mov    %r13,%rax
 2860dfd:	41 bd 6d 00 00 00    	mov    $0x6d,%r13d
 2860e03:	48 89 84 24 98 00 00 	mov    %rax,0x98(%rsp)
 2860e0a:	00 
 2860e0b:	4c 0f 42 e8          	cmovb  %rax,%r13
 2860e0f:	85 c9                	test   %ecx,%ecx
 2860e11:	0f 84 b7 01 00 00    	je     2860fce <_ZN10litchi_cfb4file16OleFile$LT$R$GT$8load_fat17h8c1846b2bfec3773E+0x33e>
 2860e17:	48 83 c3 4c          	add    $0x4c,%rbx
 2860e1b:	0f 1f 44 00 00       	nopl   0x0(%rax,%rax,1)
 2860e20:	ba 04 00 00 00       	mov    $0x4,%edx
 2860e25:	41 b8 12 00 00 00    	mov    $0x12,%r8d
 2860e2b:	48 8d bc 24 48 01 00 	lea    0x148(%rsp),%rdi
 2860e32:	00 
 2860e33:	48 89 de             	mov    %rbx,%rsi
 2860e36:	48 8d 0d f3 da bf fd 	lea    -0x240250d(%rip),%rcx        # 45e930 <anon.2077b60551287b2eeaef1459249fd50a.7.llvm.18364902712296607230+0x1400>
 2860e3d:	ff 15 9d 1b 86 00    	call   *0x861b9d(%rip)        # 30c29e0 <_DYNAMIC+0x5828>
 2860e43:	48 8b 84 24 48 01 00 	mov    0x148(%rsp),%rax
 2860e4a:	00 
 2860e4b:	44 8b b4 24 50 01 00 	mov    0x150(%rsp),%r14d
 2860e52:	00 
 2860e53:	48 83 f8 0b          	cmp    $0xb,%rax
 2860e57:	0f 85 6c 08 00 00    	jne    28616c9 <_ZN10litchi_cfb4file16OleFile$LT$R$GT$8load_fat17h8c1846b2bfec3773E+0xa39>
 2860e5d:	41 83 fe fe          	cmp    $0xfffffffe,%r14d
 2860e61:	0f 83 93 08 00 00    	jae    28616fa <_ZN10litchi_cfb4file16OleFile$LT$R$GT$8load_fat17h8c1846b2bfec3773E+0xa6a>
 2860e67:	4d 39 b4 24 88 00 00 	cmp    %r14,0x88(%r12)
 2860e6e:	00 
 2860e6f:	0f 86 c7 00 00 00    	jbe    2860f3c <_ZN10litchi_cfb4file16OleFile$LT$R$GT$8load_fat17h8c1846b2bfec3773E+0x2ac>
 2860e75:	49 8b 8c 24 80 00 00 	mov    0x80(%r12),%rcx
 2860e7c:	00 
 2860e7d:	42 0f b6 04 31       	movzbl (%rcx,%r14,1),%eax
 2860e82:	84 c0                	test   %al,%al
 2860e84:	0f 85 ff 00 00 00    	jne    2860f89 <_ZN10litchi_cfb4file16OleFile$LT$R$GT$8load_fat17h8c1846b2bfec3773E+0x2f9>
 2860e8a:	42 c6 04 31 01       	movb   $0x1,(%rcx,%r14,1)
 2860e8f:	4c 8b 7c 24 68       	mov    0x68(%rsp),%r15
 2860e94:	4c 39 7c 24 58       	cmp    %r15,0x58(%rsp)
 2860e99:	74 23                	je     2860ebe <_ZN10litchi_cfb4file16OleFile$LT$R$GT$8load_fat17h8c1846b2bfec3773E+0x22e>
 2860e9b:	48 8b 44 24 60       	mov    0x60(%rsp),%rax
 2860ea0:	46 89 34 b8          	mov    %r14d,(%rax,%r15,4)
 2860ea4:	49 ff c7             	inc    %r15
 2860ea7:	4c 89 7c 24 68       	mov    %r15,0x68(%rsp)
 2860eac:	48 83 c3 04          	add    $0x4,%rbx
 2860eb0:	49 ff cd             	dec    %r13
 2860eb3:	0f 85 67 ff ff ff    	jne    2860e20 <_ZN10litchi_cfb4file16OleFile$LT$R$GT$8load_fat17h8c1846b2bfec3773E+0x190>
 2860eb9:	e9 10 01 00 00       	jmp    2860fce <_ZN10litchi_cfb4file16OleFile$LT$R$GT$8load_fat17h8c1846b2bfec3773E+0x33e>
 2860ebe:	4b 8d 2c 3f          	lea    (%r15,%r15,1),%rbp
 2860ec2:	48 83 fd 05          	cmp    $0x5,%rbp
 2860ec6:	b8 04 00 00 00       	mov    $0x4,%eax
 2860ecb:	48 0f 42 e8          	cmovb  %rax,%rbp
 2860ecf:	48 8b 54 24 60       	mov    0x60(%rsp),%rdx
 2860ed4:	41 b8 04 00 00 00    	mov    $0x4,%r8d
 2860eda:	41 b9 04 00 00 00    	mov    $0x4,%r9d
 2860ee0:	48 8d bc 24 48 01 00 	lea    0x148(%rsp),%rdi
 2860ee7:	00 
 2860ee8:	4c 89 fe             	mov    %r15,%rsi
 2860eeb:	48 89 e9             	mov    %rbp,%rcx
 2860eee:	e8 3d 43 00 00       	call   2865230 <_ZN5alloc7raw_vec20RawVecInner$LT$A$GT$11finish_grow17hf12fc8832feb73a0E.llvm.15930984514387009966>
 2860ef3:	83 bc 24 48 01 00 00 	cmpl   $0x1,0x148(%rsp)
 2860efa:	01 
 2860efb:	0f 84 47 0e 00 00    	je     2861d48 <_ZN10litchi_cfb4file16OleFile$LT$R$GT$8load_fat17h8c1846b2bfec3773E+0x10b8>
 2860f01:	48 8b 84 24 50 01 00 	mov    0x150(%rsp),%rax
 2860f08:	00 
 2860f09:	48 89 44 24 60       	mov    %rax,0x60(%rsp)
 2860f0e:	48 89 6c 24 58       	mov    %rbp,0x58(%rsp)
 2860f13:	4c 8b 7c 24 68       	mov    0x68(%rsp),%r15
 2860f18:	49 39 ef             	cmp    %rbp,%r15
 2860f1b:	75 15                	jne    2860f32 <_ZN10litchi_cfb4file16OleFile$LT$R$GT$8load_fat17h8c1846b2bfec3773E+0x2a2>
 2860f1d:	48 8d 7c 24 58       	lea    0x58(%rsp),%rdi
 2860f22:	ff 15 d8 4c 86 00    	call   *0x864cd8(%rip)        # 30c5c00 <_DYNAMIC+0x8a48>
 2860f28:	48 8b 6c 24 18       	mov    0x18(%rsp),%rbp
 2860f2d:	e9 69 ff ff ff       	jmp    2860e9b <_ZN10litchi_cfb4file16OleFile$LT$R$GT$8load_fat17h8c1846b2bfec3773E+0x20b>
 2860f32:	48 8b 6c 24 18       	mov    0x18(%rsp),%rbp
 2860f37:	e9 5f ff ff ff       	jmp    2860e9b <_ZN10litchi_cfb4file16OleFile$LT$R$GT$8load_fat17h8c1846b2bfec3773E+0x20b>
 2860f3c:	48 8d bc 24 48 01 00 	lea    0x148(%rsp),%rdi
 2860f43:	00 
 2860f44:	44 89 f6             	mov    %r14d,%esi
 2860f47:	ba 01 00 00 00       	mov    $0x1,%edx
 2860f4c:	ff 15 7e 1a 86 00    	call   *0x861a7e(%rip)        # 30c29d0 <_DYNAMIC+0x5818>
 2860f52:	48 8b 84 24 48 01 00 	mov    0x148(%rsp),%rax
 2860f59:	00 
 2860f5a:	48 8b 8c 24 50 01 00 	mov    0x150(%rsp),%rcx
 2860f61:	00 
 2860f62:	48 8d b4 24 58 01 00 	lea    0x158(%rsp),%rsi
 2860f69:	00 
 2860f6a:	48 8b 56 10          	mov    0x10(%rsi),%rdx
 2860f6e:	48 8d 7c 24 30       	lea    0x30(%rsp),%rdi
 2860f73:	48 89 57 10          	mov    %rdx,0x10(%rdi)
 2860f77:	0f 10 06             	movups (%rsi),%xmm0
 2860f7a:	0f 11 07             	movups %xmm0,(%rdi)
 2860f7d:	48 89 44 24 20       	mov    %rax,0x20(%rsp)
 2860f82:	48 89 4c 24 28       	mov    %rcx,0x28(%rsp)
 2860f87:	eb 1b                	jmp    2860fa4 <_ZN10litchi_cfb4file16OleFile$LT$R$GT$8load_fat17h8c1846b2bfec3773E+0x314>
 2860f89:	0f b6 d0             	movzbl %al,%edx
 2860f8c:	48 8d 7c 24 20       	lea    0x20(%rsp),%rdi
 2860f91:	44 89 f6             	mov    %r14d,%esi
 2860f94:	b9 01 00 00 00       	mov    $0x1,%ecx
 2860f99:	ff 15 39 1a 86 00    	call   *0x861a39(%rip)        # 30c29d8 <_DYNAMIC+0x5820>
 2860f9f:	48 8b 44 24 20       	mov    0x20(%rsp),%rax
 2860fa4:	48 83 f8 0b          	cmp    $0xb,%rax
 2860fa8:	0f 84 e1 fe ff ff    	je     2860e8f <_ZN10litchi_cfb4file16OleFile$LT$R$GT$8load_fat17h8c1846b2bfec3773E+0x1ff>
 2860fae:	48 8b 44 24 40       	mov    0x40(%rsp),%rax
 2860fb3:	48 89 45 20          	mov    %rax,0x20(%rbp)
 2860fb7:	0f 10 44 24 20       	movups 0x20(%rsp),%xmm0
 2860fbc:	0f 10 4c 24 30       	movups 0x30(%rsp),%xmm1
 2860fc1:	0f 11 4d 10          	movups %xmm1,0x10(%rbp)
 2860fc5:	0f 11 45 00          	movups %xmm0,0x0(%rbp)
 2860fc9:	e9 1b 07 00 00       	jmp    28616e9 <_ZN10litchi_cfb4file16OleFile$LT$R$GT$8load_fat17h8c1846b2bfec3773E+0xa59>
 2860fce:	48 8d bc 24 48 01 00 	lea    0x148(%rsp),%rdi
 2860fd5:	00 
 2860fd6:	31 db                	xor    %ebx,%ebx
 2860fd8:	41 be 00 10 00 00    	mov    $0x1000,%r14d
 2860fde:	ba 00 10 00 00       	mov    $0x1000,%edx
 2860fe3:	31 f6                	xor    %esi,%esi
 2860fe5:	ff 15 a5 d1 85 00    	call   *0x85d1a5(%rip)        # 30be190 <memset@GLIBC_2.2.5>
 2860feb:	49 8b 84 24 30 01 00 	mov    0x130(%r12),%rax
 2860ff2:	00 
 2860ff3:	48 3d 00 10 00 00    	cmp    $0x1000,%rax
 2860ff9:	0f 87 67 0e 00 00    	ja     2861e66 <_ZN10litchi_cfb4file16OleFile$LT$R$GT$8load_fat17h8c1846b2bfec3773E+0x11d6>
 2860fff:	48 89 c1             	mov    %rax,%rcx
 2861002:	48 c1 e9 02          	shr    $0x2,%rcx
 2861006:	83 7c 24 70 00       	cmpl   $0x0,0x70(%rsp)
 286100b:	48 89 44 24 70       	mov    %rax,0x70(%rsp)
 2861010:	48 89 4c 24 78       	mov    %rcx,0x78(%rsp)
 2861015:	0f 84 0d 04 00 00    	je     2861428 <_ZN10litchi_cfb4file16OleFile$LT$R$GT$8load_fat17h8c1846b2bfec3773E+0x798>
 286101b:	48 8d 71 ff          	lea    -0x1(%rcx),%rsi
 286101f:	48 8d 14 b5 00 00 00 	lea    0x0(,%rsi,4),%rdx
 2861026:	00 
 2861027:	48 89 b4 24 d0 00 00 	mov    %rsi,0xd0(%rsp)
 286102e:	00 
 286102f:	48 8d 34 b5 04 00 00 	lea    0x4(,%rsi,4),%rsi
 2861036:	00 
 2861037:	48 89 b4 24 d8 00 00 	mov    %rsi,0xd8(%rsp)
 286103e:	00 
 286103f:	48 39 c6             	cmp    %rax,%rsi
 2861042:	0f 97 44 24 17       	seta   0x17(%rsp)
 2861047:	48 85 c9             	test   %rcx,%rcx
 286104a:	0f 84 54 0e 00 00    	je     2861ea4 <_ZN10litchi_cfb4file16OleFile$LT$R$GT$8load_fat17h8c1846b2bfec3773E+0x1214>
 2861050:	4c 8b 6c 24 08       	mov    0x8(%rsp),%r13
 2861055:	44 8b 3c 24          	mov    (%rsp),%r15d
 2861059:	48 89 94 24 e0 00 00 	mov    %rdx,0xe0(%rsp)
 2861060:	00 
 2861061:	48 8d 04 14          	lea    (%rsp,%rdx,1),%rax
 2861065:	48 05 48 01 00 00    	add    $0x148,%rax
 286106b:	48 89 84 24 e8 00 00 	mov    %rax,0xe8(%rsp)
 2861072:	00 
 2861073:	31 db                	xor    %ebx,%ebx
 2861075:	48 8b 44 24 50       	mov    0x50(%rsp),%rax
 286107a:	48 89 04 24          	mov    %rax,(%rsp)
 286107e:	44 89 f8             	mov    %r15d,%eax
 2861081:	49 39 84 24 88 00 00 	cmp    %rax,0x88(%r12)
 2861088:	00 
 2861089:	0f 86 03 03 00 00    	jbe    2861392 <_ZN10litchi_cfb4file16OleFile$LT$R$GT$8load_fat17h8c1846b2bfec3773E+0x702>
 286108f:	49 8b 94 24 80 00 00 	mov    0x80(%r12),%rdx
 2861096:	00 
 2861097:	0f b6 0c 02          	movzbl (%rdx,%rax,1),%ecx
 286109b:	84 c9                	test   %cl,%cl
 286109d:	0f 85 39 03 00 00    	jne    28613dc <_ZN10litchi_cfb4file16OleFile$LT$R$GT$8load_fat17h8c1846b2bfec3773E+0x74c>
 28610a3:	c6 04 02 02          	movb   $0x2,(%rdx,%rax,1)
 28610a7:	48 39 1c 24          	cmp    %rbx,(%rsp)
 28610ab:	0f 84 93 02 00 00    	je     2861344 <_ZN10litchi_cfb4file16OleFile$LT$R$GT$8load_fat17h8c1846b2bfec3773E+0x6b4>
 28610b1:	45 89 7c 9d 00       	mov    %r15d,0x0(%r13,%rbx,4)
 28610b6:	48 8d 7c 24 20       	lea    0x20(%rsp),%rdi
 28610bb:	4c 89 e6             	mov    %r12,%rsi
 28610be:	44 89 fa             	mov    %r15d,%edx
 28610c1:	48 8d 8c 24 48 01 00 	lea    0x148(%rsp),%rcx
 28610c8:	00 
 28610c9:	4c 8b 44 24 70       	mov    0x70(%rsp),%r8
 28610ce:	e8 9d 8d ff ff       	call   2859e70 <_ZN10litchi_cfb4file16OleFile$LT$R$GT$16read_sector_into17hf43186040fd70defE>
 28610d3:	83 7c 24 20 0b       	cmpl   $0xb,0x20(%rsp)
 28610d8:	0f 85 15 09 00 00    	jne    28619f3 <_ZN10litchi_cfb4file16OleFile$LT$R$GT$8load_fat17h8c1846b2bfec3773E+0xd63>
 28610de:	48 89 9c 24 f0 00 00 	mov    %rbx,0xf0(%rsp)
 28610e5:	00 
 28610e6:	48 83 bc 24 d0 00 00 	cmpq   $0x0,0xd0(%rsp)
 28610ed:	00 00 
 28610ef:	0f 84 e1 01 00 00    	je     28612d6 <_ZN10litchi_cfb4file16OleFile$LT$R$GT$8load_fat17h8c1846b2bfec3773E+0x646>
 28610f5:	48 8b 9c 24 d0 00 00 	mov    0xd0(%rsp),%rbx
 28610fc:	00 
 28610fd:	31 ed                	xor    %ebp,%ebp
 28610ff:	eb 26                	jmp    2861127 <_ZN10litchi_cfb4file16OleFile$LT$R$GT$8load_fat17h8c1846b2bfec3773E+0x497>
 2861101:	66 66 66 66 66 66 2e 	data16 data16 data16 data16 data16 cs nopw 0x0(%rax,%rax,1)
 2861108:	0f 1f 84 00 00 00 00 
 286110f:	00 
 2861110:	41 83 fe ff          	cmp    $0xffffffff,%r14d
 2861114:	0f 85 59 07 00 00    	jne    2861873 <_ZN10litchi_cfb4file16OleFile$LT$R$GT$8load_fat17h8c1846b2bfec3773E+0xbe3>
 286111a:	48 83 c5 04          	add    $0x4,%rbp
 286111e:	48 ff cb             	dec    %rbx
 2861121:	0f 84 af 01 00 00    	je     28612d6 <_ZN10litchi_cfb4file16OleFile$LT$R$GT$8load_fat17h8c1846b2bfec3773E+0x646>
 2861127:	48 8d 45 03          	lea    0x3(%rbp),%rax
 286112b:	48 3b 44 24 70       	cmp    0x70(%rsp),%rax
 2861130:	0f 83 42 0c 00 00    	jae    2861d78 <_ZN10litchi_cfb4file16OleFile$LT$R$GT$8load_fat17h8c1846b2bfec3773E+0x10e8>
 2861136:	48 8d 34 2c          	lea    (%rsp,%rbp,1),%rsi
 286113a:	48 81 c6 48 01 00 00 	add    $0x148,%rsi
 2861141:	ba 04 00 00 00       	mov    $0x4,%edx
 2861146:	41 b8 0b 00 00 00    	mov    $0xb,%r8d
 286114c:	48 8d 7c 24 20       	lea    0x20(%rsp),%rdi
 2861151:	48 8d 0d 74 d7 bf fd 	lea    -0x240288c(%rip),%rcx        # 45e8cc <anon.2077b60551287b2eeaef1459249fd50a.7.llvm.18364902712296607230+0x139c>
 2861158:	ff 15 82 18 86 00    	call   *0x861882(%rip)        # 30c29e0 <_DYNAMIC+0x5828>
 286115e:	48 8b 44 24 20       	mov    0x20(%rsp),%rax
 2861163:	48 83 f8 0b          	cmp    $0xb,%rax
 2861167:	0f 85 fe 05 00 00    	jne    286176b <_ZN10litchi_cfb4file16OleFile$LT$R$GT$8load_fat17h8c1846b2bfec3773E+0xadb>
 286116d:	44 8b 74 24 28       	mov    0x28(%rsp),%r14d
 2861172:	48 8b 84 24 98 00 00 	mov    0x98(%rsp),%rax
 2861179:	00 
 286117a:	48 39 44 24 68       	cmp    %rax,0x68(%rsp)
 286117f:	73 8f                	jae    2861110 <_ZN10litchi_cfb4file16OleFile$LT$R$GT$8load_fat17h8c1846b2bfec3773E+0x480>
 2861181:	41 83 fe f9          	cmp    $0xfffffff9,%r14d
 2861185:	0f 87 78 06 00 00    	ja     2861803 <_ZN10litchi_cfb4file16OleFile$LT$R$GT$8load_fat17h8c1846b2bfec3773E+0xb73>
 286118b:	4d 39 b4 24 88 00 00 	cmp    %r14,0x88(%r12)
 2861192:	00 
 2861193:	0f 86 c3 00 00 00    	jbe    286125c <_ZN10litchi_cfb4file16OleFile$LT$R$GT$8load_fat17h8c1846b2bfec3773E+0x5cc>
 2861199:	49 8b 8c 24 80 00 00 	mov    0x80(%r12),%rcx
 28611a0:	00 
 28611a1:	42 0f b6 04 31       	movzbl (%rcx,%r14,1),%eax
 28611a6:	84 c0                	test   %al,%al
 28611a8:	0f 85 f8 00 00 00    	jne    28612a6 <_ZN10litchi_cfb4file16OleFile$LT$R$GT$8load_fat17h8c1846b2bfec3773E+0x616>
 28611ae:	42 c6 04 31 01       	movb   $0x1,(%rcx,%r14,1)
 28611b3:	4c 8b 7c 24 68       	mov    0x68(%rsp),%r15
 28611b8:	4c 39 7c 24 58       	cmp    %r15,0x58(%rsp)
 28611bd:	74 23                	je     28611e2 <_ZN10litchi_cfb4file16OleFile$LT$R$GT$8load_fat17h8c1846b2bfec3773E+0x552>
 28611bf:	48 8b 44 24 60       	mov    0x60(%rsp),%rax
 28611c4:	46 89 34 b8          	mov    %r14d,(%rax,%r15,4)
 28611c8:	49 ff c7             	inc    %r15
 28611cb:	4c 89 7c 24 68       	mov    %r15,0x68(%rsp)
 28611d0:	48 83 c5 04          	add    $0x4,%rbp
 28611d4:	48 ff cb             	dec    %rbx
 28611d7:	0f 85 4a ff ff ff    	jne    2861127 <_ZN10litchi_cfb4file16OleFile$LT$R$GT$8load_fat17h8c1846b2bfec3773E+0x497>
 28611dd:	e9 f4 00 00 00       	jmp    28612d6 <_ZN10litchi_cfb4file16OleFile$LT$R$GT$8load_fat17h8c1846b2bfec3773E+0x646>
 28611e2:	4c 89 6c 24 08       	mov    %r13,0x8(%rsp)
 28611e7:	4f 8d 2c 3f          	lea    (%r15,%r15,1),%r13
 28611eb:	49 83 fd 05          	cmp    $0x5,%r13
 28611ef:	b8 04 00 00 00       	mov    $0x4,%eax
 28611f4:	4c 0f 42 e8          	cmovb  %rax,%r13
 28611f8:	48 8b 54 24 60       	mov    0x60(%rsp),%rdx
 28611fd:	41 b8 04 00 00 00    	mov    $0x4,%r8d
 2861203:	41 b9 04 00 00 00    	mov    $0x4,%r9d
 2861209:	48 8d 7c 24 20       	lea    0x20(%rsp),%rdi
 286120e:	4c 89 fe             	mov    %r15,%rsi
 2861211:	4c 89 e9             	mov    %r13,%rcx
 2861214:	e8 17 40 00 00       	call   2865230 <_ZN5alloc7raw_vec20RawVecInner$LT$A$GT$11finish_grow17hf12fc8832feb73a0E.llvm.15930984514387009966>
 2861219:	83 7c 24 20 01       	cmpl   $0x1,0x20(%rsp)
 286121e:	0f 84 e5 0b 00 00    	je     2861e09 <_ZN10litchi_cfb4file16OleFile$LT$R$GT$8load_fat17h8c1846b2bfec3773E+0x1179>
 2861224:	48 8b 44 24 28       	mov    0x28(%rsp),%rax
 2861229:	48 89 44 24 60       	mov    %rax,0x60(%rsp)
 286122e:	4c 89 6c 24 58       	mov    %r13,0x58(%rsp)
 2861233:	4c 8b 7c 24 68       	mov    0x68(%rsp),%r15
 2861238:	4d 39 ef             	cmp    %r13,%r15
 286123b:	75 15                	jne    2861252 <_ZN10litchi_cfb4file16OleFile$LT$R$GT$8load_fat17h8c1846b2bfec3773E+0x5c2>
 286123d:	48 8d 7c 24 58       	lea    0x58(%rsp),%rdi
 2861242:	4c 8b 6c 24 08       	mov    0x8(%rsp),%r13
 2861247:	ff 15 b3 49 86 00    	call   *0x8649b3(%rip)        # 30c5c00 <_DYNAMIC+0x8a48>
 286124d:	e9 6d ff ff ff       	jmp    28611bf <_ZN10litchi_cfb4file16OleFile$LT$R$GT$8load_fat17h8c1846b2bfec3773E+0x52f>
 2861252:	4c 8b 6c 24 08       	mov    0x8(%rsp),%r13
 2861257:	e9 63 ff ff ff       	jmp    28611bf <_ZN10litchi_cfb4file16OleFile$LT$R$GT$8load_fat17h8c1846b2bfec3773E+0x52f>
 286125c:	48 8d 7c 24 20       	lea    0x20(%rsp),%rdi
 2861261:	44 89 f6             	mov    %r14d,%esi
 2861264:	ba 01 00 00 00       	mov    $0x1,%edx
 2861269:	ff 15 61 17 86 00    	call   *0x861761(%rip)        # 30c29d0 <_DYNAMIC+0x5818>
 286126f:	48 8b 44 24 20       	mov    0x20(%rsp),%rax
 2861274:	48 8b 4c 24 28       	mov    0x28(%rsp),%rcx
 2861279:	48 8d 74 24 30       	lea    0x30(%rsp),%rsi
 286127e:	48 8b 56 10          	mov    0x10(%rsi),%rdx
 2861282:	48 8d bc 24 b0 00 00 	lea    0xb0(%rsp),%rdi
 2861289:	00 
 286128a:	48 89 57 10          	mov    %rdx,0x10(%rdi)
 286128e:	0f 10 06             	movups (%rsi),%xmm0
 2861291:	0f 11 07             	movups %xmm0,(%rdi)
 2861294:	48 89 84 24 a0 00 00 	mov    %rax,0xa0(%rsp)
 286129b:	00 
 286129c:	48 89 8c 24 a8 00 00 	mov    %rcx,0xa8(%rsp)
 28612a3:	00 
 28612a4:	eb 21                	jmp    28612c7 <_ZN10litchi_cfb4file16OleFile$LT$R$GT$8load_fat17h8c1846b2bfec3773E+0x637>
 28612a6:	0f b6 d0             	movzbl %al,%edx
 28612a9:	48 8d bc 24 a0 00 00 	lea    0xa0(%rsp),%rdi
 28612b0:	00 
 28612b1:	44 89 f6             	mov    %r14d,%esi
 28612b4:	b9 01 00 00 00       	mov    $0x1,%ecx
 28612b9:	ff 15 19 17 86 00    	call   *0x861719(%rip)        # 30c29d8 <_DYNAMIC+0x5820>
 28612bf:	48 8b 84 24 a0 00 00 	mov    0xa0(%rsp),%rax
 28612c6:	00 
 28612c7:	48 83 f8 0b          	cmp    $0xb,%rax
 28612cb:	0f 84 e2 fe ff ff    	je     28611b3 <_ZN10litchi_cfb4file16OleFile$LT$R$GT$8load_fat17h8c1846b2bfec3773E+0x523>
 28612d1:	e9 d8 0b 00 00       	jmp    2861eae <_ZN10litchi_cfb4file16OleFile$LT$R$GT$8load_fat17h8c1846b2bfec3773E+0x121e>
 28612d6:	80 7c 24 17 00       	cmpb   $0x0,0x17(%rsp)
 28612db:	0f 85 9e 0b 00 00    	jne    2861e7f <_ZN10litchi_cfb4file16OleFile$LT$R$GT$8load_fat17h8c1846b2bfec3773E+0x11ef>
 28612e1:	ba 04 00 00 00       	mov    $0x4,%edx
 28612e6:	41 b8 18 00 00 00    	mov    $0x18,%r8d
 28612ec:	48 8d 7c 24 20       	lea    0x20(%rsp),%rdi
 28612f1:	48 8b b4 24 e8 00 00 	mov    0xe8(%rsp),%rsi
 28612f8:	00 
 28612f9:	48 8d 0d 62 d5 bf fd 	lea    -0x2402a9e(%rip),%rcx        # 45e862 <anon.2077b60551287b2eeaef1459249fd50a.7.llvm.18364902712296607230+0x1332>
 2861300:	ff 15 da 16 86 00    	call   *0x8616da(%rip)        # 30c29e0 <_DYNAMIC+0x5828>
 2861306:	48 8b 6c 24 18       	mov    0x18(%rsp),%rbp
 286130b:	48 8b 9c 24 f0 00 00 	mov    0xf0(%rsp),%rbx
 2861312:	00 
 2861313:	48 8b 44 24 20       	mov    0x20(%rsp),%rax
 2861318:	48 83 f8 0b          	cmp    $0xb,%rax
 286131c:	0f 85 e4 08 00 00    	jne    2861c06 <_ZN10litchi_cfb4file16OleFile$LT$R$GT$8load_fat17h8c1846b2bfec3773E+0xf76>
 2861322:	48 ff c3             	inc    %rbx
 2861325:	44 8b 7c 24 28       	mov    0x28(%rsp),%r15d
 286132a:	48 3b 5c 24 50       	cmp    0x50(%rsp),%rbx
 286132f:	0f 84 f3 08 00 00    	je     2861c28 <_ZN10litchi_cfb4file16OleFile$LT$R$GT$8load_fat17h8c1846b2bfec3773E+0xf98>
 2861335:	41 83 ff f9          	cmp    $0xfffffff9,%r15d
 2861339:	0f 86 3f fd ff ff    	jbe    286107e <_ZN10litchi_cfb4file16OleFile$LT$R$GT$8load_fat17h8c1846b2bfec3773E+0x3ee>
 286133f:	e9 53 09 00 00       	jmp    2861c97 <_ZN10litchi_cfb4file16OleFile$LT$R$GT$8load_fat17h8c1846b2bfec3773E+0x1007>
 2861344:	48 8b 34 24          	mov    (%rsp),%rsi
 2861348:	4c 8d 34 36          	lea    (%rsi,%rsi,1),%r14
 286134c:	49 83 fe 05          	cmp    $0x5,%r14
 2861350:	b8 04 00 00 00       	mov    $0x4,%eax
 2861355:	4c 0f 42 f0          	cmovb  %rax,%r14
 2861359:	41 b8 04 00 00 00    	mov    $0x4,%r8d
 286135f:	41 b9 04 00 00 00    	mov    $0x4,%r9d
 2861365:	48 8d 7c 24 20       	lea    0x20(%rsp),%rdi
 286136a:	48 89 34 24          	mov    %rsi,(%rsp)
 286136e:	4c 89 ea             	mov    %r13,%rdx
 2861371:	4c 89 f1             	mov    %r14,%rcx
 2861374:	e8 b7 3e 00 00       	call   2865230 <_ZN5alloc7raw_vec20RawVecInner$LT$A$GT$11finish_grow17hf12fc8832feb73a0E.llvm.15930984514387009966>
 2861379:	80 7c 24 20 00       	cmpb   $0x0,0x20(%rsp)
 286137e:	0f 85 b9 0a 00 00    	jne    2861e3d <_ZN10litchi_cfb4file16OleFile$LT$R$GT$8load_fat17h8c1846b2bfec3773E+0x11ad>
 2861384:	4c 8b 6c 24 28       	mov    0x28(%rsp),%r13
 2861389:	4c 89 34 24          	mov    %r14,(%rsp)
 286138d:	e9 1f fd ff ff       	jmp    28610b1 <_ZN10litchi_cfb4file16OleFile$LT$R$GT$8load_fat17h8c1846b2bfec3773E+0x421>
 2861392:	48 8d 7c 24 20       	lea    0x20(%rsp),%rdi
 2861397:	44 89 fe             	mov    %r15d,%esi
 286139a:	ba 02 00 00 00       	mov    $0x2,%edx
 286139f:	ff 15 2b 16 86 00    	call   *0x86162b(%rip)        # 30c29d0 <_DYNAMIC+0x5818>
 28613a5:	48 8b 44 24 20       	mov    0x20(%rsp),%rax
 28613aa:	48 8b 4c 24 28       	mov    0x28(%rsp),%rcx
 28613af:	48 8d 74 24 30       	lea    0x30(%rsp),%rsi
 28613b4:	48 8b 56 10          	mov    0x10(%rsi),%rdx
 28613b8:	48 8d bc 24 b0 00 00 	lea    0xb0(%rsp),%rdi
 28613bf:	00 
 28613c0:	48 89 57 10          	mov    %rdx,0x10(%rdi)
 28613c4:	0f 10 06             	movups (%rsi),%xmm0
 28613c7:	0f 11 07             	movups %xmm0,(%rdi)
 28613ca:	48 89 84 24 a0 00 00 	mov    %rax,0xa0(%rsp)
 28613d1:	00 
 28613d2:	48 89 8c 24 a8 00 00 	mov    %rcx,0xa8(%rsp)
 28613d9:	00 
 28613da:	eb 21                	jmp    28613fd <_ZN10litchi_cfb4file16OleFile$LT$R$GT$8load_fat17h8c1846b2bfec3773E+0x76d>
 28613dc:	0f b6 d1             	movzbl %cl,%edx
 28613df:	48 8d bc 24 a0 00 00 	lea    0xa0(%rsp),%rdi
 28613e6:	00 
 28613e7:	44 89 fe             	mov    %r15d,%esi
 28613ea:	b9 02 00 00 00       	mov    $0x2,%ecx
 28613ef:	ff 15 e3 15 86 00    	call   *0x8615e3(%rip)        # 30c29d8 <_DYNAMIC+0x5820>
 28613f5:	48 8b 84 24 a0 00 00 	mov    0xa0(%rsp),%rax
 28613fc:	00 
 28613fd:	48 83 f8 0b          	cmp    $0xb,%rax
 2861401:	0f 84 a0 fc ff ff    	je     28610a7 <_ZN10litchi_cfb4file16OleFile$LT$R$GT$8load_fat17h8c1846b2bfec3773E+0x417>
 2861407:	48 8b 84 24 c0 00 00 	mov    0xc0(%rsp),%rax
 286140e:	00 
 286140f:	48 89 45 20          	mov    %rax,0x20(%rbp)
 2861413:	0f 10 84 24 a0 00 00 	movups 0xa0(%rsp),%xmm0
 286141a:	00 
 286141b:	0f 10 8c 24 b0 00 00 	movups 0xb0(%rsp),%xmm1
 2861422:	00 
 2861423:	e9 de 05 00 00       	jmp    2861a06 <_ZN10litchi_cfb4file16OleFile$LT$R$GT$8load_fat17h8c1846b2bfec3773E+0xd76>
 2861428:	31 db                	xor    %ebx,%ebx
 286142a:	48 c7 04 24 00 00 00 	movq   $0x0,(%rsp)
 2861431:	00 
 2861432:	4c 8b 6c 24 08       	mov    0x8(%rsp),%r13
 2861437:	48 8b 4c 24 68       	mov    0x68(%rsp),%rcx
 286143c:	48 8b 84 24 98 00 00 	mov    0x98(%rsp),%rax
 2861443:	00 
 2861444:	48 39 c1             	cmp    %rax,%rcx
 2861447:	0f 85 44 03 00 00    	jne    2861791 <_ZN10litchi_cfb4file16OleFile$LT$R$GT$8load_fat17h8c1846b2bfec3773E+0xb01>
 286144d:	49 8b 8c 24 30 01 00 	mov    0x130(%r12),%rcx
 2861454:	00 
 2861455:	48 c1 e9 02          	shr    $0x2,%rcx
 2861459:	48 f7 e1             	mul    %rcx
 286145c:	0f 80 79 0a 00 00    	jo     2861edb <_ZN10litchi_cfb4file16OleFile$LT$R$GT$8load_fat17h8c1846b2bfec3773E+0x124b>
 2861462:	48 8d 15 ee d3 bf fd 	lea    -0x2402c12(%rip),%rdx        # 45e857 <anon.2077b60551287b2eeaef1459249fd50a.7.llvm.18364902712296607230+0x1327>
 2861469:	48 8d 7c 24 20       	lea    0x20(%rsp),%rdi
 286146e:	b9 0b 00 00 00       	mov    $0xb,%ecx
 2861473:	48 89 c6             	mov    %rax,%rsi
 2861476:	e8 15 21 00 00       	call   2863590 <_ZN10litchi_cfb4file21try_vec_with_capacity17h78f4955bb90a02e7E>
 286147b:	48 8b 44 24 20       	mov    0x20(%rsp),%rax
 2861480:	0f 10 44 24 28       	movups 0x28(%rsp),%xmm0
 2861485:	0f 29 84 24 a0 00 00 	movaps %xmm0,0xa0(%rsp)
 286148c:	00 
 286148d:	48 8b 4c 24 38       	mov    0x38(%rsp),%rcx
 2861492:	48 89 8c 24 b0 00 00 	mov    %rcx,0xb0(%rsp)
 2861499:	00 
 286149a:	48 83 f8 0b          	cmp    $0xb,%rax
 286149e:	0f 85 fd 04 00 00    	jne    28619a1 <_ZN10litchi_cfb4file16OleFile$LT$R$GT$8load_fat17h8c1846b2bfec3773E+0xd11>
 28614a4:	4c 89 6c 24 08       	mov    %r13,0x8(%rsp)
 28614a9:	0f 28 84 24 a0 00 00 	movaps 0xa0(%rsp),%xmm0
 28614b0:	00 
 28614b1:	0f 29 84 24 80 00 00 	movaps %xmm0,0x80(%rsp)
 28614b8:	00 
 28614b9:	48 8b 84 24 b0 00 00 	mov    0xb0(%rsp),%rax
 28614c0:	00 
 28614c1:	48 89 84 24 90 00 00 	mov    %rax,0x90(%rsp)
 28614c8:	00 
 28614c9:	4c 8b 7c 24 60       	mov    0x60(%rsp),%r15
 28614ce:	48 8b 44 24 68       	mov    0x68(%rsp),%rax
 28614d3:	48 85 c0             	test   %rax,%rax
 28614d6:	0f 84 37 05 00 00    	je     2861a13 <_ZN10litchi_cfb4file16OleFile$LT$R$GT$8load_fat17h8c1846b2bfec3773E+0xd83>
 28614dc:	49 8d 04 87          	lea    (%r15,%rax,4),%rax
 28614e0:	48 89 84 24 98 00 00 	mov    %rax,0x98(%rsp)
 28614e7:	00 
 28614e8:	48 8b 44 24 78       	mov    0x78(%rsp),%rax
 28614ed:	41 89 c6             	mov    %eax,%r14d
 28614f0:	41 81 e6 f8 07 00 00 	and    $0x7f8,%r14d
 28614f7:	83 e0 03             	and    $0x3,%eax
 28614fa:	48 89 44 24 50       	mov    %rax,0x50(%rsp)
 28614ff:	eb 1a                	jmp    286151b <_ZN10litchi_cfb4file16OleFile$LT$R$GT$8load_fat17h8c1846b2bfec3773E+0x88b>
 2861501:	49 83 c7 04          	add    $0x4,%r15
 2861505:	4c 89 ac 24 90 00 00 	mov    %r13,0x90(%rsp)
 286150c:	00 
 286150d:	4c 3b bc 24 98 00 00 	cmp    0x98(%rsp),%r15
 2861514:	00 
 2861515:	0f 84 35 05 00 00    	je     2861a50 <_ZN10litchi_cfb4file16OleFile$LT$R$GT$8load_fat17h8c1846b2bfec3773E+0xdc0>
 286151b:	41 8b 17             	mov    (%r15),%edx
 286151e:	48 8d 7c 24 20       	lea    0x20(%rsp),%rdi
 2861523:	4c 89 e6             	mov    %r12,%rsi
 2861526:	48 8d 8c 24 48 01 00 	lea    0x148(%rsp),%rcx
 286152d:	00 
 286152e:	4c 8b 44 24 70       	mov    0x70(%rsp),%r8
 2861533:	e8 38 89 ff ff       	call   2859e70 <_ZN10litchi_cfb4file16OleFile$LT$R$GT$16read_sector_into17hf43186040fd70defE>
 2861538:	83 7c 24 20 0b       	cmpl   $0xb,0x20(%rsp)
 286153d:	48 8b 4c 24 18       	mov    0x18(%rsp),%rcx
 2861542:	0f 85 df 04 00 00    	jne    2861a27 <_ZN10litchi_cfb4file16OleFile$LT$R$GT$8load_fat17h8c1846b2bfec3773E+0xd97>
 2861548:	48 8b 84 24 80 00 00 	mov    0x80(%rsp),%rax
 286154f:	00 
 2861550:	4c 8b ac 24 90 00 00 	mov    0x90(%rsp),%r13
 2861557:	00 
 2861558:	4c 29 e8             	sub    %r13,%rax
 286155b:	48 39 44 24 78       	cmp    %rax,0x78(%rsp)
 2861560:	0f 87 1f 01 00 00    	ja     2861685 <_ZN10litchi_cfb4file16OleFile$LT$R$GT$8load_fat17h8c1846b2bfec3773E+0x9f5>
 2861566:	48 8b ac 24 88 00 00 	mov    0x88(%rsp),%rbp
 286156d:	00 
 286156e:	48 8b 44 24 70       	mov    0x70(%rsp),%rax
 2861573:	48 83 f8 04          	cmp    $0x4,%rax
 2861577:	72 88                	jb     2861501 <_ZN10litchi_cfb4file16OleFile$LT$R$GT$8load_fat17h8c1846b2bfec3773E+0x871>
 2861579:	48 83 f8 20          	cmp    $0x20,%rax
 286157d:	72 1c                	jb     286159b <_ZN10litchi_cfb4file16OleFile$LT$R$GT$8load_fat17h8c1846b2bfec3773E+0x90b>
 286157f:	48 89 e8             	mov    %rbp,%rax
 2861582:	48 8d 8c 24 48 01 00 	lea    0x148(%rsp),%rcx
 2861589:	00 
 286158a:	48 29 c8             	sub    %rcx,%rax
 286158d:	4a 8d 04 a8          	lea    (%rax,%r13,4),%rax
 2861591:	48 83 f8 20          	cmp    $0x20,%rax
 2861595:	0f 83 94 00 00 00    	jae    286162f <_ZN10litchi_cfb4file16OleFile$LT$R$GT$8load_fat17h8c1846b2bfec3773E+0x99f>
 286159b:	31 c0                	xor    %eax,%eax
 286159d:	48 8b 54 24 50       	mov    0x50(%rsp),%rdx
 28615a2:	48 89 c1             	mov    %rax,%rcx
 28615a5:	48 85 d2             	test   %rdx,%rdx
 28615a8:	74 1d                	je     28615c7 <_ZN10litchi_cfb4file16OleFile$LT$R$GT$8load_fat17h8c1846b2bfec3773E+0x937>
 28615aa:	66 0f 1f 44 00 00    	nopw   0x0(%rax,%rax,1)
 28615b0:	8b b4 8c 48 01 00 00 	mov    0x148(%rsp,%rcx,4),%esi
 28615b7:	42 89 74 ad 00       	mov    %esi,0x0(%rbp,%r13,4)
 28615bc:	49 ff c5             	inc    %r13
 28615bf:	48 ff c1             	inc    %rcx
 28615c2:	48 ff ca             	dec    %rdx
 28615c5:	75 e9                	jne    28615b0 <_ZN10litchi_cfb4file16OleFile$LT$R$GT$8load_fat17h8c1846b2bfec3773E+0x920>
 28615c7:	48 2b 44 24 78       	sub    0x78(%rsp),%rax
 28615cc:	48 83 f8 fc          	cmp    $0xfffffffffffffffc,%rax
 28615d0:	0f 87 2b ff ff ff    	ja     2861501 <_ZN10litchi_cfb4file16OleFile$LT$R$GT$8load_fat17h8c1846b2bfec3773E+0x871>
 28615d6:	4a 8d 04 ad 0c 00 00 	lea    0xc(,%r13,4),%rax
 28615dd:	00 
 28615de:	48 01 e8             	add    %rbp,%rax
 28615e1:	48 8d 94 24 54 01 00 	lea    0x154(%rsp),%rdx
 28615e8:	00 
 28615e9:	48 8d 14 8a          	lea    (%rdx,%rcx,4),%rdx
 28615ed:	48 8b 74 24 78       	mov    0x78(%rsp),%rsi
 28615f2:	48 29 ce             	sub    %rcx,%rsi
 28615f5:	31 c9                	xor    %ecx,%ecx
 28615f7:	66 0f 1f 84 00 00 00 	nopw   0x0(%rax,%rax,1)
 28615fe:	00 00 
 2861600:	8b 7c 8a f4          	mov    -0xc(%rdx,%rcx,4),%edi
 2861604:	89 7c 88 f4          	mov    %edi,-0xc(%rax,%rcx,4)
 2861608:	8b 7c 8a f8          	mov    -0x8(%rdx,%rcx,4),%edi
 286160c:	89 7c 88 f8          	mov    %edi,-0x8(%rax,%rcx,4)
 2861610:	8b 7c 8a fc          	mov    -0x4(%rdx,%rcx,4),%edi
 2861614:	89 7c 88 fc          	mov    %edi,-0x4(%rax,%rcx,4)
 2861618:	8b 3c 8a             	mov    (%rdx,%rcx,4),%edi
 286161b:	89 3c 88             	mov    %edi,(%rax,%rcx,4)
 286161e:	48 83 c1 04          	add    $0x4,%rcx
 2861622:	48 39 ce             	cmp    %rcx,%rsi
 2861625:	75 d9                	jne    2861600 <_ZN10litchi_cfb4file16OleFile$LT$R$GT$8load_fat17h8c1846b2bfec3773E+0x970>
 2861627:	49 01 cd             	add    %rcx,%r13
 286162a:	e9 d2 fe ff ff       	jmp    2861501 <_ZN10litchi_cfb4file16OleFile$LT$R$GT$8load_fat17h8c1846b2bfec3773E+0x871>
 286162f:	4a 8d 04 ad 00 00 00 	lea    0x0(,%r13,4),%rax
 2861636:	00 
 2861637:	4d 01 f5             	add    %r14,%r13
 286163a:	48 01 e8             	add    %rbp,%rax
 286163d:	48 83 c0 10          	add    $0x10,%rax
 2861641:	31 c9                	xor    %ecx,%ecx
 2861643:	66 66 66 66 2e 0f 1f 	data16 data16 data16 cs nopw 0x0(%rax,%rax,1)
 286164a:	84 00 00 00 00 00 
 2861650:	0f 10 84 8c 48 01 00 	movups 0x148(%rsp,%rcx,4),%xmm0
 2861657:	00 
 2861658:	0f 10 8c 8c 58 01 00 	movups 0x158(%rsp,%rcx,4),%xmm1
 286165f:	00 
 2861660:	0f 11 44 88 f0       	movups %xmm0,-0x10(%rax,%rcx,4)
 2861665:	0f 11 0c 88          	movups %xmm1,(%rax,%rcx,4)
 2861669:	48 83 c1 08          	add    $0x8,%rcx
 286166d:	49 39 ce             	cmp    %rcx,%r14
 2861670:	75 de                	jne    2861650 <_ZN10litchi_cfb4file16OleFile$LT$R$GT$8load_fat17h8c1846b2bfec3773E+0x9c0>
 2861672:	4c 89 f0             	mov    %r14,%rax
 2861675:	4c 39 74 24 78       	cmp    %r14,0x78(%rsp)
 286167a:	0f 84 81 fe ff ff    	je     2861501 <_ZN10litchi_cfb4file16OleFile$LT$R$GT$8load_fat17h8c1846b2bfec3773E+0x871>
 2861680:	e9 18 ff ff ff       	jmp    286159d <_ZN10litchi_cfb4file16OleFile$LT$R$GT$8load_fat17h8c1846b2bfec3773E+0x90d>
 2861685:	b9 04 00 00 00       	mov    $0x4,%ecx
 286168a:	41 b8 04 00 00 00    	mov    $0x4,%r8d
 2861690:	48 8d bc 24 80 00 00 	lea    0x80(%rsp),%rdi
 2861697:	00 
 2861698:	4c 89 ee             	mov    %r13,%rsi
 286169b:	48 8b 54 24 78       	mov    0x78(%rsp),%rdx
 28616a0:	e8 eb 3c 00 00       	call   2865390 <_ZN5alloc7raw_vec20RawVecInner$LT$A$GT$7reserve21do_reserve_and_handle17h019c0614024b4d9cE>
 28616a5:	4c 8b ac 24 90 00 00 	mov    0x90(%rsp),%r13
 28616ac:	00 
 28616ad:	48 8b ac 24 88 00 00 	mov    0x88(%rsp),%rbp
 28616b4:	00 
 28616b5:	48 8b 44 24 70       	mov    0x70(%rsp),%rax
 28616ba:	48 83 f8 04          	cmp    $0x4,%rax
 28616be:	0f 82 3d fe ff ff    	jb     2861501 <_ZN10litchi_cfb4file16OleFile$LT$R$GT$8load_fat17h8c1846b2bfec3773E+0x871>
 28616c4:	e9 b0 fe ff ff       	jmp    2861579 <_ZN10litchi_cfb4file16OleFile$LT$R$GT$8load_fat17h8c1846b2bfec3773E+0x8e9>
 28616c9:	0f 10 84 24 54 01 00 	movups 0x154(%rsp),%xmm0
 28616d0:	00 
 28616d1:	0f 10 8c 24 60 01 00 	movups 0x160(%rsp),%xmm1
 28616d8:	00 
 28616d9:	0f 11 4d 18          	movups %xmm1,0x18(%rbp)
 28616dd:	0f 11 45 0c          	movups %xmm0,0xc(%rbp)
 28616e1:	48 89 45 00          	mov    %rax,0x0(%rbp)
 28616e5:	44 89 75 08          	mov    %r14d,0x8(%rbp)
 28616e9:	b3 01                	mov    $0x1,%bl
 28616eb:	48 8b 74 24 50       	mov    0x50(%rsp),%rsi
 28616f0:	4c 8b 6c 24 08       	mov    0x8(%rsp),%r13
 28616f5:	e9 03 06 00 00       	jmp    2861cfd <_ZN10litchi_cfb4file16OleFile$LT$R$GT$8load_fat17h8c1846b2bfec3773E+0x106d>
 28616fa:	ff 15 50 bd 85 00    	call   *0x85bd50(%rip)        # 30bd450 <_DYNAMIC+0x298>
 2861700:	bb 2e 00 00 00       	mov    $0x2e,%ebx
 2861705:	bf 2e 00 00 00       	mov    $0x2e,%edi
 286170a:	be 01 00 00 00       	mov    $0x1,%esi
 286170f:	ff 15 43 bd 85 00    	call   *0x85bd43(%rip)        # 30bd458 <_DYNAMIC+0x2a0>
 2861715:	48 85 c0             	test   %rax,%rax
 2861718:	4c 8b 6c 24 08       	mov    0x8(%rsp),%r13
 286171d:	0f 84 fe 07 00 00    	je     2861f21 <_ZN10litchi_cfb4file16OleFile$LT$R$GT$8load_fat17h8c1846b2bfec3773E+0x1291>
 2861723:	0f 10 05 36 d2 bf fd 	movups -0x2402dca(%rip),%xmm0        # 45e960 <anon.2077b60551287b2eeaef1459249fd50a.7.llvm.18364902712296607230+0x1430>
 286172a:	0f 11 40 1e          	movups %xmm0,0x1e(%rax)
 286172e:	0f 10 05 1d d2 bf fd 	movups -0x2402de3(%rip),%xmm0        # 45e952 <anon.2077b60551287b2eeaef1459249fd50a.7.llvm.18364902712296607230+0x1422>
 2861735:	0f 11 40 10          	movups %xmm0,0x10(%rax)
 2861739:	0f 10 05 02 d2 bf fd 	movups -0x2402dfe(%rip),%xmm0        # 45e942 <anon.2077b60551287b2eeaef1459249fd50a.7.llvm.18364902712296607230+0x1412>
 2861740:	0f 11 00             	movups %xmm0,(%rax)
 2861743:	48 c7 45 00 08 00 00 	movq   $0x8,0x0(%rbp)
 286174a:	00 
 286174b:	48 c7 45 08 2e 00 00 	movq   $0x2e,0x8(%rbp)
 2861752:	00 
 2861753:	48 89 45 10          	mov    %rax,0x10(%rbp)
 2861757:	48 c7 45 18 2e 00 00 	movq   $0x2e,0x18(%rbp)
 286175e:	00 
 286175f:	b3 01                	mov    $0x1,%bl
 2861761:	48 8b 74 24 50       	mov    0x50(%rsp),%rsi
 2861766:	e9 92 05 00 00       	jmp    2861cfd <_ZN10litchi_cfb4file16OleFile$LT$R$GT$8load_fat17h8c1846b2bfec3773E+0x106d>
 286176b:	8b 4c 24 28          	mov    0x28(%rsp),%ecx
 286176f:	0f 10 44 24 38       	movups 0x38(%rsp),%xmm0
 2861774:	48 8b 54 24 18       	mov    0x18(%rsp),%rdx
 2861779:	0f 11 42 18          	movups %xmm0,0x18(%rdx)
 286177d:	0f 10 44 24 2c       	movups 0x2c(%rsp),%xmm0
 2861782:	0f 11 42 0c          	movups %xmm0,0xc(%rdx)
 2861786:	48 89 02             	mov    %rax,(%rdx)
 2861789:	89 4a 08             	mov    %ecx,0x8(%rdx)
 286178c:	e9 66 05 00 00       	jmp    2861cf7 <_ZN10litchi_cfb4file16OleFile$LT$R$GT$8load_fat17h8c1846b2bfec3773E+0x1067>
 2861791:	48 89 8c 24 a0 00 00 	mov    %rcx,0xa0(%rsp)
 2861798:	00 
 2861799:	48 8d 84 24 f8 00 00 	lea    0xf8(%rsp),%rax
 28617a0:	00 
 28617a1:	48 89 44 24 20       	mov    %rax,0x20(%rsp)
 28617a6:	48 8b 05 93 bf 85 00 	mov    0x85bf93(%rip),%rax        # 30bd740 <_DYNAMIC+0x588>
 28617ad:	48 89 44 24 28       	mov    %rax,0x28(%rsp)
 28617b2:	48 8d 8c 24 a0 00 00 	lea    0xa0(%rsp),%rcx
 28617b9:	00 
 28617ba:	48 89 4c 24 30       	mov    %rcx,0x30(%rsp)
 28617bf:	48 89 44 24 38       	mov    %rax,0x38(%rsp)
 28617c4:	48 8d 35 d8 9c 88 fd 	lea    -0x2776328(%rip),%rsi        # eb4a3 <anon.4650445764f22c15cc0ce7f983850af4.4.llvm.17869849836713266843+0x284>
 28617cb:	48 8d bc 24 00 01 00 	lea    0x100(%rsp),%rdi
 28617d2:	00 
 28617d3:	48 8d 54 24 20       	lea    0x20(%rsp),%rdx
 28617d8:	ff 15 e2 bf 85 00    	call   *0x85bfe2(%rip)        # 30bd7c0 <_DYNAMIC+0x608>
 28617de:	48 8b 84 24 10 01 00 	mov    0x110(%rsp),%rax
 28617e5:	00 
 28617e6:	48 89 45 18          	mov    %rax,0x18(%rbp)
 28617ea:	0f 10 84 24 00 01 00 	movups 0x100(%rsp),%xmm0
 28617f1:	00 
 28617f2:	0f 11 45 08          	movups %xmm0,0x8(%rbp)
 28617f6:	48 c7 45 00 08 00 00 	movq   $0x8,0x0(%rbp)
 28617fd:	00 
 28617fe:	e9 f4 04 00 00       	jmp    2861cf7 <_ZN10litchi_cfb4file16OleFile$LT$R$GT$8load_fat17h8c1846b2bfec3773E+0x1067>
 2861803:	ff 15 47 bc 85 00    	call   *0x85bc47(%rip)        # 30bd450 <_DYNAMIC+0x298>
 2861809:	bb 34 00 00 00       	mov    $0x34,%ebx
 286180e:	bf 34 00 00 00       	mov    $0x34,%edi
 2861813:	be 01 00 00 00       	mov    $0x1,%esi
 2861818:	ff 15 3a bc 85 00    	call   *0x85bc3a(%rip)        # 30bd458 <_DYNAMIC+0x2a0>
 286181e:	48 85 c0             	test   %rax,%rax
 2861821:	0f 84 05 07 00 00    	je     2861f2c <_ZN10litchi_cfb4file16OleFile$LT$R$GT$8load_fat17h8c1846b2bfec3773E+0x129c>
 2861827:	0f 10 05 ee d0 bf fd 	movups -0x2402f12(%rip),%xmm0        # 45e91c <anon.2077b60551287b2eeaef1459249fd50a.7.llvm.18364902712296607230+0x13ec>
 286182e:	0f 11 40 20          	movups %xmm0,0x20(%rax)
 2861832:	0f 10 05 d3 d0 bf fd 	movups -0x2402f2d(%rip),%xmm0        # 45e90c <anon.2077b60551287b2eeaef1459249fd50a.7.llvm.18364902712296607230+0x13dc>
 2861839:	0f 11 40 10          	movups %xmm0,0x10(%rax)
 286183d:	0f 10 05 b8 d0 bf fd 	movups -0x2402f48(%rip),%xmm0        # 45e8fc <anon.2077b60551287b2eeaef1459249fd50a.7.llvm.18364902712296607230+0x13cc>
 2861844:	0f 11 00             	movups %xmm0,(%rax)
 2861847:	c7 40 30 6f 75 6e 74 	movl   $0x746e756f,0x30(%rax)
 286184e:	48 8b 4c 24 18       	mov    0x18(%rsp),%rcx
 2861853:	48 c7 01 08 00 00 00 	movq   $0x8,(%rcx)
 286185a:	48 c7 41 08 34 00 00 	movq   $0x34,0x8(%rcx)
 2861861:	00 
 2861862:	48 89 41 10          	mov    %rax,0x10(%rcx)
 2861866:	48 c7 41 18 34 00 00 	movq   $0x34,0x18(%rcx)
 286186d:	00 
 286186e:	e9 84 04 00 00       	jmp    2861cf7 <_ZN10litchi_cfb4file16OleFile$LT$R$GT$8load_fat17h8c1846b2bfec3773E+0x1067>
 2861873:	ff 15 d7 bb 85 00    	call   *0x85bbd7(%rip)        # 30bd450 <_DYNAMIC+0x298>
 2861879:	bb 25 00 00 00       	mov    $0x25,%ebx
 286187e:	bf 25 00 00 00       	mov    $0x25,%edi
 2861883:	be 01 00 00 00       	mov    $0x1,%esi
 2861888:	ff 15 ca bb 85 00    	call   *0x85bbca(%rip)        # 30bd458 <_DYNAMIC+0x2a0>
 286188e:	48 85 c0             	test   %rax,%rax
 2861891:	0f 84 95 06 00 00    	je     2861f2c <_ZN10litchi_cfb4file16OleFile$LT$R$GT$8load_fat17h8c1846b2bfec3773E+0x129c>
 2861897:	0f 10 05 49 d0 bf fd 	movups -0x2402fb7(%rip),%xmm0        # 45e8e7 <anon.2077b60551287b2eeaef1459249fd50a.7.llvm.18364902712296607230+0x13b7>
 286189e:	0f 11 40 10          	movups %xmm0,0x10(%rax)
 28618a2:	0f 10 05 2e d0 bf fd 	movups -0x2402fd2(%rip),%xmm0        # 45e8d7 <anon.2077b60551287b2eeaef1459249fd50a.7.llvm.18364902712296607230+0x13a7>
 28618a9:	0f 11 00             	movups %xmm0,(%rax)
 28618ac:	48 b9 46 52 45 45 53 	movabs $0x5443455345455246,%rcx
 28618b3:	45 43 54 
 28618b6:	48 89 48 1d          	mov    %rcx,0x1d(%rax)
 28618ba:	48 8b 4c 24 18       	mov    0x18(%rsp),%rcx
 28618bf:	48 c7 01 08 00 00 00 	movq   $0x8,(%rcx)
 28618c6:	48 c7 41 08 25 00 00 	movq   $0x25,0x8(%rcx)
 28618cd:	00 
 28618ce:	48 89 41 10          	mov    %rax,0x10(%rcx)
 28618d2:	48 c7 41 18 25 00 00 	movq   $0x25,0x18(%rcx)
 28618d9:	00 
 28618da:	e9 18 04 00 00       	jmp    2861cf7 <_ZN10litchi_cfb4file16OleFile$LT$R$GT$8load_fat17h8c1846b2bfec3773E+0x1067>
 28618df:	89 cd                	mov    %ecx,%ebp
 28618e1:	48 8d bc 24 48 01 00 	lea    0x148(%rsp),%rdi
 28618e8:	00 
 28618e9:	ba 04 00 00 00       	mov    $0x4,%edx
 28618ee:	41 b8 04 00 00 00    	mov    $0x4,%r8d
 28618f4:	41 b9 04 00 00 00    	mov    $0x4,%r9d
 28618fa:	31 f6                	xor    %esi,%esi
 28618fc:	4c 89 e9             	mov    %r13,%rcx
 28618ff:	e8 2c 39 00 00       	call   2865230 <_ZN5alloc7raw_vec20RawVecInner$LT$A$GT$11finish_grow17hf12fc8832feb73a0E.llvm.15930984514387009966>
 2861904:	80 bc 24 48 01 00 00 	cmpb   $0x0,0x148(%rsp)
 286190b:	00 
 286190c:	0f 84 b9 00 00 00    	je     28619cb <_ZN10litchi_cfb4file16OleFile$LT$R$GT$8load_fat17h8c1846b2bfec3773E+0xd3b>
 2861912:	0f 10 84 24 50 01 00 	movups 0x150(%rsp),%xmm0
 2861919:	00 
 286191a:	48 8d 05 0c cf bf fd 	lea    -0x24030f4(%rip),%rax        # 45e82d <anon.2077b60551287b2eeaef1459249fd50a.7.llvm.18364902712296607230+0x12fd>
 2861921:	48 8b 4c 24 18       	mov    0x18(%rsp),%rcx
 2861926:	48 89 41 08          	mov    %rax,0x8(%rcx)
 286192a:	48 c7 41 10 14 00 00 	movq   $0x14,0x10(%rcx)
 2861931:	00 
 2861932:	48 c7 01 01 00 00 00 	movq   $0x1,(%rcx)
 2861939:	0f 11 41 18          	movups %xmm0,0x18(%rcx)
 286193d:	e9 f4 03 00 00       	jmp    2861d36 <_ZN10litchi_cfb4file16OleFile$LT$R$GT$8load_fat17h8c1846b2bfec3773E+0x10a6>
 2861942:	89 cd                	mov    %ecx,%ebp
 2861944:	48 8d bc 24 48 01 00 	lea    0x148(%rsp),%rdi
 286194b:	00 
 286194c:	ba 04 00 00 00       	mov    $0x4,%edx
 2861951:	41 b8 04 00 00 00    	mov    $0x4,%r8d
 2861957:	41 b9 04 00 00 00    	mov    $0x4,%r9d
 286195d:	31 f6                	xor    %esi,%esi
 286195f:	4c 89 f9             	mov    %r15,%rcx
 2861962:	e8 c9 38 00 00       	call   2865230 <_ZN5alloc7raw_vec20RawVecInner$LT$A$GT$11finish_grow17hf12fc8832feb73a0E.llvm.15930984514387009966>
 2861967:	80 bc 24 48 01 00 00 	cmpb   $0x0,0x148(%rsp)
 286196e:	00 
 286196f:	74 6e                	je     28619df <_ZN10litchi_cfb4file16OleFile$LT$R$GT$8load_fat17h8c1846b2bfec3773E+0xd4f>
 2861971:	0f 10 84 24 50 01 00 	movups 0x150(%rsp),%xmm0
 2861978:	00 
 2861979:	48 8d 05 c1 ce bf fd 	lea    -0x240313f(%rip),%rax        # 45e841 <anon.2077b60551287b2eeaef1459249fd50a.7.llvm.18364902712296607230+0x1311>
 2861980:	48 8b 4c 24 18       	mov    0x18(%rsp),%rcx
 2861985:	48 89 41 08          	mov    %rax,0x8(%rcx)
 2861989:	48 c7 41 10 16 00 00 	movq   $0x16,0x10(%rcx)
 2861990:	00 
 2861991:	48 c7 01 01 00 00 00 	movq   $0x1,(%rcx)
 2861998:	0f 11 41 18          	movups %xmm0,0x18(%rcx)
 286199c:	e9 77 03 00 00       	jmp    2861d18 <_ZN10litchi_cfb4file16OleFile$LT$R$GT$8load_fat17h8c1846b2bfec3773E+0x1088>
 28619a1:	48 8b 4c 24 40       	mov    0x40(%rsp),%rcx
 28619a6:	48 8b 94 24 b0 00 00 	mov    0xb0(%rsp),%rdx
 28619ad:	00 
 28619ae:	48 89 55 18          	mov    %rdx,0x18(%rbp)
 28619b2:	0f 28 84 24 a0 00 00 	movaps 0xa0(%rsp),%xmm0
 28619b9:	00 
 28619ba:	0f 11 45 08          	movups %xmm0,0x8(%rbp)
 28619be:	48 89 45 00          	mov    %rax,0x0(%rbp)
 28619c2:	48 89 4d 20          	mov    %rcx,0x20(%rbp)
 28619c6:	e9 2c 03 00 00       	jmp    2861cf7 <_ZN10litchi_cfb4file16OleFile$LT$R$GT$8load_fat17h8c1846b2bfec3773E+0x1067>
 28619cb:	48 8b 84 24 50 01 00 	mov    0x150(%rsp),%rax
 28619d2:	00 
 28619d3:	89 e9                	mov    %ebp,%ecx
 28619d5:	48 8b 6c 24 18       	mov    0x18(%rsp),%rbp
 28619da:	e9 ef f3 ff ff       	jmp    2860dce <_ZN10litchi_cfb4file16OleFile$LT$R$GT$8load_fat17h8c1846b2bfec3773E+0x13e>
 28619df:	4c 8b b4 24 50 01 00 	mov    0x150(%rsp),%r14
 28619e6:	00 
 28619e7:	89 e9                	mov    %ebp,%ecx
 28619e9:	48 8b 6c 24 18       	mov    0x18(%rsp),%rbp
 28619ee:	e9 f9 f3 ff ff       	jmp    2860dec <_ZN10litchi_cfb4file16OleFile$LT$R$GT$8load_fat17h8c1846b2bfec3773E+0x15c>
 28619f3:	48 8b 44 24 40       	mov    0x40(%rsp),%rax
 28619f8:	48 89 45 20          	mov    %rax,0x20(%rbp)
 28619fc:	0f 10 44 24 20       	movups 0x20(%rsp),%xmm0
 2861a01:	0f 10 4c 24 30       	movups 0x30(%rsp),%xmm1
 2861a06:	0f 11 4d 10          	movups %xmm1,0x10(%rbp)
 2861a0a:	0f 11 45 00          	movups %xmm0,0x0(%rbp)
 2861a0e:	e9 e4 02 00 00       	jmp    2861cf7 <_ZN10litchi_cfb4file16OleFile$LT$R$GT$8load_fat17h8c1846b2bfec3773E+0x1067>
 2861a13:	48 8b ac 24 88 00 00 	mov    0x88(%rsp),%rbp
 2861a1a:	00 
 2861a1b:	4c 8b ac 24 90 00 00 	mov    0x90(%rsp),%r13
 2861a22:	00 
 2861a23:	31 c0                	xor    %eax,%eax
 2861a25:	eb 33                	jmp    2861a5a <_ZN10litchi_cfb4file16OleFile$LT$R$GT$8load_fat17h8c1846b2bfec3773E+0xdca>
 2861a27:	48 8b 44 24 40       	mov    0x40(%rsp),%rax
 2861a2c:	48 89 41 20          	mov    %rax,0x20(%rcx)
 2861a30:	0f 10 44 24 20       	movups 0x20(%rsp),%xmm0
 2861a35:	0f 10 4c 24 30       	movups 0x30(%rsp),%xmm1
 2861a3a:	0f 11 49 10          	movups %xmm1,0x10(%rcx)
 2861a3e:	0f 11 01             	movups %xmm0,(%rcx)
 2861a41:	b3 01                	mov    $0x1,%bl
 2861a43:	40 b5 01             	mov    $0x1,%bpl
 2861a46:	4c 8b 6c 24 08       	mov    0x8(%rsp),%r13
 2861a4b:	e9 80 01 00 00       	jmp    2861bd0 <_ZN10litchi_cfb4file16OleFile$LT$R$GT$8load_fat17h8c1846b2bfec3773E+0xf40>
 2861a50:	4c 8b 7c 24 60       	mov    0x60(%rsp),%r15
 2861a55:	48 8b 44 24 68       	mov    0x68(%rsp),%rax
 2861a5a:	4c 8b 74 24 58       	mov    0x58(%rsp),%r14
 2861a5f:	48 c1 e0 02          	shl    $0x2,%rax
 2861a63:	31 c9                	xor    %ecx,%ecx
 2861a65:	48 39 c8             	cmp    %rcx,%rax
 2861a68:	0f 84 9b 00 00 00    	je     2861b09 <_ZN10litchi_cfb4file16OleFile$LT$R$GT$8load_fat17h8c1846b2bfec3773E+0xe79>
 2861a6e:	41 8b 14 0f          	mov    (%r15,%rcx,1),%edx
 2861a72:	89 94 24 c8 00 00 00 	mov    %edx,0xc8(%rsp)
 2861a79:	49 39 d5             	cmp    %rdx,%r13
 2861a7c:	76 0b                	jbe    2861a89 <_ZN10litchi_cfb4file16OleFile$LT$R$GT$8load_fat17h8c1846b2bfec3773E+0xdf9>
 2861a7e:	48 83 c1 04          	add    $0x4,%rcx
 2861a82:	83 7c 95 00 fd       	cmpl   $0xfffffffd,0x0(%rbp,%rdx,4)
 2861a87:	74 dc                	je     2861a65 <_ZN10litchi_cfb4file16OleFile$LT$R$GT$8load_fat17h8c1846b2bfec3773E+0xdd5>
 2861a89:	48 8d 84 24 c8 00 00 	lea    0xc8(%rsp),%rax
 2861a90:	00 
 2861a91:	48 89 44 24 20       	mov    %rax,0x20(%rsp)
 2861a96:	48 8b 05 73 bc 85 00 	mov    0x85bc73(%rip),%rax        # 30bd710 <_DYNAMIC+0x558>
 2861a9d:	48 89 44 24 28       	mov    %rax,0x28(%rsp)
 2861aa2:	48 8d 35 a9 b9 88 fd 	lea    -0x2774657(%rip),%rsi        # ed452 <anon.a32fffd1165cadf2f75a9f1d914e21c5.24.llvm.6216252003955987953+0x232>
 2861aa9:	48 8d bc 24 18 01 00 	lea    0x118(%rsp),%rdi
 2861ab0:	00 
 2861ab1:	48 8d 54 24 20       	lea    0x20(%rsp),%rdx
 2861ab6:	ff 15 04 bd 85 00    	call   *0x85bd04(%rip)        # 30bd7c0 <_DYNAMIC+0x608>
 2861abc:	48 8b 84 24 28 01 00 	mov    0x128(%rsp),%rax
 2861ac3:	00 
 2861ac4:	48 8b 4c 24 18       	mov    0x18(%rsp),%rcx
 2861ac9:	48 89 41 18          	mov    %rax,0x18(%rcx)
 2861acd:	0f 10 84 24 18 01 00 	movups 0x118(%rsp),%xmm0
 2861ad4:	00 
 2861ad5:	0f 11 41 08          	movups %xmm0,0x8(%rcx)
 2861ad9:	48 c7 01 08 00 00 00 	movq   $0x8,(%rcx)
 2861ae0:	40 b5 01             	mov    $0x1,%bpl
 2861ae3:	4d 85 f6             	test   %r14,%r14
 2861ae6:	4c 8b 6c 24 08       	mov    0x8(%rsp),%r13
 2861aeb:	74 15                	je     2861b02 <_ZN10litchi_cfb4file16OleFile$LT$R$GT$8load_fat17h8c1846b2bfec3773E+0xe72>
 2861aed:	49 c1 e6 02          	shl    $0x2,%r14
 2861af1:	ba 04 00 00 00       	mov    $0x4,%edx
 2861af6:	4c 89 ff             	mov    %r15,%rdi
 2861af9:	4c 89 f6             	mov    %r14,%rsi
 2861afc:	ff 15 fe b8 85 00    	call   *0x85b8fe(%rip)        # 30bd400 <_DYNAMIC+0x248>
 2861b02:	31 db                	xor    %ebx,%ebx
 2861b04:	e9 c7 00 00 00       	jmp    2861bd0 <_ZN10litchi_cfb4file16OleFile$LT$R$GT$8load_fat17h8c1846b2bfec3773E+0xf40>
 2861b09:	4d 85 f6             	test   %r14,%r14
 2861b0c:	74 15                	je     2861b23 <_ZN10litchi_cfb4file16OleFile$LT$R$GT$8load_fat17h8c1846b2bfec3773E+0xe93>
 2861b0e:	49 c1 e6 02          	shl    $0x2,%r14
 2861b12:	ba 04 00 00 00       	mov    $0x4,%edx
 2861b17:	4c 89 ff             	mov    %r15,%rdi
 2861b1a:	4c 89 f6             	mov    %r14,%rsi
 2861b1d:	ff 15 dd b8 85 00    	call   *0x85b8dd(%rip)        # 30bd400 <_DYNAMIC+0x248>
 2861b23:	48 c1 e3 02          	shl    $0x2,%rbx
 2861b27:	31 c0                	xor    %eax,%eax
 2861b29:	48 39 c3             	cmp    %rax,%rbx
 2861b2c:	0f 84 72 02 00 00    	je     2861da4 <_ZN10litchi_cfb4file16OleFile$LT$R$GT$8load_fat17h8c1846b2bfec3773E+0x1114>
 2861b32:	48 8b 4c 24 08       	mov    0x8(%rsp),%rcx
 2861b37:	8b 0c 01             	mov    (%rcx,%rax,1),%ecx
 2861b3a:	89 8c 24 cc 00 00 00 	mov    %ecx,0xcc(%rsp)
 2861b41:	49 39 cd             	cmp    %rcx,%r13
 2861b44:	76 0b                	jbe    2861b51 <_ZN10litchi_cfb4file16OleFile$LT$R$GT$8load_fat17h8c1846b2bfec3773E+0xec1>
 2861b46:	48 83 c0 04          	add    $0x4,%rax
 2861b4a:	83 7c 8d 00 fc       	cmpl   $0xfffffffc,0x0(%rbp,%rcx,4)
 2861b4f:	74 d8                	je     2861b29 <_ZN10litchi_cfb4file16OleFile$LT$R$GT$8load_fat17h8c1846b2bfec3773E+0xe99>
 2861b51:	48 8d 84 24 cc 00 00 	lea    0xcc(%rsp),%rax
 2861b58:	00 
 2861b59:	48 89 44 24 20       	mov    %rax,0x20(%rsp)
 2861b5e:	48 8b 05 ab bb 85 00 	mov    0x85bbab(%rip),%rax        # 30bd710 <_DYNAMIC+0x558>
 2861b65:	48 89 44 24 28       	mov    %rax,0x28(%rsp)
 2861b6a:	48 8d 35 d9 91 87 fd 	lea    -0x2786e27(%rip),%rsi        # dad4a <anon.10a78c258ec07aaba948d0b9b9949e35.332.llvm.12263131863083473843+0x189>
 2861b71:	48 8d bc 24 30 01 00 	lea    0x130(%rsp),%rdi
 2861b78:	00 
 2861b79:	48 8d 54 24 20       	lea    0x20(%rsp),%rdx
 2861b7e:	ff 15 3c bc 85 00    	call   *0x85bc3c(%rip)        # 30bd7c0 <_DYNAMIC+0x608>
 2861b84:	48 8b 84 24 40 01 00 	mov    0x140(%rsp),%rax
 2861b8b:	00 
 2861b8c:	48 8b 4c 24 18       	mov    0x18(%rsp),%rcx
 2861b91:	48 89 41 18          	mov    %rax,0x18(%rcx)
 2861b95:	0f 10 84 24 30 01 00 	movups 0x130(%rsp),%xmm0
 2861b9c:	00 
 2861b9d:	0f 11 41 08          	movups %xmm0,0x8(%rcx)
 2861ba1:	48 c7 01 08 00 00 00 	movq   $0x8,(%rcx)
 2861ba8:	48 8b 04 24          	mov    (%rsp),%rax
 2861bac:	48 85 c0             	test   %rax,%rax
 2861baf:	4c 8b 6c 24 08       	mov    0x8(%rsp),%r13
 2861bb4:	74 16                	je     2861bcc <_ZN10litchi_cfb4file16OleFile$LT$R$GT$8load_fat17h8c1846b2bfec3773E+0xf3c>
 2861bb6:	48 8d 34 85 00 00 00 	lea    0x0(,%rax,4),%rsi
 2861bbd:	00 
 2861bbe:	ba 04 00 00 00       	mov    $0x4,%edx
 2861bc3:	4c 89 ef             	mov    %r13,%rdi
 2861bc6:	ff 15 34 b8 85 00    	call   *0x85b834(%rip)        # 30bd400 <_DYNAMIC+0x248>
 2861bcc:	31 db                	xor    %ebx,%ebx
 2861bce:	31 ed                	xor    %ebp,%ebp
 2861bd0:	48 8b b4 24 80 00 00 	mov    0x80(%rsp),%rsi
 2861bd7:	00 
 2861bd8:	48 85 f6             	test   %rsi,%rsi
 2861bdb:	74 17                	je     2861bf4 <_ZN10litchi_cfb4file16OleFile$LT$R$GT$8load_fat17h8c1846b2bfec3773E+0xf64>
 2861bdd:	48 8b bc 24 88 00 00 	mov    0x88(%rsp),%rdi
 2861be4:	00 
 2861be5:	48 c1 e6 02          	shl    $0x2,%rsi
 2861be9:	ba 04 00 00 00       	mov    $0x4,%edx
 2861bee:	ff 15 0c b8 85 00    	call   *0x85b80c(%rip)        # 30bd400 <_DYNAMIC+0x248>
 2861bf4:	40 84 ed             	test   %bpl,%bpl
 2861bf7:	48 8b 34 24          	mov    (%rsp),%rsi
 2861bfb:	0f 85 fc 00 00 00    	jne    2861cfd <_ZN10litchi_cfb4file16OleFile$LT$R$GT$8load_fat17h8c1846b2bfec3773E+0x106d>
 2861c01:	e9 0e 01 00 00       	jmp    2861d14 <_ZN10litchi_cfb4file16OleFile$LT$R$GT$8load_fat17h8c1846b2bfec3773E+0x1084>
 2861c06:	8b 4c 24 28          	mov    0x28(%rsp),%ecx
 2861c0a:	0f 10 44 24 38       	movups 0x38(%rsp),%xmm0
 2861c0f:	0f 11 45 18          	movups %xmm0,0x18(%rbp)
 2861c13:	0f 10 44 24 2c       	movups 0x2c(%rsp),%xmm0
 2861c18:	0f 11 45 0c          	movups %xmm0,0xc(%rbp)
 2861c1c:	48 89 45 00          	mov    %rax,0x0(%rbp)
 2861c20:	89 4d 08             	mov    %ecx,0x8(%rbp)
 2861c23:	e9 cf 00 00 00       	jmp    2861cf7 <_ZN10litchi_cfb4file16OleFile$LT$R$GT$8load_fat17h8c1846b2bfec3773E+0x1067>
 2861c28:	41 83 ff fe          	cmp    $0xfffffffe,%r15d
 2861c2c:	0f 84 05 f8 ff ff    	je     2861437 <_ZN10litchi_cfb4file16OleFile$LT$R$GT$8load_fat17h8c1846b2bfec3773E+0x7a7>
 2861c32:	ff 15 18 b8 85 00    	call   *0x85b818(%rip)        # 30bd450 <_DYNAMIC+0x298>
 2861c38:	bb 27 00 00 00       	mov    $0x27,%ebx
 2861c3d:	bf 27 00 00 00       	mov    $0x27,%edi
 2861c42:	be 01 00 00 00       	mov    $0x1,%esi
 2861c47:	ff 15 0b b8 85 00    	call   *0x85b80b(%rip)        # 30bd458 <_DYNAMIC+0x2a0>
 2861c4d:	48 85 c0             	test   %rax,%rax
 2861c50:	0f 84 d6 02 00 00    	je     2861f2c <_ZN10litchi_cfb4file16OleFile$LT$R$GT$8load_fat17h8c1846b2bfec3773E+0x129c>
 2861c56:	0f 10 05 58 cc bf fd 	movups -0x24033a8(%rip),%xmm0        # 45e8b5 <anon.2077b60551287b2eeaef1459249fd50a.7.llvm.18364902712296607230+0x1385>
 2861c5d:	0f 11 40 10          	movups %xmm0,0x10(%rax)
 2861c61:	0f 10 05 3d cc bf fd 	movups -0x24033c3(%rip),%xmm0        # 45e8a5 <anon.2077b60551287b2eeaef1459249fd50a.7.llvm.18364902712296607230+0x1375>
 2861c68:	0f 11 00             	movups %xmm0,(%rax)
 2861c6b:	48 b9 64 20 6c 65 6e 	movabs $0x6874676e656c2064,%rcx
 2861c72:	67 74 68 
 2861c75:	48 89 48 1f          	mov    %rcx,0x1f(%rax)
 2861c79:	48 c7 45 00 08 00 00 	movq   $0x8,0x0(%rbp)
 2861c80:	00 
 2861c81:	48 c7 45 08 27 00 00 	movq   $0x27,0x8(%rbp)
 2861c88:	00 
 2861c89:	48 89 45 10          	mov    %rax,0x10(%rbp)
 2861c8d:	48 c7 45 18 27 00 00 	movq   $0x27,0x18(%rbp)
 2861c94:	00 
 2861c95:	eb 60                	jmp    2861cf7 <_ZN10litchi_cfb4file16OleFile$LT$R$GT$8load_fat17h8c1846b2bfec3773E+0x1067>
 2861c97:	ff 15 b3 b7 85 00    	call   *0x85b7b3(%rip)        # 30bd450 <_DYNAMIC+0x298>
 2861c9d:	bb 2b 00 00 00       	mov    $0x2b,%ebx
 2861ca2:	bf 2b 00 00 00       	mov    $0x2b,%edi
 2861ca7:	be 01 00 00 00       	mov    $0x1,%esi
 2861cac:	ff 15 a6 b7 85 00    	call   *0x85b7a6(%rip)        # 30bd458 <_DYNAMIC+0x2a0>
 2861cb2:	48 85 c0             	test   %rax,%rax
 2861cb5:	0f 84 71 02 00 00    	je     2861f2c <_ZN10litchi_cfb4file16OleFile$LT$R$GT$8load_fat17h8c1846b2bfec3773E+0x129c>
 2861cbb:	0f 10 05 d3 cb bf fd 	movups -0x240342d(%rip),%xmm0        # 45e895 <anon.2077b60551287b2eeaef1459249fd50a.7.llvm.18364902712296607230+0x1365>
 2861cc2:	0f 11 40 1b          	movups %xmm0,0x1b(%rax)
 2861cc6:	0f 10 05 bd cb bf fd 	movups -0x2403443(%rip),%xmm0        # 45e88a <anon.2077b60551287b2eeaef1459249fd50a.7.llvm.18364902712296607230+0x135a>
 2861ccd:	0f 11 40 10          	movups %xmm0,0x10(%rax)
 2861cd1:	0f 10 05 a2 cb bf fd 	movups -0x240345e(%rip),%xmm0        # 45e87a <anon.2077b60551287b2eeaef1459249fd50a.7.llvm.18364902712296607230+0x134a>
 2861cd8:	0f 11 00             	movups %xmm0,(%rax)
 2861cdb:	48 c7 45 00 08 00 00 	movq   $0x8,0x0(%rbp)
 2861ce2:	00 
 2861ce3:	48 c7 45 08 2b 00 00 	movq   $0x2b,0x8(%rbp)
 2861cea:	00 
 2861ceb:	48 89 45 10          	mov    %rax,0x10(%rbp)
 2861cef:	48 c7 45 18 2b 00 00 	movq   $0x2b,0x18(%rbp)
 2861cf6:	00 
 2861cf7:	b3 01                	mov    $0x1,%bl
 2861cf9:	48 8b 34 24          	mov    (%rsp),%rsi
 2861cfd:	48 85 f6             	test   %rsi,%rsi
 2861d00:	74 12                	je     2861d14 <_ZN10litchi_cfb4file16OleFile$LT$R$GT$8load_fat17h8c1846b2bfec3773E+0x1084>
 2861d02:	48 c1 e6 02          	shl    $0x2,%rsi
 2861d06:	ba 04 00 00 00       	mov    $0x4,%edx
 2861d0b:	4c 89 ef             	mov    %r13,%rdi
 2861d0e:	ff 15 ec b6 85 00    	call   *0x85b6ec(%rip)        # 30bd400 <_DYNAMIC+0x248>
 2861d14:	84 db                	test   %bl,%bl
 2861d16:	74 1e                	je     2861d36 <_ZN10litchi_cfb4file16OleFile$LT$R$GT$8load_fat17h8c1846b2bfec3773E+0x10a6>
 2861d18:	48 8b 74 24 58       	mov    0x58(%rsp),%rsi
 2861d1d:	48 85 f6             	test   %rsi,%rsi
 2861d20:	74 14                	je     2861d36 <_ZN10litchi_cfb4file16OleFile$LT$R$GT$8load_fat17h8c1846b2bfec3773E+0x10a6>
 2861d22:	48 8b 7c 24 60       	mov    0x60(%rsp),%rdi
 2861d27:	48 c1 e6 02          	shl    $0x2,%rsi
 2861d2b:	ba 04 00 00 00       	mov    $0x4,%edx
 2861d30:	ff 15 ca b6 85 00    	call   *0x85b6ca(%rip)        # 30bd400 <_DYNAMIC+0x248>
 2861d36:	48 81 c4 48 11 00 00 	add    $0x1148,%rsp
 2861d3d:	5b                   	pop    %rbx
 2861d3e:	41 5c                	pop    %r12
 2861d40:	41 5d                	pop    %r13
 2861d42:	41 5e                	pop    %r14
 2861d44:	41 5f                	pop    %r15
 2861d46:	5d                   	pop    %rbp
 2861d47:	c3                   	ret
 2861d48:	0f 10 84 24 50 01 00 	movups 0x150(%rsp),%xmm0
 2861d4f:	00 
 2861d50:	48 8b 4c 24 18       	mov    0x18(%rsp),%rcx
 2861d55:	48 c7 01 01 00 00 00 	movq   $0x1,(%rcx)
 2861d5c:	48 8d 05 ca ca bf fd 	lea    -0x2403536(%rip),%rax        # 45e82d <anon.2077b60551287b2eeaef1459249fd50a.7.llvm.18364902712296607230+0x12fd>
 2861d63:	48 89 41 08          	mov    %rax,0x8(%rcx)
 2861d67:	48 c7 41 10 14 00 00 	movq   $0x14,0x10(%rcx)
 2861d6e:	00 
 2861d6f:	0f 11 41 18          	movups %xmm0,0x18(%rcx)
 2861d73:	e9 71 f9 ff ff       	jmp    28616e9 <_ZN10litchi_cfb4file16OleFile$LT$R$GT$8load_fat17h8c1846b2bfec3773E+0xa59>
 2861d78:	48 8d 75 04          	lea    0x4(%rbp),%rsi
 2861d7c:	48 8d 0d f5 b1 83 00 	lea    0x83b1f5(%rip),%rcx        # 309cf78 <anon.18ed62fc6964c1d45ff246659a33d3b5.19.llvm.11779160688387136347+0x470>
 2861d83:	48 8b 04 24          	mov    (%rsp),%rax
 2861d87:	48 89 eb             	mov    %rbp,%rbx
 2861d8a:	4c 8b 74 24 70       	mov    0x70(%rsp),%r14
 2861d8f:	48 89 04 24          	mov    %rax,(%rsp)
 2861d93:	48 89 df             	mov    %rbx,%rdi
 2861d96:	4c 89 f2             	mov    %r14,%rdx
 2861d99:	ff 15 69 b6 85 00    	call   *0x85b669(%rip)        # 30bd408 <_DYNAMIC+0x250>
 2861d9f:	e9 a0 01 00 00       	jmp    2861f44 <_ZN10litchi_cfb4file16OleFile$LT$R$GT$8load_fat17h8c1846b2bfec3773E+0x12b4>
 2861da4:	48 8b 34 24          	mov    (%rsp),%rsi
 2861da8:	48 85 f6             	test   %rsi,%rsi
 2861dab:	48 8b 5c 24 18       	mov    0x18(%rsp),%rbx
 2861db0:	74 14                	je     2861dc6 <_ZN10litchi_cfb4file16OleFile$LT$R$GT$8load_fat17h8c1846b2bfec3773E+0x1136>
 2861db2:	48 c1 e6 02          	shl    $0x2,%rsi
 2861db6:	ba 04 00 00 00       	mov    $0x4,%edx
 2861dbb:	48 8b 7c 24 08       	mov    0x8(%rsp),%rdi
 2861dc0:	ff 15 3a b6 85 00    	call   *0x85b63a(%rip)        # 30bd400 <_DYNAMIC+0x248>
 2861dc6:	49 8b 34 24          	mov    (%r12),%rsi
 2861dca:	48 85 f6             	test   %rsi,%rsi
 2861dcd:	74 14                	je     2861de3 <_ZN10litchi_cfb4file16OleFile$LT$R$GT$8load_fat17h8c1846b2bfec3773E+0x1153>
 2861dcf:	49 8b 7c 24 08       	mov    0x8(%r12),%rdi
 2861dd4:	48 c1 e6 02          	shl    $0x2,%rsi
 2861dd8:	ba 04 00 00 00       	mov    $0x4,%edx
 2861ddd:	ff 15 1d b6 85 00    	call   *0x85b61d(%rip)        # 30bd400 <_DYNAMIC+0x248>
 2861de3:	48 8b 84 24 90 00 00 	mov    0x90(%rsp),%rax
 2861dea:	00 
 2861deb:	49 89 44 24 10       	mov    %rax,0x10(%r12)
 2861df0:	0f 28 84 24 80 00 00 	movaps 0x80(%rsp),%xmm0
 2861df7:	00 
 2861df8:	41 0f 11 04 24       	movups %xmm0,(%r12)
 2861dfd:	48 c7 03 0b 00 00 00 	movq   $0xb,(%rbx)
 2861e04:	e9 2d ff ff ff       	jmp    2861d36 <_ZN10litchi_cfb4file16OleFile$LT$R$GT$8load_fat17h8c1846b2bfec3773E+0x10a6>
 2861e09:	0f 10 44 24 28       	movups 0x28(%rsp),%xmm0
 2861e0e:	48 8b 4c 24 18       	mov    0x18(%rsp),%rcx
 2861e13:	48 c7 01 01 00 00 00 	movq   $0x1,(%rcx)
 2861e1a:	48 8d 05 0c ca bf fd 	lea    -0x24035f4(%rip),%rax        # 45e82d <anon.2077b60551287b2eeaef1459249fd50a.7.llvm.18364902712296607230+0x12fd>
 2861e21:	48 89 41 08          	mov    %rax,0x8(%rcx)
 2861e25:	48 c7 41 10 14 00 00 	movq   $0x14,0x10(%rcx)
 2861e2c:	00 
 2861e2d:	0f 11 41 18          	movups %xmm0,0x18(%rcx)
 2861e31:	b3 01                	mov    $0x1,%bl
 2861e33:	4c 8b 6c 24 08       	mov    0x8(%rsp),%r13
 2861e38:	e9 bc fe ff ff       	jmp    2861cf9 <_ZN10litchi_cfb4file16OleFile$LT$R$GT$8load_fat17h8c1846b2bfec3773E+0x1069>
 2861e3d:	0f 10 44 24 28       	movups 0x28(%rsp),%xmm0
 2861e42:	48 c7 45 00 01 00 00 	movq   $0x1,0x0(%rbp)
 2861e49:	00 
 2861e4a:	48 8d 05 f0 c9 bf fd 	lea    -0x2403610(%rip),%rax        # 45e841 <anon.2077b60551287b2eeaef1459249fd50a.7.llvm.18364902712296607230+0x1311>
 2861e51:	48 89 45 08          	mov    %rax,0x8(%rbp)
 2861e55:	48 c7 45 10 16 00 00 	movq   $0x16,0x10(%rbp)
 2861e5c:	00 
 2861e5d:	0f 11 45 18          	movups %xmm0,0x18(%rbp)
 2861e61:	e9 91 fe ff ff       	jmp    2861cf7 <_ZN10litchi_cfb4file16OleFile$LT$R$GT$8load_fat17h8c1846b2bfec3773E+0x1067>
 2861e66:	48 8d 0d 23 b1 83 00 	lea    0x83b123(%rip),%rcx        # 309cf90 <anon.18ed62fc6964c1d45ff246659a33d3b5.19.llvm.11779160688387136347+0x488>
 2861e6d:	48 89 c6             	mov    %rax,%rsi
 2861e70:	4c 8b 6c 24 08       	mov    0x8(%rsp),%r13
 2861e75:	48 8b 44 24 50       	mov    0x50(%rsp),%rax
 2861e7a:	e9 10 ff ff ff       	jmp    2861d8f <_ZN10litchi_cfb4file16OleFile$LT$R$GT$8load_fat17h8c1846b2bfec3773E+0x10ff>
 2861e7f:	48 8d 0d da b0 83 00 	lea    0x83b0da(%rip),%rcx        # 309cf60 <anon.18ed62fc6964c1d45ff246659a33d3b5.19.llvm.11779160688387136347+0x458>
 2861e86:	48 8b 04 24          	mov    (%rsp),%rax
 2861e8a:	4c 8b 74 24 70       	mov    0x70(%rsp),%r14
 2861e8f:	48 8b 9c 24 e0 00 00 	mov    0xe0(%rsp),%rbx
 2861e96:	00 
 2861e97:	48 8b b4 24 d8 00 00 	mov    0xd8(%rsp),%rsi
 2861e9e:	00 
 2861e9f:	e9 eb fe ff ff       	jmp    2861d8f <_ZN10litchi_cfb4file16OleFile$LT$R$GT$8load_fat17h8c1846b2bfec3773E+0x10ff>
 2861ea4:	c6 44 24 17 01       	movb   $0x1,0x17(%rsp)
 2861ea9:	e9 a2 f1 ff ff       	jmp    2861050 <_ZN10litchi_cfb4file16OleFile$LT$R$GT$8load_fat17h8c1846b2bfec3773E+0x3c0>
 2861eae:	48 8b 84 24 c0 00 00 	mov    0xc0(%rsp),%rax
 2861eb5:	00 
 2861eb6:	48 8b 4c 24 18       	mov    0x18(%rsp),%rcx
 2861ebb:	48 89 41 20          	mov    %rax,0x20(%rcx)
 2861ebf:	0f 10 84 24 a0 00 00 	movups 0xa0(%rsp),%xmm0
 2861ec6:	00 
 2861ec7:	0f 10 8c 24 b0 00 00 	movups 0xb0(%rsp),%xmm1
 2861ece:	00 
 2861ecf:	0f 11 49 10          	movups %xmm1,0x10(%rcx)
 2861ed3:	0f 11 01             	movups %xmm0,(%rcx)
 2861ed6:	e9 1c fe ff ff       	jmp    2861cf7 <_ZN10litchi_cfb4file16OleFile$LT$R$GT$8load_fat17h8c1846b2bfec3773E+0x1067>
 2861edb:	48 8d 7c 24 20       	lea    0x20(%rsp),%rdi
 2861ee0:	e8 2b 15 00 00       	call   2863410 <_ZN10litchi_cfb4file16OleFile$LT$R$GT$8load_fat28_$u7b$$u7b$closure$u7d$$u7d$17haf8368dcf0a90783E>
 2861ee5:	48 8b 44 24 40       	mov    0x40(%rsp),%rax
 2861eea:	48 89 45 20          	mov    %rax,0x20(%rbp)
 2861eee:	0f 28 44 24 30       	movaps 0x30(%rsp),%xmm0
 2861ef3:	0f 11 45 10          	movups %xmm0,0x10(%rbp)
 2861ef7:	0f 28 44 24 20       	movaps 0x20(%rsp),%xmm0
 2861efc:	e9 09 fb ff ff       	jmp    2861a0a <_ZN10litchi_cfb4file16OleFile$LT$R$GT$8load_fat17h8c1846b2bfec3773E+0xd7a>
 2861f01:	bf 01 00 00 00       	mov    $0x1,%edi
 2861f06:	be 33 00 00 00       	mov    $0x33,%esi
 2861f0b:	ff 15 77 b5 85 00    	call   *0x85b577(%rip)        # 30bd488 <_DYNAMIC+0x2d0>
 2861f11:	bf 01 00 00 00       	mov    $0x1,%edi
 2861f16:	be 35 00 00 00       	mov    $0x35,%esi
 2861f1b:	ff 15 67 b5 85 00    	call   *0x85b567(%rip)        # 30bd488 <_DYNAMIC+0x2d0>
 2861f21:	48 8b 44 24 50       	mov    0x50(%rsp),%rax
 2861f26:	48 89 04 24          	mov    %rax,(%rsp)
 2861f2a:	eb 05                	jmp    2861f31 <_ZN10litchi_cfb4file16OleFile$LT$R$GT$8load_fat17h8c1846b2bfec3773E+0x12a1>
 2861f2c:	4c 89 6c 24 08       	mov    %r13,0x8(%rsp)
 2861f31:	bf 01 00 00 00       	mov    $0x1,%edi
 2861f36:	48 89 de             	mov    %rbx,%rsi
 2861f39:	4c 8b 6c 24 08       	mov    0x8(%rsp),%r13
 2861f3e:	ff 15 44 b5 85 00    	call   *0x85b544(%rip)        # 30bd488 <_DYNAMIC+0x2d0>
 2861f44:	0f 0b                	ud2
 2861f46:	48 89 c3             	mov    %rax,%rbx
 2861f49:	48 83 3c 24 00       	cmpq   $0x0,(%rsp)
 2861f4e:	74 1c                	je     2861f6c <_ZN10litchi_cfb4file16OleFile$LT$R$GT$8load_fat17h8c1846b2bfec3773E+0x12dc>
 2861f50:	48 8b 04 24          	mov    (%rsp),%rax
 2861f54:	48 8d 34 85 00 00 00 	lea    0x0(,%rax,4),%rsi
 2861f5b:	00 
 2861f5c:	ba 04 00 00 00       	mov    $0x4,%edx
 2861f61:	48 8b 7c 24 08       	mov    0x8(%rsp),%rdi
 2861f66:	ff 15 94 b4 85 00    	call   *0x85b494(%rip)        # 30bd400 <_DYNAMIC+0x248>
 2861f6c:	31 ed                	xor    %ebp,%ebp
 2861f6e:	45 31 e4             	xor    %r12d,%r12d
 2861f71:	eb 31                	jmp    2861fa4 <_ZN10litchi_cfb4file16OleFile$LT$R$GT$8load_fat17h8c1846b2bfec3773E+0x1314>
 2861f73:	48 89 c3             	mov    %rax,%rbx
 2861f76:	41 b4 01             	mov    $0x1,%r12b
 2861f79:	4d 85 f6             	test   %r14,%r14
 2861f7c:	75 04                	jne    2861f82 <_ZN10litchi_cfb4file16OleFile$LT$R$GT$8load_fat17h8c1846b2bfec3773E+0x12f2>
 2861f7e:	31 ed                	xor    %ebp,%ebp
 2861f80:	eb 22                	jmp    2861fa4 <_ZN10litchi_cfb4file16OleFile$LT$R$GT$8load_fat17h8c1846b2bfec3773E+0x1314>
 2861f82:	49 c1 e6 02          	shl    $0x2,%r14
 2861f86:	ba 04 00 00 00       	mov    $0x4,%edx
 2861f8b:	4c 89 ff             	mov    %r15,%rdi
 2861f8e:	4c 89 f6             	mov    %r14,%rsi
 2861f91:	ff 15 69 b4 85 00    	call   *0x85b469(%rip)        # 30bd400 <_DYNAMIC+0x248>
 2861f97:	31 ed                	xor    %ebp,%ebp
 2861f99:	eb 09                	jmp    2861fa4 <_ZN10litchi_cfb4file16OleFile$LT$R$GT$8load_fat17h8c1846b2bfec3773E+0x1314>
 2861f9b:	48 89 c3             	mov    %rax,%rbx
 2861f9e:	40 b5 01             	mov    $0x1,%bpl
 2861fa1:	41 b4 01             	mov    $0x1,%r12b
 2861fa4:	48 8b b4 24 80 00 00 	mov    0x80(%rsp),%rsi
 2861fab:	00 
 2861fac:	48 85 f6             	test   %rsi,%rsi
 2861faf:	74 17                	je     2861fc8 <_ZN10litchi_cfb4file16OleFile$LT$R$GT$8load_fat17h8c1846b2bfec3773E+0x1338>
 2861fb1:	48 8b bc 24 88 00 00 	mov    0x88(%rsp),%rdi
 2861fb8:	00 
 2861fb9:	48 c1 e6 02          	shl    $0x2,%rsi
 2861fbd:	ba 04 00 00 00       	mov    $0x4,%edx
 2861fc2:	ff 15 38 b4 85 00    	call   *0x85b438(%rip)        # 30bd400 <_DYNAMIC+0x248>
 2861fc8:	45 84 e4             	test   %r12b,%r12b
 2861fcb:	4c 8b 6c 24 08       	mov    0x8(%rsp),%r13
 2861fd0:	75 22                	jne    2861ff4 <_ZN10litchi_cfb4file16OleFile$LT$R$GT$8load_fat17h8c1846b2bfec3773E+0x1364>
 2861fd2:	eb 3b                	jmp    286200f <_ZN10litchi_cfb4file16OleFile$LT$R$GT$8load_fat17h8c1846b2bfec3773E+0x137f>
 2861fd4:	eb 18                	jmp    2861fee <_ZN10litchi_cfb4file16OleFile$LT$R$GT$8load_fat17h8c1846b2bfec3773E+0x135e>
 2861fd6:	eb 16                	jmp    2861fee <_ZN10litchi_cfb4file16OleFile$LT$R$GT$8load_fat17h8c1846b2bfec3773E+0x135e>
 2861fd8:	48 89 c3             	mov    %rax,%rbx
 2861fdb:	40 b5 01             	mov    $0x1,%bpl
 2861fde:	48 8b 44 24 50       	mov    0x50(%rsp),%rax
 2861fe3:	48 89 04 24          	mov    %rax,(%rsp)
 2861fe7:	4c 8b 6c 24 08       	mov    0x8(%rsp),%r13
 2861fec:	eb 06                	jmp    2861ff4 <_ZN10litchi_cfb4file16OleFile$LT$R$GT$8load_fat17h8c1846b2bfec3773E+0x1364>
 2861fee:	48 89 c3             	mov    %rax,%rbx
 2861ff1:	40 b5 01             	mov    $0x1,%bpl
 2861ff4:	48 8b 34 24          	mov    (%rsp),%rsi
 2861ff8:	48 85 f6             	test   %rsi,%rsi
 2861ffb:	74 12                	je     286200f <_ZN10litchi_cfb4file16OleFile$LT$R$GT$8load_fat17h8c1846b2bfec3773E+0x137f>
 2861ffd:	48 c1 e6 02          	shl    $0x2,%rsi
 2862001:	ba 04 00 00 00       	mov    $0x4,%edx
 2862006:	4c 89 ef             	mov    %r13,%rdi
 2862009:	ff 15 f1 b3 85 00    	call   *0x85b3f1(%rip)        # 30bd400 <_DYNAMIC+0x248>
 286200f:	40 84 ed             	test   %bpl,%bpl
 2862012:	74 0a                	je     286201e <_ZN10litchi_cfb4file16OleFile$LT$R$GT$8load_fat17h8c1846b2bfec3773E+0x138e>
 2862014:	48 8b 74 24 58       	mov    0x58(%rsp),%rsi
 2862019:	48 85 f6             	test   %rsi,%rsi
 286201c:	75 08                	jne    2862026 <_ZN10litchi_cfb4file16OleFile$LT$R$GT$8load_fat17h8c1846b2bfec3773E+0x1396>
 286201e:	48 89 df             	mov    %rbx,%rdi
 2862021:	e8 ba 25 7f 00       	call   30545e0 <_Unwind_Resume@plt>
 2862026:	48 8b 7c 24 60       	mov    0x60(%rsp),%rdi
 286202b:	48 c1 e6 02          	shl    $0x2,%rsi
 286202f:	ba 04 00 00 00       	mov    $0x4,%edx
 2862034:	ff 15 c6 b3 85 00    	call   *0x85b3c6(%rip)        # 30bd400 <_DYNAMIC+0x248>
 286203a:	48 89 df             	mov    %rbx,%rdi
 286203d:	e8 9e 25 7f 00       	call   30545e0 <_Unwind_Resume@plt>

Disassembly of section .init:

Disassembly of section .fini:

Disassembly of section .plt:
