   Compiling proc-macro2 v1.0.107
   Compiling unicode-ident v1.0.26
   Compiling quote v1.0.47
    Checking typenum v1.20.1
    Checking stable_deref_trait v1.2.1
   Compiling serde_core v1.0.229
   Compiling syn v3.0.6
    Checking cfg-if v1.0.5
   Compiling version_check v0.9.5
   Compiling generic-array v0.14.7
   Compiling synstructure v0.14.0
   Compiling crossbeam-utils v0.8.23
   Compiling libc v0.2.189
   Compiling zerofrom-derive v0.1.8
   Compiling yoke-derive v0.8.3
    Checking zerofrom v0.1.8
   Compiling zerovec-derive v0.11.6
    Checking yoke v0.8.3
   Compiling displaydoc v0.2.7
    Checking litemap v0.8.3
   Compiling crossbeam-epoch v0.9.21
    Checking zerovec v0.11.8
    Checking writeable v0.6.4
    Checking zerotrie v0.2.5
    Checking tinystr v0.8.4
    Checking potential_utf v0.1.6
    Checking icu_locale_core v2.3.0
    Checking hybrid-array v0.4.15
    Checking rand_core v0.10.1
    Checking utf8_iter v1.0.4
   Compiling icu_normalizer_data v2.3.0
   Compiling getrandom v0.4.3
   Compiling autocfg v1.5.1
    Checking smallvec v1.16.1
   Compiling crossbeam-deque v0.8.8
   Compiling icu_properties_data v2.3.0
   Compiling num-traits v0.2.19
    Checking icu_collections v2.3.0
    Checking icu_provider v2.3.1
   Compiling rayon-core v1.13.0
   Compiling zmij v1.0.23
    Checking memchr v2.8.3
    Checking zeroize v1.9.0
    Checking cpufeatures v0.3.1
   Compiling serde v1.0.229
    Checking block-buffer v0.12.1
    Checking crypto-common v0.2.2
    Checking block-buffer v0.10.4
    Checking crypto-common v0.1.7
   Compiling serde_derive v1.0.229
   Compiling rustversion v1.0.23
   Compiling crc32fast v1.5.2
   Compiling thiserror v2.0.20
    Checking const-oid v0.10.2
   Compiling zerocopy v0.8.57
   Compiling serde_json v1.0.151
   Compiling rustix v1.1.5
    Checking digest v0.11.3
   Compiling quick-xml v0.41.0
    Checking digest v0.10.7
    Checking icu_properties v2.3.0
    Checking icu_normalizer v2.3.0
    Checking chacha20 v0.10.2
   Compiling thiserror-impl v2.0.20
    Checking bitflags v2.13.2
   Compiling syn v2.0.119
    Checking zlib-rs v0.6.8
    Checking linux-raw-sys v0.12.1
    Checking itoa v1.0.18
    Checking either v1.18.0
    Checking once_cell v1.21.4
    Checking iana-time-zone v0.1.65
    Checking cpufeatures v0.2.17
    Checking chrono v0.4.45
    Checking sha2 v0.10.9
    Checking rayon v1.12.0
   Compiling xml-minifier-macros v0.1.0 (/home/zhuhe/code/litchi/crates/xml-minifier-macros)
    Checking flate2 v1.1.10
    Checking rand v0.10.2
    Checking idna_adapter v1.2.2
    Checking sha2 v0.11.0
    Checking tinyvec v1.13.3
    Checking percent-encoding v2.3.2
    Checking base64 v0.22.1
    Checking fast-float2 v0.2.4
    Checking debug_unsafe v0.1.4
    Checking fastrand v2.5.0
    Checking tempfile v3.27.0
    Checking atoi_simd v0.18.1
    Checking form_urlencoded v1.2.2
    Checking unicode-normalization v0.1.25
    Checking xml-minifier v0.1.0 (/home/zhuhe/code/litchi/crates/xml-minifier)
    Checking soapberry-zip v0.0.1 (/home/zhuhe/code/litchi/crates/soapberry-zip)
    Checking litchi-core v0.0.1 (/home/zhuhe/code/litchi/crates/litchi-core)
    Checking idna v1.1.0
    Checking url v2.5.8
    Checking caseless v0.2.2
    Checking ryu v1.0.23
    Checking litchi-opc v0.0.1 (/home/zhuhe/code/litchi/crates/litchi-opc)
    Checking litchi-ooxml-common v0.0.1 (/home/zhuhe/code/litchi/crates/litchi-ooxml-common)
    Checking litchi-drawingml v0.0.1 (/home/zhuhe/code/litchi/crates/litchi-drawingml)
    Checking litchi-pptx v0.0.1 (/home/zhuhe/code/litchi/crates/litchi-pptx)
    Checking probe0703 v0.1.0 (/home/zhuhe/code/litchi/docs/performance/results/change-0703/probe)
error: you seem to be trying to use `match` for destructuring a single pattern. Consider using `if let`
  --> src/main.rs:93:13
   |
93 | /             match edit.set_shape_text(slide, shape, EDIT_MARKER) {
94 | |                 Ok(true) => return Ok((target, shape_text(&package, target)?)),
95 | |                 Ok(false) | Err(_) => {},
96 | |             }
   | |_____________^ help: try: `if let Ok(true) = edit.set_shape_text(slide, shape, EDIT_MARKER) { return Ok((target, shape_text(&package, target)?)) }`
   |
   = help: for further information visit https://rust-lang.github.io/rust-clippy/rust-1.95.0/index.html#single_match
   = note: `-D clippy::single-match` implied by `-D warnings`
   = help: to override `-D warnings` add `#[allow(clippy::single_match)]`

error: you seem to be trying to use `match` for destructuring a single pattern. Consider using `if let`
   --> src/main.rs:117:13
    |
117 | /             match edit.set_shape_text(slide, shape, EDIT_MARKER) {
118 | |                 Ok(true) => return Ok(Target { slide, shape }),
119 | |                 Ok(false) | Err(_) => {},
120 | |             }
    | |_____________^ help: try: `if let Ok(true) = edit.set_shape_text(slide, shape, EDIT_MARKER) { return Ok(Target { slide, shape }) }`
    |
    = help: for further information visit https://rust-lang.github.io/rust-clippy/rust-1.95.0/index.html#single_match

error: could not compile `probe0703` (bin "probe0703") due to 2 previous errors
