   Compiling typenum v1.20.1
   Compiling cfg-if v1.0.4
   Compiling zeroize v1.9.0
   Compiling version_check v0.9.5
   Compiling libc v0.2.189
   Compiling generic-array v0.14.9
   Compiling const-oid v0.9.6
   Compiling subtle v2.6.1
   Compiling proc-macro2 v1.0.106
   Compiling quote v1.0.44
   Compiling unicode-ident v1.0.22
   Compiling block-buffer v0.10.4
   Compiling crypto-common v0.1.6
   Compiling digest v0.10.7
   Compiling getrandom v0.2.17
   Compiling base64ct v1.6.0
   Compiling rand_core v0.6.4
   Compiling pem-rfc7468 v0.7.0
   Compiling crossbeam-utils v0.8.22
   Compiling der v0.7.10
   Compiling serde_core v1.0.229
   Compiling crossbeam-epoch v0.9.20
   Compiling syn v2.0.114
   Compiling spki v0.7.3
   Compiling hybrid-array v0.4.14
   Compiling crossbeam-deque v0.8.7
   Compiling autocfg v1.5.1
   Compiling num-traits v0.2.19
   Compiling pkcs8 v0.10.2
   Compiling ff v0.13.1
   Compiling syn v3.0.4
   Compiling memchr v2.8.3
   Compiling zmij v1.0.19
   Compiling rayon-core v1.13.0
   Compiling base16ct v0.2.0
   Compiling rand_core v0.10.1
   Compiling serde v1.0.229
   Compiling cpufeatures v0.3.1
   Compiling getrandom v0.4.3
   Compiling sec1 v0.7.3
   Compiling serde_derive v1.0.229
   Compiling group v0.13.0
   Compiling block-buffer v0.12.1
   Compiling crypto-common v0.2.2
   Compiling crypto-bigint v0.5.5
   Compiling getrandom v0.3.4
   Compiling crc32fast v1.5.1
   Compiling const-oid v0.10.2
   Compiling serde_json v1.0.149
   Compiling rustix v1.1.4
   Compiling thiserror v2.0.18
   Compiling zerocopy v0.8.56
   Compiling rustversion v1.0.23
   Compiling cpufeatures v0.2.17
   Compiling sha2 v0.10.9
   Compiling quick-xml v0.41.0
   Compiling elliptic-curve v0.13.8
   Compiling digest v0.11.3
   Compiling chacha20 v0.10.2
   Compiling thiserror-impl v2.0.18
   Compiling hmac v0.12.1
   Compiling zlib-rs v0.6.7
   Compiling once_cell v1.21.4
   Compiling bitflags v2.13.1
   Compiling linux-raw-sys v0.12.1
   Compiling itoa v1.0.18
   Compiling either v1.18.0
   Compiling iana-time-zone v0.1.65
   Compiling chrono v0.4.45
   Compiling flate2 v1.1.10
   Compiling rayon v1.12.0
   Compiling rfc6979 v0.4.0
   Compiling rand v0.10.2
   Compiling xml-minifier-macros v0.1.0 (/home/zhuhe/code/litchi/crates/xml-minifier-macros)
   Compiling sha2 v0.11.0
   Compiling signature v2.2.0
   Compiling smallvec v1.16.0
   Compiling fastrand v2.5.0
   Compiling base64 v0.22.1
   Compiling fast-float2 v0.2.4
   Compiling debug_unsafe v0.1.4
   Compiling atoi_simd v0.18.1
   Compiling litchi-core v0.0.1 (/home/zhuhe/code/litchi/crates/litchi-core)
   Compiling tempfile v3.27.0
   Compiling ecdsa v0.16.9
   Compiling xml-minifier v0.1.0 (/home/zhuhe/code/litchi/crates/xml-minifier)
   Compiling soapberry-zip v0.0.1 (/home/zhuhe/code/litchi/crates/soapberry-zip)
   Compiling primeorder v0.13.6
   Compiling p256 v0.13.2
   Compiling litchi-opc v0.0.1 (/home/zhuhe/code/litchi/crates/litchi-opc)
    Finished `release` profile [optimized] target(s) in 25.85s
     Running tests/source_backed_batch_reuse.rs (/home/zhuhe/.cache/litchi-goal-0499/target/release/deps/source_backed_batch_reuse-5460ddcca41efa4d)

running 3 tests
test batch_reuses_at_most_configured_worker_threads_across_many_waves ... ok
test provider_panic_is_a_typed_terminal_batch_error ... FAILED
test separate_batch_operations_do_not_reuse_worker_threads ... ok

failures:

---- provider_panic_is_a_typed_terminal_batch_error stdout ----

thread '<unnamed>' (3063841) panicked at crates/litchi-opc/tests/source_backed_batch_reuse.rs:261:13:
intentional source-backed batch worker panic
note: run with `RUST_BACKTRACE=1` environment variable to display a backtrace

thread 'provider_panic_is_a_typed_terminal_batch_error' (3063839) panicked at crates/litchi-opc/tests/source_backed_batch_reuse.rs:415:5:
assertion `left == right` failed
  left: 16384
 right: 0


failures:
    provider_panic_is_a_typed_terminal_batch_error

test result: FAILED. 2 passed; 1 failed; 0 ignored; 0 measured; 0 filtered out; finished in 0.00s

error: test failed, to rerun pass `-p litchi-opc --test source_backed_batch_reuse`
