    Blocking waiting for file lock on build directory
   Compiling syn v2.0.114
   Compiling libm v0.2.16
    Checking cfg-if v1.0.4
   Compiling num-traits v0.2.19
   Compiling zerocopy v0.8.56
    Checking typenum v1.20.1
    Checking zeroize v1.9.0
    Checking libc v0.2.189
    Checking const-oid v0.9.6
    Checking generic-array v0.14.9
    Checking subtle v2.6.1
    Checking getrandom v0.2.17
    Checking rand_core v0.6.4
    Checking crypto-common v0.1.6
    Checking block-buffer v0.10.4
   Compiling num-bigint-dig v0.8.6
    Checking base64ct v1.6.0
    Checking pem-rfc7468 v0.7.0
   Compiling der_derive v0.7.3
   Compiling thiserror-impl v2.0.18
    Checking digest v0.10.7
    Checking flagset v0.4.7
    Checking der v0.7.10
   Compiling zerocopy-derive v0.8.56
    Checking spki v0.7.3
   Compiling xml-minifier-macros v0.1.0 (/home/zhuhe/code/litchi/crates/xml-minifier-macros)
    Checking pkcs8 v0.10.2
    Checking crossbeam-utils v0.8.22
    Checking hybrid-array v0.4.14
    Checking crossbeam-epoch v0.9.20
    Checking ff v0.13.1
    Checking serde_core v1.0.229
    Checking cpufeatures v0.3.1
    Checking memchr v2.8.3
    Checking base16ct v0.2.0
    Checking cpufeatures v0.2.17
    Checking rand_core v0.10.1
    Checking sec1 v0.7.3
    Checking ppv-lite86 v0.2.21
    Checking group v0.13.0
    Checking crossbeam-deque v0.8.7
    Checking block-buffer v0.12.1
    Checking crypto-common v0.2.2
    Checking crypto-bigint v0.5.5
    Checking smallvec v1.16.0
    Checking const-oid v0.10.2
    Checking digest v0.11.3
    Checking elliptic-curve v0.13.8
    Checking rayon-core v1.13.0
    Checking rand_chacha v0.3.1
    Checking serde v1.0.229
    Checking getrandom v0.4.3
    Checking chacha20 v0.10.2
    Checking sha2 v0.10.9
    Checking num-integer v0.1.47
    Checking hmac v0.12.1
    Checking signature v2.2.0
    Checking zmij v1.0.19
    Checking either v1.18.0
    Checking spin v0.9.9
    Checking iana-time-zone v0.1.65
    Checking once_cell v1.21.4
    Checking itoa v1.0.18
    Checking serde_json v1.0.149
    Checking chrono v0.4.45
    Checking lazy_static v1.5.0
    Checking rayon v1.12.0
    Checking rfc6979 v0.4.0
    Checking num-iter v0.1.46
    Checking rand v0.10.2
    Checking rand v0.8.8
    Checking sha2 v0.11.0
    Checking thiserror v2.0.18
    Checking fast-float2 v0.2.4
    Checking base64 v0.22.1
    Checking litchi-core v0.0.1 (/home/zhuhe/code/litchi/crates/litchi-core)
    Checking ecdsa v0.16.9
    Checking primeorder v0.13.6
    Checking sha1 v0.10.7
    Checking quick-xml v0.41.0
    Checking pkcs1 v0.7.5
    Checking zlib-rs v0.6.7
    Checking bitflags v2.13.1
    Checking linux-raw-sys v0.12.1
    Checking fixedbitset v0.5.7
    Checking litchi-cfb v0.0.1 (/home/zhuhe/code/litchi/crates/litchi-cfb)
    Checking flate2 v1.1.10
    Checking rustix v1.1.4
    Checking rsa v0.9.10
    Checking p256 v0.13.2
    Checking x509-cert v0.2.5
    Checking crc32fast v1.5.1
    Checking getrandom v0.3.4
    Checking fastrand v2.5.0
    Checking debug_unsafe v0.1.4
    Checking atoi_simd v0.18.1
    Checking tempfile v3.27.0
    Checking soapberry-zip v0.0.1 (/home/zhuhe/code/litchi/crates/soapberry-zip)
    Checking litchi-sign v0.0.1 (/home/zhuhe/code/litchi/crates/litchi-sign)
    Checking xml-minifier v0.1.0 (/home/zhuhe/code/litchi/crates/xml-minifier)
    Checking litchi-opc v0.0.1 (/home/zhuhe/code/litchi/crates/litchi-opc)
    Finished `release` profile [optimized] target(s) in 23.34s
