PASS native source/probe/corpus/raw bindings and exact semantic parity; 24 groups, 14,400 fresh owners, 115,200 query records
RESULT 54016-stored-0 owned q8 {'b1_a1': 0.54, 'b2_a2': 1.47, 'aa': -0.36, 'abba_a': -0.71, 'abba_b': 0.2}
RESULT 54016-stored-0 owned open-plus-eight {'b1_a1': 0.58, 'b2_a2': 1.17, 'aa': 0.04, 'abba_a': -0.46, 'abba_b': 0.12}
RESULT 54016-stored-0 file q8 {'b1_a1': 0.73, 'b2_a2': 0.35, 'aa': 0.31, 'abba_a': 0.33, 'abba_b': -0.05}
RESULT 54016-stored-0 file open-plus-eight {'b1_a1': 1.06, 'b2_a2': 0.41, 'aa': 0.05, 'abba_a': 0.56, 'abba_b': -0.08}
RESULT 54016-stored-2097152 owned q8 {'b1_a1': -8.93, 'b2_a2': -8.93, 'aa': 0.0, 'abba_a': 0.0, 'abba_b': 0.0}
RESULT 54016-stored-2097152 owned open-plus-eight {'b1_a1': 1.24, 'b2_a2': 1.62, 'aa': 0.07, 'abba_a': 0.04, 'abba_b': 0.42}
RESULT 54016-stored-2097152 file q8 {'b1_a1': -1.82, 'b2_a2': -0.91, 'aa': 0.46, 'abba_a': -0.45, 'abba_b': 0.46}
RESULT 54016-stored-2097152 file open-plus-eight {'b1_a1': 1.22, 'b2_a2': 1.08, 'aa': -0.15, 'abba_a': -0.02, 'abba_b': -0.15}
RESULT 54016-missing-1048576 owned q8 {'b1_a1': 0.0, 'b2_a2': 0.0, 'aa': 0.0, 'abba_a': 0.0, 'abba_b': 0.0}
RESULT 54016-missing-1048576 owned open-plus-eight {'b1_a1': 0.79, 'b2_a2': -5.15, 'aa': 0.12, 'abba_a': 6.3, 'abba_b': 0.03}
RESULT 54016-missing-1048576 file q8 {'b1_a1': -3.08, 'b2_a2': 3.17, 'aa': -1.56, 'abba_a': -3.08, 'abba_b': 3.17}
RESULT 54016-missing-1048576 file open-plus-eight {'b1_a1': 1.13, 'b2_a2': 1.47, 'aa': -0.35, 'abba_a': -0.24, 'abba_b': 0.1}
RESULT Plan1-stored-2097152 owned q8 {'b1_a1': -5.88, 'b2_a2': -6.86, 'aa': 0.0, 'abba_a': 0.0, 'abba_b': -1.04}
RESULT Plan1-stored-2097152 owned open-plus-eight {'b1_a1': 0.48, 'b2_a2': -0.13, 'aa': -0.86, 'abba_a': 0.59, 'abba_b': -0.01}
RESULT Plan1-stored-2097152 file q8 {'b1_a1': -3.69, 'b2_a2': -1.66, 'aa': -1.86, 'abba_a': -1.59, 'abba_b': 0.48}
RESULT Plan1-stored-2097152 file open-plus-eight {'b1_a1': -0.37, 'b2_a2': -0.19, 'aa': 0.06, 'abba_a': 0.0, 'abba_b': 0.19}
RESULT Simple-stored-2097152 owned q8 {'b1_a1': -6.52, 'b2_a2': -5.49, 'aa': -1.09, 'abba_a': -1.09, 'abba_b': 0.0}
RESULT Simple-stored-2097152 owned open-plus-eight {'b1_a1': -2.34, 'b2_a2': -1.7, 'aa': -0.29, 'abba_a': 0.24, 'abba_b': 0.89}
RESULT Simple-stored-2097152 file q8 {'b1_a1': -1.66, 'b2_a2': -0.48, 'aa': 1.91, 'abba_a': -0.24, 'abba_b': 0.97}
RESULT Simple-stored-2097152 file open-plus-eight {'b1_a1': -1.0, 'b2_a2': -0.43, 'aa': 0.61, 'abba_a': 0.21, 'abba_b': 0.79}
REVIEW Simple-missing-2097152 owned q3 {'b1_a1': 14.29, 'b2_a2': 14.29, 'aa': -12.5, 'abba_a': 0.0, 'abba_b': 0.0}
RESULT Simple-missing-2097152 owned q8 {'b1_a1': 0.0, 'b2_a2': 0.0, 'aa': 0.0, 'abba_a': 0.0, 'abba_b': 0.0}
RESULT Simple-missing-2097152 owned open-plus-eight {'b1_a1': -3.0, 'b2_a2': 0.7, 'aa': -0.14, 'abba_a': -0.49, 'abba_b': 3.31}
RESULT Simple-missing-2097152 file q8 {'b1_a1': 1.75, 'b2_a2': 0.87, 'aa': 1.75, 'abba_a': 0.88, 'abba_b': 0.0}
RESULT Simple-missing-2097152 file open-plus-eight {'b1_a1': 2.16, 'b2_a2': -0.56, 'aa': -0.43, 'abba_a': 1.57, 'abba_b': -1.14}
RESULT synthetic-70000-default owned q8 {'b1_a1': -7.84, 'b2_a2': -3.92, 'aa': 2.0, 'abba_a': 0.0, 'abba_b': 4.26}
RESULT synthetic-70000-default owned open-plus-eight {'b1_a1': 1.93, 'b2_a2': 2.33, 'aa': -0.06, 'abba_a': -0.2, 'abba_b': 0.18}
RESULT synthetic-70000-default file q8 {'b1_a1': -2.78, 'b2_a2': -3.7, 'aa': -0.7, 'abba_a': 0.93, 'abba_b': -0.02}
RESULT synthetic-70000-default file open-plus-eight {'b1_a1': 2.57, 'b2_a2': 1.9, 'aa': -0.44, 'abba_a': 0.57, 'abba_b': -0.09}
RESULT 54016-late owned q8 {'b1_a1': -1.36, 'b2_a2': -0.68, 'aa': -0.68, 'abba_a': -0.68, 'abba_b': 0.0}
RESULT 54016-late owned open-plus-eight {'b1_a1': 1.18, 'b2_a2': 1.41, 'aa': -0.8, 'abba_a': -0.09, 'abba_b': 0.13}
RESULT 54016-late file q8 {'b1_a1': -1.49, 'b2_a2': -2.78, 'aa': -0.75, 'abba_a': 0.37, 'abba_b': -0.94}
RESULT 54016-late file open-plus-eight {'b1_a1': 1.12, 'b2_a2': 0.47, 'aa': 0.28, 'abba_a': 0.67, 'abba_b': 0.02}
RESULT Plan1-late owned q8 {'b1_a1': -6.06, 'b2_a2': -3.12, 'aa': 0.0, 'abba_a': -3.03, 'abba_b': 0.0}
RESULT Plan1-late owned open-plus-eight {'b1_a1': 0.92, 'b2_a2': -0.59, 'aa': -0.51, 'abba_a': 1.18, 'abba_b': -0.33}
RESULT Plan1-late file q8 {'b1_a1': -3.29, 'b2_a2': -5.11, 'aa': 0.03, 'abba_a': 2.96, 'abba_b': 1.02}
RESULT Plan1-late file open-plus-eight {'b1_a1': -0.71, 'b2_a2': -0.02, 'aa': 0.9, 'abba_a': -0.52, 'abba_b': 0.17}
RESULT 45365-first owned q8 {'b1_a1': -5.77, 'b2_a2': -5.77, 'aa': 0.0, 'abba_a': 0.0, 'abba_b': 0.0}
RESULT 45365-first owned open-plus-eight {'b1_a1': 0.27, 'b2_a2': -1.36, 'aa': -0.6, 'abba_a': -0.01, 'abba_b': -1.63}
RESULT 45365-first file q8 {'b1_a1': -1.6, 'b2_a2': -3.69, 'aa': -0.93, 'abba_a': 0.93, 'abba_b': -1.21}
RESULT 45365-first file open-plus-eight {'b1_a1': -0.84, 'b2_a2': 0.93, 'aa': -0.29, 'abba_a': -1.26, 'abba_b': 0.5}
RESULT 45365-late owned q8 {'b1_a1': -7.02, 'b2_a2': -3.57, 'aa': -1.75, 'abba_a': -1.75, 'abba_b': 1.89}
RESULT 45365-late owned open-plus-eight {'b1_a1': 0.27, 'b2_a2': 0.33, 'aa': 0.11, 'abba_a': -0.14, 'abba_b': -0.08}
RESULT 45365-late file q8 {'b1_a1': -0.57, 'b2_a2': -1.13, 'aa': 0.0, 'abba_a': 1.72, 'abba_b': 1.16}
RESULT 45365-late file open-plus-eight {'b1_a1': 54.8, 'b2_a2': -3.21, 'aa': -0.18, 'abba_a': 3.65, 'abba_b': -35.19}
RESULT formula-refusal-2097152 owned q8 {'b1_a1': -0.77, 'b2_a2': -0.52, 'aa': 0.77, 'abba_a': -0.77, 'abba_b': -0.52}
RESULT formula-refusal-2097152 owned open-plus-eight {'b1_a1': -0.33, 'b2_a2': -0.33, 'aa': 0.55, 'abba_a': -0.1, 'abba_b': -0.1}
RESULT formula-refusal-2097152 file q8 {'b1_a1': 0.0, 'b2_a2': 0.37, 'aa': -1.63, 'abba_a': -0.74, 'abba_b': -0.37}
RESULT formula-refusal-2097152 file open-plus-eight {'b1_a1': -0.48, 'b2_a2': -0.69, 'aa': -0.88, 'abba_a': 0.06, 'abba_b': -0.15}
