   Compiling litchi-core v0.0.1 (/tmp/litchi-goal-0467/candidate-tree/crates/litchi-core)
   Compiling xml-minifier-macros v0.1.0 (/tmp/litchi-goal-0467/candidate-tree/crates/xml-minifier-macros)
   Compiling soapberry-zip v0.0.1 (/tmp/litchi-goal-0467/candidate-tree/crates/soapberry-zip)
   Compiling litchi-codepage v0.0.1 (/tmp/litchi-goal-0467/candidate-tree/crates/litchi-codepage)
   Compiling litchi-odraw v0.0.1 (/tmp/litchi-goal-0467/candidate-tree/crates/litchi-odraw)
   Compiling xml-minifier v0.1.0 (/tmp/litchi-goal-0467/candidate-tree/crates/xml-minifier)
   Compiling litchi-biff v0.0.1 (/tmp/litchi-goal-0467/candidate-tree/crates/litchi-biff)
   Compiling litchi-cfb v0.0.1 (/tmp/litchi-goal-0467/candidate-tree/crates/litchi-cfb)
   Compiling litchi-odf-common v0.0.1 (/tmp/litchi-goal-0467/candidate-tree/crates/litchi-odf-common)
   Compiling litchi-sign v0.0.1 (/tmp/litchi-goal-0467/candidate-tree/crates/litchi-sign)
   Compiling litchi-opc v0.0.1 (/tmp/litchi-goal-0467/candidate-tree/crates/litchi-opc)
   Compiling litchi-ooxml-common v0.0.1 (/tmp/litchi-goal-0467/candidate-tree/crates/litchi-ooxml-common)
   Compiling litchi-ole-common v0.0.1 (/tmp/litchi-goal-0467/candidate-tree/crates/litchi-ole-common)
   Compiling litchi-drawingml v0.0.1 (/tmp/litchi-goal-0467/candidate-tree/crates/litchi-drawingml)
   Compiling litchi-sheet v0.0.1 (/tmp/litchi-goal-0467/candidate-tree/crates/litchi-sheet)
   Compiling litchi-crypto v0.0.1 (/tmp/litchi-goal-0467/candidate-tree/crates/litchi-crypto)
   Compiling litchi-spreadsheet-drawing v0.0.1 (/tmp/litchi-goal-0467/candidate-tree/crates/litchi-spreadsheet-drawing)
   Compiling litchi-ograph v0.0.1 (/tmp/litchi-goal-0467/candidate-tree/crates/litchi-ograph)
   Compiling litchi-vba v0.0.1 (/tmp/litchi-goal-0467/candidate-tree/crates/litchi-vba)
   Compiling litchi-xlsx v0.0.1 (/tmp/litchi-goal-0467/candidate-tree/crates/litchi-xlsx)
   Compiling litchi-pptx v0.0.1 (/tmp/litchi-goal-0467/candidate-tree/crates/litchi-pptx)
   Compiling litchi-docx v0.0.1 (/tmp/litchi-goal-0467/candidate-tree/crates/litchi-docx)
   Compiling litchi-odp v0.0.1 (/tmp/litchi-goal-0467/candidate-tree/crates/litchi-odp)
   Compiling litchi-odt v0.0.1 (/tmp/litchi-goal-0467/candidate-tree/crates/litchi-odt)
   Compiling litchi-ods v0.0.1 (/tmp/litchi-goal-0467/candidate-tree/crates/litchi-ods)
   Compiling litchi-rtf v0.0.1 (/tmp/litchi-goal-0467/candidate-tree/crates/litchi-rtf)
   Compiling litchi v0.0.1 (/tmp/litchi-goal-0467/candidate-tree/crates/litchi)
   Compiling litchi-xls v0.0.1 (/tmp/litchi-goal-0467/candidate-tree/crates/litchi-xls)
   Compiling litchi-doc v0.0.1 (/tmp/litchi-goal-0467/candidate-tree/crates/litchi-doc)
   Compiling litchi-ppt v0.0.1 (/tmp/litchi-goal-0467/candidate-tree/crates/litchi-ppt)
   Compiling litchi-xlsb v0.0.1 (/tmp/litchi-goal-0467/candidate-tree/crates/litchi-xlsb)
   Compiling litchi-perf-baseline v0.1.0 (/tmp/litchi-goal-0467/candidate-tree/tools/perf-baseline)
    Finished `release` profile [optimized + debuginfo] target(s) in 3m 38s
