   Compiling libc v0.2.189
   Compiling num-traits v0.2.19
    Checking chrono v0.4.45
    Checking getrandom v0.2.17
    Checking rand_core v0.6.4
    Checking getrandom v0.4.3
    Checking rand v0.10.2
   Compiling getrandom v0.3.4
    Checking ff v0.13.1
    Checking litchi-core v0.0.1 (/home/zhuhe/code/litchi-worktrees/0774-xls-writer-integration/crates/litchi-core)
    Checking group v0.13.0
    Checking crypto-bigint v0.5.5
    Checking litchi-cfb v0.0.1 (/home/zhuhe/code/litchi-worktrees/0774-xls-writer-integration/crates/litchi-cfb)
    Checking elliptic-curve v0.13.8
    Checking rand_chacha v0.3.1
    Checking signature v2.2.0
    Checking num-integer v0.1.47
    Checking num-iter v0.1.46
    Checking rand v0.8.8
   Compiling rustix v1.1.4
    Checking num-bigint-dig v0.8.6
    Checking ecdsa v0.16.9
    Checking primeorder v0.13.6
    Checking rand_core v0.9.5
   Compiling lock_api v0.4.13
   Compiling parking_lot_core v0.9.11
   Compiling crc32fast v1.5.1
    Checking utf8parse v0.2.2
    Checking linux-raw-sys v0.12.1
    Checking anstyle-parse v0.2.7
    Checking rsa v0.9.10
    Checking p256 v0.13.2
    Checking litchi-ole-common v0.0.1 (/home/zhuhe/code/litchi-worktrees/0774-xls-writer-integration/crates/litchi-ole-common)
    Checking scopeguard v1.2.0
    Checking anstyle v1.0.14
    Checking fastrand v2.5.0
    Checking is_terminal_polyfill v1.70.2
    Checking colorchoice v1.0.5
    Checking anstyle-query v1.1.5
    Checking anstream v0.6.21
    Checking tempfile v3.27.0
    Checking litchi-sign v0.0.1 (/home/zhuhe/code/litchi-worktrees/0774-xls-writer-integration/crates/litchi-sign)
    Checking litchi-ograph v0.0.1 (/home/zhuhe/code/litchi-worktrees/0774-xls-writer-integration/crates/litchi-ograph)
    Checking litchi-crypto v0.0.1 (/home/zhuhe/code/litchi-worktrees/0774-xls-writer-integration/crates/litchi-crypto)
    Checking litchi-vba v0.0.1 (/home/zhuhe/code/litchi-worktrees/0774-xls-writer-integration/crates/litchi-vba)
    Checking errno v0.3.14
    Checking wait-timeout v0.2.1
    Checking log v0.4.29
    Checking strsim v0.10.0
    Checking quick-error v1.2.3
    Checking simd-adler32 v0.3.10
    Checking hashbrown v0.16.1
   Compiling heck v0.4.1
    Checking bit-vec v0.8.0
    Checking fnv v1.0.7
    Checking zlib-rs v0.6.7
    Checking bumpalo v3.20.3
    Checking clap_lex v0.6.0
    Checking equivalent v1.0.2
    Checking indexmap v2.11.4
    Checking clap_builder v4.4.18
    Checking flate2 v1.1.10
    Checking zopfli v0.8.3
    Checking rusty-fork v0.3.1
    Checking bit-set v0.8.0
   Compiling clap_derive v4.4.7
    Checking litchi-xls v0.0.1 (/home/zhuhe/code/litchi-worktrees/0774-xls-writer-integration/crates/litchi-xls)
    Checking signal-hook-registry v1.4.8
    Checking parking_lot v0.12.4
    Checking rand_chacha v0.9.0
    Checking rand v0.9.5
    Checking rand_xorshift v0.4.0
    Checking litchi-sheet v0.0.1 (/home/zhuhe/code/litchi-worktrees/0774-xls-writer-integration/crates/litchi-sheet)
    Checking socket2 v0.6.5
    Checking mio v1.0.4
   Compiling tokio-macros v2.5.0
    Checking pin-project-lite v0.2.17
    Checking regex-syntax v0.8.11
    Checking unarray v0.1.4
    Checking typed-path v0.12.3
    Checking bytes v1.12.1
    Checking tokio v1.47.5
    Checking zip v8.6.0
    Checking proptest v1.7.0
    Checking clap v4.4.18
    Checking litchi v0.0.1 (/home/zhuhe/code/litchi-worktrees/0774-xls-writer-integration/crates/litchi)
warning: function `has_ooxml_extension` is never used
    --> crates/litchi/src/detection_smart/detected.rs:3275:4
     |
3275 | fn has_ooxml_extension(path: &std::path::Path) -> bool {
     |    ^^^^^^^^^^^^^^^^^^^
     |
     = note: `#[warn(dead_code)]` (part of `#[warn(unused)]`) on by default

warning: `litchi` (lib) generated 1 warning
warning: `litchi` (lib test) generated 1 warning (1 duplicate)
warning: function `fixture` is never used
  --> crates/litchi/tests/unexpected_format.rs:15:4
   |
15 | fn fixture(relative: &str) -> PathBuf {
   |    ^^^^^^^
   |
   = note: `#[warn(dead_code)]` (part of `#[warn(unused)]`) on by default

warning: function `assert_unexpected` is never used
  --> crates/litchi/tests/unexpected_format.rs:22:4
   |
22 | fn assert_unexpected(error: &Error, expected: FileFormat) {
   |    ^^^^^^^^^^^^^^^^^

warning: function `assert_boxed_unexpected` is never used
  --> crates/litchi/tests/unexpected_format.rs:30:4
   |
30 | fn assert_boxed_unexpected(
   |    ^^^^^^^^^^^^^^^^^^^^^^^

warning: `litchi` (test "unexpected_format") generated 3 warnings
    Finished `dev` profile [unoptimized] target(s) in 10.25s
