# To display the perf.data header info, please use --header/--header-only options.
#
#
# Total Lost Samples: 0
#
# Samples: 3K of event 'cpu/cycles/P'
# Event count (approx.): 15855225161
#
# Overhead  Command   Shared Object         Symbol                                                                                         
# ........  ........  ....................  ...............................................................................................
#
    42.89%  baseline  libc.so.6             [.] __memcmp_evex_movbe
            |
            ---__memcmp_evex_movbe
               |          
                --0.55%--equal_same_length<u8, u8> (inlined)
                          eq<u8, u8> (inlined)
                          eq<[u8], [u8]> (inlined)
                          |          
                          |--0.52%--{closure#0} (inlined)
                          |          {closure#0}<&[u8], litchi_ooxml_common::mce::codec::process_markup_compatibility::{closure_env#0}> (inlined)
                          |          try_fold<core::slice::iter::Windows<u8>, (), core::iter::traits::iterator::Iterator::any::check::{closure_env#0}<&[u8], litchi_ooxml_common::mce::codec::process_markup_compatibility::{closure_env#0}>, core::ops::control_flow::ControlFlow<(), ()>> (inlined)
                          |          any<core::slice::iter::Windows<u8>, litchi_ooxml_common::mce::codec::process_markup_compatibility::{closure_env#0}> (inlined)
                          |          process_markup_compatibility (inlined)
                          |          0x23
                          |          
                           --0.03%--next_match (inlined)
                                     next<char> (inlined)
                                     next<char> (inlined)
                                     normalize_path (inlined)
                                     from_rel_ref (inlined)
                                     0x15

     7.25%  baseline  baseline              [.] litchi_ooxml_common::mce::codec::process_markup_compatibility
            |          
            |--0.11%--equal_same_length<u8, u8> (inlined)
            |          eq<u8, u8> (inlined)
            |          eq<[u8], [u8]> (inlined)
            |          {closure#0} (inlined)
            |          {closure#0}<&[u8], litchi_ooxml_common::mce::codec::process_markup_compatibility::{closure_env#0}> (inlined)
            |          try_fold<core::slice::iter::Windows<u8>, (), core::iter::traits::iterator::Iterator::any::check::{closure_env#0}<&[u8], litchi_ooxml_common::mce::codec::process_markup_compatibility::{closure_env#0}>, core::ops::control_flow::ControlFlow<(), ()>> (inlined)
            |          any<core::slice::iter::Windows<u8>, litchi_ooxml_common::mce::codec::process_markup_compatibility::{closure_env#0}> (inlined)
            |          process_markup_compatibility (inlined)
            |          0x23
            |          
            |--0.06%--next<u8> (inlined)
            |          try_fold<core::slice::iter::Windows<u8>, (), core::iter::traits::iterator::Iterator::any::check::{closure_env#0}<&[u8], litchi_ooxml_common::mce::codec::process_markup_compatibility::{closure_env#0}>, core::ops::control_flow::ControlFlow<(), ()>> (inlined)
            |          any<core::slice::iter::Windows<u8>, litchi_ooxml_common::mce::codec::process_markup_compatibility::{closure_env#0}> (inlined)
            |          process_markup_compatibility (inlined)
            |          0x23
            |          
             --0.03%--try_fold<core::slice::iter::Windows<u8>, (), core::iter::traits::iterator::Iterator::any::check::{closure_env#0}<&[u8], litchi_ooxml_common::mce::codec::process_markup_compatibility::{closure_env#0}>, core::ops::control_flow::ControlFlow<(), ()>> (inlined)
                       any<core::slice::iter::Windows<u8>, litchi_ooxml_common::mce::codec::process_markup_compatibility::{closure_env#0}> (inlined)
                       process_markup_compatibility (inlined)
                       0x23

     4.95%  baseline  baseline              [.] <core::hash::sip::Hasher<S> as core::hash::Hasher>::write
            |          
             --0.06%--write<core::hash::sip::Sip13Rounds> (inlined)
                       |          
                       |--0.03%--0x6e6e6e6e6e6e6e6d
                       |          
                        --0.03%--0x3a3a3a3a3a3a3a39

     4.47%  baseline  baseline              [.] <core::hash::sip::Hasher<S> as core::hash::Hasher>::write
            |          
            |--0.06%--write<core::hash::sip::Sip13Rounds> (inlined)
            |          0x1e
            |          
            |--0.03%--u8to64_le (inlined)
            |          write<core::hash::sip::Sip13Rounds> (inlined)
            |          0x1e
            |          
             --0.03%--c_rounds (inlined)
                       write<core::hash::sip::Sip13Rounds> (inlined)
                       0x1e

     2.53%  baseline  baseline              [.] core::hash::BuildHasher::hash_one
     2.36%  baseline  baseline              [.] hashbrown::raw::RawTable<T,A>::reserve_rehash
            |          
             --0.03%--reserve_rehash<(alloc::string::String, ()), alloc::alloc::Global, hashbrown::map::make_hasher::{closure_env#0}<alloc::string::String, (), std::hash::random::RandomState>> (inlined)

     1.94%  baseline  baseline              [.] quick_xml::reader::ns_reader::NsReader<R>::process_event
            |          
             --0.06%--process_event<&[u8]> (inlined)
                       |          
                        --0.03%--0x2b2

     1.86%  baseline  baseline              [.] hashbrown::map::HashMap<K,V,S,A>::insert
            |          
            |--0.03%--insert<alloc::string::String, (), std::hash::random::RandomState, alloc::alloc::Global> (inlined)
            |          0x8
            |          
             --0.03%--_mm_movemask_epi8 (inlined)
                       match_tag (inlined)
                       find_or_find_insert_index_inner (inlined)
                       find_or_find_insert_index<(alloc::string::String, ()), alloc::alloc::Global, hashbrown::map::equivalent_key::{closure_env#0}<alloc::string::String, alloc::string::String, ()>, hashbrown::map::make_hasher::{closure_env#0}<alloc::string::String, (), std::hash::random::RandomState>> (inlined)
                       find_or_find_insert_index<alloc::string::String, (), std::hash::random::RandomState, alloc::alloc::Global, alloc::string::String> (inlined)
                       insert<alloc::string::String, (), std::hash::random::RandomState, alloc::alloc::Global> (inlined)
                       0x3e3e3e3e3e3e3e3d

     1.72%  baseline  baseline              [.] quick_xml::name::NamespaceResolver::resolve_event
     1.47%  baseline  baseline              [.] quick_xml::events::attributes::IterState::next
            |          
             --0.03%--next<u8> (inlined)
                       next<core::ops::range::RangeFrom<usize>, core::slice::iter::Iter<u8>> (inlined)
                       next<core::ops::range::RangeFrom<usize>, core::slice::iter::Iter<u8>> (inlined)
                       try_fold<core::iter::adapters::zip::Zip<core::ops::range::RangeFrom<usize>, core::slice::iter::Iter<u8>>, (), core::iter::traits::iterator::Iterator::find::check::{closure_env#0}<(usize, &u8), quick_xml::events::attributes::{impl#17}::next::{closure_env#5}>, core::ops::control_flow::ControlFlow<(usize, &u8), ()>> (inlined)
                       find<core::iter::adapters::zip::Zip<core::ops::range::RangeFrom<usize>, core::slice::iter::Iter<u8>>, quick_xml::events::attributes::{impl#17}::next::{closure_env#5}> (inlined)
                       next (inlined)
                       0x7

     1.39%  baseline  baseline              [.] litchi_pptx::parts::presentation::PresentationPart::slide_references
     1.19%  baseline  baseline              [.] <core::str::pattern::CharSearcher as core::str::pattern::Searcher>::next_match
            |          
             --0.03%--checked_sub (inlined)
                       get<u8> (inlined)
                       get<u8, core::ops::range::Range<usize>> (inlined)
                       next_match (inlined)

     1.08%  baseline  libc.so.6             [.] malloc
            |          
            |--0.64%--__libc_malloc (inlined)
            |          
             --0.44%--tcache_get_n (inlined)
                       tcache_get (inlined)
                       __libc_malloc (inlined)

     1.03%  baseline  baseline              [.] litchi_opc::packuri::PackURI::validate_percent_encoding
     1.00%  baseline  libc.so.6             [.] __memmove_avx512_unaligned_erms
            |
            ---__memmove_avx512_unaligned_erms
               |          
                --0.31%--memcpy (inlined)
                          _int_realloc
                          __libc_realloc (inlined)

     0.86%  baseline  libc.so.6             [.] cfree@GLIBC_2.2.5
            |          
            |--0.81%--__libc_free (inlined)
            |          
             --0.06%--tcache_put_n (inlined)
                       tcache_put (inlined)
                       __libc_free (inlined)

     0.75%  baseline  libc.so.6             [.] _int_malloc
            |          
            |--0.64%--_int_malloc
            |          |          
            |          |--0.61%--_int_realloc
            |          |          __libc_realloc (inlined)
            |          |          
            |           --0.03%--__libc_malloc2
            |          
            |--0.08%--tcache_put_n (inlined)
            |          tcache_put (inlined)
            |          _int_malloc
            |          |          
            |          |--0.06%--_int_realloc
            |          |          __libc_realloc (inlined)
            |          |          
            |           --0.03%--__libc_malloc2
            |          
             --0.03%--tcache_put (inlined)
                       _int_malloc
                       _int_realloc
                       __libc_realloc (inlined)

     0.72%  baseline  baseline              [.] litchi_ooxml_common::xml::unqualified_attribute_value
            |          
             --0.03%--unqualified_attribute_value (inlined)

     0.67%  baseline  baseline              [.] core::hash::BuildHasher::hash_one
            |          
             --0.03%--reset<core::hash::sip::Sip13Rounds> (inlined)
                       new_with_keys<core::hash::sip::Sip13Rounds> (inlined)
                       new_with_keys (inlined)
                       build_hasher (inlined)
                       hash_one<std::hash::random::RandomState, &alloc::string::String> (inlined)
                       find_avx2 (inlined)
                       memchr_raw (inlined)
                       memchr_raw (inlined)
                       {closure#0} (inlined)
                       search_slice_with_raw<memchr::memchr::memchr::{closure_env#0}> (inlined)
                       memchr (inlined)
                       index (inlined)
                       local_name (inlined)
                       0xe1b55d00ffffffff

     0.67%  baseline  baseline              [.] litchi_opc::packuri::PackURI::new
            |          
             --0.03%--from<alloc::string::String> (inlined)
                       into<alloc::string::String, alloc::string::String> (inlined)
                       new<alloc::string::String> (inlined)
                       0x5763e1a60021

     0.64%  baseline  baseline              [.] quick_xml::reader::Reader<R>::read_event_impl
     0.64%  baseline  baseline              [.] litchi_ooxml_common::relationships::codec::attribute_value
            |          
             --0.03%--attribute_value (inlined)

     0.61%  baseline  baseline              [.] alloc::raw_vec::RawVecInner<A>::finish_grow
     0.58%  baseline  baseline              [.] alloc::fmt::format::format_inner
     0.56%  baseline  libc.so.6             [.] realloc
            |          
            |--0.39%--__libc_realloc (inlined)
            |          
            |--0.08%--checked_request2size (inlined)
            |          __libc_realloc (inlined)
            |          
             --0.08%--musable (inlined)
                       __libc_realloc (inlined)

     0.53%  baseline  baseline              [.] quick_xml::events::attributes::IterState::check_for_duplicates
     0.53%  baseline  baseline              [.] quick_xml::reader::state::ReaderState::emit_start
            |          
            |--0.03%--index<u8> (inlined)
            |          index<u8, core::ops::range::RangeFrom<usize>> (inlined)
            |          emit_start (inlined)
            |          
             --0.03%--emit_start (inlined)
                       0x3a3a3a3a3a3a3a39

     0.53%  baseline  baseline              [.] memchr::arch::x86_64::avx2::memchr::Three::find_raw_avx2
            |          
            |--0.03%--_mm256_cmpeq_epi8 (inlined)
            |          cmpeq (inlined)
            |          search_chunk<core::core_arch::x86::__m256i, fn(memchr::vector::SensibleMoveMask) -> usize> (inlined)
            |          find_raw<core::core_arch::x86::__m256i> (inlined)
            |          find_raw_avx2 (inlined)
            |          0x2727272727272726
            |          memchr3_raw (inlined)
            |          memchr3_raw (inlined)
            |          {closure#0} (inlined)
            |          next<memchr::memchr::{impl#9}::next::{closure_env#0}> (inlined)
            |          next (inlined)
            |          feed (inlined)
            |          read_with<quick_xml::parser::element::ElementParser> (inlined)
            |          read_until_close<&[u8], ()> (inlined)
            |          read_event_impl<&[u8], ()> (inlined)
            |          0x1
            |          
             --0.03%--_mm256_or_si256 (inlined)
                       or (inlined)
                       find_raw<core::core_arch::x86::__m256i> (inlined)
                       find_raw_avx2 (inlined)
                       0x2727272727272726
                       memchr3_raw (inlined)
                       memchr3_raw (inlined)
                       {closure#0} (inlined)
                       next<memchr::memchr::{impl#9}::next::{closure_env#0}> (inlined)
                       next (inlined)
                       feed (inlined)
                       read_with<quick_xml::parser::element::ElementParser> (inlined)
                       read_until_close<&[u8], ()> (inlined)
                       read_event_impl<&[u8], ()> (inlined)
                       0x7fffffffffffffff

     0.50%  baseline  baseline              [.] litchi_opc::packuri::PackURI::from_rel_ref
     0.50%  baseline  baseline              [.] core::iter::traits::iterator::Iterator::try_fold
     0.50%  baseline  baseline              [.] <quick_xml::name::NamespaceResolver as core::default::Default>::default
     0.50%  baseline  baseline              [.] core::slice::memchr::memchr_aligned
     0.47%  baseline  baseline              [.] quick_xml::events::attributes::Attribute::decoded_and_normalized_value_with
     0.47%  baseline  libc.so.6             [.] _int_free_merge_chunk
            |          
            |--0.31%--_int_free_create_chunk (inlined)
            |          _int_free_merge_chunk
            |          _int_free_chunk
            |          |          
            |           --0.11%--_int_realloc
            |                     __libc_realloc (inlined)
            |          
             --0.17%--_int_free_merge_chunk
                       _int_free_chunk
                       _int_realloc
                       __libc_realloc (inlined)

     0.44%  baseline  baseline              [.] alloc::str::join_generic_copy
     0.44%  baseline  libc.so.6             [.] _int_realloc
            |          
            |--0.39%--_int_realloc
            |          __libc_realloc (inlined)
            |          |          
            |           --0.03%--realloc (inlined)
            |                     grow_impl_runtime (inlined)
            |                     grow_impl (inlined)
            |                     grow (inlined)
            |                     finish_grow<alloc::alloc::Global> (inlined)
            |                     grow_amortized<alloc::alloc::Global> (inlined)
            |                     do_reserve_and_handle<alloc::alloc::Global> (inlined)
            |                     reserve<alloc::alloc::Global> (inlined)
            |                     reserve<u8, alloc::alloc::Global> (inlined)
            |                     reserve<u8, alloc::alloc::Global> (inlined)
            |                     append_elements<u8, alloc::alloc::Global> (inlined)
            |                     spec_extend<u8, alloc::alloc::Global> (inlined)
            |                     extend_from_slice<u8, alloc::alloc::Global> (inlined)
            |                     push_str (inlined)
            |                     write_str (inlined)
            |                     write_str (inlined)
            |                     fmt (inlined)
            |                     {closure#0} (inlined)
            |                     {closure#0}<core::fmt::builders::{impl#4}::field::{closure_env#0}> (inlined)
            |                     and_then<(), core::fmt::Error, (), core::fmt::builders::{impl#4}::field_with::{closure_env#0}<core::fmt::builders::{impl#4}::field::{closure_env#0}>> (inlined)
            |                     field_with<core::fmt::builders::{impl#4}::field::{closure_env#0}> (inlined)
            |                     field (inlined)
            |                     debug_tuple_field1_finish (inlined)
            |                     fmt (inlined)
            |                     fmt<litchi_ooxml_common::xml::XmlError> (inlined)
            |                     0x825024aaae16ce0a
            |                     fmt (inlined)
            |          
             --0.06%--memcpy (inlined)
                       _int_realloc
                       __libc_realloc (inlined)

     0.39%  baseline  baseline              [.] quick_xml::name::NamespaceResolver::push
     0.36%  baseline  baseline              [.] sha2::sha256::x86_sha::compress
            |          
            |--0.08%--_mm_sha256msg1_epu32 (inlined)
            |          schedule (inlined)
            |          compress (inlined)
            |          0xff5f
            |          
            |--0.06%--_mm_add_epi32 (inlined)
            |          compress (inlined)
            |          |          
            |          |--0.03%--0x7
            |          |          
            |           --0.03%--0xff5f
            |          
            |--0.03%--_mm_alignr_epi8<4> (inlined)
            |          schedule (inlined)
            |          compress (inlined)
            |          0xff5f
            |          
            |--0.03%--_mm_shuffle_epi32<14> (inlined)
            |          compress (inlined)
            |          0xff5f
            |          
             --0.03%--_mm_sha256rnds2_epu32 (inlined)
                       compress (inlined)
                       0xff5f

     0.36%  baseline  baseline              [.] alloc::vec::Vec<T,A>::push_mut
            |          
             --0.03%--write<litchi_pptx::parts::presentation::SlideReference> (inlined)
                       push_mut<litchi_pptx::parts::presentation::SlideReference, alloc::alloc::Global> (inlined)

     0.33%  baseline  baseline              [.] memchr::arch::x86_64::memchr::memchr3_raw::find_avx2
     0.31%  baseline  baseline              [.] litchi_ooxml_common::mce::codec::process_ooxml
     0.31%  baseline  baseline              [.] alloc::raw_vec::RawVecInner<A>::reserve::do_reserve_and_handle
     0.31%  baseline  baseline              [.] <str>::to_ascii_lowercase
     0.28%  baseline  [unknown]             [k] 0xffffffff9e800ef0
            |
            ---0xffffffff9e800ef0
               |          
               |--0.11%--__memcmp_evex_movbe
               |          |          
               |           --0.03%--0x17
               |          
                --0.03%--__memmove_avx512_unaligned_erms
                          0x7fffffffffffffff

     0.28%  baseline  baseline              [.] litchi_pptx::parts::slide::root_name_from_xml
     0.28%  baseline  baseline              [.] litchi_pptx::opened::model::capture_internal
     0.28%  baseline  baseline              [.] litchi_ooxml_common::mce::model::Capabilities::ooxml_baseline
     0.25%  baseline  baseline              [.] hashbrown::map::HashMap<K,V,S,A>::insert
     0.25%  baseline  baseline              [.] <quick_xml::events::attributes::Attributes as core::iter::traits::iterator::Iterator>::next
     0.22%  baseline  baseline              [.] quick_xml::name::NamespaceResolver::add
     0.22%  baseline  baseline              [.] <core::hash::sip::Hasher<S> as core::hash::Hasher>::write
     0.22%  baseline  baseline              [.] <std::sys::sync::once::futex::Once>::call
     0.22%  baseline  baseline              [.] memchr::arch::x86_64::avx2::memchr::Two::find_raw_avx2
     0.19%  baseline  baseline              [.] litchi_pptx::parts::presentation::append_slide_reference
     0.19%  baseline  baseline              [.] core::hash::BuildHasher::hash_one
     0.19%  baseline  baseline              [.] litchi_opc::rel::Relationship::target_partname
     0.19%  baseline  baseline              [.] memchr::arch::x86_64::avx2::memchr::Three::find_raw
     0.19%  baseline  baseline              [.] <core::iter::adapters::skip::Skip<I> as core::iter::traits::iterator::Iterator>::try_fold
     0.17%  baseline  baseline              [.] litchi_pptx::namespace::presentation_name
     0.17%  baseline  baseline              [.] <alloc::raw_vec::RawVecInner>::finish_grow
     0.17%  baseline  baseline              [.] core::hash::BuildHasher::hash_one
     0.14%  baseline  libc.so.6             [.] _int_free_chunk
            |
            ---_int_free_chunk
               |          
                --0.11%--_int_realloc
                          __libc_realloc (inlined)

     0.14%  baseline  baseline              [.] __rustc::__rust_no_alloc_shim_is_unstable_v2
     0.14%  baseline  baseline              [.] litchi_pptx::presentation::package::capture_slides
     0.14%  baseline  baseline              [.] <alloc::string::String as core::fmt::Write>::write_str
            |          
             --0.03%--reserve<u8, alloc::alloc::Global> (inlined)
                       append_elements<u8, alloc::alloc::Global> (inlined)
                       spec_extend<u8, alloc::alloc::Global> (inlined)
                       extend_from_slice<u8, alloc::alloc::Global> (inlined)
                       push_str (inlined)
                       write_str (inlined)
                       write (inlined)
                       spec_write_fmt<alloc::string::String> (inlined)
                       write_fmt<alloc::string::String> (inlined)
                       format_inner (inlined)
                       {closure#0} (inlined)
                       map_or_else<&str, alloc::string::String, alloc::fmt::format::{closure_env#0}, fn(&str) -> alloc::string::String> (inlined)
                       format (inlined)
                       join_paths (inlined)
                       from_rel_ref (inlined)
                       memchr (inlined)
                       next_match (inlined)
                       0x8000000000000004

     0.11%  baseline  baseline              [.] __rustc::__rust_alloc
     0.11%  baseline  baseline              [.] __rustc::__rdl_alloc
     0.11%  baseline  baseline              [.] <core::str::pattern::CharSearcher as core::str::pattern::Searcher>::next_match
     0.11%  baseline  baseline              [.] alloc::raw_vec::RawVec<T,A>::grow_one
     0.11%  baseline  baseline              [.] core::fmt::write
     0.11%  baseline  baseline              [.] hashbrown::map::HashMap<K,V,S,A>::insert
            |          
             --0.03%--record_item_insert_at (inlined)
                       insert_tagged_at_index<(u32, ()), alloc::alloc::Global> (inlined)
                       insert_at_index<(u32, ()), alloc::alloc::Global> (inlined)
                       insert<u32, (), std::hash::random::RandomState, alloc::alloc::Global> (inlined)

     0.11%  baseline  baseline              [.] <core::hash::sip::Hasher<S> as core::hash::Hasher>::write
     0.11%  baseline  baseline              [.] core::hash::BuildHasher::hash_one
     0.11%  baseline  baseline              [.] alloc::raw_vec::RawVec<T,A>::grow_one
     0.11%  baseline  baseline              [.] <core::fmt::Formatter>::pad
     0.11%  baseline  baseline              [.] __rustc::__rdl_realloc
     0.11%  baseline  baseline              [.] quick_xml::escape::normalize_attribute_value
     0.11%  baseline  baseline              [.] hashbrown::raw::RawTableInner::fallible_with_capacity
            |          
            |--0.03%--unlikely (inlined)
            |          checked_mul (inlined)
            |          calculate_layout_for (inlined)
            |          new_uninitialized<alloc::alloc::Global> (inlined)
            |          fallible_with_capacity<alloc::alloc::Global> (inlined)
            |          0xe
            |          
             --0.03%--fallible_with_capacity<alloc::alloc::Global> (inlined)
                       prepare_resize<alloc::alloc::Global> (inlined)
                       resize_inner<alloc::alloc::Global> (inlined)
                       reserve_rehash_inner<alloc::alloc::Global> (inlined)
                       reserve_rehash<(alloc::string::String, ()), alloc::alloc::Global, hashbrown::map::make_hasher::{closure_env#0}<alloc::string::String, (), std::hash::random::RandomState>> (inlined)

     0.08%  baseline  [unknown]             [k] 0xffffffff9ff30da0
            |
            ---0xffffffff9ff30da0
               0xffffffff9ff30cae
               |          
               |--0.03%--0xffffffff9f036dcd
               |          0xffffffff9f03802d
               |          0xffffffff9f03a042
               |          0xffffffff9f03b6cc
               |          0xffffffff9f07d258
               |          0xffffffff9f080adb
               |          0xffffffff9effe7a9
               |          0xffffffff9effec02
               |          0xffffffff9f000000
               |          0xffffffff9f0004d3
               |          0xffffffff9f00085e
               |          0xffffffff9ec1a3ee
               |          0xffffffff9ff1e2e3
               |          0xffffffff9e800bb7
               |          __memset_avx512_unaligned_erms
               |          write<u8> (inlined)
               |          extend_with<u8, alloc::alloc::Global> (inlined)
               |          resize<u8, alloc::alloc::Global> (inlined)
               |          {closure#5} (inlined)
               |          rewrite_part<probe0699_refusal::build_cases::{closure_env#5}> (inlined)
               |          _dl_map_object_deps
               |          
               |--0.03%--0xffffffff9eca0084
               |          0xffffffff9eca8140
               |          0xffffffff9ed75580
               |          0xffffffff9ed903d6
               |          0xffffffff9ed7690c
               |          0xffffffff9ed777d4
               |          0xffffffff9ebf0f48
               |          0xffffffff9ff1d894
               |          0xffffffff9e800f0b
               |          __memcmp_evex_movbe
               |          
                --0.03%--0xffffffff9ed90252
                          0xffffffff9ed904a5
                          0xffffffff9ed7690c
                          0xffffffff9ed777d4
                          0xffffffff9ebf0f48
                          0xffffffff9ff1d894
                          0xffffffff9e800f0b
                          __memcmp_evex_movbe

     0.08%  baseline  baseline              [.] litchi_opc::package::OpcPackage::get_part
     0.08%  baseline  baseline              [.] <hashbrown::raw::RawTable<T,A> as core::ops::drop::Drop>::drop
     0.08%  baseline  baseline              [.] memchr::arch::x86_64::avx2::memchr::One::find_raw
     0.08%  baseline  baseline              [.] core::iter::traits::iterator::Iterator::try_fold
     0.08%  baseline  baseline              [.] <&T as core::fmt::Display>::fmt
            |          
             --0.03%--fmt<str> (inlined)

     0.08%  baseline  baseline              [.] litchi_pptx::parts::presentation::PresentationPart::from_part
     0.08%  baseline  baseline              [.] memchr::arch::x86_64::memchr::memchr2_raw::find_avx2
     0.06%  baseline  [unknown]             [k] 0xffffffff9effed03
            |
            ---0xffffffff9effed03
               0xffffffff9f000000
               0xffffffff9f0004d3
               0xffffffff9f00085e
               0xffffffff9ec1a3ee
               0xffffffff9ff1e2e3
               0xffffffff9e800bb7
               __memset_avx512_unaligned_erms
               write<u8> (inlined)
               extend_with<u8, alloc::alloc::Global> (inlined)
               resize<u8, alloc::alloc::Global> (inlined)
               {closure#5} (inlined)
               rewrite_part<probe0699_refusal::build_cases::{closure_env#5}> (inlined)
               _dl_map_object_deps

     0.06%  baseline  baseline              [.] core::hash::BuildHasher::hash_one
     0.06%  baseline  baseline              [.] __rustc::__rdl_dealloc
     0.06%  baseline  baseline              [.] __rustc::__rust_dealloc
     0.06%  baseline  baseline              [.] hashbrown::map::HashMap<K,V,S,A>::get
     0.06%  baseline  baseline              [.] quick_xml::name::QName::local_name
     0.06%  baseline  baseline              [.] litchi_pptx::parts::slide::SlidePart::from_part_with_name
     0.06%  baseline  baseline              [.] <str as core::fmt::Debug>::fmt
     0.06%  baseline  baseline              [.] core::str::converts::from_utf8
     0.06%  baseline  baseline              [.] quick_xml::reader::state::ReaderState::emit_question_mark
     0.06%  baseline  libc.so.6             [.] _int_free_maybe_trim
            |
            ---_int_free_maybe_trim
               _int_free_chunk
               |          
                --0.03%--_int_realloc
                          __libc_realloc (inlined)

     0.06%  baseline  baseline              [.] memchr::arch::x86_64::memchr::memchr_raw::find_avx2
     0.03%  baseline  baseline              [.] xml_minifier::audit::verify_with_policy
            |
            ---map_err<quick_xml::events::Event, quick_xml::errors::Error, xml_minifier::audit::Error, xml_minifier::audit::verify_with_policy::{closure_env#1}> (inlined)
               verify_with_policy (inlined)
               0x1

     0.03%  baseline  baseline              [.] zlib_rs::deflate::algorithm::medium::deflate_medium
            |
            ---hash_calc (inlined)
               update_hash (inlined)
               insert_string (inlined)
               insert_string (inlined)
               insert_match (inlined)
               deflate_medium (inlined)
               deflate (inlined)

     0.03%  baseline  baseline              [.] zlib_rs::deflate::Heap::construct_huffman_tree
            |
            ---pqremove (inlined)
               construct_huffman_tree (inlined)
               0x13ff

     0.03%  baseline  baseline              [.] zlib_rs::inflate::inflate
            |
            ---bits (inlined)
               len_and_friends (inlined)
               dispatch (inlined)
               inflate (inlined)
               decompress_uninit (inlined)
               decompress (inlined)

     0.03%  baseline  libc.so.6             [.] __memset_avx512_unaligned_erms
            |
            ---__memset_avx512_unaligned_erms
               spec_fill (inlined)
               fill<u8> (inlined)
               clear (inlined)
               init_block (inlined)
               0x1266

     0.03%  baseline  baseline              [.] <litchi_opc::part::XmlPart as litchi_opc::part::Part>::blob
     0.03%  baseline  baseline              [.] hashbrown::raw::RawTable<T,A>::reserve_rehash
     0.03%  baseline  baseline              [.] <alloc::raw_vec::RawVecInner<_>>::reserve::do_reserve_and_handle::<alloc::alloc::Global>
     0.03%  baseline  baseline              [.] __rustc::__rust_realloc
     0.03%  baseline  baseline              [.] litchi_pptx::package::model::Package::opened_presentation
     0.03%  baseline  baseline              [.] <litchi_opc::part::XmlPart as litchi_opc::part::Part>::ensure_payload
     0.03%  baseline  baseline              [.] alloc::raw_vec::RawVecInner<A>::reserve::do_reserve_and_handle
     0.03%  baseline  baseline              [.] alloc::raw_vec::RawVecInner<A>::finish_grow
     0.03%  baseline  baseline              [.] <alloc::string::String as core::clone::Clone>::clone
     0.03%  baseline  baseline              [.] hashbrown::map::HashMap<K,V,S,A>::insert
     0.03%  baseline  baseline              [.] quick_xml::reader::state::ReaderState::emit_end
     0.03%  baseline  baseline              [.] memchr::arch::x86_64::avx2::memchr::Two::find_raw
     0.03%  baseline  baseline              [.] <hashbrown::raw::RawTable<T,A> as core::ops::drop::Drop>::drop
     0.03%  baseline  [unknown]             [k] 0xffffffff9ecc5f01
            |
            ---0xffffffff9ecc5f01
               0xffffffff9ecc649c
               0xffffffff9eca8167
               0xffffffff9ed75580
               0xffffffff9ed903d6
               0xffffffff9ed7690c
               0xffffffff9ed777d4
               0xffffffff9ebf0f48
               0xffffffff9ff1d894
               0xffffffff9e800f0b
               __memcmp_evex_movbe

     0.03%  baseline  baseline              [.] litchi_pptx::parts::parse_u32
     0.03%  baseline  baseline              [.] memchr::arch::x86_64::avx2::memchr::One::find_raw_avx2
     0.03%  baseline  baseline              [.] litchi_pptx::parts::presentation::reject_slide_id_list_attributes
     0.03%  baseline  libc.so.6             [.] memcpy@@GLIBC_2.14@plt
            |
            ---memcpy@@GLIBC_2.14@plt
               memcpy (inlined)
               _int_realloc
               __libc_realloc (inlined)

     0.03%  baseline  [unknown]             [k] 0xffffffff9ed45cc5
            |
            ---0xffffffff9ed45cc5
               0xffffffff9ec510b0
               0xffffffff9ec514ae
               0xffffffff9ff1d899
               0xffffffff9e800f0b
               tcache_get_n (inlined)
               tcache_get (inlined)
               __libc_malloc (inlined)

     0.03%  baseline  [unknown]             [k] 0xffffffff9ff30bf5
            |
            ---0xffffffff9ff30bf5
               0xffffffff9ed7691c
               0xffffffff9ed777d4
               0xffffffff9ebf0f48
               0xffffffff9ff1d894
               0xffffffff9e800f0b

     0.03%  baseline  [unknown]             [k] 0xffffffff9f0306d1
            |
            ---0xffffffff9f0306d1
               0xffffffff9f030dc8
               0xffffffff9f038e37
               0xffffffff9ef9a5f0
               0xffffffff9f05eaae
               0xffffffff9f009569
               0xffffffff9f009f27
               0xffffffff9f027f5e
               0xffffffff9f0285c7
               0xffffffff9f029995
               0xffffffff9f029b01
               0xffffffff9f02bb31
               0xffffffff9f005a8b
               0xffffffff9eb4aea3
               0xffffffff9ff15b65
               0xffffffff9e80012b
               __munmap
               _int_free_chunk

     0.03%  baseline  [unknown]             [k] 0xffffffff9ed602ff
            |
            ---0xffffffff9ed602ff
               0xffffffff9ff1e978
               0xffffffff9ff1d8a4
               0xffffffff9e800f0b
               __libc_free (inlined)

     0.03%  baseline  [unknown]             [k] 0xffffffff9ff0bc78
            |
            ---0xffffffff9ff0bc78
               0xffffffff9ef887e7
               0xffffffff9ef889e4
               0xffffffff9f155f09
               0xffffffff9f159d87
               0xffffffff9f15a07b
               0xffffffff9f213c84
               0xffffffff9f2175cc
               0xffffffff9f21a2de
               0xffffffff9f21a626
               0xffffffff9f21eb2c
               0xffffffff9f13ebe5
               0xffffffff9f1172f0
               0xffffffff9f1173c2
               0xffffffff9f2031a6
               0xffffffff9f20374f
               0xffffffff9f0e7d0b
               0xffffffff9f0e82f1
               0xffffffff9f0e8399
               0xffffffff9eb48e2f
               0xffffffff9ff15b65
               0xffffffff9e80012b
               __internal_syscall_cancel (inlined)
               __syscall_cancel
               __libc_write (inlined)

     0.03%  baseline  baseline              [.] <hashbrown::raw::RawTable<T,A> as core::ops::drop::Drop>::drop
     0.03%  baseline  [unknown]             [k] 0xffffffff9ebc76c2
            |
            ---0xffffffff9ebc76c2
               0xffffffff9eca80a8
               0xffffffff9ed75580
               0xffffffff9ed903d6
               0xffffffff9ed7690c
               0xffffffff9ed777d4
               0xffffffff9ebf0f48
               0xffffffff9ff1d894
               0xffffffff9e800f0b
               __memcmp_evex_movbe

     0.03%  baseline  baseline              [.] <litchi_opc::part::XmlPart as litchi_opc::part::Part>::content_type
     0.03%  baseline  [unknown]             [k] 0xffffffff9ec0c2a4
            |
            ---0xffffffff9ec0c2a4
               0xffffffff9eca80a8
               0xffffffff9ed75580
               0xffffffff9ed903d6
               0xffffffff9ed7690c
               0xffffffff9ed777d4
               0xffffffff9ebf0f48
               0xffffffff9ff1d894
               0xffffffff9e800f0b

     0.03%  baseline  baseline              [.] <alloc::string::String as core::fmt::Write>::write_str
     0.03%  baseline  libc.so.6             [.] __memset_avx512_unaligned
            |
            ---__memset_avx512_unaligned

     0.03%  baseline  baseline              [.] <core::fmt::Formatter>::debug_tuple_field1_finish
     0.03%  baseline  baseline              [.] litchi_pptx::parts::slide::root_name
     0.03%  baseline  baseline              [.] quick_xml::name::NamespaceResolver::resolve_prefix
            |
            ---add<u8> (inlined)
               split_at_unchecked<u8> (inlined)
               split_at_checked<u8> (inlined)
               split_at<u8> (inlined)
               namespace (inlined)
               resolve_prefix (inlined)
               0xdb1a17f7

     0.01%  baseline  [unknown]             [k] 0xffffffff9efc4f88
            |
            ---0xffffffff9efc4f88
               0xffffffff9f03b802
               0xffffffff9f07d258
               0xffffffff9f080adb
               0xffffffff9eff031a
               0xffffffff9effa90b
               0xffffffff9efffebd
               0xffffffff9f0004d3
               0xffffffff9f00085e
               0xffffffff9ec1a3ee
               0xffffffff9ff1e2e3
               0xffffffff9e800bb7
               elf_machine_rela_relative (inlined)
               elf_dynamic_do_Rela (inlined)
               _dl_relocate_object_no_relro
               _dl_relocate_object
               dl_main
               _dl_sysdep_start
               _dl_start_final (inlined)
               _dl_start
               _start

     0.01%  taskset   ld-linux-x86-64.so.2  [.] _dl_lookup_symbol_x
            |
            ---_dl_new_hash (inlined)
               _dl_lookup_symbol_x
               resolve_map (inlined)
               elf_machine_rela (inlined)
               elf_dynamic_do_Rela (inlined)
               _dl_relocate_object_no_relro
               _dl_relocate_object
               dl_main
               _dl_sysdep_start
               _dl_start_final (inlined)
               _dl_start
               _start

     0.00%  taskset   [unknown]             [k] 0xffffffff9ff30da0
            |
            ---0xffffffff9ff30da0
               0xffffffff9ff30cae
               0xffffffff9f3af515
               0xffffffff9f39bb72
               0xffffffff9f324fa7
               0xffffffff9f0f2744
               0xffffffff9f0f28aa
               0xffffffff9f0f436b
               0xffffffff9f0f467e
               0xffffffff9eb49863
               0xffffffff9ff15b65
               0xffffffff9e80012b
               __execve (inlined)
               __execvpe_common (inlined)
               __execvpe
               0x64c2eced5093
               __libc_start_call_main
               __libc_start_main_impl (inlined)
               0x64c2eced5314

     0.00%  perf-exe  [unknown]             [k] 0xffffffffc05b2781
            |
            ---0xffffffffc05b2781
               0xffffffffc05d1fbe
               0xffffffff9fcdcdc8
               0xffffffff9fcdcf47
               0xffffffff9fcebfe5
               0xffffffff9fcec403
               0xffffffff9fc0910b
               0xffffffff9fc097e7
               0xffffffff9fc09b41
               0xffffffffc04ab93a
               0xffffffff9fc09d04
               0xffffffff9fc0a0d7
               0xffffffff9ec50d21
               0xffffffff9ec510b0
               0xffffffff9ec514ae
               0xffffffff9ff1d8ef
               0xffffffff9e800f0b
               0xffffffff9ef650e5
               0xffffffff9ef6d8e5
               0xffffffff9f0f4b8d
               0xffffffff9f19c8f5
               0xffffffff9f0f2446
               0xffffffff9f0f27b0
               0xffffffff9f0f28aa
               0xffffffff9f0f436b
               0xffffffff9f0f467e
               0xffffffff9eb49863
               0xffffffff9ff15b65
               0xffffffff9e80012b

     0.00%  taskset   taskset               [.] 0x0000000000003055
            |
            ---0x64c2eced5055
               __libc_start_call_main
               __libc_start_main_impl (inlined)
               0x64c2eced5314

     0.00%  perf-exe  [unknown]             [k] 0xffffffff9ebfcfbb
            |
            ---0xffffffff9ebfcfbb
               0xffffffff9ebec202
               0xffffffff9ff1d72a
               0xffffffff9e800fab
               0xffffffff9ef650e5
               0xffffffff9ef6d8e5
               0xffffffff9f0f4b8d
               0xffffffff9f19c8f5
               0xffffffff9f0f2446
               0xffffffff9f0f27b0
               0xffffffff9f0f28aa
               0xffffffff9f0f436b
               0xffffffff9f0f467e
               0xffffffff9eb49863
               0xffffffff9ff15b65
               0xffffffff9e80012b

     0.00%  taskset   [unknown]             [k] 0xffffffff9ef5a0a0
            |
            ---0xffffffff9ef5a0a0
               0xffffffff9ef65875
               0xffffffff9ef6592a
               0xffffffff9eca1078
               0xffffffff9ff256c3
               0xffffffff9ff25c8c
               0xffffffff9eb4c0f6
               0xffffffff9ecaa842
               0xffffffff9ecac7bd
               0xffffffff9ecac894
               0xffffffff9ecec863
               0xffffffff9ececbbe
               0xffffffff9ececdbd
               0xffffffff9eb49611
               0xffffffff9ff15b65
               0xffffffff9e80012b
               __sched_setaffinity_new (inlined)
               0x64c2eced646c
               0x64c2eced504d
               __libc_start_call_main
               __libc_start_main_impl (inlined)
               0x64c2eced5314

     0.00%  perf-exe  [unknown]             [k] 0xffffffff9ec0c45f
            |
            ---0xffffffff9ec0c45f
               0xffffffff9eb51301
               0xffffffff9ef64d01
               0xffffffff9ef6536f
               0xffffffff9ef6d8e5
               0xffffffff9f0f4b8d
               0xffffffff9f19c8f5
               0xffffffff9f0f2446
               0xffffffff9f0f27b0
               0xffffffff9f0f28aa
               0xffffffff9f0f436b
               0xffffffff9f0f467e
               0xffffffff9eb49863
               0xffffffff9ff15b65
               0xffffffff9e80012b



#
# (Cannot load tips.txt file, please install perf!)
#
