HEAD 9dda621226b1513140e6f18e0ed46f6003434448
TREE 68d48794ddd6e7aeb39008032fa3860c190ad785
UNSTAGED 0 UNTRACKED 0
$ cargo clippy -p litchi-core -p soapberry-zip -p litchi-cfb -p litchi-ole-common -p litchi-opc -p litchi-ooxml-common -p litchi-doc -p litchi-docx -p litchi-ppt -p litchi-pptx -p litchi-xls -p litchi-xlsx -p litchi-xlsb -p xml-minifier --lib --no-deps --locked -- -D warnings
    Checking litchi-core v0.0.1 (/home/zhuhe/code/litchi-worktrees/merge-spec-gaps/crates/litchi-core)
    Checking litchi-cfb v0.0.1 (/home/zhuhe/code/litchi-worktrees/merge-spec-gaps/crates/litchi-cfb)
    Checking litchi-opc v0.0.1 (/home/zhuhe/code/litchi-worktrees/merge-spec-gaps/crates/litchi-opc)
    Checking litchi-sheet v0.0.1 (/home/zhuhe/code/litchi-worktrees/merge-spec-gaps/crates/litchi-sheet)
    Checking litchi-ole-common v0.0.1 (/home/zhuhe/code/litchi-worktrees/merge-spec-gaps/crates/litchi-ole-common)
    Checking litchi-sign v0.0.1 (/home/zhuhe/code/litchi-worktrees/merge-spec-gaps/crates/litchi-sign)
    Checking litchi-vba v0.0.1 (/home/zhuhe/code/litchi-worktrees/merge-spec-gaps/crates/litchi-vba)
    Checking litchi-ograph v0.0.1 (/home/zhuhe/code/litchi-worktrees/merge-spec-gaps/crates/litchi-ograph)
    Checking litchi-ooxml-common v0.0.1 (/home/zhuhe/code/litchi-worktrees/merge-spec-gaps/crates/litchi-ooxml-common)
    Checking litchi-crypto v0.0.1 (/home/zhuhe/code/litchi-worktrees/merge-spec-gaps/crates/litchi-crypto)
    Checking litchi-ppt v0.0.1 (/home/zhuhe/code/litchi-worktrees/merge-spec-gaps/crates/litchi-ppt)
    Checking litchi-xls v0.0.1 (/home/zhuhe/code/litchi-worktrees/merge-spec-gaps/crates/litchi-xls)
    Checking litchi-doc v0.0.1 (/home/zhuhe/code/litchi-worktrees/merge-spec-gaps/crates/litchi-doc)
    Checking litchi-drawingml v0.0.1 (/home/zhuhe/code/litchi-worktrees/merge-spec-gaps/crates/litchi-drawingml)
    Checking litchi-spreadsheet-drawing v0.0.1 (/home/zhuhe/code/litchi-worktrees/merge-spec-gaps/crates/litchi-spreadsheet-drawing)
    Checking litchi-pptx v0.0.1 (/home/zhuhe/code/litchi-worktrees/merge-spec-gaps/crates/litchi-pptx)
    Checking litchi-docx v0.0.1 (/home/zhuhe/code/litchi-worktrees/merge-spec-gaps/crates/litchi-docx)
    Checking litchi-xlsb v0.0.1 (/home/zhuhe/code/litchi-worktrees/merge-spec-gaps/crates/litchi-xlsb)
    Checking litchi-xlsx v0.0.1 (/home/zhuhe/code/litchi-worktrees/merge-spec-gaps/crates/litchi-xlsx)
    Finished `dev` profile [unoptimized + debuginfo] target(s) in 31.95s

exit 0
