    Checking litchi-core v0.0.1 (/home/zhuhe/code/litchi-worktrees/0776-mce-expanded-duplicates/crates/litchi-core)
    Checking litchi-codepage v0.0.1 (/home/zhuhe/code/litchi-worktrees/0776-mce-expanded-duplicates/crates/litchi-codepage)
   Compiling xml-minifier-macros v0.1.0 (/home/zhuhe/code/litchi-worktrees/0776-mce-expanded-duplicates/crates/xml-minifier-macros)
    Checking xml-minifier v0.1.0 (/home/zhuhe/code/litchi-worktrees/0776-mce-expanded-duplicates/crates/xml-minifier)
    Checking soapberry-zip v0.0.1 (/home/zhuhe/code/litchi-worktrees/0776-mce-expanded-duplicates/crates/soapberry-zip)
    Checking litchi-cfb v0.0.1 (/home/zhuhe/code/litchi-worktrees/0776-mce-expanded-duplicates/crates/litchi-cfb)
    Checking litchi-fonts v0.0.1 (/home/zhuhe/code/litchi-worktrees/0776-mce-expanded-duplicates/crates/litchi-fonts)
    Checking litchi-sheet v0.0.1 (/home/zhuhe/code/litchi-worktrees/0776-mce-expanded-duplicates/crates/litchi-sheet)
    Checking litchi-ole-common v0.0.1 (/home/zhuhe/code/litchi-worktrees/0776-mce-expanded-duplicates/crates/litchi-ole-common)
    Checking litchi-sign v0.0.1 (/home/zhuhe/code/litchi-worktrees/0776-mce-expanded-duplicates/crates/litchi-sign)
    Checking litchi-opc v0.0.1 (/home/zhuhe/code/litchi-worktrees/0776-mce-expanded-duplicates/crates/litchi-opc)
    Checking litchi-crypto v0.0.1 (/home/zhuhe/code/litchi-worktrees/0776-mce-expanded-duplicates/crates/litchi-crypto)
    Checking litchi-vba v0.0.1 (/home/zhuhe/code/litchi-worktrees/0776-mce-expanded-duplicates/crates/litchi-vba)
    Checking litchi-xldm v0.0.1 (/home/zhuhe/code/litchi-worktrees/0776-mce-expanded-duplicates/crates/litchi-xldm)
    Checking litchi-ooxml-common v0.0.1 (/home/zhuhe/code/litchi-worktrees/0776-mce-expanded-duplicates/crates/litchi-ooxml-common)
    Checking litchi-drawingml v0.0.1 (/home/zhuhe/code/litchi-worktrees/0776-mce-expanded-duplicates/crates/litchi-drawingml)
    Checking litchi-spreadsheet-drawing v0.0.1 (/home/zhuhe/code/litchi-worktrees/0776-mce-expanded-duplicates/crates/litchi-spreadsheet-drawing)
    Checking litchi-docx v0.0.1 (/home/zhuhe/code/litchi-worktrees/0776-mce-expanded-duplicates/crates/litchi-docx)
    Checking litchi-xlsx v0.0.1 (/home/zhuhe/code/litchi-worktrees/0776-mce-expanded-duplicates/crates/litchi-xlsx)
    Checking litchi-pptx v0.0.1 (/home/zhuhe/code/litchi-worktrees/0776-mce-expanded-duplicates/crates/litchi-pptx)
    Finished `dev` profile [unoptimized] target(s) in 30.40s
