build=control
started_utc=2026-08-22T03:44:40Z
avail_bytes_before=25783263232
   Compiling proc-macro2 v1.0.107
   Compiling quote v1.0.47
   Compiling unicode-ident v1.0.24
   Compiling zeroize v1.9.0
   Compiling cfg-if v1.0.4
   Compiling typenum v1.20.1
   Compiling libc v0.2.189
   Compiling syn v2.0.119
   Compiling getrandom v0.4.3
   Compiling rand_core v0.10.1
   Compiling hybrid-array v0.4.14
   Compiling syn v3.0.3
   Compiling crypto-common v0.2.2
   Compiling block-buffer v0.12.1
   Compiling cmov v0.5.4
   Compiling ctutils v0.4.2
   Compiling serde_core v1.0.229
   Compiling version_check v0.9.5
   Compiling generic-array v0.14.9
   Compiling cpufeatures v0.3.0
   Compiling autocfg v1.5.1
   Compiling libm v0.2.16
   Compiling zerocopy v0.8.56
   Compiling num-traits v0.2.19
   Compiling thiserror v2.0.20
   Compiling smallvec v1.15.2
   Compiling const-oid v0.10.2
   Compiling subtle v2.6.1
   Compiling digest v0.11.3
   Compiling thiserror-impl v2.0.20
   Compiling const-oid v0.9.6
   Compiling crossbeam-utils v0.8.22
   Compiling memchr v2.8.3
   Compiling zmij v1.0.23
   Compiling crossbeam-epoch v0.9.20
   Compiling serde v1.0.229
   Compiling serde_derive v1.0.229
   Compiling serde_json v1.0.151
   Compiling crossbeam-deque v0.8.7
   Compiling crypto-common v0.1.6
   Compiling chacha20 v0.10.1
   Compiling once_cell v1.21.4
   Compiling rayon-core v1.13.0
   Compiling itoa v1.0.18
   Compiling iana-time-zone v0.1.65
   Compiling chrono v0.4.45
   Compiling rand v0.10.2
   Compiling sha2 v0.11.0
   Compiling synstructure v0.13.2
   Compiling fast-float2 v0.2.3
   Compiling base64 v0.22.1
   Compiling litchi-core v0.0.1 (/home/zhuhe/CodeProjects/litchi-worktrees/docx-story-hyperlink-0254-control/crates/litchi-core)
   Compiling block-buffer v0.10.4
   Compiling getrandom v0.2.17
   Compiling either v1.17.0
   Compiling rayon v1.12.0
   Compiling rand_core v0.6.4
   Compiling digest v0.10.7
   Compiling zerofrom-derive v0.1.7
   Compiling base64ct v1.8.3
   Compiling zerofrom v0.1.8
   Compiling yoke-derive v0.8.2
   Compiling stable_deref_trait v1.2.1
   Compiling yoke v0.8.3
   Compiling pem-rfc7468 v0.7.0
   Compiling quick-xml v0.41.0
   Compiling der_derive v0.7.3
   Compiling zerovec-derive v0.11.3
   Compiling flagset v0.4.7
   Compiling der v0.7.10
   Compiling zerovec v0.11.6
   Compiling displaydoc v0.2.7
   Compiling spki v0.7.3
   Compiling block-padding v0.4.2
   Compiling crc32fast v1.5.0
   Compiling inout v0.2.2
   Compiling pkcs8 v0.10.2
   Compiling tinystr v0.8.3
   Compiling bitflags v2.13.1
   Compiling writeable v0.6.3
   Compiling litemap v0.8.2
   Compiling zlib-rs v0.6.7
   Compiling flate2 v1.1.9
   Compiling icu_locale_core v2.2.0
   Compiling xml-minifier-macros v0.1.0 (/home/zhuhe/CodeProjects/litchi-worktrees/docx-story-hyperlink-0254-control/crates/xml-minifier-macros)
   Compiling zerotrie v0.2.4
   Compiling potential_utf v0.1.5
   Compiling utf8_iter v1.0.4
   Compiling icu_properties_data v2.2.0
   Compiling icu_normalizer_data v2.2.0
   Compiling icu_collections v2.2.0
   Compiling icu_provider v2.2.0
   Compiling xml-minifier v0.1.0 (/home/zhuhe/CodeProjects/litchi-worktrees/docx-story-hyperlink-0254-control/crates/xml-minifier)
   Compiling soapberry-zip v0.0.1 (/home/zhuhe/CodeProjects/litchi-worktrees/docx-story-hyperlink-0254-control/crates/soapberry-zip)
   Compiling cipher v0.5.2
   Compiling ff v0.13.1
   Compiling base16ct v0.2.0
   Compiling rustversion v1.0.23
   Compiling cpufeatures v0.2.17
   Compiling sec1 v0.7.3
   Compiling group v0.13.0
   Compiling crypto-bigint v0.5.5
   Compiling ppv-lite86 v0.2.21
   Compiling rustix v1.1.4
   Compiling rand_chacha v0.3.1
   Compiling elliptic-curve v0.13.8
   Compiling icu_normalizer v2.2.0
   Compiling icu_properties v2.2.0
   Compiling signature v2.2.0
   Compiling hmac v0.12.1
   Compiling num-integer v0.1.46
   Compiling zerocopy-derive v0.8.56
   Compiling debug_unsafe v0.1.4
   Compiling linux-raw-sys v0.12.1
   Compiling num-bigint-dig v0.8.6
   Compiling spin v0.9.9
   Compiling lazy_static v1.5.0
   Compiling atoi_simd v0.18.1
   Compiling num-iter v0.1.46
   Compiling rfc6979 v0.4.0
   Compiling idna_adapter v1.2.2
   Compiling rand v0.8.7
   Compiling sha2 v0.10.9
   Compiling tinyvec_macros v0.1.1
   Compiling percent-encoding v2.3.2
   Compiling fastrand v2.5.0
   Compiling tempfile v3.27.0
   Compiling form_urlencoded v1.2.2
   Compiling tinyvec v1.12.0
   Compiling idna v1.1.0
   Compiling ecdsa v0.16.9
   Compiling primeorder v0.13.6
   Compiling sha1 v0.10.7
   Compiling pkcs1 v0.7.5
   Compiling fixedbitset v0.5.7
   Compiling cpubits v0.1.1
   Compiling siphasher v1.0.3
   Compiling phf_shared v0.14.0
   Compiling litchi-cfb v0.0.1 (/home/zhuhe/CodeProjects/litchi-worktrees/docx-story-hyperlink-0254-control/crates/litchi-cfb)
   Compiling rsa v0.9.10
   Compiling p256 v0.13.2
   Compiling url v2.5.8
   Compiling unicode-normalization v0.1.25
   Compiling litchi-opc v0.0.1 (/home/zhuhe/CodeProjects/litchi-worktrees/docx-story-hyperlink-0254-control/crates/litchi-opc)
   Compiling x509-cert v0.2.5
   Compiling sha1 v0.11.0
   Compiling universal-hash v0.6.1
   Compiling encoding_rs v0.8.35
   Compiling phf_generator v0.14.0
   Compiling litchi-codepage v0.0.1 (/home/zhuhe/CodeProjects/litchi-worktrees/docx-story-hyperlink-0254-control/crates/litchi-codepage)
   Compiling polyval v0.7.3
   Compiling caseless v0.2.2
   Compiling bergshamra-core v0.7.0
   Compiling inout v0.1.4
   Compiling uppsala v0.9.0
   Compiling ryu v1.0.23
   Compiling litchi-ooxml-common v0.0.1 (/home/zhuhe/CodeProjects/litchi-worktrees/docx-story-hyperlink-0254-control/crates/litchi-ooxml-common)
   Compiling bergshamra-xml v0.7.0
   Compiling cipher v0.4.4
   Compiling ghash v0.6.0
   Compiling phf_macros v0.14.0
   Compiling aes v0.9.2
   Compiling ctr v0.10.1
   Compiling aead v0.6.1
   Compiling password-hash v0.5.0
   Compiling blake2 v0.10.6
   Compiling hmac v0.13.0
   Compiling byteorder v1.5.0
   Compiling blowfish v0.9.1
   Compiling pbkdf2 v0.13.0
   Compiling argon2 v0.5.3
   Compiling aes-gcm v0.11.0
   Compiling phf v0.14.0
   Compiling bergshamra-c14n v0.7.0
   Compiling litchi-drawingml v0.0.1 (/home/zhuhe/CodeProjects/litchi-worktrees/docx-story-hyperlink-0254-control/crates/litchi-drawingml)
   Compiling cbc v0.2.1
   Compiling litchi-odf-common v0.0.1 (/home/zhuhe/CodeProjects/litchi-worktrees/docx-story-hyperlink-0254-control/crates/litchi-odf-common)
   Compiling litchi-ole-common v0.0.1 (/home/zhuhe/CodeProjects/litchi-worktrees/docx-story-hyperlink-0254-control/crates/litchi-ole-common)
   Compiling litchi-odraw v0.0.1 (/home/zhuhe/CodeProjects/litchi-worktrees/docx-story-hyperlink-0254-control/crates/litchi-odraw)
   Compiling rc4 v0.2.0
   Compiling litchi-biff v0.0.1 (/home/zhuhe/CodeProjects/litchi-worktrees/docx-story-hyperlink-0254-control/crates/litchi-biff)
   Compiling litchi-ograph v0.0.1 (/home/zhuhe/CodeProjects/litchi-worktrees/docx-story-hyperlink-0254-control/crates/litchi-ograph)
   Compiling litchi-crypto v0.0.1 (/home/zhuhe/CodeProjects/litchi-worktrees/docx-story-hyperlink-0254-control/crates/litchi-crypto)
   Compiling litchi-spreadsheet-drawing v0.0.1 (/home/zhuhe/CodeProjects/litchi-worktrees/docx-story-hyperlink-0254-control/crates/litchi-spreadsheet-drawing)
   Compiling litchi-vba v0.0.1 (/home/zhuhe/CodeProjects/litchi-worktrees/docx-story-hyperlink-0254-control/crates/litchi-vba)
   Compiling litchi-sign v0.0.1 (/home/zhuhe/CodeProjects/litchi-worktrees/docx-story-hyperlink-0254-control/crates/litchi-sign)
   Compiling litchi-sheet v0.0.1 (/home/zhuhe/CodeProjects/litchi-worktrees/docx-story-hyperlink-0254-control/crates/litchi-sheet)
   Compiling md-5 v0.11.0
   Compiling spin v0.10.1
   Compiling bumpalo v3.20.3
   Compiling crc-fast v1.10.0
   Compiling litchi-xlsx v0.0.1 (/home/zhuhe/CodeProjects/litchi-worktrees/docx-story-hyperlink-0254-control/crates/litchi-xlsx)
   Compiling litchi-ods v0.0.1 (/home/zhuhe/CodeProjects/litchi-worktrees/docx-story-hyperlink-0254-control/crates/litchi-ods)
   Compiling litchi-odt v0.0.1 (/home/zhuhe/CodeProjects/litchi-worktrees/docx-story-hyperlink-0254-control/crates/litchi-odt)
   Compiling litchi-odp v0.0.1 (/home/zhuhe/CodeProjects/litchi-worktrees/docx-story-hyperlink-0254-control/crates/litchi-odp)
   Compiling litchi-pptx v0.0.1 (/home/zhuhe/CodeProjects/litchi-worktrees/docx-story-hyperlink-0254-control/crates/litchi-pptx)
   Compiling litchi-docx v0.0.1 (/home/zhuhe/CodeProjects/litchi-worktrees/docx-story-hyperlink-0254-control/crates/litchi-docx)
   Compiling litchi v0.0.1 (/home/zhuhe/CodeProjects/litchi-worktrees/docx-story-hyperlink-0254-control/crates/litchi)
   Compiling litchi-rtf v0.0.1 (/home/zhuhe/CodeProjects/litchi-worktrees/docx-story-hyperlink-0254-control/crates/litchi-rtf)
   Compiling litchi-doc v0.0.1 (/home/zhuhe/CodeProjects/litchi-worktrees/docx-story-hyperlink-0254-control/crates/litchi-doc)
   Compiling litchi-xls v0.0.1 (/home/zhuhe/CodeProjects/litchi-worktrees/docx-story-hyperlink-0254-control/crates/litchi-xls)
   Compiling litchi-ppt v0.0.1 (/home/zhuhe/CodeProjects/litchi-worktrees/docx-story-hyperlink-0254-control/crates/litchi-ppt)
   Compiling litchi-perf-baseline v0.1.0 (/home/zhuhe/CodeProjects/litchi-worktrees/docx-story-hyperlink-0254-control/tools/perf-baseline)
    Finished `release` profile [optimized] target(s) in 12m 31s
finished_utc=2026-08-22T03:57:11Z
avail_bytes_after=21870080000
