{
  "archive_bytes": 1861843,
  "binary": {
    "bytes": 3064360,
    "identity_method": "parent binds SHA-256 of the captured binary",
    "path": "/home/zhuhe/litchi-goal-0552-target/retained/candidate/cap",
    "profile": "release"
  },
  "case": "valid",
  "cells": 65536,
  "columns": 256,
  "comment_bytes": 0,
  "correctness": {
    "commit_outside_timing": true,
    "empty_commit_is_noop": true,
    "no_op_publication_exact": true,
    "snapshot_a1": 1,
    "snapshot_last_cell": 65536,
    "source_bytes_unchanged": true,
    "source_unchanged": true,
    "source_xml_unchanged": true,
    "valid_snapshot_values": true
  },
  "event_cap_relation": "above",
  "event_count": 328198,
  "event_count_formula": "5*N*N+2*N+6+I(N<=2) (including EOF)",
  "expected_event_count": 328198,
  "fixture_out": "/home/zhuhe/code/litchi/docs/performance/results/change-0552/candidate/cap-r2-256.zip",
  "last_cell": "IV256",
  "ordinary_parser_event_cap": 1000000,
  "performance_claim": "none: valid event-cap boundary diagnostic only",
  "phase": {
    "duration_ns": [
      40990595,
      40595024,
      40725505,
      40821145,
      40673284,
      40783745,
      40817105,
      40781155,
      41448478,
      41355517,
      41515568,
      41380598,
      41442177,
      44819593,
      41159956,
      43665328,
      41748569,
      45990308,
      41763339,
      41489108,
      43816338,
      41249216,
      45602407,
      43187616,
      40898375,
      40914076,
      41155056,
      41860110,
      42051171,
      41760349,
      41240127,
      41533588,
      41944340,
      41588328,
      41815680,
      40918215,
      41113217,
      40948915,
      40871115,
      41170076,
      40467124,
      40872205,
      40671074,
      40963285,
      40991916,
      40992256,
      40755414,
      40980525,
      40786245,
      41000526,
      40989056,
      41373917,
      41286357,
      41137746,
      40597774,
      40784985,
      40883705,
      40937396,
      41349617,
      40932876,
      41186676,
      40836794,
      41155256,
      40968196,
      40925985,
      41331787,
      40928215,
      40862846,
      41256407,
      40952585,
      40997056,
      41204297,
      41002746,
      40891015,
      41553319,
      41364287,
      41579078,
      41359527,
      41050246,
      41002406,
      40976396,
      40807505,
      40572313,
      41378027,
      40928416,
      41080766,
      40903525,
      40967385,
      40920975,
      41006346,
      41139546,
      41190096,
      40955955,
      40867305,
      40989386,
      40866305,
      40997226,
      40816595,
      41125736,
      40934345,
      40995066,
      41150557,
      41005226,
      41135096,
      41062616,
      41117407,
      40990555,
      41009465,
      41417747,
      41210077,
      41043546,
      41384887,
      41012485,
      40781114,
      40834755,
      41009325,
      40916726,
      41349677,
      41512908,
      41342698,
      41377677,
      41352498,
      41599578,
      41369698,
      41162276,
      41255997,
      41203857,
      41183597,
      41198986,
      41277327,
      40785314,
      40824964,
      40951355,
      40796045,
      40816905,
      40785145,
      40841175,
      41109986,
      41040995,
      40649334,
      40963915,
      41085496,
      41252007,
      41011076,
      41039776,
      41020166,
      41360818,
      41030416,
      40955416,
      40976875,
      40830234,
      40935205,
      40912785,
      40952816,
      40966036,
      41032616,
      41015186,
      41464468,
      40852605,
      41379297,
      40886005,
      40972965,
      40935555,
      40922286,
      41229367,
      41484248,
      40995645,
      40894095,
      40990586,
      41039136,
      41476528,
      41223057,
      41050676,
      41011376,
      41630638,
      40838465,
      40913785,
      41869530,
      41021836,
      41237687,
      41004066,
      40919705,
      40789605,
      40845115,
      40964756,
      41568578,
      40851015,
      41110187,
      40865865,
      40929005,
      40898455,
      40827985,
      41060166,
      41358137,
      40953676,
      40985076,
      40792985,
      40871285,
      41357127,
      40919026
    ],
    "name": "edit_sheets",
    "sample_order": [
      0,
      1,
      2,
      3,
      4,
      5,
      6,
      7,
      8,
      9,
      10,
      11,
      12,
      13,
      14,
      15,
      16,
      17,
      18,
      19,
      20,
      21,
      22,
      23,
      24,
      25,
      26,
      27,
      28,
      29,
      30,
      31,
      32,
      33,
      34,
      35,
      36,
      37,
      38,
      39,
      40,
      41,
      42,
      43,
      44,
      45,
      46,
      47,
      48,
      49,
      50,
      51,
      52,
      53,
      54,
      55,
      56,
      57,
      58,
      59,
      60,
      61,
      62,
      63,
      64,
      65,
      66,
      67,
      68,
      69,
      70,
      71,
      72,
      73,
      74,
      75,
      76,
      77,
      78,
      79,
      80,
      81,
      82,
      83,
      84,
      85,
      86,
      87,
      88,
      89,
      90,
      91,
      92,
      93,
      94,
      95,
      96,
      97,
      98,
      99,
      100,
      101,
      102,
      103,
      104,
      105,
      106,
      107,
      108,
      109,
      110,
      111,
      112,
      113,
      114,
      115,
      116,
      117,
      118,
      119,
      120,
      121,
      122,
      123,
      124,
      125,
      126,
      127,
      128,
      129,
      130,
      131,
      132,
      133,
      134,
      135,
      136,
      137,
      138,
      139,
      140,
      141,
      142,
      143,
      144,
      145,
      146,
      147,
      148,
      149,
      150,
      151,
      152,
      153,
      154,
      155,
      156,
      157,
      158,
      159,
      160,
      161,
      162,
      163,
      164,
      165,
      166,
      167,
      168,
      169,
      170,
      171,
      172,
      173,
      174,
      175,
      176,
      177,
      178,
      179,
      180,
      181,
      182,
      183,
      184,
      185,
      186,
      187,
      188,
      189,
      190,
      191,
      192,
      193,
      194,
      195,
      196,
      197,
      198,
      199
    ],
    "samples": 200,
    "timing_scope": "source/editor/selector setup excluded; transaction retained through clock stop; inspection/commit/drop excluded",
    "warmup_iterations": 20
  },
  "rows": 256,
  "samples": 200,
  "schema": "litchi.xlsx.cap-boundary-guard.v1",
  "shared_provisional_event_cap": 131072,
  "size": 256,
  "source": {
    "archive_bytes": 1861843,
    "columns": 256,
    "compression": "stored",
    "encoding": "UTF-8",
    "fixture_dump": "/home/zhuhe/code/litchi/docs/performance/results/change-0552/candidate/cap-r2-256.zip",
    "fixture_kind": "single_worksheet_dense_numeric_grid",
    "format": "OOXML/XLSX",
    "generator": "litchi-xlsx-cap-boundary-stored-grid-v1",
    "identity_method": "parent binds SHA-256 of fixture_dump bytes",
    "marker_free": true,
    "rows": 256,
    "shape": "256x256",
    "source_xml_bytes": 1860029,
    "worksheet_bytes": 1860029,
    "worksheet_member": "xl/worksheets/sheet1.xml",
    "worksheet_xml_bytes": 1860029
  },
  "source_stream_byte_limit": 8388608,
  "source_stream_eligible": true,
  "source_xml_bytes": 1860029,
  "tool": "perf_cap_boundary",
  "warmup_iterations": 20
}
