{
  "schema": "litchi.xlsx.planning-refusal-guard.v1",
  "tool": "xlsx_planning_guard",
  "case": "late-raw",
  "shape": "medium",
  "warmup_iterations": 20,
  "samples": 200,
  "source": {
    "generator": "litchi-xlsx-planning-refusal-guard-fixed-grid-v1",
    "shape": "medium",
    "rows": 96,
    "columns": 96,
    "archive_bytes": 248043,
    "worksheet_bytes": 246229,
    "source_sha256": "aa41c4d9dad3b053a6ea337039b2eb94bea521cbefe02caf9a622ae4a7149c63",
    "worksheet_sha256": "3f922c4e390aafb957d354ead5b12de3af6e3f88c5d20de5c32d1e91b19e6f8f",
    "worksheet_member": "xl/worksheets/sheet1.xml",
    "compression": "stored",
    "fixture_kind": "raw_zip_input_no_opc_authored_xml_validation"
  },
  "source_sha256": "aa41c4d9dad3b053a6ea337039b2eb94bea521cbefe02caf9a622ae4a7149c63",
  "logical_error": {
    "status": "expected_failure",
    "variant": "Invalid",
    "message": "invalid worksheet boolean 'maybe'"
  },
  "phase": {
    "name": "edit_sheets",
    "sample_order": [
      0,
      1,
      2,
      3,
      4,
      5,
      6,
      7,
      8,
      9,
      10,
      11,
      12,
      13,
      14,
      15,
      16,
      17,
      18,
      19,
      20,
      21,
      22,
      23,
      24,
      25,
      26,
      27,
      28,
      29,
      30,
      31,
      32,
      33,
      34,
      35,
      36,
      37,
      38,
      39,
      40,
      41,
      42,
      43,
      44,
      45,
      46,
      47,
      48,
      49,
      50,
      51,
      52,
      53,
      54,
      55,
      56,
      57,
      58,
      59,
      60,
      61,
      62,
      63,
      64,
      65,
      66,
      67,
      68,
      69,
      70,
      71,
      72,
      73,
      74,
      75,
      76,
      77,
      78,
      79,
      80,
      81,
      82,
      83,
      84,
      85,
      86,
      87,
      88,
      89,
      90,
      91,
      92,
      93,
      94,
      95,
      96,
      97,
      98,
      99,
      100,
      101,
      102,
      103,
      104,
      105,
      106,
      107,
      108,
      109,
      110,
      111,
      112,
      113,
      114,
      115,
      116,
      117,
      118,
      119,
      120,
      121,
      122,
      123,
      124,
      125,
      126,
      127,
      128,
      129,
      130,
      131,
      132,
      133,
      134,
      135,
      136,
      137,
      138,
      139,
      140,
      141,
      142,
      143,
      144,
      145,
      146,
      147,
      148,
      149,
      150,
      151,
      152,
      153,
      154,
      155,
      156,
      157,
      158,
      159,
      160,
      161,
      162,
      163,
      164,
      165,
      166,
      167,
      168,
      169,
      170,
      171,
      172,
      173,
      174,
      175,
      176,
      177,
      178,
      179,
      180,
      181,
      182,
      183,
      184,
      185,
      186,
      187,
      188,
      189,
      190,
      191,
      192,
      193,
      194,
      195,
      196,
      197,
      198,
      199
    ],
    "duration_ns": [
      8079507,
      8079277,
      8066187,
      8090017,
      8101367,
      8099987,
      8098117,
      8106087,
      8083556,
      8114007,
      8117207,
      8108827,
      8102917,
      8113157,
      8106657,
      8106407,
      8123027,
      8122577,
      8118787,
      8107517,
      8090707,
      8092587,
      8086807,
      8082737,
      8077646,
      8103087,
      8112487,
      8101657,
      8092057,
      8086157,
      8072937,
      8091186,
      8119947,
      8096737,
      8077807,
      8107347,
      8099637,
      8125257,
      8093846,
      8104347,
      8114147,
      8155738,
      8190368,
      8154577,
      8165198,
      8139068,
      8149908,
      8150558,
      8154648,
      8144728,
      8126697,
      8138417,
      8126777,
      8126247,
      8131568,
      8149397,
      8132937,
      8158297,
      8167207,
      8150107,
      8193847,
      8149747,
      8141577,
      8145517,
      8159347,
      8161397,
      8153547,
      8157287,
      8143737,
      8156248,
      8140918,
      8164468,
      8090217,
      8100957,
      8118187,
      8120657,
      8101447,
      8094997,
      8100397,
      8164077,
      8106727,
      8105827,
      8105637,
      8116557,
      8101357,
      8119517,
      8100347,
      8112477,
      8114917,
      8119427,
      8101847,
      8141457,
      8099427,
      8079806,
      8108287,
      8109826,
      8102817,
      8148677,
      8151828,
      8146117,
      8106237,
      8102046,
      8098727,
      8137167,
      8104267,
      8162107,
      8118217,
      8097467,
      8097837,
      8165347,
      8131337,
      8085767,
      8096057,
      8111907,
      8075957,
      8071317,
      8078537,
      8071457,
      8122017,
      8090067,
      8088047,
      8087257,
      8095147,
      8081927,
      8074167,
      8093817,
      8088527,
      8086997,
      8122547,
      8087086,
      8072967,
      8121037,
      8093307,
      8081347,
      8182957,
      8065046,
      8072547,
      8061877,
      8097627,
      8060077,
      8071966,
      8060637,
      8089637,
      8069627,
      8050617,
      8059026,
      8100547,
      8053697,
      8057237,
      8064127,
      8114307,
      8098607,
      8090467,
      8081047,
      8098247,
      8077037,
      8077667,
      8047297,
      8075626,
      8069437,
      8065217,
      8063637,
      8068037,
      8061697,
      8067086,
      8044726,
      8079867,
      8051727,
      8039437,
      8053567,
      8060257,
      8064827,
      8061707,
      8068806,
      8056737,
      8048527,
      8071487,
      8059517,
      8062747,
      8040806,
      8053217,
      8051986,
      8066967,
      8077497,
      8072367,
      8109947,
      8076567,
      8091937,
      8057126,
      8129367,
      8072697,
      8128587,
      8129258,
      8105717,
      8092057,
      8089157,
      8085117,
      8103777,
      8092787,
      8098667
    ],
    "allocation_metrics": [
      {
        "status": "unavailable",
        "scope": "operation_global_system_allocator"
      },
      {
        "status": "unavailable",
        "scope": "operation_global_system_allocator"
      },
      {
        "status": "unavailable",
        "scope": "operation_global_system_allocator"
      },
      {
        "status": "unavailable",
        "scope": "operation_global_system_allocator"
      },
      {
        "status": "unavailable",
        "scope": "operation_global_system_allocator"
      },
      {
        "status": "unavailable",
        "scope": "operation_global_system_allocator"
      },
      {
        "status": "unavailable",
        "scope": "operation_global_system_allocator"
      },
      {
        "status": "unavailable",
        "scope": "operation_global_system_allocator"
      },
      {
        "status": "unavailable",
        "scope": "operation_global_system_allocator"
      },
      {
        "status": "unavailable",
        "scope": "operation_global_system_allocator"
      },
      {
        "status": "unavailable",
        "scope": "operation_global_system_allocator"
      },
      {
        "status": "unavailable",
        "scope": "operation_global_system_allocator"
      },
      {
        "status": "unavailable",
        "scope": "operation_global_system_allocator"
      },
      {
        "status": "unavailable",
        "scope": "operation_global_system_allocator"
      },
      {
        "status": "unavailable",
        "scope": "operation_global_system_allocator"
      },
      {
        "status": "unavailable",
        "scope": "operation_global_system_allocator"
      },
      {
        "status": "unavailable",
        "scope": "operation_global_system_allocator"
      },
      {
        "status": "unavailable",
        "scope": "operation_global_system_allocator"
      },
      {
        "status": "unavailable",
        "scope": "operation_global_system_allocator"
      },
      {
        "status": "unavailable",
        "scope": "operation_global_system_allocator"
      },
      {
        "status": "unavailable",
        "scope": "operation_global_system_allocator"
      },
      {
        "status": "unavailable",
        "scope": "operation_global_system_allocator"
      },
      {
        "status": "unavailable",
        "scope": "operation_global_system_allocator"
      },
      {
        "status": "unavailable",
        "scope": "operation_global_system_allocator"
      },
      {
        "status": "unavailable",
        "scope": "operation_global_system_allocator"
      },
      {
        "status": "unavailable",
        "scope": "operation_global_system_allocator"
      },
      {
        "status": "unavailable",
        "scope": "operation_global_system_allocator"
      },
      {
        "status": "unavailable",
        "scope": "operation_global_system_allocator"
      },
      {
        "status": "unavailable",
        "scope": "operation_global_system_allocator"
      },
      {
        "status": "unavailable",
        "scope": "operation_global_system_allocator"
      },
      {
        "status": "unavailable",
        "scope": "operation_global_system_allocator"
      },
      {
        "status": "unavailable",
        "scope": "operation_global_system_allocator"
      },
      {
        "status": "unavailable",
        "scope": "operation_global_system_allocator"
      },
      {
        "status": "unavailable",
        "scope": "operation_global_system_allocator"
      },
      {
        "status": "unavailable",
        "scope": "operation_global_system_allocator"
      },
      {
        "status": "unavailable",
        "scope": "operation_global_system_allocator"
      },
      {
        "status": "unavailable",
        "scope": "operation_global_system_allocator"
      },
      {
        "status": "unavailable",
        "scope": "operation_global_system_allocator"
      },
      {
        "status": "unavailable",
        "scope": "operation_global_system_allocator"
      },
      {
        "status": "unavailable",
        "scope": "operation_global_system_allocator"
      },
      {
        "status": "unavailable",
        "scope": "operation_global_system_allocator"
      },
      {
        "status": "unavailable",
        "scope": "operation_global_system_allocator"
      },
      {
        "status": "unavailable",
        "scope": "operation_global_system_allocator"
      },
      {
        "status": "unavailable",
        "scope": "operation_global_system_allocator"
      },
      {
        "status": "unavailable",
        "scope": "operation_global_system_allocator"
      },
      {
        "status": "unavailable",
        "scope": "operation_global_system_allocator"
      },
      {
        "status": "unavailable",
        "scope": "operation_global_system_allocator"
      },
      {
        "status": "unavailable",
        "scope": "operation_global_system_allocator"
      },
      {
        "status": "unavailable",
        "scope": "operation_global_system_allocator"
      },
      {
        "status": "unavailable",
        "scope": "operation_global_system_allocator"
      },
      {
        "status": "unavailable",
        "scope": "operation_global_system_allocator"
      },
      {
        "status": "unavailable",
        "scope": "operation_global_system_allocator"
      },
      {
        "status": "unavailable",
        "scope": "operation_global_system_allocator"
      },
      {
        "status": "unavailable",
        "scope": "operation_global_system_allocator"
      },
      {
        "status": "unavailable",
        "scope": "operation_global_system_allocator"
      },
      {
        "status": "unavailable",
        "scope": "operation_global_system_allocator"
      },
      {
        "status": "unavailable",
        "scope": "operation_global_system_allocator"
      },
      {
        "status": "unavailable",
        "scope": "operation_global_system_allocator"
      },
      {
        "status": "unavailable",
        "scope": "operation_global_system_allocator"
      },
      {
        "status": "unavailable",
        "scope": "operation_global_system_allocator"
      },
      {
        "status": "unavailable",
        "scope": "operation_global_system_allocator"
      },
      {
        "status": "unavailable",
        "scope": "operation_global_system_allocator"
      },
      {
        "status": "unavailable",
        "scope": "operation_global_system_allocator"
      },
      {
        "status": "unavailable",
        "scope": "operation_global_system_allocator"
      },
      {
        "status": "unavailable",
        "scope": "operation_global_system_allocator"
      },
      {
        "status": "unavailable",
        "scope": "operation_global_system_allocator"
      },
      {
        "status": "unavailable",
        "scope": "operation_global_system_allocator"
      },
      {
        "status": "unavailable",
        "scope": "operation_global_system_allocator"
      },
      {
        "status": "unavailable",
        "scope": "operation_global_system_allocator"
      },
      {
        "status": "unavailable",
        "scope": "operation_global_system_allocator"
      },
      {
        "status": "unavailable",
        "scope": "operation_global_system_allocator"
      },
      {
        "status": "unavailable",
        "scope": "operation_global_system_allocator"
      },
      {
        "status": "unavailable",
        "scope": "operation_global_system_allocator"
      },
      {
        "status": "unavailable",
        "scope": "operation_global_system_allocator"
      },
      {
        "status": "unavailable",
        "scope": "operation_global_system_allocator"
      },
      {
        "status": "unavailable",
        "scope": "operation_global_system_allocator"
      },
      {
        "status": "unavailable",
        "scope": "operation_global_system_allocator"
      },
      {
        "status": "unavailable",
        "scope": "operation_global_system_allocator"
      },
      {
        "status": "unavailable",
        "scope": "operation_global_system_allocator"
      },
      {
        "status": "unavailable",
        "scope": "operation_global_system_allocator"
      },
      {
        "status": "unavailable",
        "scope": "operation_global_system_allocator"
      },
      {
        "status": "unavailable",
        "scope": "operation_global_system_allocator"
      },
      {
        "status": "unavailable",
        "scope": "operation_global_system_allocator"
      },
      {
        "status": "unavailable",
        "scope": "operation_global_system_allocator"
      },
      {
        "status": "unavailable",
        "scope": "operation_global_system_allocator"
      },
      {
        "status": "unavailable",
        "scope": "operation_global_system_allocator"
      },
      {
        "status": "unavailable",
        "scope": "operation_global_system_allocator"
      },
      {
        "status": "unavailable",
        "scope": "operation_global_system_allocator"
      },
      {
        "status": "unavailable",
        "scope": "operation_global_system_allocator"
      },
      {
        "status": "unavailable",
        "scope": "operation_global_system_allocator"
      },
      {
        "status": "unavailable",
        "scope": "operation_global_system_allocator"
      },
      {
        "status": "unavailable",
        "scope": "operation_global_system_allocator"
      },
      {
        "status": "unavailable",
        "scope": "operation_global_system_allocator"
      },
      {
        "status": "unavailable",
        "scope": "operation_global_system_allocator"
      },
      {
        "status": "unavailable",
        "scope": "operation_global_system_allocator"
      },
      {
        "status": "unavailable",
        "scope": "operation_global_system_allocator"
      },
      {
        "status": "unavailable",
        "scope": "operation_global_system_allocator"
      },
      {
        "status": "unavailable",
        "scope": "operation_global_system_allocator"
      },
      {
        "status": "unavailable",
        "scope": "operation_global_system_allocator"
      },
      {
        "status": "unavailable",
        "scope": "operation_global_system_allocator"
      },
      {
        "status": "unavailable",
        "scope": "operation_global_system_allocator"
      },
      {
        "status": "unavailable",
        "scope": "operation_global_system_allocator"
      },
      {
        "status": "unavailable",
        "scope": "operation_global_system_allocator"
      },
      {
        "status": "unavailable",
        "scope": "operation_global_system_allocator"
      },
      {
        "status": "unavailable",
        "scope": "operation_global_system_allocator"
      },
      {
        "status": "unavailable",
        "scope": "operation_global_system_allocator"
      },
      {
        "status": "unavailable",
        "scope": "operation_global_system_allocator"
      },
      {
        "status": "unavailable",
        "scope": "operation_global_system_allocator"
      },
      {
        "status": "unavailable",
        "scope": "operation_global_system_allocator"
      },
      {
        "status": "unavailable",
        "scope": "operation_global_system_allocator"
      },
      {
        "status": "unavailable",
        "scope": "operation_global_system_allocator"
      },
      {
        "status": "unavailable",
        "scope": "operation_global_system_allocator"
      },
      {
        "status": "unavailable",
        "scope": "operation_global_system_allocator"
      },
      {
        "status": "unavailable",
        "scope": "operation_global_system_allocator"
      },
      {
        "status": "unavailable",
        "scope": "operation_global_system_allocator"
      },
      {
        "status": "unavailable",
        "scope": "operation_global_system_allocator"
      },
      {
        "status": "unavailable",
        "scope": "operation_global_system_allocator"
      },
      {
        "status": "unavailable",
        "scope": "operation_global_system_allocator"
      },
      {
        "status": "unavailable",
        "scope": "operation_global_system_allocator"
      },
      {
        "status": "unavailable",
        "scope": "operation_global_system_allocator"
      },
      {
        "status": "unavailable",
        "scope": "operation_global_system_allocator"
      },
      {
        "status": "unavailable",
        "scope": "operation_global_system_allocator"
      },
      {
        "status": "unavailable",
        "scope": "operation_global_system_allocator"
      },
      {
        "status": "unavailable",
        "scope": "operation_global_system_allocator"
      },
      {
        "status": "unavailable",
        "scope": "operation_global_system_allocator"
      },
      {
        "status": "unavailable",
        "scope": "operation_global_system_allocator"
      },
      {
        "status": "unavailable",
        "scope": "operation_global_system_allocator"
      },
      {
        "status": "unavailable",
        "scope": "operation_global_system_allocator"
      },
      {
        "status": "unavailable",
        "scope": "operation_global_system_allocator"
      },
      {
        "status": "unavailable",
        "scope": "operation_global_system_allocator"
      },
      {
        "status": "unavailable",
        "scope": "operation_global_system_allocator"
      },
      {
        "status": "unavailable",
        "scope": "operation_global_system_allocator"
      },
      {
        "status": "unavailable",
        "scope": "operation_global_system_allocator"
      },
      {
        "status": "unavailable",
        "scope": "operation_global_system_allocator"
      },
      {
        "status": "unavailable",
        "scope": "operation_global_system_allocator"
      },
      {
        "status": "unavailable",
        "scope": "operation_global_system_allocator"
      },
      {
        "status": "unavailable",
        "scope": "operation_global_system_allocator"
      },
      {
        "status": "unavailable",
        "scope": "operation_global_system_allocator"
      },
      {
        "status": "unavailable",
        "scope": "operation_global_system_allocator"
      },
      {
        "status": "unavailable",
        "scope": "operation_global_system_allocator"
      },
      {
        "status": "unavailable",
        "scope": "operation_global_system_allocator"
      },
      {
        "status": "unavailable",
        "scope": "operation_global_system_allocator"
      },
      {
        "status": "unavailable",
        "scope": "operation_global_system_allocator"
      },
      {
        "status": "unavailable",
        "scope": "operation_global_system_allocator"
      },
      {
        "status": "unavailable",
        "scope": "operation_global_system_allocator"
      },
      {
        "status": "unavailable",
        "scope": "operation_global_system_allocator"
      },
      {
        "status": "unavailable",
        "scope": "operation_global_system_allocator"
      },
      {
        "status": "unavailable",
        "scope": "operation_global_system_allocator"
      },
      {
        "status": "unavailable",
        "scope": "operation_global_system_allocator"
      },
      {
        "status": "unavailable",
        "scope": "operation_global_system_allocator"
      },
      {
        "status": "unavailable",
        "scope": "operation_global_system_allocator"
      },
      {
        "status": "unavailable",
        "scope": "operation_global_system_allocator"
      },
      {
        "status": "unavailable",
        "scope": "operation_global_system_allocator"
      },
      {
        "status": "unavailable",
        "scope": "operation_global_system_allocator"
      },
      {
        "status": "unavailable",
        "scope": "operation_global_system_allocator"
      },
      {
        "status": "unavailable",
        "scope": "operation_global_system_allocator"
      },
      {
        "status": "unavailable",
        "scope": "operation_global_system_allocator"
      },
      {
        "status": "unavailable",
        "scope": "operation_global_system_allocator"
      },
      {
        "status": "unavailable",
        "scope": "operation_global_system_allocator"
      },
      {
        "status": "unavailable",
        "scope": "operation_global_system_allocator"
      },
      {
        "status": "unavailable",
        "scope": "operation_global_system_allocator"
      },
      {
        "status": "unavailable",
        "scope": "operation_global_system_allocator"
      },
      {
        "status": "unavailable",
        "scope": "operation_global_system_allocator"
      },
      {
        "status": "unavailable",
        "scope": "operation_global_system_allocator"
      },
      {
        "status": "unavailable",
        "scope": "operation_global_system_allocator"
      },
      {
        "status": "unavailable",
        "scope": "operation_global_system_allocator"
      },
      {
        "status": "unavailable",
        "scope": "operation_global_system_allocator"
      },
      {
        "status": "unavailable",
        "scope": "operation_global_system_allocator"
      },
      {
        "status": "unavailable",
        "scope": "operation_global_system_allocator"
      },
      {
        "status": "unavailable",
        "scope": "operation_global_system_allocator"
      },
      {
        "status": "unavailable",
        "scope": "operation_global_system_allocator"
      },
      {
        "status": "unavailable",
        "scope": "operation_global_system_allocator"
      },
      {
        "status": "unavailable",
        "scope": "operation_global_system_allocator"
      },
      {
        "status": "unavailable",
        "scope": "operation_global_system_allocator"
      },
      {
        "status": "unavailable",
        "scope": "operation_global_system_allocator"
      },
      {
        "status": "unavailable",
        "scope": "operation_global_system_allocator"
      },
      {
        "status": "unavailable",
        "scope": "operation_global_system_allocator"
      },
      {
        "status": "unavailable",
        "scope": "operation_global_system_allocator"
      },
      {
        "status": "unavailable",
        "scope": "operation_global_system_allocator"
      },
      {
        "status": "unavailable",
        "scope": "operation_global_system_allocator"
      },
      {
        "status": "unavailable",
        "scope": "operation_global_system_allocator"
      },
      {
        "status": "unavailable",
        "scope": "operation_global_system_allocator"
      },
      {
        "status": "unavailable",
        "scope": "operation_global_system_allocator"
      },
      {
        "status": "unavailable",
        "scope": "operation_global_system_allocator"
      },
      {
        "status": "unavailable",
        "scope": "operation_global_system_allocator"
      },
      {
        "status": "unavailable",
        "scope": "operation_global_system_allocator"
      },
      {
        "status": "unavailable",
        "scope": "operation_global_system_allocator"
      },
      {
        "status": "unavailable",
        "scope": "operation_global_system_allocator"
      },
      {
        "status": "unavailable",
        "scope": "operation_global_system_allocator"
      },
      {
        "status": "unavailable",
        "scope": "operation_global_system_allocator"
      },
      {
        "status": "unavailable",
        "scope": "operation_global_system_allocator"
      },
      {
        "status": "unavailable",
        "scope": "operation_global_system_allocator"
      },
      {
        "status": "unavailable",
        "scope": "operation_global_system_allocator"
      },
      {
        "status": "unavailable",
        "scope": "operation_global_system_allocator"
      },
      {
        "status": "unavailable",
        "scope": "operation_global_system_allocator"
      },
      {
        "status": "unavailable",
        "scope": "operation_global_system_allocator"
      },
      {
        "status": "unavailable",
        "scope": "operation_global_system_allocator"
      },
      {
        "status": "unavailable",
        "scope": "operation_global_system_allocator"
      },
      {
        "status": "unavailable",
        "scope": "operation_global_system_allocator"
      },
      {
        "status": "unavailable",
        "scope": "operation_global_system_allocator"
      }
    ],
    "samples": [
      {
        "order": 0,
        "duration_ns": 8079507,
        "allocation_metrics": {
          "status": "unavailable",
          "scope": "operation_global_system_allocator"
        }
      },
      {
        "order": 1,
        "duration_ns": 8079277,
        "allocation_metrics": {
          "status": "unavailable",
          "scope": "operation_global_system_allocator"
        }
      },
      {
        "order": 2,
        "duration_ns": 8066187,
        "allocation_metrics": {
          "status": "unavailable",
          "scope": "operation_global_system_allocator"
        }
      },
      {
        "order": 3,
        "duration_ns": 8090017,
        "allocation_metrics": {
          "status": "unavailable",
          "scope": "operation_global_system_allocator"
        }
      },
      {
        "order": 4,
        "duration_ns": 8101367,
        "allocation_metrics": {
          "status": "unavailable",
          "scope": "operation_global_system_allocator"
        }
      },
      {
        "order": 5,
        "duration_ns": 8099987,
        "allocation_metrics": {
          "status": "unavailable",
          "scope": "operation_global_system_allocator"
        }
      },
      {
        "order": 6,
        "duration_ns": 8098117,
        "allocation_metrics": {
          "status": "unavailable",
          "scope": "operation_global_system_allocator"
        }
      },
      {
        "order": 7,
        "duration_ns": 8106087,
        "allocation_metrics": {
          "status": "unavailable",
          "scope": "operation_global_system_allocator"
        }
      },
      {
        "order": 8,
        "duration_ns": 8083556,
        "allocation_metrics": {
          "status": "unavailable",
          "scope": "operation_global_system_allocator"
        }
      },
      {
        "order": 9,
        "duration_ns": 8114007,
        "allocation_metrics": {
          "status": "unavailable",
          "scope": "operation_global_system_allocator"
        }
      },
      {
        "order": 10,
        "duration_ns": 8117207,
        "allocation_metrics": {
          "status": "unavailable",
          "scope": "operation_global_system_allocator"
        }
      },
      {
        "order": 11,
        "duration_ns": 8108827,
        "allocation_metrics": {
          "status": "unavailable",
          "scope": "operation_global_system_allocator"
        }
      },
      {
        "order": 12,
        "duration_ns": 8102917,
        "allocation_metrics": {
          "status": "unavailable",
          "scope": "operation_global_system_allocator"
        }
      },
      {
        "order": 13,
        "duration_ns": 8113157,
        "allocation_metrics": {
          "status": "unavailable",
          "scope": "operation_global_system_allocator"
        }
      },
      {
        "order": 14,
        "duration_ns": 8106657,
        "allocation_metrics": {
          "status": "unavailable",
          "scope": "operation_global_system_allocator"
        }
      },
      {
        "order": 15,
        "duration_ns": 8106407,
        "allocation_metrics": {
          "status": "unavailable",
          "scope": "operation_global_system_allocator"
        }
      },
      {
        "order": 16,
        "duration_ns": 8123027,
        "allocation_metrics": {
          "status": "unavailable",
          "scope": "operation_global_system_allocator"
        }
      },
      {
        "order": 17,
        "duration_ns": 8122577,
        "allocation_metrics": {
          "status": "unavailable",
          "scope": "operation_global_system_allocator"
        }
      },
      {
        "order": 18,
        "duration_ns": 8118787,
        "allocation_metrics": {
          "status": "unavailable",
          "scope": "operation_global_system_allocator"
        }
      },
      {
        "order": 19,
        "duration_ns": 8107517,
        "allocation_metrics": {
          "status": "unavailable",
          "scope": "operation_global_system_allocator"
        }
      },
      {
        "order": 20,
        "duration_ns": 8090707,
        "allocation_metrics": {
          "status": "unavailable",
          "scope": "operation_global_system_allocator"
        }
      },
      {
        "order": 21,
        "duration_ns": 8092587,
        "allocation_metrics": {
          "status": "unavailable",
          "scope": "operation_global_system_allocator"
        }
      },
      {
        "order": 22,
        "duration_ns": 8086807,
        "allocation_metrics": {
          "status": "unavailable",
          "scope": "operation_global_system_allocator"
        }
      },
      {
        "order": 23,
        "duration_ns": 8082737,
        "allocation_metrics": {
          "status": "unavailable",
          "scope": "operation_global_system_allocator"
        }
      },
      {
        "order": 24,
        "duration_ns": 8077646,
        "allocation_metrics": {
          "status": "unavailable",
          "scope": "operation_global_system_allocator"
        }
      },
      {
        "order": 25,
        "duration_ns": 8103087,
        "allocation_metrics": {
          "status": "unavailable",
          "scope": "operation_global_system_allocator"
        }
      },
      {
        "order": 26,
        "duration_ns": 8112487,
        "allocation_metrics": {
          "status": "unavailable",
          "scope": "operation_global_system_allocator"
        }
      },
      {
        "order": 27,
        "duration_ns": 8101657,
        "allocation_metrics": {
          "status": "unavailable",
          "scope": "operation_global_system_allocator"
        }
      },
      {
        "order": 28,
        "duration_ns": 8092057,
        "allocation_metrics": {
          "status": "unavailable",
          "scope": "operation_global_system_allocator"
        }
      },
      {
        "order": 29,
        "duration_ns": 8086157,
        "allocation_metrics": {
          "status": "unavailable",
          "scope": "operation_global_system_allocator"
        }
      },
      {
        "order": 30,
        "duration_ns": 8072937,
        "allocation_metrics": {
          "status": "unavailable",
          "scope": "operation_global_system_allocator"
        }
      },
      {
        "order": 31,
        "duration_ns": 8091186,
        "allocation_metrics": {
          "status": "unavailable",
          "scope": "operation_global_system_allocator"
        }
      },
      {
        "order": 32,
        "duration_ns": 8119947,
        "allocation_metrics": {
          "status": "unavailable",
          "scope": "operation_global_system_allocator"
        }
      },
      {
        "order": 33,
        "duration_ns": 8096737,
        "allocation_metrics": {
          "status": "unavailable",
          "scope": "operation_global_system_allocator"
        }
      },
      {
        "order": 34,
        "duration_ns": 8077807,
        "allocation_metrics": {
          "status": "unavailable",
          "scope": "operation_global_system_allocator"
        }
      },
      {
        "order": 35,
        "duration_ns": 8107347,
        "allocation_metrics": {
          "status": "unavailable",
          "scope": "operation_global_system_allocator"
        }
      },
      {
        "order": 36,
        "duration_ns": 8099637,
        "allocation_metrics": {
          "status": "unavailable",
          "scope": "operation_global_system_allocator"
        }
      },
      {
        "order": 37,
        "duration_ns": 8125257,
        "allocation_metrics": {
          "status": "unavailable",
          "scope": "operation_global_system_allocator"
        }
      },
      {
        "order": 38,
        "duration_ns": 8093846,
        "allocation_metrics": {
          "status": "unavailable",
          "scope": "operation_global_system_allocator"
        }
      },
      {
        "order": 39,
        "duration_ns": 8104347,
        "allocation_metrics": {
          "status": "unavailable",
          "scope": "operation_global_system_allocator"
        }
      },
      {
        "order": 40,
        "duration_ns": 8114147,
        "allocation_metrics": {
          "status": "unavailable",
          "scope": "operation_global_system_allocator"
        }
      },
      {
        "order": 41,
        "duration_ns": 8155738,
        "allocation_metrics": {
          "status": "unavailable",
          "scope": "operation_global_system_allocator"
        }
      },
      {
        "order": 42,
        "duration_ns": 8190368,
        "allocation_metrics": {
          "status": "unavailable",
          "scope": "operation_global_system_allocator"
        }
      },
      {
        "order": 43,
        "duration_ns": 8154577,
        "allocation_metrics": {
          "status": "unavailable",
          "scope": "operation_global_system_allocator"
        }
      },
      {
        "order": 44,
        "duration_ns": 8165198,
        "allocation_metrics": {
          "status": "unavailable",
          "scope": "operation_global_system_allocator"
        }
      },
      {
        "order": 45,
        "duration_ns": 8139068,
        "allocation_metrics": {
          "status": "unavailable",
          "scope": "operation_global_system_allocator"
        }
      },
      {
        "order": 46,
        "duration_ns": 8149908,
        "allocation_metrics": {
          "status": "unavailable",
          "scope": "operation_global_system_allocator"
        }
      },
      {
        "order": 47,
        "duration_ns": 8150558,
        "allocation_metrics": {
          "status": "unavailable",
          "scope": "operation_global_system_allocator"
        }
      },
      {
        "order": 48,
        "duration_ns": 8154648,
        "allocation_metrics": {
          "status": "unavailable",
          "scope": "operation_global_system_allocator"
        }
      },
      {
        "order": 49,
        "duration_ns": 8144728,
        "allocation_metrics": {
          "status": "unavailable",
          "scope": "operation_global_system_allocator"
        }
      },
      {
        "order": 50,
        "duration_ns": 8126697,
        "allocation_metrics": {
          "status": "unavailable",
          "scope": "operation_global_system_allocator"
        }
      },
      {
        "order": 51,
        "duration_ns": 8138417,
        "allocation_metrics": {
          "status": "unavailable",
          "scope": "operation_global_system_allocator"
        }
      },
      {
        "order": 52,
        "duration_ns": 8126777,
        "allocation_metrics": {
          "status": "unavailable",
          "scope": "operation_global_system_allocator"
        }
      },
      {
        "order": 53,
        "duration_ns": 8126247,
        "allocation_metrics": {
          "status": "unavailable",
          "scope": "operation_global_system_allocator"
        }
      },
      {
        "order": 54,
        "duration_ns": 8131568,
        "allocation_metrics": {
          "status": "unavailable",
          "scope": "operation_global_system_allocator"
        }
      },
      {
        "order": 55,
        "duration_ns": 8149397,
        "allocation_metrics": {
          "status": "unavailable",
          "scope": "operation_global_system_allocator"
        }
      },
      {
        "order": 56,
        "duration_ns": 8132937,
        "allocation_metrics": {
          "status": "unavailable",
          "scope": "operation_global_system_allocator"
        }
      },
      {
        "order": 57,
        "duration_ns": 8158297,
        "allocation_metrics": {
          "status": "unavailable",
          "scope": "operation_global_system_allocator"
        }
      },
      {
        "order": 58,
        "duration_ns": 8167207,
        "allocation_metrics": {
          "status": "unavailable",
          "scope": "operation_global_system_allocator"
        }
      },
      {
        "order": 59,
        "duration_ns": 8150107,
        "allocation_metrics": {
          "status": "unavailable",
          "scope": "operation_global_system_allocator"
        }
      },
      {
        "order": 60,
        "duration_ns": 8193847,
        "allocation_metrics": {
          "status": "unavailable",
          "scope": "operation_global_system_allocator"
        }
      },
      {
        "order": 61,
        "duration_ns": 8149747,
        "allocation_metrics": {
          "status": "unavailable",
          "scope": "operation_global_system_allocator"
        }
      },
      {
        "order": 62,
        "duration_ns": 8141577,
        "allocation_metrics": {
          "status": "unavailable",
          "scope": "operation_global_system_allocator"
        }
      },
      {
        "order": 63,
        "duration_ns": 8145517,
        "allocation_metrics": {
          "status": "unavailable",
          "scope": "operation_global_system_allocator"
        }
      },
      {
        "order": 64,
        "duration_ns": 8159347,
        "allocation_metrics": {
          "status": "unavailable",
          "scope": "operation_global_system_allocator"
        }
      },
      {
        "order": 65,
        "duration_ns": 8161397,
        "allocation_metrics": {
          "status": "unavailable",
          "scope": "operation_global_system_allocator"
        }
      },
      {
        "order": 66,
        "duration_ns": 8153547,
        "allocation_metrics": {
          "status": "unavailable",
          "scope": "operation_global_system_allocator"
        }
      },
      {
        "order": 67,
        "duration_ns": 8157287,
        "allocation_metrics": {
          "status": "unavailable",
          "scope": "operation_global_system_allocator"
        }
      },
      {
        "order": 68,
        "duration_ns": 8143737,
        "allocation_metrics": {
          "status": "unavailable",
          "scope": "operation_global_system_allocator"
        }
      },
      {
        "order": 69,
        "duration_ns": 8156248,
        "allocation_metrics": {
          "status": "unavailable",
          "scope": "operation_global_system_allocator"
        }
      },
      {
        "order": 70,
        "duration_ns": 8140918,
        "allocation_metrics": {
          "status": "unavailable",
          "scope": "operation_global_system_allocator"
        }
      },
      {
        "order": 71,
        "duration_ns": 8164468,
        "allocation_metrics": {
          "status": "unavailable",
          "scope": "operation_global_system_allocator"
        }
      },
      {
        "order": 72,
        "duration_ns": 8090217,
        "allocation_metrics": {
          "status": "unavailable",
          "scope": "operation_global_system_allocator"
        }
      },
      {
        "order": 73,
        "duration_ns": 8100957,
        "allocation_metrics": {
          "status": "unavailable",
          "scope": "operation_global_system_allocator"
        }
      },
      {
        "order": 74,
        "duration_ns": 8118187,
        "allocation_metrics": {
          "status": "unavailable",
          "scope": "operation_global_system_allocator"
        }
      },
      {
        "order": 75,
        "duration_ns": 8120657,
        "allocation_metrics": {
          "status": "unavailable",
          "scope": "operation_global_system_allocator"
        }
      },
      {
        "order": 76,
        "duration_ns": 8101447,
        "allocation_metrics": {
          "status": "unavailable",
          "scope": "operation_global_system_allocator"
        }
      },
      {
        "order": 77,
        "duration_ns": 8094997,
        "allocation_metrics": {
          "status": "unavailable",
          "scope": "operation_global_system_allocator"
        }
      },
      {
        "order": 78,
        "duration_ns": 8100397,
        "allocation_metrics": {
          "status": "unavailable",
          "scope": "operation_global_system_allocator"
        }
      },
      {
        "order": 79,
        "duration_ns": 8164077,
        "allocation_metrics": {
          "status": "unavailable",
          "scope": "operation_global_system_allocator"
        }
      },
      {
        "order": 80,
        "duration_ns": 8106727,
        "allocation_metrics": {
          "status": "unavailable",
          "scope": "operation_global_system_allocator"
        }
      },
      {
        "order": 81,
        "duration_ns": 8105827,
        "allocation_metrics": {
          "status": "unavailable",
          "scope": "operation_global_system_allocator"
        }
      },
      {
        "order": 82,
        "duration_ns": 8105637,
        "allocation_metrics": {
          "status": "unavailable",
          "scope": "operation_global_system_allocator"
        }
      },
      {
        "order": 83,
        "duration_ns": 8116557,
        "allocation_metrics": {
          "status": "unavailable",
          "scope": "operation_global_system_allocator"
        }
      },
      {
        "order": 84,
        "duration_ns": 8101357,
        "allocation_metrics": {
          "status": "unavailable",
          "scope": "operation_global_system_allocator"
        }
      },
      {
        "order": 85,
        "duration_ns": 8119517,
        "allocation_metrics": {
          "status": "unavailable",
          "scope": "operation_global_system_allocator"
        }
      },
      {
        "order": 86,
        "duration_ns": 8100347,
        "allocation_metrics": {
          "status": "unavailable",
          "scope": "operation_global_system_allocator"
        }
      },
      {
        "order": 87,
        "duration_ns": 8112477,
        "allocation_metrics": {
          "status": "unavailable",
          "scope": "operation_global_system_allocator"
        }
      },
      {
        "order": 88,
        "duration_ns": 8114917,
        "allocation_metrics": {
          "status": "unavailable",
          "scope": "operation_global_system_allocator"
        }
      },
      {
        "order": 89,
        "duration_ns": 8119427,
        "allocation_metrics": {
          "status": "unavailable",
          "scope": "operation_global_system_allocator"
        }
      },
      {
        "order": 90,
        "duration_ns": 8101847,
        "allocation_metrics": {
          "status": "unavailable",
          "scope": "operation_global_system_allocator"
        }
      },
      {
        "order": 91,
        "duration_ns": 8141457,
        "allocation_metrics": {
          "status": "unavailable",
          "scope": "operation_global_system_allocator"
        }
      },
      {
        "order": 92,
        "duration_ns": 8099427,
        "allocation_metrics": {
          "status": "unavailable",
          "scope": "operation_global_system_allocator"
        }
      },
      {
        "order": 93,
        "duration_ns": 8079806,
        "allocation_metrics": {
          "status": "unavailable",
          "scope": "operation_global_system_allocator"
        }
      },
      {
        "order": 94,
        "duration_ns": 8108287,
        "allocation_metrics": {
          "status": "unavailable",
          "scope": "operation_global_system_allocator"
        }
      },
      {
        "order": 95,
        "duration_ns": 8109826,
        "allocation_metrics": {
          "status": "unavailable",
          "scope": "operation_global_system_allocator"
        }
      },
      {
        "order": 96,
        "duration_ns": 8102817,
        "allocation_metrics": {
          "status": "unavailable",
          "scope": "operation_global_system_allocator"
        }
      },
      {
        "order": 97,
        "duration_ns": 8148677,
        "allocation_metrics": {
          "status": "unavailable",
          "scope": "operation_global_system_allocator"
        }
      },
      {
        "order": 98,
        "duration_ns": 8151828,
        "allocation_metrics": {
          "status": "unavailable",
          "scope": "operation_global_system_allocator"
        }
      },
      {
        "order": 99,
        "duration_ns": 8146117,
        "allocation_metrics": {
          "status": "unavailable",
          "scope": "operation_global_system_allocator"
        }
      },
      {
        "order": 100,
        "duration_ns": 8106237,
        "allocation_metrics": {
          "status": "unavailable",
          "scope": "operation_global_system_allocator"
        }
      },
      {
        "order": 101,
        "duration_ns": 8102046,
        "allocation_metrics": {
          "status": "unavailable",
          "scope": "operation_global_system_allocator"
        }
      },
      {
        "order": 102,
        "duration_ns": 8098727,
        "allocation_metrics": {
          "status": "unavailable",
          "scope": "operation_global_system_allocator"
        }
      },
      {
        "order": 103,
        "duration_ns": 8137167,
        "allocation_metrics": {
          "status": "unavailable",
          "scope": "operation_global_system_allocator"
        }
      },
      {
        "order": 104,
        "duration_ns": 8104267,
        "allocation_metrics": {
          "status": "unavailable",
          "scope": "operation_global_system_allocator"
        }
      },
      {
        "order": 105,
        "duration_ns": 8162107,
        "allocation_metrics": {
          "status": "unavailable",
          "scope": "operation_global_system_allocator"
        }
      },
      {
        "order": 106,
        "duration_ns": 8118217,
        "allocation_metrics": {
          "status": "unavailable",
          "scope": "operation_global_system_allocator"
        }
      },
      {
        "order": 107,
        "duration_ns": 8097467,
        "allocation_metrics": {
          "status": "unavailable",
          "scope": "operation_global_system_allocator"
        }
      },
      {
        "order": 108,
        "duration_ns": 8097837,
        "allocation_metrics": {
          "status": "unavailable",
          "scope": "operation_global_system_allocator"
        }
      },
      {
        "order": 109,
        "duration_ns": 8165347,
        "allocation_metrics": {
          "status": "unavailable",
          "scope": "operation_global_system_allocator"
        }
      },
      {
        "order": 110,
        "duration_ns": 8131337,
        "allocation_metrics": {
          "status": "unavailable",
          "scope": "operation_global_system_allocator"
        }
      },
      {
        "order": 111,
        "duration_ns": 8085767,
        "allocation_metrics": {
          "status": "unavailable",
          "scope": "operation_global_system_allocator"
        }
      },
      {
        "order": 112,
        "duration_ns": 8096057,
        "allocation_metrics": {
          "status": "unavailable",
          "scope": "operation_global_system_allocator"
        }
      },
      {
        "order": 113,
        "duration_ns": 8111907,
        "allocation_metrics": {
          "status": "unavailable",
          "scope": "operation_global_system_allocator"
        }
      },
      {
        "order": 114,
        "duration_ns": 8075957,
        "allocation_metrics": {
          "status": "unavailable",
          "scope": "operation_global_system_allocator"
        }
      },
      {
        "order": 115,
        "duration_ns": 8071317,
        "allocation_metrics": {
          "status": "unavailable",
          "scope": "operation_global_system_allocator"
        }
      },
      {
        "order": 116,
        "duration_ns": 8078537,
        "allocation_metrics": {
          "status": "unavailable",
          "scope": "operation_global_system_allocator"
        }
      },
      {
        "order": 117,
        "duration_ns": 8071457,
        "allocation_metrics": {
          "status": "unavailable",
          "scope": "operation_global_system_allocator"
        }
      },
      {
        "order": 118,
        "duration_ns": 8122017,
        "allocation_metrics": {
          "status": "unavailable",
          "scope": "operation_global_system_allocator"
        }
      },
      {
        "order": 119,
        "duration_ns": 8090067,
        "allocation_metrics": {
          "status": "unavailable",
          "scope": "operation_global_system_allocator"
        }
      },
      {
        "order": 120,
        "duration_ns": 8088047,
        "allocation_metrics": {
          "status": "unavailable",
          "scope": "operation_global_system_allocator"
        }
      },
      {
        "order": 121,
        "duration_ns": 8087257,
        "allocation_metrics": {
          "status": "unavailable",
          "scope": "operation_global_system_allocator"
        }
      },
      {
        "order": 122,
        "duration_ns": 8095147,
        "allocation_metrics": {
          "status": "unavailable",
          "scope": "operation_global_system_allocator"
        }
      },
      {
        "order": 123,
        "duration_ns": 8081927,
        "allocation_metrics": {
          "status": "unavailable",
          "scope": "operation_global_system_allocator"
        }
      },
      {
        "order": 124,
        "duration_ns": 8074167,
        "allocation_metrics": {
          "status": "unavailable",
          "scope": "operation_global_system_allocator"
        }
      },
      {
        "order": 125,
        "duration_ns": 8093817,
        "allocation_metrics": {
          "status": "unavailable",
          "scope": "operation_global_system_allocator"
        }
      },
      {
        "order": 126,
        "duration_ns": 8088527,
        "allocation_metrics": {
          "status": "unavailable",
          "scope": "operation_global_system_allocator"
        }
      },
      {
        "order": 127,
        "duration_ns": 8086997,
        "allocation_metrics": {
          "status": "unavailable",
          "scope": "operation_global_system_allocator"
        }
      },
      {
        "order": 128,
        "duration_ns": 8122547,
        "allocation_metrics": {
          "status": "unavailable",
          "scope": "operation_global_system_allocator"
        }
      },
      {
        "order": 129,
        "duration_ns": 8087086,
        "allocation_metrics": {
          "status": "unavailable",
          "scope": "operation_global_system_allocator"
        }
      },
      {
        "order": 130,
        "duration_ns": 8072967,
        "allocation_metrics": {
          "status": "unavailable",
          "scope": "operation_global_system_allocator"
        }
      },
      {
        "order": 131,
        "duration_ns": 8121037,
        "allocation_metrics": {
          "status": "unavailable",
          "scope": "operation_global_system_allocator"
        }
      },
      {
        "order": 132,
        "duration_ns": 8093307,
        "allocation_metrics": {
          "status": "unavailable",
          "scope": "operation_global_system_allocator"
        }
      },
      {
        "order": 133,
        "duration_ns": 8081347,
        "allocation_metrics": {
          "status": "unavailable",
          "scope": "operation_global_system_allocator"
        }
      },
      {
        "order": 134,
        "duration_ns": 8182957,
        "allocation_metrics": {
          "status": "unavailable",
          "scope": "operation_global_system_allocator"
        }
      },
      {
        "order": 135,
        "duration_ns": 8065046,
        "allocation_metrics": {
          "status": "unavailable",
          "scope": "operation_global_system_allocator"
        }
      },
      {
        "order": 136,
        "duration_ns": 8072547,
        "allocation_metrics": {
          "status": "unavailable",
          "scope": "operation_global_system_allocator"
        }
      },
      {
        "order": 137,
        "duration_ns": 8061877,
        "allocation_metrics": {
          "status": "unavailable",
          "scope": "operation_global_system_allocator"
        }
      },
      {
        "order": 138,
        "duration_ns": 8097627,
        "allocation_metrics": {
          "status": "unavailable",
          "scope": "operation_global_system_allocator"
        }
      },
      {
        "order": 139,
        "duration_ns": 8060077,
        "allocation_metrics": {
          "status": "unavailable",
          "scope": "operation_global_system_allocator"
        }
      },
      {
        "order": 140,
        "duration_ns": 8071966,
        "allocation_metrics": {
          "status": "unavailable",
          "scope": "operation_global_system_allocator"
        }
      },
      {
        "order": 141,
        "duration_ns": 8060637,
        "allocation_metrics": {
          "status": "unavailable",
          "scope": "operation_global_system_allocator"
        }
      },
      {
        "order": 142,
        "duration_ns": 8089637,
        "allocation_metrics": {
          "status": "unavailable",
          "scope": "operation_global_system_allocator"
        }
      },
      {
        "order": 143,
        "duration_ns": 8069627,
        "allocation_metrics": {
          "status": "unavailable",
          "scope": "operation_global_system_allocator"
        }
      },
      {
        "order": 144,
        "duration_ns": 8050617,
        "allocation_metrics": {
          "status": "unavailable",
          "scope": "operation_global_system_allocator"
        }
      },
      {
        "order": 145,
        "duration_ns": 8059026,
        "allocation_metrics": {
          "status": "unavailable",
          "scope": "operation_global_system_allocator"
        }
      },
      {
        "order": 146,
        "duration_ns": 8100547,
        "allocation_metrics": {
          "status": "unavailable",
          "scope": "operation_global_system_allocator"
        }
      },
      {
        "order": 147,
        "duration_ns": 8053697,
        "allocation_metrics": {
          "status": "unavailable",
          "scope": "operation_global_system_allocator"
        }
      },
      {
        "order": 148,
        "duration_ns": 8057237,
        "allocation_metrics": {
          "status": "unavailable",
          "scope": "operation_global_system_allocator"
        }
      },
      {
        "order": 149,
        "duration_ns": 8064127,
        "allocation_metrics": {
          "status": "unavailable",
          "scope": "operation_global_system_allocator"
        }
      },
      {
        "order": 150,
        "duration_ns": 8114307,
        "allocation_metrics": {
          "status": "unavailable",
          "scope": "operation_global_system_allocator"
        }
      },
      {
        "order": 151,
        "duration_ns": 8098607,
        "allocation_metrics": {
          "status": "unavailable",
          "scope": "operation_global_system_allocator"
        }
      },
      {
        "order": 152,
        "duration_ns": 8090467,
        "allocation_metrics": {
          "status": "unavailable",
          "scope": "operation_global_system_allocator"
        }
      },
      {
        "order": 153,
        "duration_ns": 8081047,
        "allocation_metrics": {
          "status": "unavailable",
          "scope": "operation_global_system_allocator"
        }
      },
      {
        "order": 154,
        "duration_ns": 8098247,
        "allocation_metrics": {
          "status": "unavailable",
          "scope": "operation_global_system_allocator"
        }
      },
      {
        "order": 155,
        "duration_ns": 8077037,
        "allocation_metrics": {
          "status": "unavailable",
          "scope": "operation_global_system_allocator"
        }
      },
      {
        "order": 156,
        "duration_ns": 8077667,
        "allocation_metrics": {
          "status": "unavailable",
          "scope": "operation_global_system_allocator"
        }
      },
      {
        "order": 157,
        "duration_ns": 8047297,
        "allocation_metrics": {
          "status": "unavailable",
          "scope": "operation_global_system_allocator"
        }
      },
      {
        "order": 158,
        "duration_ns": 8075626,
        "allocation_metrics": {
          "status": "unavailable",
          "scope": "operation_global_system_allocator"
        }
      },
      {
        "order": 159,
        "duration_ns": 8069437,
        "allocation_metrics": {
          "status": "unavailable",
          "scope": "operation_global_system_allocator"
        }
      },
      {
        "order": 160,
        "duration_ns": 8065217,
        "allocation_metrics": {
          "status": "unavailable",
          "scope": "operation_global_system_allocator"
        }
      },
      {
        "order": 161,
        "duration_ns": 8063637,
        "allocation_metrics": {
          "status": "unavailable",
          "scope": "operation_global_system_allocator"
        }
      },
      {
        "order": 162,
        "duration_ns": 8068037,
        "allocation_metrics": {
          "status": "unavailable",
          "scope": "operation_global_system_allocator"
        }
      },
      {
        "order": 163,
        "duration_ns": 8061697,
        "allocation_metrics": {
          "status": "unavailable",
          "scope": "operation_global_system_allocator"
        }
      },
      {
        "order": 164,
        "duration_ns": 8067086,
        "allocation_metrics": {
          "status": "unavailable",
          "scope": "operation_global_system_allocator"
        }
      },
      {
        "order": 165,
        "duration_ns": 8044726,
        "allocation_metrics": {
          "status": "unavailable",
          "scope": "operation_global_system_allocator"
        }
      },
      {
        "order": 166,
        "duration_ns": 8079867,
        "allocation_metrics": {
          "status": "unavailable",
          "scope": "operation_global_system_allocator"
        }
      },
      {
        "order": 167,
        "duration_ns": 8051727,
        "allocation_metrics": {
          "status": "unavailable",
          "scope": "operation_global_system_allocator"
        }
      },
      {
        "order": 168,
        "duration_ns": 8039437,
        "allocation_metrics": {
          "status": "unavailable",
          "scope": "operation_global_system_allocator"
        }
      },
      {
        "order": 169,
        "duration_ns": 8053567,
        "allocation_metrics": {
          "status": "unavailable",
          "scope": "operation_global_system_allocator"
        }
      },
      {
        "order": 170,
        "duration_ns": 8060257,
        "allocation_metrics": {
          "status": "unavailable",
          "scope": "operation_global_system_allocator"
        }
      },
      {
        "order": 171,
        "duration_ns": 8064827,
        "allocation_metrics": {
          "status": "unavailable",
          "scope": "operation_global_system_allocator"
        }
      },
      {
        "order": 172,
        "duration_ns": 8061707,
        "allocation_metrics": {
          "status": "unavailable",
          "scope": "operation_global_system_allocator"
        }
      },
      {
        "order": 173,
        "duration_ns": 8068806,
        "allocation_metrics": {
          "status": "unavailable",
          "scope": "operation_global_system_allocator"
        }
      },
      {
        "order": 174,
        "duration_ns": 8056737,
        "allocation_metrics": {
          "status": "unavailable",
          "scope": "operation_global_system_allocator"
        }
      },
      {
        "order": 175,
        "duration_ns": 8048527,
        "allocation_metrics": {
          "status": "unavailable",
          "scope": "operation_global_system_allocator"
        }
      },
      {
        "order": 176,
        "duration_ns": 8071487,
        "allocation_metrics": {
          "status": "unavailable",
          "scope": "operation_global_system_allocator"
        }
      },
      {
        "order": 177,
        "duration_ns": 8059517,
        "allocation_metrics": {
          "status": "unavailable",
          "scope": "operation_global_system_allocator"
        }
      },
      {
        "order": 178,
        "duration_ns": 8062747,
        "allocation_metrics": {
          "status": "unavailable",
          "scope": "operation_global_system_allocator"
        }
      },
      {
        "order": 179,
        "duration_ns": 8040806,
        "allocation_metrics": {
          "status": "unavailable",
          "scope": "operation_global_system_allocator"
        }
      },
      {
        "order": 180,
        "duration_ns": 8053217,
        "allocation_metrics": {
          "status": "unavailable",
          "scope": "operation_global_system_allocator"
        }
      },
      {
        "order": 181,
        "duration_ns": 8051986,
        "allocation_metrics": {
          "status": "unavailable",
          "scope": "operation_global_system_allocator"
        }
      },
      {
        "order": 182,
        "duration_ns": 8066967,
        "allocation_metrics": {
          "status": "unavailable",
          "scope": "operation_global_system_allocator"
        }
      },
      {
        "order": 183,
        "duration_ns": 8077497,
        "allocation_metrics": {
          "status": "unavailable",
          "scope": "operation_global_system_allocator"
        }
      },
      {
        "order": 184,
        "duration_ns": 8072367,
        "allocation_metrics": {
          "status": "unavailable",
          "scope": "operation_global_system_allocator"
        }
      },
      {
        "order": 185,
        "duration_ns": 8109947,
        "allocation_metrics": {
          "status": "unavailable",
          "scope": "operation_global_system_allocator"
        }
      },
      {
        "order": 186,
        "duration_ns": 8076567,
        "allocation_metrics": {
          "status": "unavailable",
          "scope": "operation_global_system_allocator"
        }
      },
      {
        "order": 187,
        "duration_ns": 8091937,
        "allocation_metrics": {
          "status": "unavailable",
          "scope": "operation_global_system_allocator"
        }
      },
      {
        "order": 188,
        "duration_ns": 8057126,
        "allocation_metrics": {
          "status": "unavailable",
          "scope": "operation_global_system_allocator"
        }
      },
      {
        "order": 189,
        "duration_ns": 8129367,
        "allocation_metrics": {
          "status": "unavailable",
          "scope": "operation_global_system_allocator"
        }
      },
      {
        "order": 190,
        "duration_ns": 8072697,
        "allocation_metrics": {
          "status": "unavailable",
          "scope": "operation_global_system_allocator"
        }
      },
      {
        "order": 191,
        "duration_ns": 8128587,
        "allocation_metrics": {
          "status": "unavailable",
          "scope": "operation_global_system_allocator"
        }
      },
      {
        "order": 192,
        "duration_ns": 8129258,
        "allocation_metrics": {
          "status": "unavailable",
          "scope": "operation_global_system_allocator"
        }
      },
      {
        "order": 193,
        "duration_ns": 8105717,
        "allocation_metrics": {
          "status": "unavailable",
          "scope": "operation_global_system_allocator"
        }
      },
      {
        "order": 194,
        "duration_ns": 8092057,
        "allocation_metrics": {
          "status": "unavailable",
          "scope": "operation_global_system_allocator"
        }
      },
      {
        "order": 195,
        "duration_ns": 8089157,
        "allocation_metrics": {
          "status": "unavailable",
          "scope": "operation_global_system_allocator"
        }
      },
      {
        "order": 196,
        "duration_ns": 8085117,
        "allocation_metrics": {
          "status": "unavailable",
          "scope": "operation_global_system_allocator"
        }
      },
      {
        "order": 197,
        "duration_ns": 8103777,
        "allocation_metrics": {
          "status": "unavailable",
          "scope": "operation_global_system_allocator"
        }
      },
      {
        "order": 198,
        "duration_ns": 8092787,
        "allocation_metrics": {
          "status": "unavailable",
          "scope": "operation_global_system_allocator"
        }
      },
      {
        "order": 199,
        "duration_ns": 8098667,
        "allocation_metrics": {
          "status": "unavailable",
          "scope": "operation_global_system_allocator"
        }
      }
    ]
  },
  "correctness": {
    "source_unchanged": true,
    "retry_preserved_error": true,
    "valid_snapshot_values": false,
    "empty_commit_is_noop": false,
    "expected_error_exact": true,
    "commit_outside_timing": false
  },
  "binary": {
    "path": "/home/zhuhe/litchi-goal-0552-target/retained/candidate/guard-normal",
    "sha256": "5f23296f6f253f53a74496c41d27014b9ffcd02039f0c2c461d72de067e2ba6e",
    "bytes": 7412168
  },
  "runner": {
    "git_revision": "3d84cf64cd3ffbbd809e8677f37c331e93cf0b8c",
    "git_dirty": true,
    "rustc_vv": "rustc 1.95.0 (59807616e 2026-04-14)\nbinary: rustc\ncommit-hash: 59807616e1fa2540724bfbac14d7976d7e4a3860\ncommit-date: 2026-04-14\nhost: x86_64-unknown-linux-gnu\nrelease: 1.95.0\nLLVM version: 22.1.2",
    "os": "linux",
    "arch": "x86_64",
    "profile": "release"
  },
  "allocation_scope": "operation_global_system_allocator",
  "allocator": "Rust system allocator",
  "instrumentation": "none",
  "counter_revision": null,
  "timing_scope": "source_open_and_fixture_and_selector_setup_excluded; edit_sheets_result_retained_until_clock_and_allocation_end; inspection_commit_and_drop_excluded",
  "performance_claim": "none: correctness and planning diagnostic only; no speedup claim"
}
