{
  "schema": "litchi.xlsx.planning-refusal-guard.v1",
  "tool": "xlsx_planning_guard",
  "case": "late-raw",
  "shape": "medium",
  "warmup_iterations": 3,
  "samples": 20,
  "source": {
    "generator": "litchi-xlsx-planning-refusal-guard-fixed-grid-v1",
    "shape": "medium",
    "rows": 96,
    "columns": 96,
    "archive_bytes": 248043,
    "worksheet_bytes": 246229,
    "source_sha256": "aa41c4d9dad3b053a6ea337039b2eb94bea521cbefe02caf9a622ae4a7149c63",
    "worksheet_sha256": "3f922c4e390aafb957d354ead5b12de3af6e3f88c5d20de5c32d1e91b19e6f8f",
    "worksheet_member": "xl/worksheets/sheet1.xml",
    "compression": "stored",
    "fixture_kind": "raw_zip_input_no_opc_authored_xml_validation"
  },
  "source_sha256": "aa41c4d9dad3b053a6ea337039b2eb94bea521cbefe02caf9a622ae4a7149c63",
  "logical_error": {
    "status": "expected_failure",
    "variant": "Invalid",
    "message": "invalid worksheet boolean 'maybe'"
  },
  "phase": {
    "name": "edit_sheets",
    "sample_order": [
      0,
      1,
      2,
      3,
      4,
      5,
      6,
      7,
      8,
      9,
      10,
      11,
      12,
      13,
      14,
      15,
      16,
      17,
      18,
      19
    ],
    "duration_ns": [
      9909566,
      9396134,
      9609705,
      9390563,
      9455054,
      9874366,
      9449464,
      9884326,
      9597664,
      9450924,
      9879936,
      9459084,
      10136117,
      9443044,
      9867615,
      9453644,
      9880796,
      9452445,
      9868836,
      9464144
    ],
    "allocation_metrics": [
      {
        "status": "measured",
        "scope": "operation_global_system_allocator",
        "allocation_calls": 76236,
        "deallocation_calls": 75698,
        "reallocation_calls": 530,
        "failed_allocation_calls": 0,
        "allocated_bytes": 11645361,
        "deallocated_bytes": 11398382,
        "live_bytes_before": 765287,
        "live_bytes_after": 1012266,
        "peak_live_bytes_before": 6572699,
        "peak_live_bytes_after": 6572699,
        "region_peak_live_bytes": 6572610
      },
      {
        "status": "measured",
        "scope": "operation_global_system_allocator",
        "allocation_calls": 76236,
        "deallocation_calls": 75698,
        "reallocation_calls": 530,
        "failed_allocation_calls": 0,
        "allocated_bytes": 11645361,
        "deallocated_bytes": 11398382,
        "live_bytes_before": 765320,
        "live_bytes_after": 1012299,
        "peak_live_bytes_before": 6572699,
        "peak_live_bytes_after": 6572699,
        "region_peak_live_bytes": 6572643
      },
      {
        "status": "measured",
        "scope": "operation_global_system_allocator",
        "allocation_calls": 76236,
        "deallocation_calls": 75698,
        "reallocation_calls": 530,
        "failed_allocation_calls": 0,
        "allocated_bytes": 11645361,
        "deallocated_bytes": 11398382,
        "live_bytes_before": 765353,
        "live_bytes_after": 1012332,
        "peak_live_bytes_before": 6572732,
        "peak_live_bytes_after": 6572732,
        "region_peak_live_bytes": 6572676
      },
      {
        "status": "measured",
        "scope": "operation_global_system_allocator",
        "allocation_calls": 76236,
        "deallocation_calls": 75698,
        "reallocation_calls": 530,
        "failed_allocation_calls": 0,
        "allocated_bytes": 11645361,
        "deallocated_bytes": 11398382,
        "live_bytes_before": 765386,
        "live_bytes_after": 1012365,
        "peak_live_bytes_before": 6572765,
        "peak_live_bytes_after": 6572765,
        "region_peak_live_bytes": 6572709
      },
      {
        "status": "measured",
        "scope": "operation_global_system_allocator",
        "allocation_calls": 76236,
        "deallocation_calls": 75698,
        "reallocation_calls": 530,
        "failed_allocation_calls": 0,
        "allocated_bytes": 11645361,
        "deallocated_bytes": 11398382,
        "live_bytes_before": 765419,
        "live_bytes_after": 1012398,
        "peak_live_bytes_before": 6572798,
        "peak_live_bytes_after": 6572798,
        "region_peak_live_bytes": 6572742
      },
      {
        "status": "measured",
        "scope": "operation_global_system_allocator",
        "allocation_calls": 76236,
        "deallocation_calls": 75698,
        "reallocation_calls": 530,
        "failed_allocation_calls": 0,
        "allocated_bytes": 11645361,
        "deallocated_bytes": 11398382,
        "live_bytes_before": 765452,
        "live_bytes_after": 1012431,
        "peak_live_bytes_before": 6572831,
        "peak_live_bytes_after": 6572831,
        "region_peak_live_bytes": 6572775
      },
      {
        "status": "measured",
        "scope": "operation_global_system_allocator",
        "allocation_calls": 76236,
        "deallocation_calls": 75698,
        "reallocation_calls": 530,
        "failed_allocation_calls": 0,
        "allocated_bytes": 11645361,
        "deallocated_bytes": 11398382,
        "live_bytes_before": 765485,
        "live_bytes_after": 1012464,
        "peak_live_bytes_before": 6572864,
        "peak_live_bytes_after": 6572864,
        "region_peak_live_bytes": 6572808
      },
      {
        "status": "measured",
        "scope": "operation_global_system_allocator",
        "allocation_calls": 76236,
        "deallocation_calls": 75698,
        "reallocation_calls": 530,
        "failed_allocation_calls": 0,
        "allocated_bytes": 11645361,
        "deallocated_bytes": 11398382,
        "live_bytes_before": 765518,
        "live_bytes_after": 1012497,
        "peak_live_bytes_before": 6572897,
        "peak_live_bytes_after": 6572897,
        "region_peak_live_bytes": 6572841
      },
      {
        "status": "measured",
        "scope": "operation_global_system_allocator",
        "allocation_calls": 76236,
        "deallocation_calls": 75698,
        "reallocation_calls": 530,
        "failed_allocation_calls": 0,
        "allocated_bytes": 11645361,
        "deallocated_bytes": 11398382,
        "live_bytes_before": 765551,
        "live_bytes_after": 1012530,
        "peak_live_bytes_before": 6572930,
        "peak_live_bytes_after": 6572930,
        "region_peak_live_bytes": 6572874
      },
      {
        "status": "measured",
        "scope": "operation_global_system_allocator",
        "allocation_calls": 76236,
        "deallocation_calls": 75698,
        "reallocation_calls": 530,
        "failed_allocation_calls": 0,
        "allocated_bytes": 11645361,
        "deallocated_bytes": 11398382,
        "live_bytes_before": 765584,
        "live_bytes_after": 1012563,
        "peak_live_bytes_before": 6572963,
        "peak_live_bytes_after": 6572963,
        "region_peak_live_bytes": 6572907
      },
      {
        "status": "measured",
        "scope": "operation_global_system_allocator",
        "allocation_calls": 76236,
        "deallocation_calls": 75698,
        "reallocation_calls": 530,
        "failed_allocation_calls": 0,
        "allocated_bytes": 11645361,
        "deallocated_bytes": 11398382,
        "live_bytes_before": 765617,
        "live_bytes_after": 1012596,
        "peak_live_bytes_before": 6572996,
        "peak_live_bytes_after": 6572996,
        "region_peak_live_bytes": 6572940
      },
      {
        "status": "measured",
        "scope": "operation_global_system_allocator",
        "allocation_calls": 76236,
        "deallocation_calls": 75698,
        "reallocation_calls": 530,
        "failed_allocation_calls": 0,
        "allocated_bytes": 11645361,
        "deallocated_bytes": 11398382,
        "live_bytes_before": 765650,
        "live_bytes_after": 1012629,
        "peak_live_bytes_before": 6573029,
        "peak_live_bytes_after": 6573029,
        "region_peak_live_bytes": 6572973
      },
      {
        "status": "measured",
        "scope": "operation_global_system_allocator",
        "allocation_calls": 76236,
        "deallocation_calls": 75698,
        "reallocation_calls": 530,
        "failed_allocation_calls": 0,
        "allocated_bytes": 11645361,
        "deallocated_bytes": 11398382,
        "live_bytes_before": 765683,
        "live_bytes_after": 1012662,
        "peak_live_bytes_before": 6573062,
        "peak_live_bytes_after": 6573062,
        "region_peak_live_bytes": 6573006
      },
      {
        "status": "measured",
        "scope": "operation_global_system_allocator",
        "allocation_calls": 76236,
        "deallocation_calls": 75698,
        "reallocation_calls": 530,
        "failed_allocation_calls": 0,
        "allocated_bytes": 11645361,
        "deallocated_bytes": 11398382,
        "live_bytes_before": 765716,
        "live_bytes_after": 1012695,
        "peak_live_bytes_before": 6573095,
        "peak_live_bytes_after": 6573095,
        "region_peak_live_bytes": 6573039
      },
      {
        "status": "measured",
        "scope": "operation_global_system_allocator",
        "allocation_calls": 76236,
        "deallocation_calls": 75698,
        "reallocation_calls": 530,
        "failed_allocation_calls": 0,
        "allocated_bytes": 11645361,
        "deallocated_bytes": 11398382,
        "live_bytes_before": 765749,
        "live_bytes_after": 1012728,
        "peak_live_bytes_before": 6573128,
        "peak_live_bytes_after": 6573128,
        "region_peak_live_bytes": 6573072
      },
      {
        "status": "measured",
        "scope": "operation_global_system_allocator",
        "allocation_calls": 76236,
        "deallocation_calls": 75698,
        "reallocation_calls": 530,
        "failed_allocation_calls": 0,
        "allocated_bytes": 11645361,
        "deallocated_bytes": 11398382,
        "live_bytes_before": 765782,
        "live_bytes_after": 1012761,
        "peak_live_bytes_before": 6573161,
        "peak_live_bytes_after": 6573161,
        "region_peak_live_bytes": 6573105
      },
      {
        "status": "measured",
        "scope": "operation_global_system_allocator",
        "allocation_calls": 76236,
        "deallocation_calls": 75698,
        "reallocation_calls": 530,
        "failed_allocation_calls": 0,
        "allocated_bytes": 11645361,
        "deallocated_bytes": 11398382,
        "live_bytes_before": 765815,
        "live_bytes_after": 1012794,
        "peak_live_bytes_before": 6573194,
        "peak_live_bytes_after": 6573194,
        "region_peak_live_bytes": 6573138
      },
      {
        "status": "measured",
        "scope": "operation_global_system_allocator",
        "allocation_calls": 76236,
        "deallocation_calls": 75698,
        "reallocation_calls": 530,
        "failed_allocation_calls": 0,
        "allocated_bytes": 11645361,
        "deallocated_bytes": 11398382,
        "live_bytes_before": 765848,
        "live_bytes_after": 1012827,
        "peak_live_bytes_before": 6573227,
        "peak_live_bytes_after": 6573227,
        "region_peak_live_bytes": 6573171
      },
      {
        "status": "measured",
        "scope": "operation_global_system_allocator",
        "allocation_calls": 76236,
        "deallocation_calls": 75698,
        "reallocation_calls": 530,
        "failed_allocation_calls": 0,
        "allocated_bytes": 11645361,
        "deallocated_bytes": 11398382,
        "live_bytes_before": 765881,
        "live_bytes_after": 1012860,
        "peak_live_bytes_before": 6573260,
        "peak_live_bytes_after": 6573260,
        "region_peak_live_bytes": 6573204
      },
      {
        "status": "measured",
        "scope": "operation_global_system_allocator",
        "allocation_calls": 76236,
        "deallocation_calls": 75698,
        "reallocation_calls": 530,
        "failed_allocation_calls": 0,
        "allocated_bytes": 11645361,
        "deallocated_bytes": 11398382,
        "live_bytes_before": 765914,
        "live_bytes_after": 1012893,
        "peak_live_bytes_before": 6573293,
        "peak_live_bytes_after": 6573293,
        "region_peak_live_bytes": 6573237
      }
    ],
    "samples": [
      {
        "order": 0,
        "duration_ns": 9909566,
        "allocation_metrics": {
          "status": "measured",
          "scope": "operation_global_system_allocator",
          "allocation_calls": 76236,
          "deallocation_calls": 75698,
          "reallocation_calls": 530,
          "failed_allocation_calls": 0,
          "allocated_bytes": 11645361,
          "deallocated_bytes": 11398382,
          "live_bytes_before": 765287,
          "live_bytes_after": 1012266,
          "peak_live_bytes_before": 6572699,
          "peak_live_bytes_after": 6572699,
          "region_peak_live_bytes": 6572610
        }
      },
      {
        "order": 1,
        "duration_ns": 9396134,
        "allocation_metrics": {
          "status": "measured",
          "scope": "operation_global_system_allocator",
          "allocation_calls": 76236,
          "deallocation_calls": 75698,
          "reallocation_calls": 530,
          "failed_allocation_calls": 0,
          "allocated_bytes": 11645361,
          "deallocated_bytes": 11398382,
          "live_bytes_before": 765320,
          "live_bytes_after": 1012299,
          "peak_live_bytes_before": 6572699,
          "peak_live_bytes_after": 6572699,
          "region_peak_live_bytes": 6572643
        }
      },
      {
        "order": 2,
        "duration_ns": 9609705,
        "allocation_metrics": {
          "status": "measured",
          "scope": "operation_global_system_allocator",
          "allocation_calls": 76236,
          "deallocation_calls": 75698,
          "reallocation_calls": 530,
          "failed_allocation_calls": 0,
          "allocated_bytes": 11645361,
          "deallocated_bytes": 11398382,
          "live_bytes_before": 765353,
          "live_bytes_after": 1012332,
          "peak_live_bytes_before": 6572732,
          "peak_live_bytes_after": 6572732,
          "region_peak_live_bytes": 6572676
        }
      },
      {
        "order": 3,
        "duration_ns": 9390563,
        "allocation_metrics": {
          "status": "measured",
          "scope": "operation_global_system_allocator",
          "allocation_calls": 76236,
          "deallocation_calls": 75698,
          "reallocation_calls": 530,
          "failed_allocation_calls": 0,
          "allocated_bytes": 11645361,
          "deallocated_bytes": 11398382,
          "live_bytes_before": 765386,
          "live_bytes_after": 1012365,
          "peak_live_bytes_before": 6572765,
          "peak_live_bytes_after": 6572765,
          "region_peak_live_bytes": 6572709
        }
      },
      {
        "order": 4,
        "duration_ns": 9455054,
        "allocation_metrics": {
          "status": "measured",
          "scope": "operation_global_system_allocator",
          "allocation_calls": 76236,
          "deallocation_calls": 75698,
          "reallocation_calls": 530,
          "failed_allocation_calls": 0,
          "allocated_bytes": 11645361,
          "deallocated_bytes": 11398382,
          "live_bytes_before": 765419,
          "live_bytes_after": 1012398,
          "peak_live_bytes_before": 6572798,
          "peak_live_bytes_after": 6572798,
          "region_peak_live_bytes": 6572742
        }
      },
      {
        "order": 5,
        "duration_ns": 9874366,
        "allocation_metrics": {
          "status": "measured",
          "scope": "operation_global_system_allocator",
          "allocation_calls": 76236,
          "deallocation_calls": 75698,
          "reallocation_calls": 530,
          "failed_allocation_calls": 0,
          "allocated_bytes": 11645361,
          "deallocated_bytes": 11398382,
          "live_bytes_before": 765452,
          "live_bytes_after": 1012431,
          "peak_live_bytes_before": 6572831,
          "peak_live_bytes_after": 6572831,
          "region_peak_live_bytes": 6572775
        }
      },
      {
        "order": 6,
        "duration_ns": 9449464,
        "allocation_metrics": {
          "status": "measured",
          "scope": "operation_global_system_allocator",
          "allocation_calls": 76236,
          "deallocation_calls": 75698,
          "reallocation_calls": 530,
          "failed_allocation_calls": 0,
          "allocated_bytes": 11645361,
          "deallocated_bytes": 11398382,
          "live_bytes_before": 765485,
          "live_bytes_after": 1012464,
          "peak_live_bytes_before": 6572864,
          "peak_live_bytes_after": 6572864,
          "region_peak_live_bytes": 6572808
        }
      },
      {
        "order": 7,
        "duration_ns": 9884326,
        "allocation_metrics": {
          "status": "measured",
          "scope": "operation_global_system_allocator",
          "allocation_calls": 76236,
          "deallocation_calls": 75698,
          "reallocation_calls": 530,
          "failed_allocation_calls": 0,
          "allocated_bytes": 11645361,
          "deallocated_bytes": 11398382,
          "live_bytes_before": 765518,
          "live_bytes_after": 1012497,
          "peak_live_bytes_before": 6572897,
          "peak_live_bytes_after": 6572897,
          "region_peak_live_bytes": 6572841
        }
      },
      {
        "order": 8,
        "duration_ns": 9597664,
        "allocation_metrics": {
          "status": "measured",
          "scope": "operation_global_system_allocator",
          "allocation_calls": 76236,
          "deallocation_calls": 75698,
          "reallocation_calls": 530,
          "failed_allocation_calls": 0,
          "allocated_bytes": 11645361,
          "deallocated_bytes": 11398382,
          "live_bytes_before": 765551,
          "live_bytes_after": 1012530,
          "peak_live_bytes_before": 6572930,
          "peak_live_bytes_after": 6572930,
          "region_peak_live_bytes": 6572874
        }
      },
      {
        "order": 9,
        "duration_ns": 9450924,
        "allocation_metrics": {
          "status": "measured",
          "scope": "operation_global_system_allocator",
          "allocation_calls": 76236,
          "deallocation_calls": 75698,
          "reallocation_calls": 530,
          "failed_allocation_calls": 0,
          "allocated_bytes": 11645361,
          "deallocated_bytes": 11398382,
          "live_bytes_before": 765584,
          "live_bytes_after": 1012563,
          "peak_live_bytes_before": 6572963,
          "peak_live_bytes_after": 6572963,
          "region_peak_live_bytes": 6572907
        }
      },
      {
        "order": 10,
        "duration_ns": 9879936,
        "allocation_metrics": {
          "status": "measured",
          "scope": "operation_global_system_allocator",
          "allocation_calls": 76236,
          "deallocation_calls": 75698,
          "reallocation_calls": 530,
          "failed_allocation_calls": 0,
          "allocated_bytes": 11645361,
          "deallocated_bytes": 11398382,
          "live_bytes_before": 765617,
          "live_bytes_after": 1012596,
          "peak_live_bytes_before": 6572996,
          "peak_live_bytes_after": 6572996,
          "region_peak_live_bytes": 6572940
        }
      },
      {
        "order": 11,
        "duration_ns": 9459084,
        "allocation_metrics": {
          "status": "measured",
          "scope": "operation_global_system_allocator",
          "allocation_calls": 76236,
          "deallocation_calls": 75698,
          "reallocation_calls": 530,
          "failed_allocation_calls": 0,
          "allocated_bytes": 11645361,
          "deallocated_bytes": 11398382,
          "live_bytes_before": 765650,
          "live_bytes_after": 1012629,
          "peak_live_bytes_before": 6573029,
          "peak_live_bytes_after": 6573029,
          "region_peak_live_bytes": 6572973
        }
      },
      {
        "order": 12,
        "duration_ns": 10136117,
        "allocation_metrics": {
          "status": "measured",
          "scope": "operation_global_system_allocator",
          "allocation_calls": 76236,
          "deallocation_calls": 75698,
          "reallocation_calls": 530,
          "failed_allocation_calls": 0,
          "allocated_bytes": 11645361,
          "deallocated_bytes": 11398382,
          "live_bytes_before": 765683,
          "live_bytes_after": 1012662,
          "peak_live_bytes_before": 6573062,
          "peak_live_bytes_after": 6573062,
          "region_peak_live_bytes": 6573006
        }
      },
      {
        "order": 13,
        "duration_ns": 9443044,
        "allocation_metrics": {
          "status": "measured",
          "scope": "operation_global_system_allocator",
          "allocation_calls": 76236,
          "deallocation_calls": 75698,
          "reallocation_calls": 530,
          "failed_allocation_calls": 0,
          "allocated_bytes": 11645361,
          "deallocated_bytes": 11398382,
          "live_bytes_before": 765716,
          "live_bytes_after": 1012695,
          "peak_live_bytes_before": 6573095,
          "peak_live_bytes_after": 6573095,
          "region_peak_live_bytes": 6573039
        }
      },
      {
        "order": 14,
        "duration_ns": 9867615,
        "allocation_metrics": {
          "status": "measured",
          "scope": "operation_global_system_allocator",
          "allocation_calls": 76236,
          "deallocation_calls": 75698,
          "reallocation_calls": 530,
          "failed_allocation_calls": 0,
          "allocated_bytes": 11645361,
          "deallocated_bytes": 11398382,
          "live_bytes_before": 765749,
          "live_bytes_after": 1012728,
          "peak_live_bytes_before": 6573128,
          "peak_live_bytes_after": 6573128,
          "region_peak_live_bytes": 6573072
        }
      },
      {
        "order": 15,
        "duration_ns": 9453644,
        "allocation_metrics": {
          "status": "measured",
          "scope": "operation_global_system_allocator",
          "allocation_calls": 76236,
          "deallocation_calls": 75698,
          "reallocation_calls": 530,
          "failed_allocation_calls": 0,
          "allocated_bytes": 11645361,
          "deallocated_bytes": 11398382,
          "live_bytes_before": 765782,
          "live_bytes_after": 1012761,
          "peak_live_bytes_before": 6573161,
          "peak_live_bytes_after": 6573161,
          "region_peak_live_bytes": 6573105
        }
      },
      {
        "order": 16,
        "duration_ns": 9880796,
        "allocation_metrics": {
          "status": "measured",
          "scope": "operation_global_system_allocator",
          "allocation_calls": 76236,
          "deallocation_calls": 75698,
          "reallocation_calls": 530,
          "failed_allocation_calls": 0,
          "allocated_bytes": 11645361,
          "deallocated_bytes": 11398382,
          "live_bytes_before": 765815,
          "live_bytes_after": 1012794,
          "peak_live_bytes_before": 6573194,
          "peak_live_bytes_after": 6573194,
          "region_peak_live_bytes": 6573138
        }
      },
      {
        "order": 17,
        "duration_ns": 9452445,
        "allocation_metrics": {
          "status": "measured",
          "scope": "operation_global_system_allocator",
          "allocation_calls": 76236,
          "deallocation_calls": 75698,
          "reallocation_calls": 530,
          "failed_allocation_calls": 0,
          "allocated_bytes": 11645361,
          "deallocated_bytes": 11398382,
          "live_bytes_before": 765848,
          "live_bytes_after": 1012827,
          "peak_live_bytes_before": 6573227,
          "peak_live_bytes_after": 6573227,
          "region_peak_live_bytes": 6573171
        }
      },
      {
        "order": 18,
        "duration_ns": 9868836,
        "allocation_metrics": {
          "status": "measured",
          "scope": "operation_global_system_allocator",
          "allocation_calls": 76236,
          "deallocation_calls": 75698,
          "reallocation_calls": 530,
          "failed_allocation_calls": 0,
          "allocated_bytes": 11645361,
          "deallocated_bytes": 11398382,
          "live_bytes_before": 765881,
          "live_bytes_after": 1012860,
          "peak_live_bytes_before": 6573260,
          "peak_live_bytes_after": 6573260,
          "region_peak_live_bytes": 6573204
        }
      },
      {
        "order": 19,
        "duration_ns": 9464144,
        "allocation_metrics": {
          "status": "measured",
          "scope": "operation_global_system_allocator",
          "allocation_calls": 76236,
          "deallocation_calls": 75698,
          "reallocation_calls": 530,
          "failed_allocation_calls": 0,
          "allocated_bytes": 11645361,
          "deallocated_bytes": 11398382,
          "live_bytes_before": 765914,
          "live_bytes_after": 1012893,
          "peak_live_bytes_before": 6573293,
          "peak_live_bytes_after": 6573293,
          "region_peak_live_bytes": 6573237
        }
      }
    ]
  },
  "correctness": {
    "source_unchanged": true,
    "retry_preserved_error": true,
    "valid_snapshot_values": false,
    "empty_commit_is_noop": false,
    "expected_error_exact": true,
    "commit_outside_timing": false
  },
  "binary": {
    "path": "/home/zhuhe/litchi-goal-0552-target/retained/candidate/guard-alloc",
    "sha256": "e1f9a36b781733078692300ba2577c65de76083fd3dc1fd8f54c6649db515f80",
    "bytes": 7375376
  },
  "runner": {
    "git_revision": "3d84cf64cd3ffbbd809e8677f37c331e93cf0b8c",
    "git_dirty": true,
    "rustc_vv": "rustc 1.95.0 (59807616e 2026-04-14)\nbinary: rustc\ncommit-hash: 59807616e1fa2540724bfbac14d7976d7e4a3860\ncommit-date: 2026-04-14\nhost: x86_64-unknown-linux-gnu\nrelease: 1.95.0\nLLVM version: 22.1.2",
    "os": "linux",
    "arch": "x86_64",
    "profile": "release"
  },
  "allocation_scope": "operation_global_system_allocator",
  "allocator": "CountingSystemAllocator(std::alloc::System)",
  "instrumentation": "system_allocator_operation_scoped",
  "counter_revision": "serialized_region_peak_v3",
  "timing_scope": "source_open_and_fixture_and_selector_setup_excluded; edit_sheets_result_retained_until_clock_and_allocation_end; inspection_commit_and_drop_excluded",
  "performance_claim": "none: correctness and planning diagnostic only; no speedup claim"
}
