	Command being timed: "/home/zhuhe/litchi-goal-0552-target/retained/candidate/normal --case xlsx_source_backed_cell_values_one_percent_edit_save --xlsx-cell-crud-shape vendor-extension --samples 200 --warmup 20 --json /home/zhuhe/code/litchi/docs/performance/results/change-0552/candidate/native-r2-vendor-extension-c1.json --corpus-manifest /home/zhuhe/code/litchi/docs/performance/results/change-0552/candidate/native-r2-vendor-extension-c1.catalog.json"
	User time (seconds): 10.44
	System time (seconds): 1.52
	Percent of CPU this job got: 99%
	Elapsed (wall clock) time (h:mm:ss or m:ss): 0:11.96
	Average shared text size (kbytes): 0
	Average unshared data size (kbytes): 0
	Average stack size (kbytes): 0
	Average total size (kbytes): 0
	Maximum resident set size (kbytes): 70104
	Average resident set size (kbytes): 0
	Major (requiring I/O) page faults: 0
	Minor (reclaiming a frame) page faults: 2023092
	Voluntary context switches: 30
	Involuntary context switches: 199
	Swaps: 0
	File system inputs: 0
	File system outputs: 952
	Socket messages sent: 0
	Socket messages received: 0
	Signals delivered: 0
	Page size (bytes): 4096
	Exit status: 0
