	Command being timed: "/home/zhuhe/litchi-goal-0552-target/retained/candidate/normal --case xlsx_source_backed_managed_cell_values_one_edit_save --xlsx-cell-crud-shape dense-sparse --samples 200 --warmup 20 --json /home/zhuhe/code/litchi/docs/performance/results/change-0552/candidate/native-r2-dense-sparse-c2.json --corpus-manifest /home/zhuhe/code/litchi/docs/performance/results/change-0552/candidate/native-r2-dense-sparse-c2.catalog.json"
	User time (seconds): 16.27
	System time (seconds): 1.57
	Percent of CPU this job got: 89%
	Elapsed (wall clock) time (h:mm:ss or m:ss): 0:19.85
	Average shared text size (kbytes): 0
	Average unshared data size (kbytes): 0
	Average stack size (kbytes): 0
	Average total size (kbytes): 0
	Maximum resident set size (kbytes): 88484
	Average resident set size (kbytes): 0
	Major (requiring I/O) page faults: 0
	Minor (reclaiming a frame) page faults: 1929056
	Voluntary context switches: 30
	Involuntary context switches: 652
	Swaps: 0
	File system inputs: 0
	File system outputs: 1000
	Socket messages sent: 0
	Socket messages received: 0
	Signals delivered: 0
	Page size (bytes): 4096
	Exit status: 0
