{
  "schema": "litchi.xlsx.planning-refusal-guard.v1",
  "tool": "xlsx_planning_guard",
  "case": "late-raw",
  "shape": "dense-sparse",
  "warmup_iterations": 5,
  "samples": 30,
  "source": {
    "generator": "litchi-xlsx-planning-refusal-guard-fixed-grid-v1",
    "shape": "dense-sparse",
    "rows": 128,
    "columns": 128,
    "archive_bytes": 451161,
    "worksheet_bytes": 449347,
    "source_sha256": "cdfc8588a6cb419fb8a2f673ad4f72a65628ffcc93881c7d84835e8b7179750b",
    "worksheet_sha256": "01dffe32b8a666a8d78c42803b52d8dad454855f23af376da0b9ba27d2617ef7",
    "worksheet_member": "xl/worksheets/sheet1.xml",
    "compression": "stored",
    "fixture_kind": "raw_zip_input_no_opc_authored_xml_validation"
  },
  "source_sha256": "cdfc8588a6cb419fb8a2f673ad4f72a65628ffcc93881c7d84835e8b7179750b",
  "logical_error": {
    "status": "expected_failure",
    "variant": "Invalid",
    "message": "invalid worksheet boolean 'maybe'"
  },
  "phase": {
    "name": "edit_sheets",
    "sample_order": [
      0,
      1,
      2,
      3,
      4,
      5,
      6,
      7,
      8,
      9,
      10,
      11,
      12,
      13,
      14,
      15,
      16,
      17,
      18,
      19,
      20,
      21,
      22,
      23,
      24,
      25,
      26,
      27,
      28,
      29
    ],
    "duration_ns": [
      15808131,
      17334588,
      16288853,
      15858801,
      19667568,
      16815215,
      15722170,
      15756081,
      15811931,
      15806651,
      15778631,
      15779920,
      15787500,
      15841091,
      15883181,
      15858211,
      15832300,
      15787440,
      15765920,
      15758731,
      15763270,
      15749131,
      15805361,
      15790380,
      15710060,
      15708890,
      15689980,
      15664470,
      15684120,
      15693230
    ],
    "allocation_metrics": [
      {
        "status": "unavailable",
        "scope": "operation_global_system_allocator"
      },
      {
        "status": "unavailable",
        "scope": "operation_global_system_allocator"
      },
      {
        "status": "unavailable",
        "scope": "operation_global_system_allocator"
      },
      {
        "status": "unavailable",
        "scope": "operation_global_system_allocator"
      },
      {
        "status": "unavailable",
        "scope": "operation_global_system_allocator"
      },
      {
        "status": "unavailable",
        "scope": "operation_global_system_allocator"
      },
      {
        "status": "unavailable",
        "scope": "operation_global_system_allocator"
      },
      {
        "status": "unavailable",
        "scope": "operation_global_system_allocator"
      },
      {
        "status": "unavailable",
        "scope": "operation_global_system_allocator"
      },
      {
        "status": "unavailable",
        "scope": "operation_global_system_allocator"
      },
      {
        "status": "unavailable",
        "scope": "operation_global_system_allocator"
      },
      {
        "status": "unavailable",
        "scope": "operation_global_system_allocator"
      },
      {
        "status": "unavailable",
        "scope": "operation_global_system_allocator"
      },
      {
        "status": "unavailable",
        "scope": "operation_global_system_allocator"
      },
      {
        "status": "unavailable",
        "scope": "operation_global_system_allocator"
      },
      {
        "status": "unavailable",
        "scope": "operation_global_system_allocator"
      },
      {
        "status": "unavailable",
        "scope": "operation_global_system_allocator"
      },
      {
        "status": "unavailable",
        "scope": "operation_global_system_allocator"
      },
      {
        "status": "unavailable",
        "scope": "operation_global_system_allocator"
      },
      {
        "status": "unavailable",
        "scope": "operation_global_system_allocator"
      },
      {
        "status": "unavailable",
        "scope": "operation_global_system_allocator"
      },
      {
        "status": "unavailable",
        "scope": "operation_global_system_allocator"
      },
      {
        "status": "unavailable",
        "scope": "operation_global_system_allocator"
      },
      {
        "status": "unavailable",
        "scope": "operation_global_system_allocator"
      },
      {
        "status": "unavailable",
        "scope": "operation_global_system_allocator"
      },
      {
        "status": "unavailable",
        "scope": "operation_global_system_allocator"
      },
      {
        "status": "unavailable",
        "scope": "operation_global_system_allocator"
      },
      {
        "status": "unavailable",
        "scope": "operation_global_system_allocator"
      },
      {
        "status": "unavailable",
        "scope": "operation_global_system_allocator"
      },
      {
        "status": "unavailable",
        "scope": "operation_global_system_allocator"
      }
    ],
    "samples": [
      {
        "order": 0,
        "duration_ns": 15808131,
        "allocation_metrics": {
          "status": "unavailable",
          "scope": "operation_global_system_allocator"
        }
      },
      {
        "order": 1,
        "duration_ns": 17334588,
        "allocation_metrics": {
          "status": "unavailable",
          "scope": "operation_global_system_allocator"
        }
      },
      {
        "order": 2,
        "duration_ns": 16288853,
        "allocation_metrics": {
          "status": "unavailable",
          "scope": "operation_global_system_allocator"
        }
      },
      {
        "order": 3,
        "duration_ns": 15858801,
        "allocation_metrics": {
          "status": "unavailable",
          "scope": "operation_global_system_allocator"
        }
      },
      {
        "order": 4,
        "duration_ns": 19667568,
        "allocation_metrics": {
          "status": "unavailable",
          "scope": "operation_global_system_allocator"
        }
      },
      {
        "order": 5,
        "duration_ns": 16815215,
        "allocation_metrics": {
          "status": "unavailable",
          "scope": "operation_global_system_allocator"
        }
      },
      {
        "order": 6,
        "duration_ns": 15722170,
        "allocation_metrics": {
          "status": "unavailable",
          "scope": "operation_global_system_allocator"
        }
      },
      {
        "order": 7,
        "duration_ns": 15756081,
        "allocation_metrics": {
          "status": "unavailable",
          "scope": "operation_global_system_allocator"
        }
      },
      {
        "order": 8,
        "duration_ns": 15811931,
        "allocation_metrics": {
          "status": "unavailable",
          "scope": "operation_global_system_allocator"
        }
      },
      {
        "order": 9,
        "duration_ns": 15806651,
        "allocation_metrics": {
          "status": "unavailable",
          "scope": "operation_global_system_allocator"
        }
      },
      {
        "order": 10,
        "duration_ns": 15778631,
        "allocation_metrics": {
          "status": "unavailable",
          "scope": "operation_global_system_allocator"
        }
      },
      {
        "order": 11,
        "duration_ns": 15779920,
        "allocation_metrics": {
          "status": "unavailable",
          "scope": "operation_global_system_allocator"
        }
      },
      {
        "order": 12,
        "duration_ns": 15787500,
        "allocation_metrics": {
          "status": "unavailable",
          "scope": "operation_global_system_allocator"
        }
      },
      {
        "order": 13,
        "duration_ns": 15841091,
        "allocation_metrics": {
          "status": "unavailable",
          "scope": "operation_global_system_allocator"
        }
      },
      {
        "order": 14,
        "duration_ns": 15883181,
        "allocation_metrics": {
          "status": "unavailable",
          "scope": "operation_global_system_allocator"
        }
      },
      {
        "order": 15,
        "duration_ns": 15858211,
        "allocation_metrics": {
          "status": "unavailable",
          "scope": "operation_global_system_allocator"
        }
      },
      {
        "order": 16,
        "duration_ns": 15832300,
        "allocation_metrics": {
          "status": "unavailable",
          "scope": "operation_global_system_allocator"
        }
      },
      {
        "order": 17,
        "duration_ns": 15787440,
        "allocation_metrics": {
          "status": "unavailable",
          "scope": "operation_global_system_allocator"
        }
      },
      {
        "order": 18,
        "duration_ns": 15765920,
        "allocation_metrics": {
          "status": "unavailable",
          "scope": "operation_global_system_allocator"
        }
      },
      {
        "order": 19,
        "duration_ns": 15758731,
        "allocation_metrics": {
          "status": "unavailable",
          "scope": "operation_global_system_allocator"
        }
      },
      {
        "order": 20,
        "duration_ns": 15763270,
        "allocation_metrics": {
          "status": "unavailable",
          "scope": "operation_global_system_allocator"
        }
      },
      {
        "order": 21,
        "duration_ns": 15749131,
        "allocation_metrics": {
          "status": "unavailable",
          "scope": "operation_global_system_allocator"
        }
      },
      {
        "order": 22,
        "duration_ns": 15805361,
        "allocation_metrics": {
          "status": "unavailable",
          "scope": "operation_global_system_allocator"
        }
      },
      {
        "order": 23,
        "duration_ns": 15790380,
        "allocation_metrics": {
          "status": "unavailable",
          "scope": "operation_global_system_allocator"
        }
      },
      {
        "order": 24,
        "duration_ns": 15710060,
        "allocation_metrics": {
          "status": "unavailable",
          "scope": "operation_global_system_allocator"
        }
      },
      {
        "order": 25,
        "duration_ns": 15708890,
        "allocation_metrics": {
          "status": "unavailable",
          "scope": "operation_global_system_allocator"
        }
      },
      {
        "order": 26,
        "duration_ns": 15689980,
        "allocation_metrics": {
          "status": "unavailable",
          "scope": "operation_global_system_allocator"
        }
      },
      {
        "order": 27,
        "duration_ns": 15664470,
        "allocation_metrics": {
          "status": "unavailable",
          "scope": "operation_global_system_allocator"
        }
      },
      {
        "order": 28,
        "duration_ns": 15684120,
        "allocation_metrics": {
          "status": "unavailable",
          "scope": "operation_global_system_allocator"
        }
      },
      {
        "order": 29,
        "duration_ns": 15693230,
        "allocation_metrics": {
          "status": "unavailable",
          "scope": "operation_global_system_allocator"
        }
      }
    ]
  },
  "correctness": {
    "source_unchanged": true,
    "retry_preserved_error": true,
    "valid_snapshot_values": false,
    "empty_commit_is_noop": false,
    "expected_error_exact": true,
    "commit_outside_timing": false
  },
  "binary": {
    "path": "/home/zhuhe/litchi-goal-0543-target/retained-binaries/baseline-guard-normal",
    "sha256": "fb927af443a7dc9160dde952ab173fba82df2f9cf29e81e472530827bec1eab9",
    "bytes": 7379296
  },
  "runner": {
    "git_revision": "9c0b36a82e5bd96373510674a4744cc531f554ae",
    "git_dirty": true,
    "rustc_vv": "rustc 1.95.0 (59807616e 2026-04-14)\nbinary: rustc\ncommit-hash: 59807616e1fa2540724bfbac14d7976d7e4a3860\ncommit-date: 2026-04-14\nhost: x86_64-unknown-linux-gnu\nrelease: 1.95.0\nLLVM version: 22.1.2",
    "os": "linux",
    "arch": "x86_64",
    "profile": "release"
  },
  "allocation_scope": "operation_global_system_allocator",
  "allocator": "Rust system allocator",
  "instrumentation": "none",
  "counter_revision": null,
  "timing_scope": "source_open_and_fixture_and_selector_setup_excluded; edit_sheets_result_retained_until_clock_and_allocation_end; inspection_commit_and_drop_excluded",
  "performance_claim": "none: correctness and planning diagnostic only; no speedup claim"
}
