PASS capture 0 native primary archive
PASS capture 1 native primary prior
PASS capture 2 native primary restored-a
PASS capture 3 native primary restored-b
PASS capture 4 native secondary prior
PASS capture 5 native secondary restored-a
PASS capture 6 native secondary restored-b
PASS capture 7 native secondary archive
PASS capture 8 native secondary archive
PASS capture 9 native secondary restored-b
PASS capture 10 native secondary restored-a
PASS capture 11 native secondary prior
PASS capture 12 native primary prior
PASS capture 13 native primary archive
PASS capture 14 native primary restored-b
PASS capture 15 native primary restored-a
PASS capture 16 native primary restored-a
PASS capture 17 native primary restored-b
PASS capture 18 native primary archive
PASS capture 19 native primary prior
PASS capture 20 native secondary restored-b
PASS capture 21 native secondary archive
PASS capture 22 native secondary prior
PASS capture 23 native secondary restored-a
PASS capture 24 native secondary restored-a
PASS capture 25 native secondary prior
PASS capture 26 native secondary archive
PASS capture 27 native secondary restored-b
PASS capture 28 native primary restored-b
PASS capture 29 native primary restored-a
PASS capture 30 native primary prior
PASS capture 31 native primary archive
PASS capture 32 native primary archive
PASS capture 33 native primary prior
PASS capture 34 native primary restored-a
PASS capture 35 native primary restored-b
PASS capture 36 native secondary prior
PASS capture 37 native secondary restored-a
PASS capture 38 native secondary restored-b
PASS capture 39 native secondary archive
PASS capture 40 native secondary archive
PASS capture 41 native secondary restored-b
PASS capture 42 native secondary restored-a
PASS capture 43 native secondary prior
PASS capture 44 native primary prior
PASS capture 45 native primary archive
PASS capture 46 native primary restored-b
PASS capture 47 native primary restored-a
PASS capture 48 native primary restored-a
PASS capture 49 native primary restored-b
PASS capture 50 native primary archive
PASS capture 51 native primary prior
PASS capture 52 native secondary restored-b
PASS capture 53 native secondary archive
PASS capture 54 native secondary prior
PASS capture 55 native secondary restored-a
PASS capture 56 native secondary restored-a
PASS capture 57 native secondary prior
PASS capture 58 native secondary archive
PASS capture 59 native secondary restored-b
PASS capture 60 native primary restored-b
PASS capture 61 native primary restored-a
PASS capture 62 native primary prior
PASS capture 63 native primary archive
PASS capture 64 native primary archive
PASS capture 65 native primary prior
PASS capture 66 native primary restored-a
PASS capture 67 native primary restored-b
PASS capture 68 native secondary prior
PASS capture 69 native secondary restored-a
PASS capture 70 native secondary restored-b
PASS capture 71 native secondary archive
PASS capture 72 allocation primary archive
PASS capture 73 allocation primary prior
PASS capture 74 allocation primary restored-a
PASS capture 75 allocation primary restored-b
PASS capture 76 allocation secondary prior
PASS capture 77 allocation secondary restored-a
PASS capture 78 allocation secondary restored-b
PASS capture 79 allocation secondary archive
PASS capture 80 allocation secondary archive
PASS capture 81 allocation secondary restored-b
PASS capture 82 allocation secondary restored-a
PASS capture 83 allocation secondary prior
PASS capture 84 allocation primary prior
PASS capture 85 allocation primary archive
PASS capture 86 allocation primary restored-b
PASS capture 87 allocation primary restored-a
PASS capture 88 allocation primary restored-a
PASS capture 89 allocation primary restored-b
PASS capture 90 allocation primary archive
PASS capture 91 allocation primary prior
PASS capture 92 allocation secondary restored-b
PASS capture 93 allocation secondary archive
PASS capture 94 allocation secondary prior
PASS capture 95 allocation secondary restored-a
