heaptrack output will be written to "/tmp/litchi-goal-0416-control-heaptrack.zst"
starting application, this might take some time...
{
  "borrowed_store_crc_scan": false,
  "input_bytes": 31766,
  "input_path": "/home/zhuhe/code/litchi/docs/performance/results/change-0416/corpus/many-small-zip32-signed.zip",
  "mode": "indexed",
  "observation": {
    "borrowed_crc_scan_bytes": 0,
    "borrowed_none": 0,
    "borrowed_some": 0,
    "compressed_bytes": 1024,
    "crc32_xor": 0,
    "digest": 3381050066121387718,
    "entries": 256,
    "name_bytes": 3584,
    "uncompressed_bytes": 1024
  },
  "operation": "index",
  "oracle": {
    "central_entry_count": 256,
    "compressed_bytes": 1024,
    "crc32_xor": 0,
    "file_count": 256,
    "name_bytes": 3584,
    "uncompressed_bytes": 1024
  },
  "payload_decompression": false,
  "reader_at_instrumentation": "disabled in latency mode",
  "sample_count": 100,
  "samples_ns": [
    292351,
    652483,
    422692,
    473552,
    284281,
    626933,
    462992,
    455111,
    284672,
    511062,
    486502,
    289581,
    499352,
    496612,
    288281,
    681753,
    407872,
    285361,
    684783,
    413322,
    288791,
    619252,
    440952,
    284671,
    629003,
    462272,
    430322,
    290451,
    536192,
    548373,
    447151,
    422532,
    283891,
    635073,
    428352,
    284381,
    630683,
    457662,
    290391,
    499632,
    548242,
    451772,
    400092,
    283071,
    662493,
    431321,
    284382,
    660912,
    414392,
    293531,
    658133,
    423092,
    283951,
    632973,
    447701,
    347372,
    553472,
    484442,
    416232,
    285251,
    630823,
    397151,
    289302,
    660152,
    414192,
    284321,
    504332,
    563383,
    475272,
    416602,
    472031,
    440322,
    284411,
    637753,
    431102,
    285061,
    507012,
    538782,
    485683,
    413371,
    289581,
    617673,
    434042,
    285941,
    637393,
    428691,
    282682,
    506582,
    565572,
    464482,
    410632,
    291381,
    618603,
    443171,
    285032,
    621942,
    413952,
    283561,
    668473,
    390151
  ],
  "schema_version": 1,
  "tool": "litchi-goal-0416-zip-strict-probe",
  "warmups": 10
}
Heaptrack finished! Now run the following to investigate the data:

  heaptrack --analyze "/tmp/litchi-goal-0416-control-heaptrack.zst"
