	Command being timed: "taskset -c 2 /tmp/litchi-goal-0463/baseline/litchi-perf-baseline odp-append-attribution --mode phases --shape large --warmup 3 --samples 30 --repeat R1 --output /home/zhuhe/code/litchi/docs/performance/results/change-0463/phase-diagnostic/baseline-R1/report.json"
	User time (seconds): 5.41
	System time (seconds): 0.01
	Percent of CPU this job got: 99%
	Elapsed (wall clock) time (h:mm:ss or m:ss): 0:05.43
	Average shared text size (kbytes): 0
	Average unshared data size (kbytes): 0
	Average stack size (kbytes): 0
	Average total size (kbytes): 0
	Maximum resident set size (kbytes): 76076
	Average resident set size (kbytes): 0
	Major (requiring I/O) page faults: 0
	Minor (reclaiming a frame) page faults: 20458
	Voluntary context switches: 1
	Involuntary context switches: 52
	Swaps: 0
	File system inputs: 0
	File system outputs: 104
	Socket messages sent: 0
	Socket messages received: 0
	Signals delivered: 0
	Page size (bytes): 4096
	Exit status: 0
