   Compiling syn v2.0.114
   Compiling generic-array v0.14.9
    Checking block-buffer v0.10.4
    Checking crypto-common v0.1.6
    Checking digest v0.10.7
    Checking sha2 v0.10.9
    Checking soapberry-zip v0.0.1 (/home/zhuhe/code/litchi/crates/soapberry-zip)
   Compiling synstructure v0.13.2
   Compiling zerovec-derive v0.10.4
   Compiling zerofrom-derive v0.1.6
   Compiling yoke-derive v0.7.5
    Checking zerofrom v0.1.4
   Compiling displaydoc v0.2.6
    Checking yoke v0.7.4
   Compiling icu_provider_macros v1.5.0
    Checking zerovec v0.10.4
   Compiling thiserror-impl v2.0.18
    Checking tinystr v0.7.6
    Checking icu_locid v1.5.0
    Checking icu_provider v1.5.0
    Checking thiserror v2.0.18
    Checking icu_collections v1.5.0
    Checking icu_locid_transform v1.5.0
    Checking litchi-core v0.0.1 (/home/zhuhe/code/litchi/crates/litchi-core)
    Checking icu_properties v1.5.1
   Compiling xml-minifier-macros v0.1.0 (/home/zhuhe/code/litchi/crates/xml-minifier-macros)
    Checking xml-minifier v0.1.0 (/home/zhuhe/code/litchi/crates/xml-minifier)
    Checking icu_normalizer v1.5.0
    Checking litchi-opc v0.0.1 (/home/zhuhe/code/litchi/crates/litchi-opc)
    Checking idna_adapter v1.2.0
    Checking idna v1.1.0
    Checking url v2.5.8
    Checking litchi-sheet v0.0.1 (/home/zhuhe/code/litchi/crates/litchi-sheet)
    Checking litchi-xldm v0.0.1 (/home/zhuhe/code/litchi/crates/litchi-xldm)
 Documenting litchi-opc v0.0.1 (/home/zhuhe/code/litchi/crates/litchi-opc)
    Checking litchi-ooxml-common v0.0.1 (/home/zhuhe/code/litchi/crates/litchi-ooxml-common)
 Documenting soapberry-zip v0.0.1 (/home/zhuhe/code/litchi/crates/soapberry-zip)
    Checking litchi-drawingml v0.0.1 (/home/zhuhe/code/litchi/crates/litchi-drawingml)
    Checking litchi-spreadsheet-drawing v0.0.1 (/home/zhuhe/code/litchi/crates/litchi-spreadsheet-drawing)
 Documenting litchi-docx v0.0.1 (/home/zhuhe/code/litchi/crates/litchi-docx)
 Documenting litchi-xlsx v0.0.1 (/home/zhuhe/code/litchi/crates/litchi-xlsx)
 Documenting litchi-pptx v0.0.1 (/home/zhuhe/code/litchi/crates/litchi-pptx)
    Finished `dev` profile [unoptimized] target(s) in 15.38s
   Generated /home/zhuhe/code/litchi-target-0837/doc/litchi_docx/index.html and 4 other files
