	Command being timed: "/home/zhuhe/.cache/litchi-goal-0500/retained/managed_paragraph_batch_perf-before --paragraphs 128 --replacements 1 --source file --mode repeated --warmups 3 --samples 30 --repeats 2 --artifact-dir /home/zhuhe/.cache/litchi-goal-0500/corpora/before-p128-k1-file-repeated --output /home/zhuhe/code/litchi/docs/performance/results/change-0500/before/p128-k1-file-repeated.csv"
	User time (seconds): 0.07
	System time (seconds): 0.00
	Percent of CPU this job got: 98%
	Elapsed (wall clock) time (h:mm:ss or m:ss): 0:00.07
	Average shared text size (kbytes): 0
	Average unshared data size (kbytes): 0
	Average stack size (kbytes): 0
	Average total size (kbytes): 0
	Maximum resident set size (kbytes): 6948
	Average resident set size (kbytes): 0
	Major (requiring I/O) page faults: 0
	Minor (reclaiming a frame) page faults: 1092
	Voluntary context switches: 1
	Involuntary context switches: 0
	Swaps: 0
	File system inputs: 0
	File system outputs: 1136
	Socket messages sent: 0
	Socket messages received: 0
	Signals delivered: 0
	Page size (bytes): 4096
	Exit status: 0
