
/tmp/litchi-goal-0533/candidate/normal:     file format elf64-x86-64


Disassembly of section .text:

0000000002f29f30 <_ZN10litchi_cfb4file25claim_sector_bounds_error17hf92416c4b3b14a7bE>:
 2f29f30:	53                   	push   %rbx
 2f29f31:	48 83 ec 40          	sub    $0x40,%rsp
 2f29f35:	48 89 fb             	mov    %rdi,%rbx
 2f29f38:	89 74 24 0c          	mov    %esi,0xc(%rsp)
 2f29f3c:	0f b6 c2             	movzbl %dl,%eax
 2f29f3f:	c1 e0 03             	shl    $0x3,%eax
 2f29f42:	48 8d 0d ff 00 19 00 	lea    0x1900ff(%rip),%rcx        # 30ba048 <anon.d00dbc7dc7a2f97f576ff7feddf84097.1.llvm.9674563019715341993+0x1d8>
 2f29f49:	48 8b 0c 08          	mov    (%rax,%rcx,1),%rcx
 2f29f4d:	48 8d 15 dc 7d 60 fd 	lea    -0x29f8224(%rip),%rdx        # 531d30 <anon.e0572dd12dce1d6d78420bf0a335603a.8.llvm.17154920839617733857+0x142d>
 2f29f54:	48 8b 04 10          	mov    (%rax,%rdx,1),%rax
 2f29f58:	48 89 4c 24 10       	mov    %rcx,0x10(%rsp)
 2f29f5d:	48 89 44 24 18       	mov    %rax,0x18(%rsp)
 2f29f62:	48 8d 44 24 10       	lea    0x10(%rsp),%rax
 2f29f67:	48 89 44 24 20       	mov    %rax,0x20(%rsp)
 2f29f6c:	48 8d 05 bd 35 02 00 	lea    0x235bd(%rip),%rax        # 2f4d530 <_ZN44_$LT$$RF$T$u20$as$u20$core..fmt..Display$GT$3fmt17hb52deec176681277E>
 2f29f73:	48 89 44 24 28       	mov    %rax,0x28(%rsp)
 2f29f78:	48 8d 44 24 0c       	lea    0xc(%rsp),%rax
 2f29f7d:	48 89 44 24 30       	mov    %rax,0x30(%rsp)
 2f29f82:	48 8b 05 07 a5 19 00 	mov    0x19a507(%rip),%rax        # 30c4490 <_DYNAMIC+0x558>
 2f29f89:	48 89 44 24 38       	mov    %rax,0x38(%rsp)
 2f29f8e:	48 83 c7 08          	add    $0x8,%rdi
 2f29f92:	48 8d 35 03 b6 19 fd 	lea    -0x2e649fd(%rip),%rsi        # c559c <anon.174b9ad362507c35be27e1edecad7361.745.llvm.1243185114027788912+0x2ff>
 2f29f99:	48 8d 54 24 20       	lea    0x20(%rsp),%rdx
 2f29f9e:	ff 15 9c a5 19 00    	call   *0x19a59c(%rip)        # 30c4540 <_DYNAMIC+0x608>
 2f29fa4:	48 c7 03 08 00 00 00 	movq   $0x8,(%rbx)
 2f29fab:	48 89 d8             	mov    %rbx,%rax
 2f29fae:	48 83 c4 40          	add    $0x40,%rsp
 2f29fb2:	5b                   	pop    %rbx
 2f29fb3:	c3                   	ret

Disassembly of section .init:

Disassembly of section .fini:

Disassembly of section .plt:
