
/tmp/litchi-goal-0533/candidate/normal:     file format elf64-x86-64


Disassembly of section .text:

00000000027a8ae0 <_ZN10litchi_cfb4file16OleFile$LT$R$GT$8load_fat17h647ae3016fe2ea8bE>:
 27a8ae0:	55                   	push   %rbp
 27a8ae1:	41 57                	push   %r15
 27a8ae3:	41 56                	push   %r14
 27a8ae5:	41 55                	push   %r13
 27a8ae7:	41 54                	push   %r12
 27a8ae9:	53                   	push   %rbx
 27a8aea:	48 81 ec 00 10 00 00 	sub    $0x1000,%rsp
 27a8af1:	48 c7 04 24 00 00 00 	movq   $0x0,(%rsp)
 27a8af8:	00 
 27a8af9:	48 81 ec 48 01 00 00 	sub    $0x148,%rsp
 27a8b00:	48 89 fd             	mov    %rdi,%rbp
 27a8b03:	48 8b 86 88 00 00 00 	mov    0x88(%rsi),%rax
 27a8b0a:	41 89 cd             	mov    %ecx,%r13d
 27a8b0d:	4c 39 e8             	cmp    %r13,%rax
 27a8b10:	73 67                	jae    27a8b79 <_ZN10litchi_cfb4file16OleFile$LT$R$GT$8load_fat17h647ae3016fe2ea8bE+0x99>
 27a8b12:	ff 15 b8 b6 91 00    	call   *0x91b6b8(%rip)        # 30c41d0 <_DYNAMIC+0x298>
 27a8b18:	bf 33 00 00 00       	mov    $0x33,%edi
 27a8b1d:	be 01 00 00 00       	mov    $0x1,%esi
 27a8b22:	ff 15 b0 b6 91 00    	call   *0x91b6b0(%rip)        # 30c41d8 <_DYNAMIC+0x2a0>
 27a8b28:	48 85 c0             	test   %rax,%rax
 27a8b2b:	0f 84 20 12 00 00    	je     27a9d51 <_ZN10litchi_cfb4file16OleFile$LT$R$GT$8load_fat17h647ae3016fe2ea8bE+0x1271>
 27a8b31:	0f 10 05 d0 70 ca fd 	movups -0x2358f30(%rip),%xmm0        # 44fc08 <anon.d3e59ae8aed4ae84be81d6757a792949.284.llvm.10361598016143770638+0x5c8>
 27a8b38:	0f 11 40 20          	movups %xmm0,0x20(%rax)
 27a8b3c:	0f 10 05 b5 70 ca fd 	movups -0x2358f4b(%rip),%xmm0        # 44fbf8 <anon.d3e59ae8aed4ae84be81d6757a792949.284.llvm.10361598016143770638+0x5b8>
 27a8b43:	0f 11 40 10          	movups %xmm0,0x10(%rax)
 27a8b47:	0f 10 05 9a 70 ca fd 	movups -0x2358f66(%rip),%xmm0        # 44fbe8 <anon.d3e59ae8aed4ae84be81d6757a792949.284.llvm.10361598016143770638+0x5a8>
 27a8b4e:	0f 11 00             	movups %xmm0,(%rax)
 27a8b51:	c7 40 2f 66 69 6c 65 	movl   $0x656c6966,0x2f(%rax)
 27a8b58:	48 c7 45 00 08 00 00 	movq   $0x8,0x0(%rbp)
 27a8b5f:	00 
 27a8b60:	48 c7 45 08 33 00 00 	movq   $0x33,0x8(%rbp)
 27a8b67:	00 
 27a8b68:	48 89 45 10          	mov    %rax,0x10(%rbp)
 27a8b6c:	48 c7 45 18 33 00 00 	movq   $0x33,0x18(%rbp)
 27a8b73:	00 
 27a8b74:	e9 0d 10 00 00       	jmp    27a9b86 <_ZN10litchi_cfb4file16OleFile$LT$R$GT$8load_fat17h647ae3016fe2ea8bE+0x10a6>
 27a8b79:	45 89 cf             	mov    %r9d,%r15d
 27a8b7c:	4c 39 f8             	cmp    %r15,%rax
 27a8b7f:	73 6e                	jae    27a8bef <_ZN10litchi_cfb4file16OleFile$LT$R$GT$8load_fat17h647ae3016fe2ea8bE+0x10f>
 27a8b81:	ff 15 49 b6 91 00    	call   *0x91b649(%rip)        # 30c41d0 <_DYNAMIC+0x298>
 27a8b87:	bf 35 00 00 00       	mov    $0x35,%edi
 27a8b8c:	be 01 00 00 00       	mov    $0x1,%esi
 27a8b91:	ff 15 41 b6 91 00    	call   *0x91b641(%rip)        # 30c41d8 <_DYNAMIC+0x2a0>
 27a8b97:	48 85 c0             	test   %rax,%rax
 27a8b9a:	0f 84 c1 11 00 00    	je     27a9d61 <_ZN10litchi_cfb4file16OleFile$LT$R$GT$8load_fat17h647ae3016fe2ea8bE+0x1281>
 27a8ba0:	0f 10 05 2c 70 ca fd 	movups -0x2358fd4(%rip),%xmm0        # 44fbd3 <anon.d3e59ae8aed4ae84be81d6757a792949.284.llvm.10361598016143770638+0x593>
 27a8ba7:	0f 11 40 20          	movups %xmm0,0x20(%rax)
 27a8bab:	0f 10 05 11 70 ca fd 	movups -0x2358fef(%rip),%xmm0        # 44fbc3 <anon.d3e59ae8aed4ae84be81d6757a792949.284.llvm.10361598016143770638+0x583>
 27a8bb2:	0f 11 40 10          	movups %xmm0,0x10(%rax)
 27a8bb6:	0f 10 05 f6 6f ca fd 	movups -0x235900a(%rip),%xmm0        # 44fbb3 <anon.d3e59ae8aed4ae84be81d6757a792949.284.llvm.10361598016143770638+0x573>
 27a8bbd:	0f 11 00             	movups %xmm0,(%rax)
 27a8bc0:	48 b9 63 61 6c 20 66 	movabs $0x656c6966206c6163,%rcx
 27a8bc7:	69 6c 65 
 27a8bca:	48 89 48 2d          	mov    %rcx,0x2d(%rax)
 27a8bce:	48 c7 45 00 08 00 00 	movq   $0x8,0x0(%rbp)
 27a8bd5:	00 
 27a8bd6:	48 c7 45 08 35 00 00 	movq   $0x35,0x8(%rbp)
 27a8bdd:	00 
 27a8bde:	48 89 45 10          	mov    %rax,0x10(%rbp)
 27a8be2:	48 c7 45 18 35 00 00 	movq   $0x35,0x18(%rbp)
 27a8be9:	00 
 27a8bea:	e9 97 0f 00 00       	jmp    27a9b86 <_ZN10litchi_cfb4file16OleFile$LT$R$GT$8load_fat17h647ae3016fe2ea8bE+0x10a6>
 27a8bef:	48 89 d3             	mov    %rdx,%rbx
 27a8bf2:	49 89 f4             	mov    %rsi,%r12
 27a8bf5:	44 89 4c 24 70       	mov    %r9d,0x70(%rsp)
 27a8bfa:	44 89 04 24          	mov    %r8d,(%rsp)
 27a8bfe:	4c 89 ac 24 f8 00 00 	mov    %r13,0xf8(%rsp)
 27a8c05:	00 
 27a8c06:	41 be 04 00 00 00    	mov    $0x4,%r14d
 27a8c0c:	b8 04 00 00 00       	mov    $0x4,%eax
 27a8c11:	85 c9                	test   %ecx,%ecx
 27a8c13:	48 89 6c 24 18       	mov    %rbp,0x18(%rsp)
 27a8c18:	0f 85 11 0b 00 00    	jne    27a972f <_ZN10litchi_cfb4file16OleFile$LT$R$GT$8load_fat17h647ae3016fe2ea8bE+0xc4f>
 27a8c1e:	4c 89 6c 24 58       	mov    %r13,0x58(%rsp)
 27a8c23:	48 89 44 24 60       	mov    %rax,0x60(%rsp)
 27a8c28:	48 c7 44 24 68 00 00 	movq   $0x0,0x68(%rsp)
 27a8c2f:	00 00 
 27a8c31:	83 7c 24 70 00       	cmpl   $0x0,0x70(%rsp)
 27a8c36:	0f 85 56 0b 00 00    	jne    27a9792 <_ZN10litchi_cfb4file16OleFile$LT$R$GT$8load_fat17h647ae3016fe2ea8bE+0xcb2>
 27a8c3c:	4c 89 7c 24 50       	mov    %r15,0x50(%rsp)
 27a8c41:	4c 89 74 24 08       	mov    %r14,0x8(%rsp)
 27a8c46:	49 83 fd 6d          	cmp    $0x6d,%r13
 27a8c4a:	4c 89 e8             	mov    %r13,%rax
 27a8c4d:	41 bd 6d 00 00 00    	mov    $0x6d,%r13d
 27a8c53:	48 89 84 24 98 00 00 	mov    %rax,0x98(%rsp)
 27a8c5a:	00 
 27a8c5b:	4c 0f 42 e8          	cmovb  %rax,%r13
 27a8c5f:	85 c9                	test   %ecx,%ecx
 27a8c61:	0f 84 b7 01 00 00    	je     27a8e1e <_ZN10litchi_cfb4file16OleFile$LT$R$GT$8load_fat17h647ae3016fe2ea8bE+0x33e>
 27a8c67:	48 83 c3 4c          	add    $0x4c,%rbx
 27a8c6b:	0f 1f 44 00 00       	nopl   0x0(%rax,%rax,1)
 27a8c70:	ba 04 00 00 00       	mov    $0x4,%edx
 27a8c75:	41 b8 12 00 00 00    	mov    $0x12,%r8d
 27a8c7b:	48 8d bc 24 48 01 00 	lea    0x148(%rsp),%rdi
 27a8c82:	00 
 27a8c83:	48 89 de             	mov    %rbx,%rsi
 27a8c86:	48 8d 0d f7 74 ca fd 	lea    -0x2358b09(%rip),%rcx        # 450184 <anon.d3e59ae8aed4ae84be81d6757a792949.284.llvm.10361598016143770638+0xb44>
 27a8c8d:	ff 15 0d f5 91 00    	call   *0x91f50d(%rip)        # 30c81a0 <_DYNAMIC+0x4268>
 27a8c93:	48 8b 84 24 48 01 00 	mov    0x148(%rsp),%rax
 27a8c9a:	00 
 27a8c9b:	44 8b b4 24 50 01 00 	mov    0x150(%rsp),%r14d
 27a8ca2:	00 
 27a8ca3:	48 83 f8 0b          	cmp    $0xb,%rax
 27a8ca7:	0f 85 6c 08 00 00    	jne    27a9519 <_ZN10litchi_cfb4file16OleFile$LT$R$GT$8load_fat17h647ae3016fe2ea8bE+0xa39>
 27a8cad:	41 83 fe fe          	cmp    $0xfffffffe,%r14d
 27a8cb1:	0f 83 93 08 00 00    	jae    27a954a <_ZN10litchi_cfb4file16OleFile$LT$R$GT$8load_fat17h647ae3016fe2ea8bE+0xa6a>
 27a8cb7:	4d 39 b4 24 88 00 00 	cmp    %r14,0x88(%r12)
 27a8cbe:	00 
 27a8cbf:	0f 86 c7 00 00 00    	jbe    27a8d8c <_ZN10litchi_cfb4file16OleFile$LT$R$GT$8load_fat17h647ae3016fe2ea8bE+0x2ac>
 27a8cc5:	49 8b 8c 24 80 00 00 	mov    0x80(%r12),%rcx
 27a8ccc:	00 
 27a8ccd:	42 0f b6 04 31       	movzbl (%rcx,%r14,1),%eax
 27a8cd2:	84 c0                	test   %al,%al
 27a8cd4:	0f 85 ff 00 00 00    	jne    27a8dd9 <_ZN10litchi_cfb4file16OleFile$LT$R$GT$8load_fat17h647ae3016fe2ea8bE+0x2f9>
 27a8cda:	42 c6 04 31 01       	movb   $0x1,(%rcx,%r14,1)
 27a8cdf:	4c 8b 7c 24 68       	mov    0x68(%rsp),%r15
 27a8ce4:	4c 39 7c 24 58       	cmp    %r15,0x58(%rsp)
 27a8ce9:	74 23                	je     27a8d0e <_ZN10litchi_cfb4file16OleFile$LT$R$GT$8load_fat17h647ae3016fe2ea8bE+0x22e>
 27a8ceb:	48 8b 44 24 60       	mov    0x60(%rsp),%rax
 27a8cf0:	46 89 34 b8          	mov    %r14d,(%rax,%r15,4)
 27a8cf4:	49 ff c7             	inc    %r15
 27a8cf7:	4c 89 7c 24 68       	mov    %r15,0x68(%rsp)
 27a8cfc:	48 83 c3 04          	add    $0x4,%rbx
 27a8d00:	49 ff cd             	dec    %r13
 27a8d03:	0f 85 67 ff ff ff    	jne    27a8c70 <_ZN10litchi_cfb4file16OleFile$LT$R$GT$8load_fat17h647ae3016fe2ea8bE+0x190>
 27a8d09:	e9 10 01 00 00       	jmp    27a8e1e <_ZN10litchi_cfb4file16OleFile$LT$R$GT$8load_fat17h647ae3016fe2ea8bE+0x33e>
 27a8d0e:	4b 8d 2c 3f          	lea    (%r15,%r15,1),%rbp
 27a8d12:	48 83 fd 05          	cmp    $0x5,%rbp
 27a8d16:	b8 04 00 00 00       	mov    $0x4,%eax
 27a8d1b:	48 0f 42 e8          	cmovb  %rax,%rbp
 27a8d1f:	48 8b 54 24 60       	mov    0x60(%rsp),%rdx
 27a8d24:	41 b8 04 00 00 00    	mov    $0x4,%r8d
 27a8d2a:	41 b9 04 00 00 00    	mov    $0x4,%r9d
 27a8d30:	48 8d bc 24 48 01 00 	lea    0x148(%rsp),%rdi
 27a8d37:	00 
 27a8d38:	4c 89 fe             	mov    %r15,%rsi
 27a8d3b:	48 89 e9             	mov    %rbp,%rcx
 27a8d3e:	e8 7d 86 f4 ff       	call   26f13c0 <_ZN5alloc7raw_vec20RawVecInner$LT$A$GT$11finish_grow17hc4678fe9dc427307E.llvm.6133037854823009223>
 27a8d43:	83 bc 24 48 01 00 00 	cmpl   $0x1,0x148(%rsp)
 27a8d4a:	01 
 27a8d4b:	0f 84 47 0e 00 00    	je     27a9b98 <_ZN10litchi_cfb4file16OleFile$LT$R$GT$8load_fat17h647ae3016fe2ea8bE+0x10b8>
 27a8d51:	48 8b 84 24 50 01 00 	mov    0x150(%rsp),%rax
 27a8d58:	00 
 27a8d59:	48 89 44 24 60       	mov    %rax,0x60(%rsp)
 27a8d5e:	48 89 6c 24 58       	mov    %rbp,0x58(%rsp)
 27a8d63:	4c 8b 7c 24 68       	mov    0x68(%rsp),%r15
 27a8d68:	49 39 ef             	cmp    %rbp,%r15
 27a8d6b:	75 15                	jne    27a8d82 <_ZN10litchi_cfb4file16OleFile$LT$R$GT$8load_fat17h647ae3016fe2ea8bE+0x2a2>
 27a8d6d:	48 8d 7c 24 58       	lea    0x58(%rsp),%rdi
 27a8d72:	ff 15 28 3c 92 00    	call   *0x923c28(%rip)        # 30cc9a0 <_DYNAMIC+0x8a68>
 27a8d78:	48 8b 6c 24 18       	mov    0x18(%rsp),%rbp
 27a8d7d:	e9 69 ff ff ff       	jmp    27a8ceb <_ZN10litchi_cfb4file16OleFile$LT$R$GT$8load_fat17h647ae3016fe2ea8bE+0x20b>
 27a8d82:	48 8b 6c 24 18       	mov    0x18(%rsp),%rbp
 27a8d87:	e9 5f ff ff ff       	jmp    27a8ceb <_ZN10litchi_cfb4file16OleFile$LT$R$GT$8load_fat17h647ae3016fe2ea8bE+0x20b>
 27a8d8c:	48 8d bc 24 48 01 00 	lea    0x148(%rsp),%rdi
 27a8d93:	00 
 27a8d94:	44 89 f6             	mov    %r14d,%esi
 27a8d97:	ba 01 00 00 00       	mov    $0x1,%edx
 27a8d9c:	ff 15 ee f3 91 00    	call   *0x91f3ee(%rip)        # 30c8190 <_DYNAMIC+0x4258>
 27a8da2:	48 8b 84 24 48 01 00 	mov    0x148(%rsp),%rax
 27a8da9:	00 
 27a8daa:	48 8b 8c 24 50 01 00 	mov    0x150(%rsp),%rcx
 27a8db1:	00 
 27a8db2:	48 8d b4 24 58 01 00 	lea    0x158(%rsp),%rsi
 27a8db9:	00 
 27a8dba:	48 8b 56 10          	mov    0x10(%rsi),%rdx
 27a8dbe:	48 8d 7c 24 30       	lea    0x30(%rsp),%rdi
 27a8dc3:	48 89 57 10          	mov    %rdx,0x10(%rdi)
 27a8dc7:	0f 10 06             	movups (%rsi),%xmm0
 27a8dca:	0f 11 07             	movups %xmm0,(%rdi)
 27a8dcd:	48 89 44 24 20       	mov    %rax,0x20(%rsp)
 27a8dd2:	48 89 4c 24 28       	mov    %rcx,0x28(%rsp)
 27a8dd7:	eb 1b                	jmp    27a8df4 <_ZN10litchi_cfb4file16OleFile$LT$R$GT$8load_fat17h647ae3016fe2ea8bE+0x314>
 27a8dd9:	0f b6 d0             	movzbl %al,%edx
 27a8ddc:	48 8d 7c 24 20       	lea    0x20(%rsp),%rdi
 27a8de1:	44 89 f6             	mov    %r14d,%esi
 27a8de4:	b9 01 00 00 00       	mov    $0x1,%ecx
 27a8de9:	ff 15 a9 f3 91 00    	call   *0x91f3a9(%rip)        # 30c8198 <_DYNAMIC+0x4260>
 27a8def:	48 8b 44 24 20       	mov    0x20(%rsp),%rax
 27a8df4:	48 83 f8 0b          	cmp    $0xb,%rax
 27a8df8:	0f 84 e1 fe ff ff    	je     27a8cdf <_ZN10litchi_cfb4file16OleFile$LT$R$GT$8load_fat17h647ae3016fe2ea8bE+0x1ff>
 27a8dfe:	48 8b 44 24 40       	mov    0x40(%rsp),%rax
 27a8e03:	48 89 45 20          	mov    %rax,0x20(%rbp)
 27a8e07:	0f 10 44 24 20       	movups 0x20(%rsp),%xmm0
 27a8e0c:	0f 10 4c 24 30       	movups 0x30(%rsp),%xmm1
 27a8e11:	0f 11 4d 10          	movups %xmm1,0x10(%rbp)
 27a8e15:	0f 11 45 00          	movups %xmm0,0x0(%rbp)
 27a8e19:	e9 1b 07 00 00       	jmp    27a9539 <_ZN10litchi_cfb4file16OleFile$LT$R$GT$8load_fat17h647ae3016fe2ea8bE+0xa59>
 27a8e1e:	48 8d bc 24 48 01 00 	lea    0x148(%rsp),%rdi
 27a8e25:	00 
 27a8e26:	31 db                	xor    %ebx,%ebx
 27a8e28:	41 be 00 10 00 00    	mov    $0x1000,%r14d
 27a8e2e:	ba 00 10 00 00       	mov    $0x1000,%edx
 27a8e33:	31 f6                	xor    %esi,%esi
 27a8e35:	ff 15 d5 c0 91 00    	call   *0x91c0d5(%rip)        # 30c4f10 <memset@GLIBC_2.2.5>
 27a8e3b:	49 8b 84 24 70 01 00 	mov    0x170(%r12),%rax
 27a8e42:	00 
 27a8e43:	48 3d 00 10 00 00    	cmp    $0x1000,%rax
 27a8e49:	0f 87 67 0e 00 00    	ja     27a9cb6 <_ZN10litchi_cfb4file16OleFile$LT$R$GT$8load_fat17h647ae3016fe2ea8bE+0x11d6>
 27a8e4f:	48 89 c1             	mov    %rax,%rcx
 27a8e52:	48 c1 e9 02          	shr    $0x2,%rcx
 27a8e56:	83 7c 24 70 00       	cmpl   $0x0,0x70(%rsp)
 27a8e5b:	48 89 44 24 70       	mov    %rax,0x70(%rsp)
 27a8e60:	48 89 4c 24 78       	mov    %rcx,0x78(%rsp)
 27a8e65:	0f 84 0d 04 00 00    	je     27a9278 <_ZN10litchi_cfb4file16OleFile$LT$R$GT$8load_fat17h647ae3016fe2ea8bE+0x798>
 27a8e6b:	48 8d 71 ff          	lea    -0x1(%rcx),%rsi
 27a8e6f:	48 8d 14 b5 00 00 00 	lea    0x0(,%rsi,4),%rdx
 27a8e76:	00 
 27a8e77:	48 89 b4 24 d0 00 00 	mov    %rsi,0xd0(%rsp)
 27a8e7e:	00 
 27a8e7f:	48 8d 34 b5 04 00 00 	lea    0x4(,%rsi,4),%rsi
 27a8e86:	00 
 27a8e87:	48 89 b4 24 d8 00 00 	mov    %rsi,0xd8(%rsp)
 27a8e8e:	00 
 27a8e8f:	48 39 c6             	cmp    %rax,%rsi
 27a8e92:	0f 97 44 24 17       	seta   0x17(%rsp)
 27a8e97:	48 85 c9             	test   %rcx,%rcx
 27a8e9a:	0f 84 54 0e 00 00    	je     27a9cf4 <_ZN10litchi_cfb4file16OleFile$LT$R$GT$8load_fat17h647ae3016fe2ea8bE+0x1214>
 27a8ea0:	4c 8b 6c 24 08       	mov    0x8(%rsp),%r13
 27a8ea5:	44 8b 3c 24          	mov    (%rsp),%r15d
 27a8ea9:	48 89 94 24 e0 00 00 	mov    %rdx,0xe0(%rsp)
 27a8eb0:	00 
 27a8eb1:	48 8d 04 14          	lea    (%rsp,%rdx,1),%rax
 27a8eb5:	48 05 48 01 00 00    	add    $0x148,%rax
 27a8ebb:	48 89 84 24 e8 00 00 	mov    %rax,0xe8(%rsp)
 27a8ec2:	00 
 27a8ec3:	31 db                	xor    %ebx,%ebx
 27a8ec5:	48 8b 44 24 50       	mov    0x50(%rsp),%rax
 27a8eca:	48 89 04 24          	mov    %rax,(%rsp)
 27a8ece:	44 89 f8             	mov    %r15d,%eax
 27a8ed1:	49 39 84 24 88 00 00 	cmp    %rax,0x88(%r12)
 27a8ed8:	00 
 27a8ed9:	0f 86 03 03 00 00    	jbe    27a91e2 <_ZN10litchi_cfb4file16OleFile$LT$R$GT$8load_fat17h647ae3016fe2ea8bE+0x702>
 27a8edf:	49 8b 94 24 80 00 00 	mov    0x80(%r12),%rdx
 27a8ee6:	00 
 27a8ee7:	0f b6 0c 02          	movzbl (%rdx,%rax,1),%ecx
 27a8eeb:	84 c9                	test   %cl,%cl
 27a8eed:	0f 85 39 03 00 00    	jne    27a922c <_ZN10litchi_cfb4file16OleFile$LT$R$GT$8load_fat17h647ae3016fe2ea8bE+0x74c>
 27a8ef3:	c6 04 02 02          	movb   $0x2,(%rdx,%rax,1)
 27a8ef7:	48 39 1c 24          	cmp    %rbx,(%rsp)
 27a8efb:	0f 84 93 02 00 00    	je     27a9194 <_ZN10litchi_cfb4file16OleFile$LT$R$GT$8load_fat17h647ae3016fe2ea8bE+0x6b4>
 27a8f01:	45 89 7c 9d 00       	mov    %r15d,0x0(%r13,%rbx,4)
 27a8f06:	48 8d 7c 24 20       	lea    0x20(%rsp),%rdi
 27a8f0b:	4c 89 e6             	mov    %r12,%rsi
 27a8f0e:	44 89 fa             	mov    %r15d,%edx
 27a8f11:	48 8d 8c 24 48 01 00 	lea    0x148(%rsp),%rcx
 27a8f18:	00 
 27a8f19:	4c 8b 44 24 70       	mov    0x70(%rsp),%r8
 27a8f1e:	e8 0d 5f ff ff       	call   279ee30 <_ZN10litchi_cfb4file16OleFile$LT$R$GT$16read_sector_into17h165b62aba38e786bE>
 27a8f23:	83 7c 24 20 0b       	cmpl   $0xb,0x20(%rsp)
 27a8f28:	0f 85 15 09 00 00    	jne    27a9843 <_ZN10litchi_cfb4file16OleFile$LT$R$GT$8load_fat17h647ae3016fe2ea8bE+0xd63>
 27a8f2e:	48 89 9c 24 f0 00 00 	mov    %rbx,0xf0(%rsp)
 27a8f35:	00 
 27a8f36:	48 83 bc 24 d0 00 00 	cmpq   $0x0,0xd0(%rsp)
 27a8f3d:	00 00 
 27a8f3f:	0f 84 e1 01 00 00    	je     27a9126 <_ZN10litchi_cfb4file16OleFile$LT$R$GT$8load_fat17h647ae3016fe2ea8bE+0x646>
 27a8f45:	48 8b 9c 24 d0 00 00 	mov    0xd0(%rsp),%rbx
 27a8f4c:	00 
 27a8f4d:	31 ed                	xor    %ebp,%ebp
 27a8f4f:	eb 26                	jmp    27a8f77 <_ZN10litchi_cfb4file16OleFile$LT$R$GT$8load_fat17h647ae3016fe2ea8bE+0x497>
 27a8f51:	66 66 66 66 66 66 2e 	data16 data16 data16 data16 data16 cs nopw 0x0(%rax,%rax,1)
 27a8f58:	0f 1f 84 00 00 00 00 
 27a8f5f:	00 
 27a8f60:	41 83 fe ff          	cmp    $0xffffffff,%r14d
 27a8f64:	0f 85 59 07 00 00    	jne    27a96c3 <_ZN10litchi_cfb4file16OleFile$LT$R$GT$8load_fat17h647ae3016fe2ea8bE+0xbe3>
 27a8f6a:	48 83 c5 04          	add    $0x4,%rbp
 27a8f6e:	48 ff cb             	dec    %rbx
 27a8f71:	0f 84 af 01 00 00    	je     27a9126 <_ZN10litchi_cfb4file16OleFile$LT$R$GT$8load_fat17h647ae3016fe2ea8bE+0x646>
 27a8f77:	48 8d 45 03          	lea    0x3(%rbp),%rax
 27a8f7b:	48 3b 44 24 70       	cmp    0x70(%rsp),%rax
 27a8f80:	0f 83 42 0c 00 00    	jae    27a9bc8 <_ZN10litchi_cfb4file16OleFile$LT$R$GT$8load_fat17h647ae3016fe2ea8bE+0x10e8>
 27a8f86:	48 8d 34 2c          	lea    (%rsp,%rbp,1),%rsi
 27a8f8a:	48 81 c6 48 01 00 00 	add    $0x148,%rsi
 27a8f91:	ba 04 00 00 00       	mov    $0x4,%edx
 27a8f96:	41 b8 0b 00 00 00    	mov    $0xb,%r8d
 27a8f9c:	48 8d 7c 24 20       	lea    0x20(%rsp),%rdi
 27a8fa1:	48 8d 0d 78 71 ca fd 	lea    -0x2358e88(%rip),%rcx        # 450120 <anon.d3e59ae8aed4ae84be81d6757a792949.284.llvm.10361598016143770638+0xae0>
 27a8fa8:	ff 15 f2 f1 91 00    	call   *0x91f1f2(%rip)        # 30c81a0 <_DYNAMIC+0x4268>
 27a8fae:	48 8b 44 24 20       	mov    0x20(%rsp),%rax
 27a8fb3:	48 83 f8 0b          	cmp    $0xb,%rax
 27a8fb7:	0f 85 fe 05 00 00    	jne    27a95bb <_ZN10litchi_cfb4file16OleFile$LT$R$GT$8load_fat17h647ae3016fe2ea8bE+0xadb>
 27a8fbd:	44 8b 74 24 28       	mov    0x28(%rsp),%r14d
 27a8fc2:	48 8b 84 24 98 00 00 	mov    0x98(%rsp),%rax
 27a8fc9:	00 
 27a8fca:	48 39 44 24 68       	cmp    %rax,0x68(%rsp)
 27a8fcf:	73 8f                	jae    27a8f60 <_ZN10litchi_cfb4file16OleFile$LT$R$GT$8load_fat17h647ae3016fe2ea8bE+0x480>
 27a8fd1:	41 83 fe f9          	cmp    $0xfffffff9,%r14d
 27a8fd5:	0f 87 78 06 00 00    	ja     27a9653 <_ZN10litchi_cfb4file16OleFile$LT$R$GT$8load_fat17h647ae3016fe2ea8bE+0xb73>
 27a8fdb:	4d 39 b4 24 88 00 00 	cmp    %r14,0x88(%r12)
 27a8fe2:	00 
 27a8fe3:	0f 86 c3 00 00 00    	jbe    27a90ac <_ZN10litchi_cfb4file16OleFile$LT$R$GT$8load_fat17h647ae3016fe2ea8bE+0x5cc>
 27a8fe9:	49 8b 8c 24 80 00 00 	mov    0x80(%r12),%rcx
 27a8ff0:	00 
 27a8ff1:	42 0f b6 04 31       	movzbl (%rcx,%r14,1),%eax
 27a8ff6:	84 c0                	test   %al,%al
 27a8ff8:	0f 85 f8 00 00 00    	jne    27a90f6 <_ZN10litchi_cfb4file16OleFile$LT$R$GT$8load_fat17h647ae3016fe2ea8bE+0x616>
 27a8ffe:	42 c6 04 31 01       	movb   $0x1,(%rcx,%r14,1)
 27a9003:	4c 8b 7c 24 68       	mov    0x68(%rsp),%r15
 27a9008:	4c 39 7c 24 58       	cmp    %r15,0x58(%rsp)
 27a900d:	74 23                	je     27a9032 <_ZN10litchi_cfb4file16OleFile$LT$R$GT$8load_fat17h647ae3016fe2ea8bE+0x552>
 27a900f:	48 8b 44 24 60       	mov    0x60(%rsp),%rax
 27a9014:	46 89 34 b8          	mov    %r14d,(%rax,%r15,4)
 27a9018:	49 ff c7             	inc    %r15
 27a901b:	4c 89 7c 24 68       	mov    %r15,0x68(%rsp)
 27a9020:	48 83 c5 04          	add    $0x4,%rbp
 27a9024:	48 ff cb             	dec    %rbx
 27a9027:	0f 85 4a ff ff ff    	jne    27a8f77 <_ZN10litchi_cfb4file16OleFile$LT$R$GT$8load_fat17h647ae3016fe2ea8bE+0x497>
 27a902d:	e9 f4 00 00 00       	jmp    27a9126 <_ZN10litchi_cfb4file16OleFile$LT$R$GT$8load_fat17h647ae3016fe2ea8bE+0x646>
 27a9032:	4c 89 6c 24 08       	mov    %r13,0x8(%rsp)
 27a9037:	4f 8d 2c 3f          	lea    (%r15,%r15,1),%r13
 27a903b:	49 83 fd 05          	cmp    $0x5,%r13
 27a903f:	b8 04 00 00 00       	mov    $0x4,%eax
 27a9044:	4c 0f 42 e8          	cmovb  %rax,%r13
 27a9048:	48 8b 54 24 60       	mov    0x60(%rsp),%rdx
 27a904d:	41 b8 04 00 00 00    	mov    $0x4,%r8d
 27a9053:	41 b9 04 00 00 00    	mov    $0x4,%r9d
 27a9059:	48 8d 7c 24 20       	lea    0x20(%rsp),%rdi
 27a905e:	4c 89 fe             	mov    %r15,%rsi
 27a9061:	4c 89 e9             	mov    %r13,%rcx
 27a9064:	e8 57 83 f4 ff       	call   26f13c0 <_ZN5alloc7raw_vec20RawVecInner$LT$A$GT$11finish_grow17hc4678fe9dc427307E.llvm.6133037854823009223>
 27a9069:	83 7c 24 20 01       	cmpl   $0x1,0x20(%rsp)
 27a906e:	0f 84 e5 0b 00 00    	je     27a9c59 <_ZN10litchi_cfb4file16OleFile$LT$R$GT$8load_fat17h647ae3016fe2ea8bE+0x1179>
 27a9074:	48 8b 44 24 28       	mov    0x28(%rsp),%rax
 27a9079:	48 89 44 24 60       	mov    %rax,0x60(%rsp)
 27a907e:	4c 89 6c 24 58       	mov    %r13,0x58(%rsp)
 27a9083:	4c 8b 7c 24 68       	mov    0x68(%rsp),%r15
 27a9088:	4d 39 ef             	cmp    %r13,%r15
 27a908b:	75 15                	jne    27a90a2 <_ZN10litchi_cfb4file16OleFile$LT$R$GT$8load_fat17h647ae3016fe2ea8bE+0x5c2>
 27a908d:	48 8d 7c 24 58       	lea    0x58(%rsp),%rdi
 27a9092:	4c 8b 6c 24 08       	mov    0x8(%rsp),%r13
 27a9097:	ff 15 03 39 92 00    	call   *0x923903(%rip)        # 30cc9a0 <_DYNAMIC+0x8a68>
 27a909d:	e9 6d ff ff ff       	jmp    27a900f <_ZN10litchi_cfb4file16OleFile$LT$R$GT$8load_fat17h647ae3016fe2ea8bE+0x52f>
 27a90a2:	4c 8b 6c 24 08       	mov    0x8(%rsp),%r13
 27a90a7:	e9 63 ff ff ff       	jmp    27a900f <_ZN10litchi_cfb4file16OleFile$LT$R$GT$8load_fat17h647ae3016fe2ea8bE+0x52f>
 27a90ac:	48 8d 7c 24 20       	lea    0x20(%rsp),%rdi
 27a90b1:	44 89 f6             	mov    %r14d,%esi
 27a90b4:	ba 01 00 00 00       	mov    $0x1,%edx
 27a90b9:	ff 15 d1 f0 91 00    	call   *0x91f0d1(%rip)        # 30c8190 <_DYNAMIC+0x4258>
 27a90bf:	48 8b 44 24 20       	mov    0x20(%rsp),%rax
 27a90c4:	48 8b 4c 24 28       	mov    0x28(%rsp),%rcx
 27a90c9:	48 8d 74 24 30       	lea    0x30(%rsp),%rsi
 27a90ce:	48 8b 56 10          	mov    0x10(%rsi),%rdx
 27a90d2:	48 8d bc 24 b0 00 00 	lea    0xb0(%rsp),%rdi
 27a90d9:	00 
 27a90da:	48 89 57 10          	mov    %rdx,0x10(%rdi)
 27a90de:	0f 10 06             	movups (%rsi),%xmm0
 27a90e1:	0f 11 07             	movups %xmm0,(%rdi)
 27a90e4:	48 89 84 24 a0 00 00 	mov    %rax,0xa0(%rsp)
 27a90eb:	00 
 27a90ec:	48 89 8c 24 a8 00 00 	mov    %rcx,0xa8(%rsp)
 27a90f3:	00 
 27a90f4:	eb 21                	jmp    27a9117 <_ZN10litchi_cfb4file16OleFile$LT$R$GT$8load_fat17h647ae3016fe2ea8bE+0x637>
 27a90f6:	0f b6 d0             	movzbl %al,%edx
 27a90f9:	48 8d bc 24 a0 00 00 	lea    0xa0(%rsp),%rdi
 27a9100:	00 
 27a9101:	44 89 f6             	mov    %r14d,%esi
 27a9104:	b9 01 00 00 00       	mov    $0x1,%ecx
 27a9109:	ff 15 89 f0 91 00    	call   *0x91f089(%rip)        # 30c8198 <_DYNAMIC+0x4260>
 27a910f:	48 8b 84 24 a0 00 00 	mov    0xa0(%rsp),%rax
 27a9116:	00 
 27a9117:	48 83 f8 0b          	cmp    $0xb,%rax
 27a911b:	0f 84 e2 fe ff ff    	je     27a9003 <_ZN10litchi_cfb4file16OleFile$LT$R$GT$8load_fat17h647ae3016fe2ea8bE+0x523>
 27a9121:	e9 d8 0b 00 00       	jmp    27a9cfe <_ZN10litchi_cfb4file16OleFile$LT$R$GT$8load_fat17h647ae3016fe2ea8bE+0x121e>
 27a9126:	80 7c 24 17 00       	cmpb   $0x0,0x17(%rsp)
 27a912b:	0f 85 9e 0b 00 00    	jne    27a9ccf <_ZN10litchi_cfb4file16OleFile$LT$R$GT$8load_fat17h647ae3016fe2ea8bE+0x11ef>
 27a9131:	ba 04 00 00 00       	mov    $0x4,%edx
 27a9136:	41 b8 18 00 00 00    	mov    $0x18,%r8d
 27a913c:	48 8d 7c 24 20       	lea    0x20(%rsp),%rdi
 27a9141:	48 8b b4 24 e8 00 00 	mov    0xe8(%rsp),%rsi
 27a9148:	00 
 27a9149:	48 8d 0d 66 6f ca fd 	lea    -0x235909a(%rip),%rcx        # 4500b6 <anon.d3e59ae8aed4ae84be81d6757a792949.284.llvm.10361598016143770638+0xa76>
 27a9150:	ff 15 4a f0 91 00    	call   *0x91f04a(%rip)        # 30c81a0 <_DYNAMIC+0x4268>
 27a9156:	48 8b 6c 24 18       	mov    0x18(%rsp),%rbp
 27a915b:	48 8b 9c 24 f0 00 00 	mov    0xf0(%rsp),%rbx
 27a9162:	00 
 27a9163:	48 8b 44 24 20       	mov    0x20(%rsp),%rax
 27a9168:	48 83 f8 0b          	cmp    $0xb,%rax
 27a916c:	0f 85 e4 08 00 00    	jne    27a9a56 <_ZN10litchi_cfb4file16OleFile$LT$R$GT$8load_fat17h647ae3016fe2ea8bE+0xf76>
 27a9172:	48 ff c3             	inc    %rbx
 27a9175:	44 8b 7c 24 28       	mov    0x28(%rsp),%r15d
 27a917a:	48 3b 5c 24 50       	cmp    0x50(%rsp),%rbx
 27a917f:	0f 84 f3 08 00 00    	je     27a9a78 <_ZN10litchi_cfb4file16OleFile$LT$R$GT$8load_fat17h647ae3016fe2ea8bE+0xf98>
 27a9185:	41 83 ff f9          	cmp    $0xfffffff9,%r15d
 27a9189:	0f 86 3f fd ff ff    	jbe    27a8ece <_ZN10litchi_cfb4file16OleFile$LT$R$GT$8load_fat17h647ae3016fe2ea8bE+0x3ee>
 27a918f:	e9 53 09 00 00       	jmp    27a9ae7 <_ZN10litchi_cfb4file16OleFile$LT$R$GT$8load_fat17h647ae3016fe2ea8bE+0x1007>
 27a9194:	48 8b 34 24          	mov    (%rsp),%rsi
 27a9198:	4c 8d 34 36          	lea    (%rsi,%rsi,1),%r14
 27a919c:	49 83 fe 05          	cmp    $0x5,%r14
 27a91a0:	b8 04 00 00 00       	mov    $0x4,%eax
 27a91a5:	4c 0f 42 f0          	cmovb  %rax,%r14
 27a91a9:	41 b8 04 00 00 00    	mov    $0x4,%r8d
 27a91af:	41 b9 04 00 00 00    	mov    $0x4,%r9d
 27a91b5:	48 8d 7c 24 20       	lea    0x20(%rsp),%rdi
 27a91ba:	48 89 34 24          	mov    %rsi,(%rsp)
 27a91be:	4c 89 ea             	mov    %r13,%rdx
 27a91c1:	4c 89 f1             	mov    %r14,%rcx
 27a91c4:	e8 f7 81 f4 ff       	call   26f13c0 <_ZN5alloc7raw_vec20RawVecInner$LT$A$GT$11finish_grow17hc4678fe9dc427307E.llvm.6133037854823009223>
 27a91c9:	80 7c 24 20 00       	cmpb   $0x0,0x20(%rsp)
 27a91ce:	0f 85 b9 0a 00 00    	jne    27a9c8d <_ZN10litchi_cfb4file16OleFile$LT$R$GT$8load_fat17h647ae3016fe2ea8bE+0x11ad>
 27a91d4:	4c 8b 6c 24 28       	mov    0x28(%rsp),%r13
 27a91d9:	4c 89 34 24          	mov    %r14,(%rsp)
 27a91dd:	e9 1f fd ff ff       	jmp    27a8f01 <_ZN10litchi_cfb4file16OleFile$LT$R$GT$8load_fat17h647ae3016fe2ea8bE+0x421>
 27a91e2:	48 8d 7c 24 20       	lea    0x20(%rsp),%rdi
 27a91e7:	44 89 fe             	mov    %r15d,%esi
 27a91ea:	ba 02 00 00 00       	mov    $0x2,%edx
 27a91ef:	ff 15 9b ef 91 00    	call   *0x91ef9b(%rip)        # 30c8190 <_DYNAMIC+0x4258>
 27a91f5:	48 8b 44 24 20       	mov    0x20(%rsp),%rax
 27a91fa:	48 8b 4c 24 28       	mov    0x28(%rsp),%rcx
 27a91ff:	48 8d 74 24 30       	lea    0x30(%rsp),%rsi
 27a9204:	48 8b 56 10          	mov    0x10(%rsi),%rdx
 27a9208:	48 8d bc 24 b0 00 00 	lea    0xb0(%rsp),%rdi
 27a920f:	00 
 27a9210:	48 89 57 10          	mov    %rdx,0x10(%rdi)
 27a9214:	0f 10 06             	movups (%rsi),%xmm0
 27a9217:	0f 11 07             	movups %xmm0,(%rdi)
 27a921a:	48 89 84 24 a0 00 00 	mov    %rax,0xa0(%rsp)
 27a9221:	00 
 27a9222:	48 89 8c 24 a8 00 00 	mov    %rcx,0xa8(%rsp)
 27a9229:	00 
 27a922a:	eb 21                	jmp    27a924d <_ZN10litchi_cfb4file16OleFile$LT$R$GT$8load_fat17h647ae3016fe2ea8bE+0x76d>
 27a922c:	0f b6 d1             	movzbl %cl,%edx
 27a922f:	48 8d bc 24 a0 00 00 	lea    0xa0(%rsp),%rdi
 27a9236:	00 
 27a9237:	44 89 fe             	mov    %r15d,%esi
 27a923a:	b9 02 00 00 00       	mov    $0x2,%ecx
 27a923f:	ff 15 53 ef 91 00    	call   *0x91ef53(%rip)        # 30c8198 <_DYNAMIC+0x4260>
 27a9245:	48 8b 84 24 a0 00 00 	mov    0xa0(%rsp),%rax
 27a924c:	00 
 27a924d:	48 83 f8 0b          	cmp    $0xb,%rax
 27a9251:	0f 84 a0 fc ff ff    	je     27a8ef7 <_ZN10litchi_cfb4file16OleFile$LT$R$GT$8load_fat17h647ae3016fe2ea8bE+0x417>
 27a9257:	48 8b 84 24 c0 00 00 	mov    0xc0(%rsp),%rax
 27a925e:	00 
 27a925f:	48 89 45 20          	mov    %rax,0x20(%rbp)
 27a9263:	0f 10 84 24 a0 00 00 	movups 0xa0(%rsp),%xmm0
 27a926a:	00 
 27a926b:	0f 10 8c 24 b0 00 00 	movups 0xb0(%rsp),%xmm1
 27a9272:	00 
 27a9273:	e9 de 05 00 00       	jmp    27a9856 <_ZN10litchi_cfb4file16OleFile$LT$R$GT$8load_fat17h647ae3016fe2ea8bE+0xd76>
 27a9278:	31 db                	xor    %ebx,%ebx
 27a927a:	48 c7 04 24 00 00 00 	movq   $0x0,(%rsp)
 27a9281:	00 
 27a9282:	4c 8b 6c 24 08       	mov    0x8(%rsp),%r13
 27a9287:	48 8b 4c 24 68       	mov    0x68(%rsp),%rcx
 27a928c:	48 8b 84 24 98 00 00 	mov    0x98(%rsp),%rax
 27a9293:	00 
 27a9294:	48 39 c1             	cmp    %rax,%rcx
 27a9297:	0f 85 44 03 00 00    	jne    27a95e1 <_ZN10litchi_cfb4file16OleFile$LT$R$GT$8load_fat17h647ae3016fe2ea8bE+0xb01>
 27a929d:	49 8b 8c 24 70 01 00 	mov    0x170(%r12),%rcx
 27a92a4:	00 
 27a92a5:	48 c1 e9 02          	shr    $0x2,%rcx
 27a92a9:	48 f7 e1             	mul    %rcx
 27a92ac:	0f 80 79 0a 00 00    	jo     27a9d2b <_ZN10litchi_cfb4file16OleFile$LT$R$GT$8load_fat17h647ae3016fe2ea8bE+0x124b>
 27a92b2:	48 8d 15 f2 6d ca fd 	lea    -0x235920e(%rip),%rdx        # 4500ab <anon.d3e59ae8aed4ae84be81d6757a792949.284.llvm.10361598016143770638+0xa6b>
 27a92b9:	48 8d 7c 24 20       	lea    0x20(%rsp),%rdi
 27a92be:	b9 0b 00 00 00       	mov    $0xb,%ecx
 27a92c3:	48 89 c6             	mov    %rax,%rsi
 27a92c6:	e8 15 48 00 00       	call   27adae0 <_ZN10litchi_cfb4file21try_vec_with_capacity17h6eb8b3562f3b9ec7E>
 27a92cb:	48 8b 44 24 20       	mov    0x20(%rsp),%rax
 27a92d0:	0f 10 44 24 28       	movups 0x28(%rsp),%xmm0
 27a92d5:	0f 29 84 24 a0 00 00 	movaps %xmm0,0xa0(%rsp)
 27a92dc:	00 
 27a92dd:	48 8b 4c 24 38       	mov    0x38(%rsp),%rcx
 27a92e2:	48 89 8c 24 b0 00 00 	mov    %rcx,0xb0(%rsp)
 27a92e9:	00 
 27a92ea:	48 83 f8 0b          	cmp    $0xb,%rax
 27a92ee:	0f 85 fd 04 00 00    	jne    27a97f1 <_ZN10litchi_cfb4file16OleFile$LT$R$GT$8load_fat17h647ae3016fe2ea8bE+0xd11>
 27a92f4:	4c 89 6c 24 08       	mov    %r13,0x8(%rsp)
 27a92f9:	0f 28 84 24 a0 00 00 	movaps 0xa0(%rsp),%xmm0
 27a9300:	00 
 27a9301:	0f 29 84 24 80 00 00 	movaps %xmm0,0x80(%rsp)
 27a9308:	00 
 27a9309:	48 8b 84 24 b0 00 00 	mov    0xb0(%rsp),%rax
 27a9310:	00 
 27a9311:	48 89 84 24 90 00 00 	mov    %rax,0x90(%rsp)
 27a9318:	00 
 27a9319:	4c 8b 7c 24 60       	mov    0x60(%rsp),%r15
 27a931e:	48 8b 44 24 68       	mov    0x68(%rsp),%rax
 27a9323:	48 85 c0             	test   %rax,%rax
 27a9326:	0f 84 37 05 00 00    	je     27a9863 <_ZN10litchi_cfb4file16OleFile$LT$R$GT$8load_fat17h647ae3016fe2ea8bE+0xd83>
 27a932c:	49 8d 04 87          	lea    (%r15,%rax,4),%rax
 27a9330:	48 89 84 24 98 00 00 	mov    %rax,0x98(%rsp)
 27a9337:	00 
 27a9338:	48 8b 44 24 78       	mov    0x78(%rsp),%rax
 27a933d:	41 89 c6             	mov    %eax,%r14d
 27a9340:	41 81 e6 f8 07 00 00 	and    $0x7f8,%r14d
 27a9347:	83 e0 03             	and    $0x3,%eax
 27a934a:	48 89 44 24 50       	mov    %rax,0x50(%rsp)
 27a934f:	eb 1a                	jmp    27a936b <_ZN10litchi_cfb4file16OleFile$LT$R$GT$8load_fat17h647ae3016fe2ea8bE+0x88b>
 27a9351:	49 83 c7 04          	add    $0x4,%r15
 27a9355:	4c 89 ac 24 90 00 00 	mov    %r13,0x90(%rsp)
 27a935c:	00 
 27a935d:	4c 3b bc 24 98 00 00 	cmp    0x98(%rsp),%r15
 27a9364:	00 
 27a9365:	0f 84 35 05 00 00    	je     27a98a0 <_ZN10litchi_cfb4file16OleFile$LT$R$GT$8load_fat17h647ae3016fe2ea8bE+0xdc0>
 27a936b:	41 8b 17             	mov    (%r15),%edx
 27a936e:	48 8d 7c 24 20       	lea    0x20(%rsp),%rdi
 27a9373:	4c 89 e6             	mov    %r12,%rsi
 27a9376:	48 8d 8c 24 48 01 00 	lea    0x148(%rsp),%rcx
 27a937d:	00 
 27a937e:	4c 8b 44 24 70       	mov    0x70(%rsp),%r8
 27a9383:	e8 a8 5a ff ff       	call   279ee30 <_ZN10litchi_cfb4file16OleFile$LT$R$GT$16read_sector_into17h165b62aba38e786bE>
 27a9388:	83 7c 24 20 0b       	cmpl   $0xb,0x20(%rsp)
 27a938d:	48 8b 4c 24 18       	mov    0x18(%rsp),%rcx
 27a9392:	0f 85 df 04 00 00    	jne    27a9877 <_ZN10litchi_cfb4file16OleFile$LT$R$GT$8load_fat17h647ae3016fe2ea8bE+0xd97>
 27a9398:	48 8b 84 24 80 00 00 	mov    0x80(%rsp),%rax
 27a939f:	00 
 27a93a0:	4c 8b ac 24 90 00 00 	mov    0x90(%rsp),%r13
 27a93a7:	00 
 27a93a8:	4c 29 e8             	sub    %r13,%rax
 27a93ab:	48 39 44 24 78       	cmp    %rax,0x78(%rsp)
 27a93b0:	0f 87 1f 01 00 00    	ja     27a94d5 <_ZN10litchi_cfb4file16OleFile$LT$R$GT$8load_fat17h647ae3016fe2ea8bE+0x9f5>
 27a93b6:	48 8b ac 24 88 00 00 	mov    0x88(%rsp),%rbp
 27a93bd:	00 
 27a93be:	48 8b 44 24 70       	mov    0x70(%rsp),%rax
 27a93c3:	48 83 f8 04          	cmp    $0x4,%rax
 27a93c7:	72 88                	jb     27a9351 <_ZN10litchi_cfb4file16OleFile$LT$R$GT$8load_fat17h647ae3016fe2ea8bE+0x871>
 27a93c9:	48 83 f8 20          	cmp    $0x20,%rax
 27a93cd:	72 1c                	jb     27a93eb <_ZN10litchi_cfb4file16OleFile$LT$R$GT$8load_fat17h647ae3016fe2ea8bE+0x90b>
 27a93cf:	48 89 e8             	mov    %rbp,%rax
 27a93d2:	48 8d 8c 24 48 01 00 	lea    0x148(%rsp),%rcx
 27a93d9:	00 
 27a93da:	48 29 c8             	sub    %rcx,%rax
 27a93dd:	4a 8d 04 a8          	lea    (%rax,%r13,4),%rax
 27a93e1:	48 83 f8 20          	cmp    $0x20,%rax
 27a93e5:	0f 83 94 00 00 00    	jae    27a947f <_ZN10litchi_cfb4file16OleFile$LT$R$GT$8load_fat17h647ae3016fe2ea8bE+0x99f>
 27a93eb:	31 c0                	xor    %eax,%eax
 27a93ed:	48 8b 54 24 50       	mov    0x50(%rsp),%rdx
 27a93f2:	48 89 c1             	mov    %rax,%rcx
 27a93f5:	48 85 d2             	test   %rdx,%rdx
 27a93f8:	74 1d                	je     27a9417 <_ZN10litchi_cfb4file16OleFile$LT$R$GT$8load_fat17h647ae3016fe2ea8bE+0x937>
 27a93fa:	66 0f 1f 44 00 00    	nopw   0x0(%rax,%rax,1)
 27a9400:	8b b4 8c 48 01 00 00 	mov    0x148(%rsp,%rcx,4),%esi
 27a9407:	42 89 74 ad 00       	mov    %esi,0x0(%rbp,%r13,4)
 27a940c:	49 ff c5             	inc    %r13
 27a940f:	48 ff c1             	inc    %rcx
 27a9412:	48 ff ca             	dec    %rdx
 27a9415:	75 e9                	jne    27a9400 <_ZN10litchi_cfb4file16OleFile$LT$R$GT$8load_fat17h647ae3016fe2ea8bE+0x920>
 27a9417:	48 2b 44 24 78       	sub    0x78(%rsp),%rax
 27a941c:	48 83 f8 fc          	cmp    $0xfffffffffffffffc,%rax
 27a9420:	0f 87 2b ff ff ff    	ja     27a9351 <_ZN10litchi_cfb4file16OleFile$LT$R$GT$8load_fat17h647ae3016fe2ea8bE+0x871>
 27a9426:	4a 8d 04 ad 0c 00 00 	lea    0xc(,%r13,4),%rax
 27a942d:	00 
 27a942e:	48 01 e8             	add    %rbp,%rax
 27a9431:	48 8d 94 24 54 01 00 	lea    0x154(%rsp),%rdx
 27a9438:	00 
 27a9439:	48 8d 14 8a          	lea    (%rdx,%rcx,4),%rdx
 27a943d:	48 8b 74 24 78       	mov    0x78(%rsp),%rsi
 27a9442:	48 29 ce             	sub    %rcx,%rsi
 27a9445:	31 c9                	xor    %ecx,%ecx
 27a9447:	66 0f 1f 84 00 00 00 	nopw   0x0(%rax,%rax,1)
 27a944e:	00 00 
 27a9450:	8b 7c 8a f4          	mov    -0xc(%rdx,%rcx,4),%edi
 27a9454:	89 7c 88 f4          	mov    %edi,-0xc(%rax,%rcx,4)
 27a9458:	8b 7c 8a f8          	mov    -0x8(%rdx,%rcx,4),%edi
 27a945c:	89 7c 88 f8          	mov    %edi,-0x8(%rax,%rcx,4)
 27a9460:	8b 7c 8a fc          	mov    -0x4(%rdx,%rcx,4),%edi
 27a9464:	89 7c 88 fc          	mov    %edi,-0x4(%rax,%rcx,4)
 27a9468:	8b 3c 8a             	mov    (%rdx,%rcx,4),%edi
 27a946b:	89 3c 88             	mov    %edi,(%rax,%rcx,4)
 27a946e:	48 83 c1 04          	add    $0x4,%rcx
 27a9472:	48 39 ce             	cmp    %rcx,%rsi
 27a9475:	75 d9                	jne    27a9450 <_ZN10litchi_cfb4file16OleFile$LT$R$GT$8load_fat17h647ae3016fe2ea8bE+0x970>
 27a9477:	49 01 cd             	add    %rcx,%r13
 27a947a:	e9 d2 fe ff ff       	jmp    27a9351 <_ZN10litchi_cfb4file16OleFile$LT$R$GT$8load_fat17h647ae3016fe2ea8bE+0x871>
 27a947f:	4a 8d 04 ad 00 00 00 	lea    0x0(,%r13,4),%rax
 27a9486:	00 
 27a9487:	4d 01 f5             	add    %r14,%r13
 27a948a:	48 01 e8             	add    %rbp,%rax
 27a948d:	48 83 c0 10          	add    $0x10,%rax
 27a9491:	31 c9                	xor    %ecx,%ecx
 27a9493:	66 66 66 66 2e 0f 1f 	data16 data16 data16 cs nopw 0x0(%rax,%rax,1)
 27a949a:	84 00 00 00 00 00 
 27a94a0:	0f 10 84 8c 48 01 00 	movups 0x148(%rsp,%rcx,4),%xmm0
 27a94a7:	00 
 27a94a8:	0f 10 8c 8c 58 01 00 	movups 0x158(%rsp,%rcx,4),%xmm1
 27a94af:	00 
 27a94b0:	0f 11 44 88 f0       	movups %xmm0,-0x10(%rax,%rcx,4)
 27a94b5:	0f 11 0c 88          	movups %xmm1,(%rax,%rcx,4)
 27a94b9:	48 83 c1 08          	add    $0x8,%rcx
 27a94bd:	49 39 ce             	cmp    %rcx,%r14
 27a94c0:	75 de                	jne    27a94a0 <_ZN10litchi_cfb4file16OleFile$LT$R$GT$8load_fat17h647ae3016fe2ea8bE+0x9c0>
 27a94c2:	4c 89 f0             	mov    %r14,%rax
 27a94c5:	4c 39 74 24 78       	cmp    %r14,0x78(%rsp)
 27a94ca:	0f 84 81 fe ff ff    	je     27a9351 <_ZN10litchi_cfb4file16OleFile$LT$R$GT$8load_fat17h647ae3016fe2ea8bE+0x871>
 27a94d0:	e9 18 ff ff ff       	jmp    27a93ed <_ZN10litchi_cfb4file16OleFile$LT$R$GT$8load_fat17h647ae3016fe2ea8bE+0x90d>
 27a94d5:	b9 04 00 00 00       	mov    $0x4,%ecx
 27a94da:	41 b8 04 00 00 00    	mov    $0x4,%r8d
 27a94e0:	48 8d bc 24 80 00 00 	lea    0x80(%rsp),%rdi
 27a94e7:	00 
 27a94e8:	4c 89 ee             	mov    %r13,%rsi
 27a94eb:	48 8b 54 24 78       	mov    0x78(%rsp),%rdx
 27a94f0:	e8 7b 81 f4 ff       	call   26f1670 <_ZN5alloc7raw_vec20RawVecInner$LT$A$GT$7reserve21do_reserve_and_handle17h3f97eab8a865b018E>
 27a94f5:	4c 8b ac 24 90 00 00 	mov    0x90(%rsp),%r13
 27a94fc:	00 
 27a94fd:	48 8b ac 24 88 00 00 	mov    0x88(%rsp),%rbp
 27a9504:	00 
 27a9505:	48 8b 44 24 70       	mov    0x70(%rsp),%rax
 27a950a:	48 83 f8 04          	cmp    $0x4,%rax
 27a950e:	0f 82 3d fe ff ff    	jb     27a9351 <_ZN10litchi_cfb4file16OleFile$LT$R$GT$8load_fat17h647ae3016fe2ea8bE+0x871>
 27a9514:	e9 b0 fe ff ff       	jmp    27a93c9 <_ZN10litchi_cfb4file16OleFile$LT$R$GT$8load_fat17h647ae3016fe2ea8bE+0x8e9>
 27a9519:	0f 10 84 24 54 01 00 	movups 0x154(%rsp),%xmm0
 27a9520:	00 
 27a9521:	0f 10 8c 24 60 01 00 	movups 0x160(%rsp),%xmm1
 27a9528:	00 
 27a9529:	0f 11 4d 18          	movups %xmm1,0x18(%rbp)
 27a952d:	0f 11 45 0c          	movups %xmm0,0xc(%rbp)
 27a9531:	48 89 45 00          	mov    %rax,0x0(%rbp)
 27a9535:	44 89 75 08          	mov    %r14d,0x8(%rbp)
 27a9539:	b3 01                	mov    $0x1,%bl
 27a953b:	48 8b 74 24 50       	mov    0x50(%rsp),%rsi
 27a9540:	4c 8b 6c 24 08       	mov    0x8(%rsp),%r13
 27a9545:	e9 03 06 00 00       	jmp    27a9b4d <_ZN10litchi_cfb4file16OleFile$LT$R$GT$8load_fat17h647ae3016fe2ea8bE+0x106d>
 27a954a:	ff 15 80 ac 91 00    	call   *0x91ac80(%rip)        # 30c41d0 <_DYNAMIC+0x298>
 27a9550:	bb 2e 00 00 00       	mov    $0x2e,%ebx
 27a9555:	bf 2e 00 00 00       	mov    $0x2e,%edi
 27a955a:	be 01 00 00 00       	mov    $0x1,%esi
 27a955f:	ff 15 73 ac 91 00    	call   *0x91ac73(%rip)        # 30c41d8 <_DYNAMIC+0x2a0>
 27a9565:	48 85 c0             	test   %rax,%rax
 27a9568:	4c 8b 6c 24 08       	mov    0x8(%rsp),%r13
 27a956d:	0f 84 fe 07 00 00    	je     27a9d71 <_ZN10litchi_cfb4file16OleFile$LT$R$GT$8load_fat17h647ae3016fe2ea8bE+0x1291>
 27a9573:	0f 10 05 3a 6c ca fd 	movups -0x23593c6(%rip),%xmm0        # 4501b4 <anon.d3e59ae8aed4ae84be81d6757a792949.284.llvm.10361598016143770638+0xb74>
 27a957a:	0f 11 40 1e          	movups %xmm0,0x1e(%rax)
 27a957e:	0f 10 05 21 6c ca fd 	movups -0x23593df(%rip),%xmm0        # 4501a6 <anon.d3e59ae8aed4ae84be81d6757a792949.284.llvm.10361598016143770638+0xb66>
 27a9585:	0f 11 40 10          	movups %xmm0,0x10(%rax)
 27a9589:	0f 10 05 06 6c ca fd 	movups -0x23593fa(%rip),%xmm0        # 450196 <anon.d3e59ae8aed4ae84be81d6757a792949.284.llvm.10361598016143770638+0xb56>
 27a9590:	0f 11 00             	movups %xmm0,(%rax)
 27a9593:	48 c7 45 00 08 00 00 	movq   $0x8,0x0(%rbp)
 27a959a:	00 
 27a959b:	48 c7 45 08 2e 00 00 	movq   $0x2e,0x8(%rbp)
 27a95a2:	00 
 27a95a3:	48 89 45 10          	mov    %rax,0x10(%rbp)
 27a95a7:	48 c7 45 18 2e 00 00 	movq   $0x2e,0x18(%rbp)
 27a95ae:	00 
 27a95af:	b3 01                	mov    $0x1,%bl
 27a95b1:	48 8b 74 24 50       	mov    0x50(%rsp),%rsi
 27a95b6:	e9 92 05 00 00       	jmp    27a9b4d <_ZN10litchi_cfb4file16OleFile$LT$R$GT$8load_fat17h647ae3016fe2ea8bE+0x106d>
 27a95bb:	8b 4c 24 28          	mov    0x28(%rsp),%ecx
 27a95bf:	0f 10 44 24 38       	movups 0x38(%rsp),%xmm0
 27a95c4:	48 8b 54 24 18       	mov    0x18(%rsp),%rdx
 27a95c9:	0f 11 42 18          	movups %xmm0,0x18(%rdx)
 27a95cd:	0f 10 44 24 2c       	movups 0x2c(%rsp),%xmm0
 27a95d2:	0f 11 42 0c          	movups %xmm0,0xc(%rdx)
 27a95d6:	48 89 02             	mov    %rax,(%rdx)
 27a95d9:	89 4a 08             	mov    %ecx,0x8(%rdx)
 27a95dc:	e9 66 05 00 00       	jmp    27a9b47 <_ZN10litchi_cfb4file16OleFile$LT$R$GT$8load_fat17h647ae3016fe2ea8bE+0x1067>
 27a95e1:	48 89 8c 24 a0 00 00 	mov    %rcx,0xa0(%rsp)
 27a95e8:	00 
 27a95e9:	48 8d 84 24 f8 00 00 	lea    0xf8(%rsp),%rax
 27a95f0:	00 
 27a95f1:	48 89 44 24 20       	mov    %rax,0x20(%rsp)
 27a95f6:	48 8b 05 c3 ae 91 00 	mov    0x91aec3(%rip),%rax        # 30c44c0 <_DYNAMIC+0x588>
 27a95fd:	48 89 44 24 28       	mov    %rax,0x28(%rsp)
 27a9602:	48 8d 8c 24 a0 00 00 	lea    0xa0(%rsp),%rcx
 27a9609:	00 
 27a960a:	48 89 4c 24 30       	mov    %rcx,0x30(%rsp)
 27a960f:	48 89 44 24 38       	mov    %rax,0x38(%rsp)
 27a9614:	48 8d 35 e3 17 94 fd 	lea    -0x26be81d(%rip),%rsi        # eadfe <anon.2d3f89ab4a5b9b32a8c405bad011f5ed.15.llvm.6131991072101273469+0x5d6>
 27a961b:	48 8d bc 24 00 01 00 	lea    0x100(%rsp),%rdi
 27a9622:	00 
 27a9623:	48 8d 54 24 20       	lea    0x20(%rsp),%rdx
 27a9628:	ff 15 12 af 91 00    	call   *0x91af12(%rip)        # 30c4540 <_DYNAMIC+0x608>
 27a962e:	48 8b 84 24 10 01 00 	mov    0x110(%rsp),%rax
 27a9635:	00 
 27a9636:	48 89 45 18          	mov    %rax,0x18(%rbp)
 27a963a:	0f 10 84 24 00 01 00 	movups 0x100(%rsp),%xmm0
 27a9641:	00 
 27a9642:	0f 11 45 08          	movups %xmm0,0x8(%rbp)
 27a9646:	48 c7 45 00 08 00 00 	movq   $0x8,0x0(%rbp)
 27a964d:	00 
 27a964e:	e9 f4 04 00 00       	jmp    27a9b47 <_ZN10litchi_cfb4file16OleFile$LT$R$GT$8load_fat17h647ae3016fe2ea8bE+0x1067>
 27a9653:	ff 15 77 ab 91 00    	call   *0x91ab77(%rip)        # 30c41d0 <_DYNAMIC+0x298>
 27a9659:	bb 34 00 00 00       	mov    $0x34,%ebx
 27a965e:	bf 34 00 00 00       	mov    $0x34,%edi
 27a9663:	be 01 00 00 00       	mov    $0x1,%esi
 27a9668:	ff 15 6a ab 91 00    	call   *0x91ab6a(%rip)        # 30c41d8 <_DYNAMIC+0x2a0>
 27a966e:	48 85 c0             	test   %rax,%rax
 27a9671:	0f 84 05 07 00 00    	je     27a9d7c <_ZN10litchi_cfb4file16OleFile$LT$R$GT$8load_fat17h647ae3016fe2ea8bE+0x129c>
 27a9677:	0f 10 05 f2 6a ca fd 	movups -0x235950e(%rip),%xmm0        # 450170 <anon.d3e59ae8aed4ae84be81d6757a792949.284.llvm.10361598016143770638+0xb30>
 27a967e:	0f 11 40 20          	movups %xmm0,0x20(%rax)
 27a9682:	0f 10 05 d7 6a ca fd 	movups -0x2359529(%rip),%xmm0        # 450160 <anon.d3e59ae8aed4ae84be81d6757a792949.284.llvm.10361598016143770638+0xb20>
 27a9689:	0f 11 40 10          	movups %xmm0,0x10(%rax)
 27a968d:	0f 10 05 bc 6a ca fd 	movups -0x2359544(%rip),%xmm0        # 450150 <anon.d3e59ae8aed4ae84be81d6757a792949.284.llvm.10361598016143770638+0xb10>
 27a9694:	0f 11 00             	movups %xmm0,(%rax)
 27a9697:	c7 40 30 6f 75 6e 74 	movl   $0x746e756f,0x30(%rax)
 27a969e:	48 8b 4c 24 18       	mov    0x18(%rsp),%rcx
 27a96a3:	48 c7 01 08 00 00 00 	movq   $0x8,(%rcx)
 27a96aa:	48 c7 41 08 34 00 00 	movq   $0x34,0x8(%rcx)
 27a96b1:	00 
 27a96b2:	48 89 41 10          	mov    %rax,0x10(%rcx)
 27a96b6:	48 c7 41 18 34 00 00 	movq   $0x34,0x18(%rcx)
 27a96bd:	00 
 27a96be:	e9 84 04 00 00       	jmp    27a9b47 <_ZN10litchi_cfb4file16OleFile$LT$R$GT$8load_fat17h647ae3016fe2ea8bE+0x1067>
 27a96c3:	ff 15 07 ab 91 00    	call   *0x91ab07(%rip)        # 30c41d0 <_DYNAMIC+0x298>
 27a96c9:	bb 25 00 00 00       	mov    $0x25,%ebx
 27a96ce:	bf 25 00 00 00       	mov    $0x25,%edi
 27a96d3:	be 01 00 00 00       	mov    $0x1,%esi
 27a96d8:	ff 15 fa aa 91 00    	call   *0x91aafa(%rip)        # 30c41d8 <_DYNAMIC+0x2a0>
 27a96de:	48 85 c0             	test   %rax,%rax
 27a96e1:	0f 84 95 06 00 00    	je     27a9d7c <_ZN10litchi_cfb4file16OleFile$LT$R$GT$8load_fat17h647ae3016fe2ea8bE+0x129c>
 27a96e7:	0f 10 05 4d 6a ca fd 	movups -0x23595b3(%rip),%xmm0        # 45013b <anon.d3e59ae8aed4ae84be81d6757a792949.284.llvm.10361598016143770638+0xafb>
 27a96ee:	0f 11 40 10          	movups %xmm0,0x10(%rax)
 27a96f2:	0f 10 05 32 6a ca fd 	movups -0x23595ce(%rip),%xmm0        # 45012b <anon.d3e59ae8aed4ae84be81d6757a792949.284.llvm.10361598016143770638+0xaeb>
 27a96f9:	0f 11 00             	movups %xmm0,(%rax)
 27a96fc:	48 b9 46 52 45 45 53 	movabs $0x5443455345455246,%rcx
 27a9703:	45 43 54 
 27a9706:	48 89 48 1d          	mov    %rcx,0x1d(%rax)
 27a970a:	48 8b 4c 24 18       	mov    0x18(%rsp),%rcx
 27a970f:	48 c7 01 08 00 00 00 	movq   $0x8,(%rcx)
 27a9716:	48 c7 41 08 25 00 00 	movq   $0x25,0x8(%rcx)
 27a971d:	00 
 27a971e:	48 89 41 10          	mov    %rax,0x10(%rcx)
 27a9722:	48 c7 41 18 25 00 00 	movq   $0x25,0x18(%rcx)
 27a9729:	00 
 27a972a:	e9 18 04 00 00       	jmp    27a9b47 <_ZN10litchi_cfb4file16OleFile$LT$R$GT$8load_fat17h647ae3016fe2ea8bE+0x1067>
 27a972f:	89 cd                	mov    %ecx,%ebp
 27a9731:	48 8d bc 24 48 01 00 	lea    0x148(%rsp),%rdi
 27a9738:	00 
 27a9739:	ba 04 00 00 00       	mov    $0x4,%edx
 27a973e:	41 b8 04 00 00 00    	mov    $0x4,%r8d
 27a9744:	41 b9 04 00 00 00    	mov    $0x4,%r9d
 27a974a:	31 f6                	xor    %esi,%esi
 27a974c:	4c 89 e9             	mov    %r13,%rcx
 27a974f:	e8 6c 7c f4 ff       	call   26f13c0 <_ZN5alloc7raw_vec20RawVecInner$LT$A$GT$11finish_grow17hc4678fe9dc427307E.llvm.6133037854823009223>
 27a9754:	80 bc 24 48 01 00 00 	cmpb   $0x0,0x148(%rsp)
 27a975b:	00 
 27a975c:	0f 84 b9 00 00 00    	je     27a981b <_ZN10litchi_cfb4file16OleFile$LT$R$GT$8load_fat17h647ae3016fe2ea8bE+0xd3b>
 27a9762:	0f 10 84 24 50 01 00 	movups 0x150(%rsp),%xmm0
 27a9769:	00 
 27a976a:	48 8d 05 10 69 ca fd 	lea    -0x23596f0(%rip),%rax        # 450081 <anon.d3e59ae8aed4ae84be81d6757a792949.284.llvm.10361598016143770638+0xa41>
 27a9771:	48 8b 4c 24 18       	mov    0x18(%rsp),%rcx
 27a9776:	48 89 41 08          	mov    %rax,0x8(%rcx)
 27a977a:	48 c7 41 10 14 00 00 	movq   $0x14,0x10(%rcx)
 27a9781:	00 
 27a9782:	48 c7 01 01 00 00 00 	movq   $0x1,(%rcx)
 27a9789:	0f 11 41 18          	movups %xmm0,0x18(%rcx)
 27a978d:	e9 f4 03 00 00       	jmp    27a9b86 <_ZN10litchi_cfb4file16OleFile$LT$R$GT$8load_fat17h647ae3016fe2ea8bE+0x10a6>
 27a9792:	89 cd                	mov    %ecx,%ebp
 27a9794:	48 8d bc 24 48 01 00 	lea    0x148(%rsp),%rdi
 27a979b:	00 
 27a979c:	ba 04 00 00 00       	mov    $0x4,%edx
 27a97a1:	41 b8 04 00 00 00    	mov    $0x4,%r8d
 27a97a7:	41 b9 04 00 00 00    	mov    $0x4,%r9d
 27a97ad:	31 f6                	xor    %esi,%esi
 27a97af:	4c 89 f9             	mov    %r15,%rcx
 27a97b2:	e8 09 7c f4 ff       	call   26f13c0 <_ZN5alloc7raw_vec20RawVecInner$LT$A$GT$11finish_grow17hc4678fe9dc427307E.llvm.6133037854823009223>
 27a97b7:	80 bc 24 48 01 00 00 	cmpb   $0x0,0x148(%rsp)
 27a97be:	00 
 27a97bf:	74 6e                	je     27a982f <_ZN10litchi_cfb4file16OleFile$LT$R$GT$8load_fat17h647ae3016fe2ea8bE+0xd4f>
 27a97c1:	0f 10 84 24 50 01 00 	movups 0x150(%rsp),%xmm0
 27a97c8:	00 
 27a97c9:	48 8d 05 c5 68 ca fd 	lea    -0x235973b(%rip),%rax        # 450095 <anon.d3e59ae8aed4ae84be81d6757a792949.284.llvm.10361598016143770638+0xa55>
 27a97d0:	48 8b 4c 24 18       	mov    0x18(%rsp),%rcx
 27a97d5:	48 89 41 08          	mov    %rax,0x8(%rcx)
 27a97d9:	48 c7 41 10 16 00 00 	movq   $0x16,0x10(%rcx)
 27a97e0:	00 
 27a97e1:	48 c7 01 01 00 00 00 	movq   $0x1,(%rcx)
 27a97e8:	0f 11 41 18          	movups %xmm0,0x18(%rcx)
 27a97ec:	e9 77 03 00 00       	jmp    27a9b68 <_ZN10litchi_cfb4file16OleFile$LT$R$GT$8load_fat17h647ae3016fe2ea8bE+0x1088>
 27a97f1:	48 8b 4c 24 40       	mov    0x40(%rsp),%rcx
 27a97f6:	48 8b 94 24 b0 00 00 	mov    0xb0(%rsp),%rdx
 27a97fd:	00 
 27a97fe:	48 89 55 18          	mov    %rdx,0x18(%rbp)
 27a9802:	0f 28 84 24 a0 00 00 	movaps 0xa0(%rsp),%xmm0
 27a9809:	00 
 27a980a:	0f 11 45 08          	movups %xmm0,0x8(%rbp)
 27a980e:	48 89 45 00          	mov    %rax,0x0(%rbp)
 27a9812:	48 89 4d 20          	mov    %rcx,0x20(%rbp)
 27a9816:	e9 2c 03 00 00       	jmp    27a9b47 <_ZN10litchi_cfb4file16OleFile$LT$R$GT$8load_fat17h647ae3016fe2ea8bE+0x1067>
 27a981b:	48 8b 84 24 50 01 00 	mov    0x150(%rsp),%rax
 27a9822:	00 
 27a9823:	89 e9                	mov    %ebp,%ecx
 27a9825:	48 8b 6c 24 18       	mov    0x18(%rsp),%rbp
 27a982a:	e9 ef f3 ff ff       	jmp    27a8c1e <_ZN10litchi_cfb4file16OleFile$LT$R$GT$8load_fat17h647ae3016fe2ea8bE+0x13e>
 27a982f:	4c 8b b4 24 50 01 00 	mov    0x150(%rsp),%r14
 27a9836:	00 
 27a9837:	89 e9                	mov    %ebp,%ecx
 27a9839:	48 8b 6c 24 18       	mov    0x18(%rsp),%rbp
 27a983e:	e9 f9 f3 ff ff       	jmp    27a8c3c <_ZN10litchi_cfb4file16OleFile$LT$R$GT$8load_fat17h647ae3016fe2ea8bE+0x15c>
 27a9843:	48 8b 44 24 40       	mov    0x40(%rsp),%rax
 27a9848:	48 89 45 20          	mov    %rax,0x20(%rbp)
 27a984c:	0f 10 44 24 20       	movups 0x20(%rsp),%xmm0
 27a9851:	0f 10 4c 24 30       	movups 0x30(%rsp),%xmm1
 27a9856:	0f 11 4d 10          	movups %xmm1,0x10(%rbp)
 27a985a:	0f 11 45 00          	movups %xmm0,0x0(%rbp)
 27a985e:	e9 e4 02 00 00       	jmp    27a9b47 <_ZN10litchi_cfb4file16OleFile$LT$R$GT$8load_fat17h647ae3016fe2ea8bE+0x1067>
 27a9863:	48 8b ac 24 88 00 00 	mov    0x88(%rsp),%rbp
 27a986a:	00 
 27a986b:	4c 8b ac 24 90 00 00 	mov    0x90(%rsp),%r13
 27a9872:	00 
 27a9873:	31 c0                	xor    %eax,%eax
 27a9875:	eb 33                	jmp    27a98aa <_ZN10litchi_cfb4file16OleFile$LT$R$GT$8load_fat17h647ae3016fe2ea8bE+0xdca>
 27a9877:	48 8b 44 24 40       	mov    0x40(%rsp),%rax
 27a987c:	48 89 41 20          	mov    %rax,0x20(%rcx)
 27a9880:	0f 10 44 24 20       	movups 0x20(%rsp),%xmm0
 27a9885:	0f 10 4c 24 30       	movups 0x30(%rsp),%xmm1
 27a988a:	0f 11 49 10          	movups %xmm1,0x10(%rcx)
 27a988e:	0f 11 01             	movups %xmm0,(%rcx)
 27a9891:	b3 01                	mov    $0x1,%bl
 27a9893:	40 b5 01             	mov    $0x1,%bpl
 27a9896:	4c 8b 6c 24 08       	mov    0x8(%rsp),%r13
 27a989b:	e9 80 01 00 00       	jmp    27a9a20 <_ZN10litchi_cfb4file16OleFile$LT$R$GT$8load_fat17h647ae3016fe2ea8bE+0xf40>
 27a98a0:	4c 8b 7c 24 60       	mov    0x60(%rsp),%r15
 27a98a5:	48 8b 44 24 68       	mov    0x68(%rsp),%rax
 27a98aa:	4c 8b 74 24 58       	mov    0x58(%rsp),%r14
 27a98af:	48 c1 e0 02          	shl    $0x2,%rax
 27a98b3:	31 c9                	xor    %ecx,%ecx
 27a98b5:	48 39 c8             	cmp    %rcx,%rax
 27a98b8:	0f 84 9b 00 00 00    	je     27a9959 <_ZN10litchi_cfb4file16OleFile$LT$R$GT$8load_fat17h647ae3016fe2ea8bE+0xe79>
 27a98be:	41 8b 14 0f          	mov    (%r15,%rcx,1),%edx
 27a98c2:	89 94 24 c8 00 00 00 	mov    %edx,0xc8(%rsp)
 27a98c9:	49 39 d5             	cmp    %rdx,%r13
 27a98cc:	76 0b                	jbe    27a98d9 <_ZN10litchi_cfb4file16OleFile$LT$R$GT$8load_fat17h647ae3016fe2ea8bE+0xdf9>
 27a98ce:	48 83 c1 04          	add    $0x4,%rcx
 27a98d2:	83 7c 95 00 fd       	cmpl   $0xfffffffd,0x0(%rbp,%rdx,4)
 27a98d7:	74 dc                	je     27a98b5 <_ZN10litchi_cfb4file16OleFile$LT$R$GT$8load_fat17h647ae3016fe2ea8bE+0xdd5>
 27a98d9:	48 8d 84 24 c8 00 00 	lea    0xc8(%rsp),%rax
 27a98e0:	00 
 27a98e1:	48 89 44 24 20       	mov    %rax,0x20(%rsp)
 27a98e6:	48 8b 05 a3 ab 91 00 	mov    0x91aba3(%rip),%rax        # 30c4490 <_DYNAMIC+0x558>
 27a98ed:	48 89 44 24 28       	mov    %rax,0x28(%rsp)
 27a98f2:	48 8d 35 2a 37 94 fd 	lea    -0x26bc8d6(%rip),%rsi        # ed023 <anon.a64ec86b28987c2d07fd0f356dc521c5.10.llvm.12928088498747879962+0x49b>
 27a98f9:	48 8d bc 24 18 01 00 	lea    0x118(%rsp),%rdi
 27a9900:	00 
 27a9901:	48 8d 54 24 20       	lea    0x20(%rsp),%rdx
 27a9906:	ff 15 34 ac 91 00    	call   *0x91ac34(%rip)        # 30c4540 <_DYNAMIC+0x608>
 27a990c:	48 8b 84 24 28 01 00 	mov    0x128(%rsp),%rax
 27a9913:	00 
 27a9914:	48 8b 4c 24 18       	mov    0x18(%rsp),%rcx
 27a9919:	48 89 41 18          	mov    %rax,0x18(%rcx)
 27a991d:	0f 10 84 24 18 01 00 	movups 0x118(%rsp),%xmm0
 27a9924:	00 
 27a9925:	0f 11 41 08          	movups %xmm0,0x8(%rcx)
 27a9929:	48 c7 01 08 00 00 00 	movq   $0x8,(%rcx)
 27a9930:	40 b5 01             	mov    $0x1,%bpl
 27a9933:	4d 85 f6             	test   %r14,%r14
 27a9936:	4c 8b 6c 24 08       	mov    0x8(%rsp),%r13
 27a993b:	74 15                	je     27a9952 <_ZN10litchi_cfb4file16OleFile$LT$R$GT$8load_fat17h647ae3016fe2ea8bE+0xe72>
 27a993d:	49 c1 e6 02          	shl    $0x2,%r14
 27a9941:	ba 04 00 00 00       	mov    $0x4,%edx
 27a9946:	4c 89 ff             	mov    %r15,%rdi
 27a9949:	4c 89 f6             	mov    %r14,%rsi
 27a994c:	ff 15 2e a8 91 00    	call   *0x91a82e(%rip)        # 30c4180 <_DYNAMIC+0x248>
 27a9952:	31 db                	xor    %ebx,%ebx
 27a9954:	e9 c7 00 00 00       	jmp    27a9a20 <_ZN10litchi_cfb4file16OleFile$LT$R$GT$8load_fat17h647ae3016fe2ea8bE+0xf40>
 27a9959:	4d 85 f6             	test   %r14,%r14
 27a995c:	74 15                	je     27a9973 <_ZN10litchi_cfb4file16OleFile$LT$R$GT$8load_fat17h647ae3016fe2ea8bE+0xe93>
 27a995e:	49 c1 e6 02          	shl    $0x2,%r14
 27a9962:	ba 04 00 00 00       	mov    $0x4,%edx
 27a9967:	4c 89 ff             	mov    %r15,%rdi
 27a996a:	4c 89 f6             	mov    %r14,%rsi
 27a996d:	ff 15 0d a8 91 00    	call   *0x91a80d(%rip)        # 30c4180 <_DYNAMIC+0x248>
 27a9973:	48 c1 e3 02          	shl    $0x2,%rbx
 27a9977:	31 c0                	xor    %eax,%eax
 27a9979:	48 39 c3             	cmp    %rax,%rbx
 27a997c:	0f 84 72 02 00 00    	je     27a9bf4 <_ZN10litchi_cfb4file16OleFile$LT$R$GT$8load_fat17h647ae3016fe2ea8bE+0x1114>
 27a9982:	48 8b 4c 24 08       	mov    0x8(%rsp),%rcx
 27a9987:	8b 0c 01             	mov    (%rcx,%rax,1),%ecx
 27a998a:	89 8c 24 cc 00 00 00 	mov    %ecx,0xcc(%rsp)
 27a9991:	49 39 cd             	cmp    %rcx,%r13
 27a9994:	76 0b                	jbe    27a99a1 <_ZN10litchi_cfb4file16OleFile$LT$R$GT$8load_fat17h647ae3016fe2ea8bE+0xec1>
 27a9996:	48 83 c0 04          	add    $0x4,%rax
 27a999a:	83 7c 8d 00 fc       	cmpl   $0xfffffffc,0x0(%rbp,%rcx,4)
 27a999f:	74 d8                	je     27a9979 <_ZN10litchi_cfb4file16OleFile$LT$R$GT$8load_fat17h647ae3016fe2ea8bE+0xe99>
 27a99a1:	48 8d 84 24 cc 00 00 	lea    0xcc(%rsp),%rax
 27a99a8:	00 
 27a99a9:	48 89 44 24 20       	mov    %rax,0x20(%rsp)
 27a99ae:	48 8b 05 db aa 91 00 	mov    0x91aadb(%rip),%rax        # 30c4490 <_DYNAMIC+0x558>
 27a99b5:	48 89 44 24 28       	mov    %rax,0x28(%rsp)
 27a99ba:	48 8d 35 1e 0f 93 fd 	lea    -0x26cf0e2(%rip),%rsi        # da8df <anon.5804eb3ceff48e90c590f2164ff533f1.4.llvm.17958885884689880778+0x45d>
 27a99c1:	48 8d bc 24 30 01 00 	lea    0x130(%rsp),%rdi
 27a99c8:	00 
 27a99c9:	48 8d 54 24 20       	lea    0x20(%rsp),%rdx
 27a99ce:	ff 15 6c ab 91 00    	call   *0x91ab6c(%rip)        # 30c4540 <_DYNAMIC+0x608>
 27a99d4:	48 8b 84 24 40 01 00 	mov    0x140(%rsp),%rax
 27a99db:	00 
 27a99dc:	48 8b 4c 24 18       	mov    0x18(%rsp),%rcx
 27a99e1:	48 89 41 18          	mov    %rax,0x18(%rcx)
 27a99e5:	0f 10 84 24 30 01 00 	movups 0x130(%rsp),%xmm0
 27a99ec:	00 
 27a99ed:	0f 11 41 08          	movups %xmm0,0x8(%rcx)
 27a99f1:	48 c7 01 08 00 00 00 	movq   $0x8,(%rcx)
 27a99f8:	48 8b 04 24          	mov    (%rsp),%rax
 27a99fc:	48 85 c0             	test   %rax,%rax
 27a99ff:	4c 8b 6c 24 08       	mov    0x8(%rsp),%r13
 27a9a04:	74 16                	je     27a9a1c <_ZN10litchi_cfb4file16OleFile$LT$R$GT$8load_fat17h647ae3016fe2ea8bE+0xf3c>
 27a9a06:	48 8d 34 85 00 00 00 	lea    0x0(,%rax,4),%rsi
 27a9a0d:	00 
 27a9a0e:	ba 04 00 00 00       	mov    $0x4,%edx
 27a9a13:	4c 89 ef             	mov    %r13,%rdi
 27a9a16:	ff 15 64 a7 91 00    	call   *0x91a764(%rip)        # 30c4180 <_DYNAMIC+0x248>
 27a9a1c:	31 db                	xor    %ebx,%ebx
 27a9a1e:	31 ed                	xor    %ebp,%ebp
 27a9a20:	48 8b b4 24 80 00 00 	mov    0x80(%rsp),%rsi
 27a9a27:	00 
 27a9a28:	48 85 f6             	test   %rsi,%rsi
 27a9a2b:	74 17                	je     27a9a44 <_ZN10litchi_cfb4file16OleFile$LT$R$GT$8load_fat17h647ae3016fe2ea8bE+0xf64>
 27a9a2d:	48 8b bc 24 88 00 00 	mov    0x88(%rsp),%rdi
 27a9a34:	00 
 27a9a35:	48 c1 e6 02          	shl    $0x2,%rsi
 27a9a39:	ba 04 00 00 00       	mov    $0x4,%edx
 27a9a3e:	ff 15 3c a7 91 00    	call   *0x91a73c(%rip)        # 30c4180 <_DYNAMIC+0x248>
 27a9a44:	40 84 ed             	test   %bpl,%bpl
 27a9a47:	48 8b 34 24          	mov    (%rsp),%rsi
 27a9a4b:	0f 85 fc 00 00 00    	jne    27a9b4d <_ZN10litchi_cfb4file16OleFile$LT$R$GT$8load_fat17h647ae3016fe2ea8bE+0x106d>
 27a9a51:	e9 0e 01 00 00       	jmp    27a9b64 <_ZN10litchi_cfb4file16OleFile$LT$R$GT$8load_fat17h647ae3016fe2ea8bE+0x1084>
 27a9a56:	8b 4c 24 28          	mov    0x28(%rsp),%ecx
 27a9a5a:	0f 10 44 24 38       	movups 0x38(%rsp),%xmm0
 27a9a5f:	0f 11 45 18          	movups %xmm0,0x18(%rbp)
 27a9a63:	0f 10 44 24 2c       	movups 0x2c(%rsp),%xmm0
 27a9a68:	0f 11 45 0c          	movups %xmm0,0xc(%rbp)
 27a9a6c:	48 89 45 00          	mov    %rax,0x0(%rbp)
 27a9a70:	89 4d 08             	mov    %ecx,0x8(%rbp)
 27a9a73:	e9 cf 00 00 00       	jmp    27a9b47 <_ZN10litchi_cfb4file16OleFile$LT$R$GT$8load_fat17h647ae3016fe2ea8bE+0x1067>
 27a9a78:	41 83 ff fe          	cmp    $0xfffffffe,%r15d
 27a9a7c:	0f 84 05 f8 ff ff    	je     27a9287 <_ZN10litchi_cfb4file16OleFile$LT$R$GT$8load_fat17h647ae3016fe2ea8bE+0x7a7>
 27a9a82:	ff 15 48 a7 91 00    	call   *0x91a748(%rip)        # 30c41d0 <_DYNAMIC+0x298>
 27a9a88:	bb 27 00 00 00       	mov    $0x27,%ebx
 27a9a8d:	bf 27 00 00 00       	mov    $0x27,%edi
 27a9a92:	be 01 00 00 00       	mov    $0x1,%esi
 27a9a97:	ff 15 3b a7 91 00    	call   *0x91a73b(%rip)        # 30c41d8 <_DYNAMIC+0x2a0>
 27a9a9d:	48 85 c0             	test   %rax,%rax
 27a9aa0:	0f 84 d6 02 00 00    	je     27a9d7c <_ZN10litchi_cfb4file16OleFile$LT$R$GT$8load_fat17h647ae3016fe2ea8bE+0x129c>
 27a9aa6:	0f 10 05 5c 66 ca fd 	movups -0x23599a4(%rip),%xmm0        # 450109 <anon.d3e59ae8aed4ae84be81d6757a792949.284.llvm.10361598016143770638+0xac9>
 27a9aad:	0f 11 40 10          	movups %xmm0,0x10(%rax)
 27a9ab1:	0f 10 05 41 66 ca fd 	movups -0x23599bf(%rip),%xmm0        # 4500f9 <anon.d3e59ae8aed4ae84be81d6757a792949.284.llvm.10361598016143770638+0xab9>
 27a9ab8:	0f 11 00             	movups %xmm0,(%rax)
 27a9abb:	48 b9 64 20 6c 65 6e 	movabs $0x6874676e656c2064,%rcx
 27a9ac2:	67 74 68 
 27a9ac5:	48 89 48 1f          	mov    %rcx,0x1f(%rax)
 27a9ac9:	48 c7 45 00 08 00 00 	movq   $0x8,0x0(%rbp)
 27a9ad0:	00 
 27a9ad1:	48 c7 45 08 27 00 00 	movq   $0x27,0x8(%rbp)
 27a9ad8:	00 
 27a9ad9:	48 89 45 10          	mov    %rax,0x10(%rbp)
 27a9add:	48 c7 45 18 27 00 00 	movq   $0x27,0x18(%rbp)
 27a9ae4:	00 
 27a9ae5:	eb 60                	jmp    27a9b47 <_ZN10litchi_cfb4file16OleFile$LT$R$GT$8load_fat17h647ae3016fe2ea8bE+0x1067>
 27a9ae7:	ff 15 e3 a6 91 00    	call   *0x91a6e3(%rip)        # 30c41d0 <_DYNAMIC+0x298>
 27a9aed:	bb 2b 00 00 00       	mov    $0x2b,%ebx
 27a9af2:	bf 2b 00 00 00       	mov    $0x2b,%edi
 27a9af7:	be 01 00 00 00       	mov    $0x1,%esi
 27a9afc:	ff 15 d6 a6 91 00    	call   *0x91a6d6(%rip)        # 30c41d8 <_DYNAMIC+0x2a0>
 27a9b02:	48 85 c0             	test   %rax,%rax
 27a9b05:	0f 84 71 02 00 00    	je     27a9d7c <_ZN10litchi_cfb4file16OleFile$LT$R$GT$8load_fat17h647ae3016fe2ea8bE+0x129c>
 27a9b0b:	0f 10 05 d7 65 ca fd 	movups -0x2359a29(%rip),%xmm0        # 4500e9 <anon.d3e59ae8aed4ae84be81d6757a792949.284.llvm.10361598016143770638+0xaa9>
 27a9b12:	0f 11 40 1b          	movups %xmm0,0x1b(%rax)
 27a9b16:	0f 10 05 c1 65 ca fd 	movups -0x2359a3f(%rip),%xmm0        # 4500de <anon.d3e59ae8aed4ae84be81d6757a792949.284.llvm.10361598016143770638+0xa9e>
 27a9b1d:	0f 11 40 10          	movups %xmm0,0x10(%rax)
 27a9b21:	0f 10 05 a6 65 ca fd 	movups -0x2359a5a(%rip),%xmm0        # 4500ce <anon.d3e59ae8aed4ae84be81d6757a792949.284.llvm.10361598016143770638+0xa8e>
 27a9b28:	0f 11 00             	movups %xmm0,(%rax)
 27a9b2b:	48 c7 45 00 08 00 00 	movq   $0x8,0x0(%rbp)
 27a9b32:	00 
 27a9b33:	48 c7 45 08 2b 00 00 	movq   $0x2b,0x8(%rbp)
 27a9b3a:	00 
 27a9b3b:	48 89 45 10          	mov    %rax,0x10(%rbp)
 27a9b3f:	48 c7 45 18 2b 00 00 	movq   $0x2b,0x18(%rbp)
 27a9b46:	00 
 27a9b47:	b3 01                	mov    $0x1,%bl
 27a9b49:	48 8b 34 24          	mov    (%rsp),%rsi
 27a9b4d:	48 85 f6             	test   %rsi,%rsi
 27a9b50:	74 12                	je     27a9b64 <_ZN10litchi_cfb4file16OleFile$LT$R$GT$8load_fat17h647ae3016fe2ea8bE+0x1084>
 27a9b52:	48 c1 e6 02          	shl    $0x2,%rsi
 27a9b56:	ba 04 00 00 00       	mov    $0x4,%edx
 27a9b5b:	4c 89 ef             	mov    %r13,%rdi
 27a9b5e:	ff 15 1c a6 91 00    	call   *0x91a61c(%rip)        # 30c4180 <_DYNAMIC+0x248>
 27a9b64:	84 db                	test   %bl,%bl
 27a9b66:	74 1e                	je     27a9b86 <_ZN10litchi_cfb4file16OleFile$LT$R$GT$8load_fat17h647ae3016fe2ea8bE+0x10a6>
 27a9b68:	48 8b 74 24 58       	mov    0x58(%rsp),%rsi
 27a9b6d:	48 85 f6             	test   %rsi,%rsi
 27a9b70:	74 14                	je     27a9b86 <_ZN10litchi_cfb4file16OleFile$LT$R$GT$8load_fat17h647ae3016fe2ea8bE+0x10a6>
 27a9b72:	48 8b 7c 24 60       	mov    0x60(%rsp),%rdi
 27a9b77:	48 c1 e6 02          	shl    $0x2,%rsi
 27a9b7b:	ba 04 00 00 00       	mov    $0x4,%edx
 27a9b80:	ff 15 fa a5 91 00    	call   *0x91a5fa(%rip)        # 30c4180 <_DYNAMIC+0x248>
 27a9b86:	48 81 c4 48 11 00 00 	add    $0x1148,%rsp
 27a9b8d:	5b                   	pop    %rbx
 27a9b8e:	41 5c                	pop    %r12
 27a9b90:	41 5d                	pop    %r13
 27a9b92:	41 5e                	pop    %r14
 27a9b94:	41 5f                	pop    %r15
 27a9b96:	5d                   	pop    %rbp
 27a9b97:	c3                   	ret
 27a9b98:	0f 10 84 24 50 01 00 	movups 0x150(%rsp),%xmm0
 27a9b9f:	00 
 27a9ba0:	48 8b 4c 24 18       	mov    0x18(%rsp),%rcx
 27a9ba5:	48 c7 01 01 00 00 00 	movq   $0x1,(%rcx)
 27a9bac:	48 8d 05 ce 64 ca fd 	lea    -0x2359b32(%rip),%rax        # 450081 <anon.d3e59ae8aed4ae84be81d6757a792949.284.llvm.10361598016143770638+0xa41>
 27a9bb3:	48 89 41 08          	mov    %rax,0x8(%rcx)
 27a9bb7:	48 c7 41 10 14 00 00 	movq   $0x14,0x10(%rcx)
 27a9bbe:	00 
 27a9bbf:	0f 11 41 18          	movups %xmm0,0x18(%rcx)
 27a9bc3:	e9 71 f9 ff ff       	jmp    27a9539 <_ZN10litchi_cfb4file16OleFile$LT$R$GT$8load_fat17h647ae3016fe2ea8bE+0xa59>
 27a9bc8:	48 8d 75 04          	lea    0x4(%rbp),%rsi
 27a9bcc:	48 8d 0d dd 84 8f 00 	lea    0x8f84dd(%rip),%rcx        # 30a20b0 <anon.0da80989b5c5869ca9667f3985105f83.112.llvm.982681767778694849+0x550>
 27a9bd3:	48 8b 04 24          	mov    (%rsp),%rax
 27a9bd7:	48 89 eb             	mov    %rbp,%rbx
 27a9bda:	4c 8b 74 24 70       	mov    0x70(%rsp),%r14
 27a9bdf:	48 89 04 24          	mov    %rax,(%rsp)
 27a9be3:	48 89 df             	mov    %rbx,%rdi
 27a9be6:	4c 89 f2             	mov    %r14,%rdx
 27a9be9:	ff 15 99 a5 91 00    	call   *0x91a599(%rip)        # 30c4188 <_DYNAMIC+0x250>
 27a9bef:	e9 a0 01 00 00       	jmp    27a9d94 <_ZN10litchi_cfb4file16OleFile$LT$R$GT$8load_fat17h647ae3016fe2ea8bE+0x12b4>
 27a9bf4:	48 8b 34 24          	mov    (%rsp),%rsi
 27a9bf8:	48 85 f6             	test   %rsi,%rsi
 27a9bfb:	48 8b 5c 24 18       	mov    0x18(%rsp),%rbx
 27a9c00:	74 14                	je     27a9c16 <_ZN10litchi_cfb4file16OleFile$LT$R$GT$8load_fat17h647ae3016fe2ea8bE+0x1136>
 27a9c02:	48 c1 e6 02          	shl    $0x2,%rsi
 27a9c06:	ba 04 00 00 00       	mov    $0x4,%edx
 27a9c0b:	48 8b 7c 24 08       	mov    0x8(%rsp),%rdi
 27a9c10:	ff 15 6a a5 91 00    	call   *0x91a56a(%rip)        # 30c4180 <_DYNAMIC+0x248>
 27a9c16:	49 8b 34 24          	mov    (%r12),%rsi
 27a9c1a:	48 85 f6             	test   %rsi,%rsi
 27a9c1d:	74 14                	je     27a9c33 <_ZN10litchi_cfb4file16OleFile$LT$R$GT$8load_fat17h647ae3016fe2ea8bE+0x1153>
 27a9c1f:	49 8b 7c 24 08       	mov    0x8(%r12),%rdi
 27a9c24:	48 c1 e6 02          	shl    $0x2,%rsi
 27a9c28:	ba 04 00 00 00       	mov    $0x4,%edx
 27a9c2d:	ff 15 4d a5 91 00    	call   *0x91a54d(%rip)        # 30c4180 <_DYNAMIC+0x248>
 27a9c33:	48 8b 84 24 90 00 00 	mov    0x90(%rsp),%rax
 27a9c3a:	00 
 27a9c3b:	49 89 44 24 10       	mov    %rax,0x10(%r12)
 27a9c40:	0f 28 84 24 80 00 00 	movaps 0x80(%rsp),%xmm0
 27a9c47:	00 
 27a9c48:	41 0f 11 04 24       	movups %xmm0,(%r12)
 27a9c4d:	48 c7 03 0b 00 00 00 	movq   $0xb,(%rbx)
 27a9c54:	e9 2d ff ff ff       	jmp    27a9b86 <_ZN10litchi_cfb4file16OleFile$LT$R$GT$8load_fat17h647ae3016fe2ea8bE+0x10a6>
 27a9c59:	0f 10 44 24 28       	movups 0x28(%rsp),%xmm0
 27a9c5e:	48 8b 4c 24 18       	mov    0x18(%rsp),%rcx
 27a9c63:	48 c7 01 01 00 00 00 	movq   $0x1,(%rcx)
 27a9c6a:	48 8d 05 10 64 ca fd 	lea    -0x2359bf0(%rip),%rax        # 450081 <anon.d3e59ae8aed4ae84be81d6757a792949.284.llvm.10361598016143770638+0xa41>
 27a9c71:	48 89 41 08          	mov    %rax,0x8(%rcx)
 27a9c75:	48 c7 41 10 14 00 00 	movq   $0x14,0x10(%rcx)
 27a9c7c:	00 
 27a9c7d:	0f 11 41 18          	movups %xmm0,0x18(%rcx)
 27a9c81:	b3 01                	mov    $0x1,%bl
 27a9c83:	4c 8b 6c 24 08       	mov    0x8(%rsp),%r13
 27a9c88:	e9 bc fe ff ff       	jmp    27a9b49 <_ZN10litchi_cfb4file16OleFile$LT$R$GT$8load_fat17h647ae3016fe2ea8bE+0x1069>
 27a9c8d:	0f 10 44 24 28       	movups 0x28(%rsp),%xmm0
 27a9c92:	48 c7 45 00 01 00 00 	movq   $0x1,0x0(%rbp)
 27a9c99:	00 
 27a9c9a:	48 8d 05 f4 63 ca fd 	lea    -0x2359c0c(%rip),%rax        # 450095 <anon.d3e59ae8aed4ae84be81d6757a792949.284.llvm.10361598016143770638+0xa55>
 27a9ca1:	48 89 45 08          	mov    %rax,0x8(%rbp)
 27a9ca5:	48 c7 45 10 16 00 00 	movq   $0x16,0x10(%rbp)
 27a9cac:	00 
 27a9cad:	0f 11 45 18          	movups %xmm0,0x18(%rbp)
 27a9cb1:	e9 91 fe ff ff       	jmp    27a9b47 <_ZN10litchi_cfb4file16OleFile$LT$R$GT$8load_fat17h647ae3016fe2ea8bE+0x1067>
 27a9cb6:	48 8d 0d 0b 84 8f 00 	lea    0x8f840b(%rip),%rcx        # 30a20c8 <anon.0da80989b5c5869ca9667f3985105f83.112.llvm.982681767778694849+0x568>
 27a9cbd:	48 89 c6             	mov    %rax,%rsi
 27a9cc0:	4c 8b 6c 24 08       	mov    0x8(%rsp),%r13
 27a9cc5:	48 8b 44 24 50       	mov    0x50(%rsp),%rax
 27a9cca:	e9 10 ff ff ff       	jmp    27a9bdf <_ZN10litchi_cfb4file16OleFile$LT$R$GT$8load_fat17h647ae3016fe2ea8bE+0x10ff>
 27a9ccf:	48 8d 0d c2 83 8f 00 	lea    0x8f83c2(%rip),%rcx        # 30a2098 <anon.0da80989b5c5869ca9667f3985105f83.112.llvm.982681767778694849+0x538>
 27a9cd6:	48 8b 04 24          	mov    (%rsp),%rax
 27a9cda:	4c 8b 74 24 70       	mov    0x70(%rsp),%r14
 27a9cdf:	48 8b 9c 24 e0 00 00 	mov    0xe0(%rsp),%rbx
 27a9ce6:	00 
 27a9ce7:	48 8b b4 24 d8 00 00 	mov    0xd8(%rsp),%rsi
 27a9cee:	00 
 27a9cef:	e9 eb fe ff ff       	jmp    27a9bdf <_ZN10litchi_cfb4file16OleFile$LT$R$GT$8load_fat17h647ae3016fe2ea8bE+0x10ff>
 27a9cf4:	c6 44 24 17 01       	movb   $0x1,0x17(%rsp)
 27a9cf9:	e9 a2 f1 ff ff       	jmp    27a8ea0 <_ZN10litchi_cfb4file16OleFile$LT$R$GT$8load_fat17h647ae3016fe2ea8bE+0x3c0>
 27a9cfe:	48 8b 84 24 c0 00 00 	mov    0xc0(%rsp),%rax
 27a9d05:	00 
 27a9d06:	48 8b 4c 24 18       	mov    0x18(%rsp),%rcx
 27a9d0b:	48 89 41 20          	mov    %rax,0x20(%rcx)
 27a9d0f:	0f 10 84 24 a0 00 00 	movups 0xa0(%rsp),%xmm0
 27a9d16:	00 
 27a9d17:	0f 10 8c 24 b0 00 00 	movups 0xb0(%rsp),%xmm1
 27a9d1e:	00 
 27a9d1f:	0f 11 49 10          	movups %xmm1,0x10(%rcx)
 27a9d23:	0f 11 01             	movups %xmm0,(%rcx)
 27a9d26:	e9 1c fe ff ff       	jmp    27a9b47 <_ZN10litchi_cfb4file16OleFile$LT$R$GT$8load_fat17h647ae3016fe2ea8bE+0x1067>
 27a9d2b:	48 8d 7c 24 20       	lea    0x20(%rsp),%rdi
 27a9d30:	e8 ab 3c 00 00       	call   27ad9e0 <_ZN10litchi_cfb4file16OleFile$LT$R$GT$8load_fat28_$u7b$$u7b$closure$u7d$$u7d$17h0bd9951df1ae84d4E>
 27a9d35:	48 8b 44 24 40       	mov    0x40(%rsp),%rax
 27a9d3a:	48 89 45 20          	mov    %rax,0x20(%rbp)
 27a9d3e:	0f 28 44 24 30       	movaps 0x30(%rsp),%xmm0
 27a9d43:	0f 11 45 10          	movups %xmm0,0x10(%rbp)
 27a9d47:	0f 28 44 24 20       	movaps 0x20(%rsp),%xmm0
 27a9d4c:	e9 09 fb ff ff       	jmp    27a985a <_ZN10litchi_cfb4file16OleFile$LT$R$GT$8load_fat17h647ae3016fe2ea8bE+0xd7a>
 27a9d51:	bf 01 00 00 00       	mov    $0x1,%edi
 27a9d56:	be 33 00 00 00       	mov    $0x33,%esi
 27a9d5b:	ff 15 a7 a4 91 00    	call   *0x91a4a7(%rip)        # 30c4208 <_DYNAMIC+0x2d0>
 27a9d61:	bf 01 00 00 00       	mov    $0x1,%edi
 27a9d66:	be 35 00 00 00       	mov    $0x35,%esi
 27a9d6b:	ff 15 97 a4 91 00    	call   *0x91a497(%rip)        # 30c4208 <_DYNAMIC+0x2d0>
 27a9d71:	48 8b 44 24 50       	mov    0x50(%rsp),%rax
 27a9d76:	48 89 04 24          	mov    %rax,(%rsp)
 27a9d7a:	eb 05                	jmp    27a9d81 <_ZN10litchi_cfb4file16OleFile$LT$R$GT$8load_fat17h647ae3016fe2ea8bE+0x12a1>
 27a9d7c:	4c 89 6c 24 08       	mov    %r13,0x8(%rsp)
 27a9d81:	bf 01 00 00 00       	mov    $0x1,%edi
 27a9d86:	48 89 de             	mov    %rbx,%rsi
 27a9d89:	4c 8b 6c 24 08       	mov    0x8(%rsp),%r13
 27a9d8e:	ff 15 74 a4 91 00    	call   *0x91a474(%rip)        # 30c4208 <_DYNAMIC+0x2d0>
 27a9d94:	0f 0b                	ud2
 27a9d96:	48 89 c3             	mov    %rax,%rbx
 27a9d99:	48 83 3c 24 00       	cmpq   $0x0,(%rsp)
 27a9d9e:	74 1c                	je     27a9dbc <_ZN10litchi_cfb4file16OleFile$LT$R$GT$8load_fat17h647ae3016fe2ea8bE+0x12dc>
 27a9da0:	48 8b 04 24          	mov    (%rsp),%rax
 27a9da4:	48 8d 34 85 00 00 00 	lea    0x0(,%rax,4),%rsi
 27a9dab:	00 
 27a9dac:	ba 04 00 00 00       	mov    $0x4,%edx
 27a9db1:	48 8b 7c 24 08       	mov    0x8(%rsp),%rdi
 27a9db6:	ff 15 c4 a3 91 00    	call   *0x91a3c4(%rip)        # 30c4180 <_DYNAMIC+0x248>
 27a9dbc:	31 ed                	xor    %ebp,%ebp
 27a9dbe:	45 31 e4             	xor    %r12d,%r12d
 27a9dc1:	eb 31                	jmp    27a9df4 <_ZN10litchi_cfb4file16OleFile$LT$R$GT$8load_fat17h647ae3016fe2ea8bE+0x1314>
 27a9dc3:	48 89 c3             	mov    %rax,%rbx
 27a9dc6:	41 b4 01             	mov    $0x1,%r12b
 27a9dc9:	4d 85 f6             	test   %r14,%r14
 27a9dcc:	75 04                	jne    27a9dd2 <_ZN10litchi_cfb4file16OleFile$LT$R$GT$8load_fat17h647ae3016fe2ea8bE+0x12f2>
 27a9dce:	31 ed                	xor    %ebp,%ebp
 27a9dd0:	eb 22                	jmp    27a9df4 <_ZN10litchi_cfb4file16OleFile$LT$R$GT$8load_fat17h647ae3016fe2ea8bE+0x1314>
 27a9dd2:	49 c1 e6 02          	shl    $0x2,%r14
 27a9dd6:	ba 04 00 00 00       	mov    $0x4,%edx
 27a9ddb:	4c 89 ff             	mov    %r15,%rdi
 27a9dde:	4c 89 f6             	mov    %r14,%rsi
 27a9de1:	ff 15 99 a3 91 00    	call   *0x91a399(%rip)        # 30c4180 <_DYNAMIC+0x248>
 27a9de7:	31 ed                	xor    %ebp,%ebp
 27a9de9:	eb 09                	jmp    27a9df4 <_ZN10litchi_cfb4file16OleFile$LT$R$GT$8load_fat17h647ae3016fe2ea8bE+0x1314>
 27a9deb:	48 89 c3             	mov    %rax,%rbx
 27a9dee:	40 b5 01             	mov    $0x1,%bpl
 27a9df1:	41 b4 01             	mov    $0x1,%r12b
 27a9df4:	48 8b b4 24 80 00 00 	mov    0x80(%rsp),%rsi
 27a9dfb:	00 
 27a9dfc:	48 85 f6             	test   %rsi,%rsi
 27a9dff:	74 17                	je     27a9e18 <_ZN10litchi_cfb4file16OleFile$LT$R$GT$8load_fat17h647ae3016fe2ea8bE+0x1338>
 27a9e01:	48 8b bc 24 88 00 00 	mov    0x88(%rsp),%rdi
 27a9e08:	00 
 27a9e09:	48 c1 e6 02          	shl    $0x2,%rsi
 27a9e0d:	ba 04 00 00 00       	mov    $0x4,%edx
 27a9e12:	ff 15 68 a3 91 00    	call   *0x91a368(%rip)        # 30c4180 <_DYNAMIC+0x248>
 27a9e18:	45 84 e4             	test   %r12b,%r12b
 27a9e1b:	4c 8b 6c 24 08       	mov    0x8(%rsp),%r13
 27a9e20:	75 22                	jne    27a9e44 <_ZN10litchi_cfb4file16OleFile$LT$R$GT$8load_fat17h647ae3016fe2ea8bE+0x1364>
 27a9e22:	eb 3b                	jmp    27a9e5f <_ZN10litchi_cfb4file16OleFile$LT$R$GT$8load_fat17h647ae3016fe2ea8bE+0x137f>
 27a9e24:	eb 18                	jmp    27a9e3e <_ZN10litchi_cfb4file16OleFile$LT$R$GT$8load_fat17h647ae3016fe2ea8bE+0x135e>
 27a9e26:	eb 16                	jmp    27a9e3e <_ZN10litchi_cfb4file16OleFile$LT$R$GT$8load_fat17h647ae3016fe2ea8bE+0x135e>
 27a9e28:	48 89 c3             	mov    %rax,%rbx
 27a9e2b:	40 b5 01             	mov    $0x1,%bpl
 27a9e2e:	48 8b 44 24 50       	mov    0x50(%rsp),%rax
 27a9e33:	48 89 04 24          	mov    %rax,(%rsp)
 27a9e37:	4c 8b 6c 24 08       	mov    0x8(%rsp),%r13
 27a9e3c:	eb 06                	jmp    27a9e44 <_ZN10litchi_cfb4file16OleFile$LT$R$GT$8load_fat17h647ae3016fe2ea8bE+0x1364>
 27a9e3e:	48 89 c3             	mov    %rax,%rbx
 27a9e41:	40 b5 01             	mov    $0x1,%bpl
 27a9e44:	48 8b 34 24          	mov    (%rsp),%rsi
 27a9e48:	48 85 f6             	test   %rsi,%rsi
 27a9e4b:	74 12                	je     27a9e5f <_ZN10litchi_cfb4file16OleFile$LT$R$GT$8load_fat17h647ae3016fe2ea8bE+0x137f>
 27a9e4d:	48 c1 e6 02          	shl    $0x2,%rsi
 27a9e51:	ba 04 00 00 00       	mov    $0x4,%edx
 27a9e56:	4c 89 ef             	mov    %r13,%rdi
 27a9e59:	ff 15 21 a3 91 00    	call   *0x91a321(%rip)        # 30c4180 <_DYNAMIC+0x248>
 27a9e5f:	40 84 ed             	test   %bpl,%bpl
 27a9e62:	74 0a                	je     27a9e6e <_ZN10litchi_cfb4file16OleFile$LT$R$GT$8load_fat17h647ae3016fe2ea8bE+0x138e>
 27a9e64:	48 8b 74 24 58       	mov    0x58(%rsp),%rsi
 27a9e69:	48 85 f6             	test   %rsi,%rsi
 27a9e6c:	75 08                	jne    27a9e76 <_ZN10litchi_cfb4file16OleFile$LT$R$GT$8load_fat17h647ae3016fe2ea8bE+0x1396>
 27a9e6e:	48 89 df             	mov    %rbx,%rdi
 27a9e71:	e8 6a 16 8b 00       	call   305b4e0 <_Unwind_Resume@plt>
 27a9e76:	48 8b 7c 24 60       	mov    0x60(%rsp),%rdi
 27a9e7b:	48 c1 e6 02          	shl    $0x2,%rsi
 27a9e7f:	ba 04 00 00 00       	mov    $0x4,%edx
 27a9e84:	ff 15 f6 a2 91 00    	call   *0x91a2f6(%rip)        # 30c4180 <_DYNAMIC+0x248>
 27a9e8a:	48 89 df             	mov    %rbx,%rdi
 27a9e8d:	e8 4e 16 8b 00       	call   305b4e0 <_Unwind_Resume@plt>

Disassembly of section .init:

Disassembly of section .fini:

Disassembly of section .plt:
