    Checking zeroize v1.9.0
   Compiling proc-macro2 v1.0.106
    Checking typenum v1.20.1
   Compiling quote v1.0.44
   Compiling unicode-ident v1.0.22
    Checking cfg-if v1.0.4
   Compiling syn v2.0.114
   Compiling libc v0.2.189
    Checking hybrid-array v0.4.14
   Compiling zerocopy v0.8.56
   Compiling libm v0.2.16
   Compiling autocfg v1.5.1
   Compiling num-traits v0.2.19
   Compiling serde_core v1.0.229
    Checking block-buffer v0.12.1
    Checking crypto-common v0.2.2
   Compiling crossbeam-utils v0.8.22
    Checking const-oid v0.10.2
    Checking cpufeatures v0.3.1
   Compiling crossbeam-epoch v0.9.20
    Checking digest v0.11.3
   Compiling syn v3.0.4
    Checking rand_core v0.10.1
   Compiling serde v1.0.229
   Compiling getrandom v0.4.3
    Checking smallvec v1.16.0
   Compiling version_check v0.9.5
   Compiling zmij v1.0.19
   Compiling crossbeam-deque v0.8.7
    Checking memchr v2.8.3
   Compiling generic-array v0.14.9
   Compiling serde_derive v1.0.229
   Compiling thiserror v2.0.18
    Checking const-oid v0.9.6
   Compiling serde_json v1.0.149
   Compiling rayon-core v1.13.0
    Checking chacha20 v0.10.2
   Compiling thiserror-impl v2.0.18
   Compiling zerocopy-derive v0.8.56
    Checking itoa v1.0.18
    Checking iana-time-zone v0.1.65
    Checking fast-float2 v0.2.4
    Checking subtle v2.6.1
    Checking chrono v0.4.45
    Checking rand v0.10.2
    Checking sha2 v0.11.0
    Checking base64 v0.22.1
    Checking once_cell v1.21.4
    Checking either v1.18.0
    Checking rayon v1.12.0
    Checking litchi-core v0.0.1 (/home/zhuhe/code/litchi/crates/litchi-core)
    Checking fixedbitset v0.5.7
    Checking getrandom v0.2.17
    Checking rand_core v0.6.4
    Checking base64ct v1.6.0
    Checking litchi-cfb v0.0.1 (/home/zhuhe/code/litchi/crates/litchi-cfb)
    Checking pem-rfc7468 v0.7.0
    Checking block-buffer v0.10.4
    Checking crypto-common v0.1.6
   Compiling der_derive v0.7.3
    Checking flagset v0.4.7
    Checking der v0.7.10
    Checking digest v0.10.7
    Checking spki v0.7.3
    Checking ff v0.13.1
    Checking base16ct v0.2.0
    Checking pkcs8 v0.10.2
    Checking group v0.13.0
    Checking sec1 v0.7.3
    Checking crypto-bigint v0.5.5
    Checking ppv-lite86 v0.2.21
    Checking cpufeatures v0.2.17
   Compiling siphasher v1.0.3
   Compiling phf_shared v0.14.0
    Checking rand_chacha v0.3.1
    Checking elliptic-curve v0.13.8
    Checking hmac v0.12.1
    Checking signature v2.2.0
    Checking quick-xml v0.41.0
    Checking num-integer v0.1.47
    Checking encoding_rs v0.8.35
   Compiling rustversion v1.0.23
    Checking spin v0.9.9
   Compiling num-bigint-dig v0.8.6
   Compiling fastrand v2.5.0
   Compiling phf_generator v0.14.0
    Checking lazy_static v1.5.0
    Checking litchi-codepage v0.0.1 (/home/zhuhe/code/litchi/crates/litchi-codepage)
    Checking num-iter v0.1.46
    Checking rfc6979 v0.4.0
    Checking rand v0.8.8
    Checking sha2 v0.10.9
    Checking inout v0.2.2
    Checking cipher v0.5.2
    Checking ecdsa v0.16.9
   Compiling phf_macros v0.14.0
    Checking primeorder v0.13.6
    Checking sha1 v0.10.7
    Checking pkcs1 v0.7.5
    Checking bitflags v2.13.1
    Checking debug_unsafe v0.1.4
    Checking text-size v1.1.1
    Checking rustc-hash v1.1.0
    Checking hashbrown v0.14.5
    Checking countme v3.0.1
    Checking atoi_simd v0.18.1
    Checking rsa v0.9.10
    Checking rowan v0.16.1
    Checking p256 v0.13.2
    Checking phf v0.14.0
    Checking rc4 v0.2.0
    Checking litchi-ole-common v0.0.1 (/home/zhuhe/code/litchi/crates/litchi-ole-common)
    Checking x509-cert v0.2.5
    Checking sha1 v0.11.0
    Checking md-5 v0.11.0
    Checking bumpalo v3.20.3
    Checking litchi-formula v0.0.1 (/home/zhuhe/code/litchi/crates/litchi-formula)
    Checking litchi-sign v0.0.1 (/home/zhuhe/code/litchi/crates/litchi-sign)
    Checking litchi-crypto v0.0.1 (/home/zhuhe/code/litchi/crates/litchi-crypto)
    Checking litchi-odraw v0.0.1 (/home/zhuhe/code/litchi/crates/litchi-odraw)
    Checking litchi-vba v0.0.1 (/home/zhuhe/code/litchi/crates/litchi-vba)
    Checking zlib-rs v0.6.7
    Checking litchi-doc v0.0.1 (/home/zhuhe/code/litchi/crates/litchi-doc)
    Checking flate2 v1.1.10
    Finished `dev` profile [unoptimized] target(s) in 19.57s
