   Compiling typenum v1.20.1
   Compiling zerofrom v0.1.4
   Compiling stable_deref_trait v1.2.1
   Compiling yoke v0.7.4
   Compiling cfg-if v1.0.4
   Compiling zerovec v0.10.4
   Compiling serde_core v1.0.229
   Compiling tinystr v0.7.6
   Compiling litemap v0.7.3
   Compiling writeable v0.5.5
   Compiling icu_locid v1.5.0
   Compiling icu_provider v1.5.0
   Compiling generic-array v0.14.9
   Compiling crossbeam-utils v0.8.22
   Compiling libc v0.2.189
   Compiling icu_locid_transform_data v1.5.1
   Compiling hybrid-array v0.4.14
   Compiling smallvec v1.16.0
   Compiling icu_locid_transform v1.5.0
   Compiling crossbeam-epoch v0.9.20
   Compiling icu_properties_data v1.5.1
   Compiling icu_collections v1.5.0
   Compiling memchr v2.8.3
   Compiling rand_core v0.10.1
   Compiling cpufeatures v0.3.1
   Compiling icu_properties v1.5.1
   Compiling crossbeam-deque v0.8.7
   Compiling icu_normalizer_data v1.5.1
   Compiling crypto-common v0.2.2
   Compiling block-buffer v0.12.1
   Compiling block-buffer v0.10.4
   Compiling crypto-common v0.1.6
   Compiling const-oid v0.10.2
   Compiling write16 v1.0.0
   Compiling utf8_iter v1.0.4
   Compiling utf16_iter v1.0.5
   Compiling icu_normalizer v1.5.0
   Compiling digest v0.11.3
   Compiling digest v0.10.7
   Compiling num-traits v0.2.19
   Compiling rayon-core v1.13.0
   Compiling serde v1.0.229
   Compiling getrandom v0.4.3
   Compiling zmij v1.0.19
   Compiling chacha20 v0.10.2
   Compiling bitflags v2.13.1
   Compiling linux-raw-sys v0.12.1
   Compiling iana-time-zone v0.1.65
   Compiling itoa v1.0.18
   Compiling cpufeatures v0.2.17
   Compiling once_cell v1.21.4
   Compiling either v1.18.0
   Compiling tinyvec_macros v0.1.1
   Compiling zlib-rs v0.6.7
   Compiling rayon v1.12.0
   Compiling flate2 v1.1.10
   Compiling tinyvec v1.12.0
   Compiling sha2 v0.10.9
   Compiling serde_json v1.0.149
   Compiling chrono v0.4.45
   Compiling rustix v1.1.4
   Compiling thiserror v2.0.18
   Compiling rand v0.10.2
   Compiling idna_adapter v1.2.0
   Compiling sha2 v0.11.0
   Compiling zerocopy v0.8.56
   Compiling crc32fast v1.5.1
   Compiling getrandom v0.3.4
   Compiling quick-xml v0.41.0
   Compiling percent-encoding v2.3.2
   Compiling debug_unsafe v0.1.4
   Compiling base64 v0.22.1
   Compiling fastrand v2.5.0
   Compiling fast-float2 v0.2.4
   Compiling tempfile v3.27.0
   Compiling litchi-core v0.0.1 (/home/zhuhe/code/litchi/crates/litchi-core)
   Compiling atoi_simd v0.18.1
   Compiling form_urlencoded v1.2.2
   Compiling xml-minifier v0.1.0 (/home/zhuhe/code/litchi/crates/xml-minifier)
   Compiling soapberry-zip v0.0.1 (/home/zhuhe/code/litchi/crates/soapberry-zip)
   Compiling idna v1.1.0
   Compiling unicode-normalization v0.1.25
   Compiling caseless v0.2.2
   Compiling litchi-opc v0.0.1 (/home/zhuhe/code/litchi/crates/litchi-opc)
   Compiling url v2.5.8
   Compiling ryu v1.0.22
   Compiling litchi-ooxml-common v0.0.1 (/home/zhuhe/code/litchi/crates/litchi-ooxml-common)
   Compiling litchi-drawingml v0.0.1 (/home/zhuhe/code/litchi/crates/litchi-drawingml)
   Compiling litchi-docx v0.0.1 (/home/zhuhe/code/litchi/crates/litchi-docx)
    Finished `release` profile [optimized] target(s) in 1m 03s
     Running tests/source_backed_managed_document_edit.rs (/home/zhuhe/.cache/litchi-goal-0500/target/release/deps/source_backed_managed_document_edit-319eb1d4eeff86fc)

running 36 tests
test changed_publication_preserves_standard_ignorable_settings_for_managed_and_unmanaged_sources ... ok
test changed_publication_rejects_unresolved_ignorable_and_active_mce_controls ... ok
test managed_cancellation_after_capture_refuses_empty_commit_and_releases_memory ... ok
test managed_cancellation_refuses_edit_and_publication_without_output ... ok
test managed_candidate_budget_failure_happens_before_publication_output ... ok
test managed_changed_publication_enforces_settings_protection_flags ... ok
test managed_changed_publication_rejects_mixed_settings_dialect_before_output ... ok
test managed_changed_publication_rejects_settings_mce_and_dtd_before_output ... ok
test managed_collapsed_and_symbols_reads_refuse_when_memory_is_held ... ok
test managed_disjoint_updates_publish_in_arbitrary_order_and_inverse_exact ... ok
test managed_document_snapshot_and_edit_retain_source_and_candidate_reservations ... ok
test managed_edit_try_clone_refuses_memory_boundary_without_mutating_projection ... ok
test managed_empty_text_slots_refuse_low_scan_memory_before_projection_change ... ok
test managed_failed_second_edit_budget_leaves_first_projection_intact ... ok
test managed_failed_second_edit_cancellation_leaves_first_projection_intact ... ok
test managed_file_source_pins_the_open_source_across_path_replacement ... ok
test managed_four_disjoint_updates_release_scan_depth_and_restore_exact_artifact ... ok
test managed_hyperlink_nested_run_retains_source_after_package_drop_and_refuses_mutation ... ok
test managed_noop_inverse_and_changed_publication_preserve_untouched_media ... ok
test managed_paragraph_and_nested_run_mutations_refuse_without_state_change ... ok
test managed_paragraph_views_refuse_parser_growth_at_memory_boundary ... ok
test managed_protected_settings_noop_preserves_relationship_and_payload_exactly ... ok
test managed_publication_reports_a_partial_sink_failure ... ok
test managed_reopened_inverse_cancellation_and_output_budget_are_before_output ... ok
test managed_reopened_inverse_rejects_source_mutation_before_output ... ok
test managed_reopened_inverse_reports_partial_sink_failure ... ok
test managed_reopened_inverse_restores_exact_artifact_and_rejects_foreign_member ... ok
test managed_repeated_position_keeps_final_value_and_collapses_equal_setter ... ok
test managed_retained_runs_resolve_inherited_symex_and_ignore_foreign_bindings ... ok
test managed_revert_to_original_publishes_exact_noop_bytes ... ok
test managed_reverting_one_operation_preserves_the_other_and_inverse_artifact ... ok
test managed_signed_noop_and_equal_setter_preserve_exact_source ... ok
test managed_source_change_refuses_publication_before_sink_output ... ok
test managed_source_document_rejects_mce_and_dtd_before_edit ... ok
test protected_track_revisions_with_ignorable_extension_remains_refused ... ok
test unmanaged_foreign_package_with_equal_main_xml_refuses_stale_commit_before_output ... ok

test result: ok. 36 passed; 0 failed; 0 ignored; 0 measured; 0 filtered out; finished in 0.01s

