    Checking litchi-perf-baseline v0.1.0 (/home/zhuhe/code/litchi/tools/perf-baseline)
    Finished `release` profile [optimized] target(s) in 9.39s
	Command being timed: "cargo check --release --all-targets --features allocator-metrics --locked --manifest-path tools/perf-baseline/Cargo.toml"
	User time (seconds): 17.48
	System time (seconds): 1.37
	Percent of CPU this job got: 197%
	Elapsed (wall clock) time (h:mm:ss or m:ss): 0:09.54
	Average shared text size (kbytes): 0
	Average unshared data size (kbytes): 0
	Average stack size (kbytes): 0
	Average total size (kbytes): 0
	Maximum resident set size (kbytes): 1422028
	Average resident set size (kbytes): 0
	Major (requiring I/O) page faults: 0
	Minor (reclaiming a frame) page faults: 1045266
	Voluntary context switches: 1070
	Involuntary context switches: 101
	Swaps: 0
	File system inputs: 0
	File system outputs: 8
	Socket messages sent: 0
	Socket messages received: 0
	Signals delivered: 0
	Page size (bytes): 4096
	Exit status: 0
