{
  "archive_bytes": 1861843,
  "binary": {
    "bytes": 2991224,
    "identity_method": "parent binds SHA-256 of the captured binary",
    "path": "/home/zhuhe/litchi-goal-0544-target/cap-boundary-binaries/baseline-cap-boundary",
    "profile": "release"
  },
  "case": "valid",
  "cells": 65536,
  "columns": 256,
  "correctness": {
    "commit_outside_timing": true,
    "empty_commit_is_noop": true,
    "no_op_publication_exact": true,
    "snapshot_a1": 1,
    "snapshot_last_cell": 65536,
    "source_bytes_unchanged": true,
    "source_unchanged": true,
    "source_xml_unchanged": true,
    "valid_snapshot_values": true
  },
  "event_cap_relation": "above",
  "event_count": 328198,
  "event_count_formula": "5*N*N+2*N+6 (including EOF)",
  "expected_event_count": 328198,
  "fixture_out": "/home/zhuhe/code/litchi/docs/performance/results/change-0544/cap-boundary/baseline/cap-native-r2-256.fixture.bin",
  "last_cell": "IV256",
  "ordinary_parser_event_cap": 1000000,
  "performance_claim": "none: valid event-cap boundary diagnostic only",
  "phase": {
    "duration_ns": [
      39459779,
      39583480,
      39365558,
      40169692,
      39752301,
      39777571,
      39849331,
      39684750,
      39922821,
      39849010,
      40037322,
      39793361,
      39711291,
      39639860,
      39635830,
      39917141,
      39644280,
      39715140,
      39906431,
      39598400,
      39670680,
      39750340,
      39760240,
      40057122,
      40324503,
      40032001,
      39906531,
      39742001,
      39673390,
      39701881,
      39552099,
      39958401,
      39869261,
      39493049,
      39284648,
      39638970,
      39479399,
      39685520,
      39396069,
      39584389,
      39435519,
      39969141,
      39751931,
      39557079,
      39315929,
      39530279,
      39390139,
      39525219,
      39263949,
      39482740,
      39535020,
      39786660,
      39963441,
      39867321,
      39698520,
      39675850,
      39695810,
      39612180,
      39622070,
      39971391,
      39687060,
      39577670,
      39488549,
      39656540,
      39677240,
      39679930,
      39626790,
      39634320,
      39732680,
      39905291,
      39625840,
      39653830,
      39707450,
      39609069,
      39653220,
      39753151,
      39854780,
      40110912,
      40021352,
      40064131,
      40064682,
      40049002,
      40086101,
      40049001,
      40073072,
      40273162,
      40339063,
      40357863,
      40503783,
      40465044,
      40529163,
      40481234,
      40412633,
      40218572,
      40149772,
      40405353,
      40279343,
      40030281,
      40010852,
      40053151
    ],
    "name": "edit_sheets",
    "sample_order": [
      0,
      1,
      2,
      3,
      4,
      5,
      6,
      7,
      8,
      9,
      10,
      11,
      12,
      13,
      14,
      15,
      16,
      17,
      18,
      19,
      20,
      21,
      22,
      23,
      24,
      25,
      26,
      27,
      28,
      29,
      30,
      31,
      32,
      33,
      34,
      35,
      36,
      37,
      38,
      39,
      40,
      41,
      42,
      43,
      44,
      45,
      46,
      47,
      48,
      49,
      50,
      51,
      52,
      53,
      54,
      55,
      56,
      57,
      58,
      59,
      60,
      61,
      62,
      63,
      64,
      65,
      66,
      67,
      68,
      69,
      70,
      71,
      72,
      73,
      74,
      75,
      76,
      77,
      78,
      79,
      80,
      81,
      82,
      83,
      84,
      85,
      86,
      87,
      88,
      89,
      90,
      91,
      92,
      93,
      94,
      95,
      96,
      97,
      98,
      99
    ],
    "samples": 100,
    "timing_scope": "source/editor/selector setup excluded; transaction retained through clock stop; inspection/commit/drop excluded",
    "warmup_iterations": 10
  },
  "rows": 256,
  "samples": 100,
  "schema": "litchi.xlsx.cap-boundary-guard.v1",
  "shared_provisional_event_cap": 131072,
  "size": 256,
  "source": {
    "archive_bytes": 1861843,
    "columns": 256,
    "compression": "stored",
    "encoding": "UTF-8",
    "fixture_dump": "/home/zhuhe/code/litchi/docs/performance/results/change-0544/cap-boundary/baseline/cap-native-r2-256.fixture.bin",
    "fixture_kind": "single_worksheet_dense_numeric_grid",
    "format": "OOXML/XLSX",
    "generator": "litchi-xlsx-cap-boundary-stored-grid-v1",
    "identity_method": "parent binds SHA-256 of fixture_dump bytes",
    "marker_free": true,
    "rows": 256,
    "shape": "256x256",
    "source_xml_bytes": 1860029,
    "worksheet_bytes": 1860029,
    "worksheet_member": "xl/worksheets/sheet1.xml",
    "worksheet_xml_bytes": 1860029
  },
  "source_stream_byte_limit": 8388608,
  "source_stream_eligible": true,
  "source_xml_bytes": 1860029,
  "tool": "perf_cap_boundary",
  "warmup_iterations": 10
}
