0-opc-small-fresh-0-1 passed
0-opc-small-fresh-0-2 passed
0-opc-small-fresh-0-4 passed
0-opc-small-fresh-0-8 passed
0-opc-small-fresh-0-32 passed
0-opc-small-fresh-65536-1 passed
0-opc-small-fresh-65536-2 passed
0-opc-small-fresh-65536-4 passed
0-opc-small-fresh-65536-8 passed
0-opc-small-fresh-65536-32 passed
0-opc-large-fresh-0-1 passed
0-opc-large-fresh-0-2 passed
0-opc-large-fresh-0-4 passed
0-opc-large-fresh-0-8 passed
0-opc-large-fresh-0-32 passed
0-opc-large-fresh-65536-1 passed
0-opc-large-fresh-65536-2 passed
0-opc-large-fresh-65536-4 passed
0-opc-large-fresh-65536-8 passed
0-opc-large-fresh-65536-32 passed
0-opc-mixed-fresh-0-1 passed
0-opc-mixed-fresh-0-2 passed
0-opc-mixed-fresh-0-4 passed
0-opc-mixed-fresh-0-8 passed
0-opc-mixed-fresh-0-32 passed
0-opc-mixed-fresh-65536-1 passed
0-opc-mixed-fresh-65536-2 passed
0-opc-mixed-fresh-65536-4 passed
0-opc-mixed-fresh-65536-8 passed
0-opc-mixed-fresh-65536-32 passed
0-opc-large-primed-0-1 passed
0-opc-large-primed-0-2 passed
0-opc-large-primed-0-4 passed
0-opc-large-primed-0-8 passed
0-opc-large-primed-0-32 passed
0-opc-large-primed-65536-1 passed
0-opc-large-primed-65536-2 passed
0-opc-large-primed-65536-4 passed
0-opc-large-primed-65536-8 passed
0-opc-large-primed-65536-32 passed
0-cfb-small-fresh-0-1 passed
0-cfb-small-fresh-0-2 passed
0-cfb-small-fresh-0-4 passed
0-cfb-small-fresh-0-8 passed
0-cfb-small-fresh-0-32 passed
0-cfb-small-fresh-65536-1 passed
0-cfb-small-fresh-65536-2 passed
0-cfb-small-fresh-65536-4 passed
0-cfb-small-fresh-65536-8 passed
0-cfb-small-fresh-65536-32 passed
0-cfb-large-fresh-0-1 passed
0-cfb-large-fresh-0-2 passed
0-cfb-large-fresh-0-4 passed
0-cfb-large-fresh-0-8 passed
0-cfb-large-fresh-0-32 passed
0-cfb-large-fresh-65536-1 passed
0-cfb-large-fresh-65536-2 passed
0-cfb-large-fresh-65536-4 passed
0-cfb-large-fresh-65536-8 passed
0-cfb-large-fresh-65536-32 passed
0-cfb-mixed-fresh-0-1 passed
0-cfb-mixed-fresh-0-2 passed
0-cfb-mixed-fresh-0-4 passed
0-cfb-mixed-fresh-0-8 passed
0-cfb-mixed-fresh-0-32 passed
0-cfb-mixed-fresh-65536-1 passed
0-cfb-mixed-fresh-65536-2 passed
0-cfb-mixed-fresh-65536-4 passed
0-cfb-mixed-fresh-65536-8 passed
0-cfb-mixed-fresh-65536-32 passed
0-cfb-large-primed-0-1 passed
0-cfb-large-primed-0-2 passed
0-cfb-large-primed-0-4 passed
0-cfb-large-primed-0-8 passed
0-cfb-large-primed-0-32 passed
0-cfb-large-primed-65536-1 passed
0-cfb-large-primed-65536-2 passed
0-cfb-large-primed-65536-4 passed
0-cfb-large-primed-65536-8 passed
0-cfb-large-primed-65536-32 passed
0-parts-small-fresh-0-1 passed
0-parts-small-fresh-0-2 passed
0-parts-small-fresh-0-4 passed
0-parts-small-fresh-0-8 passed
0-parts-small-fresh-0-32 passed
0-parts-small-fresh-65536-1 passed
0-parts-small-fresh-65536-2 passed
0-parts-small-fresh-65536-4 passed
0-parts-small-fresh-65536-8 passed
0-parts-small-fresh-65536-32 passed
0-parts-large-fresh-0-1 passed
0-parts-large-fresh-0-2 passed
0-parts-large-fresh-0-4 passed
0-parts-large-fresh-0-8 passed
0-parts-large-fresh-0-32 passed
0-parts-large-fresh-65536-1 passed
0-parts-large-fresh-65536-2 passed
0-parts-large-fresh-65536-4 passed
0-parts-large-fresh-65536-8 passed
0-parts-large-fresh-65536-32 passed
0-parts-mixed-fresh-0-1 passed
0-parts-mixed-fresh-0-2 passed
0-parts-mixed-fresh-0-4 passed
0-parts-mixed-fresh-0-8 passed
0-parts-mixed-fresh-0-32 passed
0-parts-mixed-fresh-65536-1 passed
0-parts-mixed-fresh-65536-2 passed
0-parts-mixed-fresh-65536-4 passed
0-parts-mixed-fresh-65536-8 passed
0-parts-mixed-fresh-65536-32 passed
0-parts-large-primed-0-1 passed
0-parts-large-primed-0-2 passed
0-parts-large-primed-0-4 passed
0-parts-large-primed-0-8 passed
0-parts-large-primed-0-32 passed
0-parts-large-primed-65536-1 passed
0-parts-large-primed-65536-2 passed
0-parts-large-primed-65536-4 passed
0-parts-large-primed-65536-8 passed
0-parts-large-primed-65536-32 passed
1-parts-large-primed-65536-32 passed
1-parts-large-primed-65536-8 passed
1-parts-large-primed-65536-4 passed
1-parts-large-primed-65536-2 passed
1-parts-large-primed-65536-1 passed
1-parts-large-primed-0-32 passed
1-parts-large-primed-0-8 passed
1-parts-large-primed-0-4 passed
1-parts-large-primed-0-2 passed
1-parts-large-primed-0-1 passed
1-parts-mixed-fresh-65536-32 passed
1-parts-mixed-fresh-65536-8 passed
1-parts-mixed-fresh-65536-4 passed
1-parts-mixed-fresh-65536-2 passed
1-parts-mixed-fresh-65536-1 passed
1-parts-mixed-fresh-0-32 passed
1-parts-mixed-fresh-0-8 passed
1-parts-mixed-fresh-0-4 passed
1-parts-mixed-fresh-0-2 passed
1-parts-mixed-fresh-0-1 passed
1-parts-large-fresh-65536-32 passed
1-parts-large-fresh-65536-8 passed
1-parts-large-fresh-65536-4 passed
1-parts-large-fresh-65536-2 passed
1-parts-large-fresh-65536-1 passed
1-parts-large-fresh-0-32 passed
1-parts-large-fresh-0-8 passed
1-parts-large-fresh-0-4 passed
1-parts-large-fresh-0-2 passed
1-parts-large-fresh-0-1 passed
1-parts-small-fresh-65536-32 passed
1-parts-small-fresh-65536-8 passed
1-parts-small-fresh-65536-4 passed
1-parts-small-fresh-65536-2 passed
1-parts-small-fresh-65536-1 passed
1-parts-small-fresh-0-32 passed
1-parts-small-fresh-0-8 passed
1-parts-small-fresh-0-4 passed
1-parts-small-fresh-0-2 passed
1-parts-small-fresh-0-1 passed
1-cfb-large-primed-65536-32 passed
1-cfb-large-primed-65536-8 passed
1-cfb-large-primed-65536-4 passed
1-cfb-large-primed-65536-2 passed
1-cfb-large-primed-65536-1 passed
1-cfb-large-primed-0-32 passed
1-cfb-large-primed-0-8 passed
1-cfb-large-primed-0-4 passed
1-cfb-large-primed-0-2 passed
1-cfb-large-primed-0-1 passed
1-cfb-mixed-fresh-65536-32 passed
1-cfb-mixed-fresh-65536-8 passed
1-cfb-mixed-fresh-65536-4 passed
1-cfb-mixed-fresh-65536-2 passed
1-cfb-mixed-fresh-65536-1 passed
1-cfb-mixed-fresh-0-32 passed
1-cfb-mixed-fresh-0-8 passed
1-cfb-mixed-fresh-0-4 passed
1-cfb-mixed-fresh-0-2 passed
1-cfb-mixed-fresh-0-1 passed
1-cfb-large-fresh-65536-32 passed
1-cfb-large-fresh-65536-8 passed
1-cfb-large-fresh-65536-4 passed
1-cfb-large-fresh-65536-2 passed
1-cfb-large-fresh-65536-1 passed
1-cfb-large-fresh-0-32 passed
1-cfb-large-fresh-0-8 passed
1-cfb-large-fresh-0-4 passed
1-cfb-large-fresh-0-2 passed
1-cfb-large-fresh-0-1 passed
1-cfb-small-fresh-65536-32 passed
1-cfb-small-fresh-65536-8 passed
1-cfb-small-fresh-65536-4 passed
1-cfb-small-fresh-65536-2 passed
1-cfb-small-fresh-65536-1 passed
1-cfb-small-fresh-0-32 passed
1-cfb-small-fresh-0-8 passed
1-cfb-small-fresh-0-4 passed
1-cfb-small-fresh-0-2 passed
1-cfb-small-fresh-0-1 passed
1-opc-large-primed-65536-32 passed
1-opc-large-primed-65536-8 passed
1-opc-large-primed-65536-4 passed
1-opc-large-primed-65536-2 passed
1-opc-large-primed-65536-1 passed
1-opc-large-primed-0-32 passed
1-opc-large-primed-0-8 passed
1-opc-large-primed-0-4 passed
1-opc-large-primed-0-2 passed
1-opc-large-primed-0-1 passed
1-opc-mixed-fresh-65536-32 passed
1-opc-mixed-fresh-65536-8 passed
1-opc-mixed-fresh-65536-4 passed
1-opc-mixed-fresh-65536-2 passed
1-opc-mixed-fresh-65536-1 passed
1-opc-mixed-fresh-0-32 passed
1-opc-mixed-fresh-0-8 passed
1-opc-mixed-fresh-0-4 passed
1-opc-mixed-fresh-0-2 passed
1-opc-mixed-fresh-0-1 passed
1-opc-large-fresh-65536-32 passed
1-opc-large-fresh-65536-8 passed
1-opc-large-fresh-65536-4 passed
1-opc-large-fresh-65536-2 passed
1-opc-large-fresh-65536-1 passed
1-opc-large-fresh-0-32 passed
1-opc-large-fresh-0-8 passed
1-opc-large-fresh-0-4 passed
1-opc-large-fresh-0-2 passed
1-opc-large-fresh-0-1 passed
1-opc-small-fresh-65536-32 passed
1-opc-small-fresh-65536-8 passed
1-opc-small-fresh-65536-4 passed
1-opc-small-fresh-65536-2 passed
1-opc-small-fresh-65536-1 passed
1-opc-small-fresh-0-32 passed
1-opc-small-fresh-0-8 passed
1-opc-small-fresh-0-4 passed
1-opc-small-fresh-0-2 passed
1-opc-small-fresh-0-1 passed
