0-tiny-control PASS
0-tiny-profile PASS
0-tiny-allocation PASS
0-tiny-profile-allocation PASS
0-medium-control PASS
0-medium-profile PASS
0-medium-allocation PASS
0-medium-profile-allocation PASS
0-large-control PASS
0-large-profile PASS
0-large-allocation PASS
0-large-profile-allocation PASS
0-vendor-control PASS
0-vendor-profile PASS
0-vendor-allocation PASS
0-vendor-profile-allocation PASS
0-unicode-vendor-control PASS
0-unicode-vendor-profile PASS
0-unicode-vendor-allocation PASS
0-unicode-vendor-profile-allocation PASS
1-tiny-profile-allocation PASS
1-tiny-allocation PASS
1-tiny-profile PASS
1-tiny-control PASS
1-medium-profile-allocation PASS
1-medium-allocation PASS
1-medium-profile PASS
1-medium-control PASS
1-large-profile-allocation PASS
1-large-allocation PASS
1-large-profile PASS
1-large-control PASS
1-vendor-profile-allocation PASS
1-vendor-allocation PASS
1-vendor-profile PASS
1-vendor-control PASS
1-unicode-vendor-profile-allocation PASS
1-unicode-vendor-allocation PASS
1-unicode-vendor-profile PASS
1-unicode-vendor-control PASS
