completed corpus=few-large source=file api=read-parts-ordered capability=managed-after-only workers=1 samples=60 p50=577us p95=588us p99=597us
	Command being timed: "/home/zhuhe/.cache/litchi-goal-0498/retained/source_backed_batch_perf-after --corpus few-large --source file --api batch --capability managed --workers 1 --warmups 3 --samples 30 --repeats 2 --artifact-dir /home/zhuhe/.cache/litchi-goal-0498/final-corpora/few-large-file-batch-w1 --output /home/zhuhe/code/litchi/docs/performance/results/change-0498/final/few-large-file-batch-w1.csv"
	User time (seconds): 0.27
	System time (seconds): 0.03
	Percent of CPU this job got: 99%
	Elapsed (wall clock) time (h:mm:ss or m:ss): 0:00.31
	Average shared text size (kbytes): 0
	Average unshared data size (kbytes): 0
	Average stack size (kbytes): 0
	Average total size (kbytes): 0
	Maximum resident set size (kbytes): 20272
	Average resident set size (kbytes): 0
	Major (requiring I/O) page faults: 0
	Minor (reclaiming a frame) page faults: 66917
	Voluntary context switches: 1
	Involuntary context switches: 2
	Swaps: 0
	File system inputs: 0
	File system outputs: 24760
	Socket messages sent: 0
	Socket messages received: 0
	Signals delivered: 0
	Page size (bytes): 4096
	Exit status: 0
