   Compiling mce-capabilities-probe v0.1.0 (/home/zhuhe/code/litchi/docs/performance/results/change-0794/probe-src)
warning: function `enable` is never used
  --> src/allocation_metrics.rs:89:8
   |
89 | pub fn enable() {
   |        ^^^^^^
   |
   = note: `#[warn(dead_code)]` (part of `#[warn(unused)]`) on by default

warning: function `record_allocation` is never used
  --> src/allocation_metrics.rs:94:8
   |
94 | pub fn record_allocation(size: usize) {
   |        ^^^^^^^^^^^^^^^^^

warning: function `record_deallocation` is never used
  --> src/allocation_metrics.rs:99:8
   |
99 | pub fn record_deallocation(size: usize) {
   |        ^^^^^^^^^^^^^^^^^^^

warning: function `record_reallocation` is never used
   --> src/allocation_metrics.rs:104:8
    |
104 | pub fn record_reallocation(old_size: usize, new_size: usize) {
    |        ^^^^^^^^^^^^^^^^^^^

warning: function `record_failed_allocation` is never used
   --> src/allocation_metrics.rs:109:8
    |
109 | pub fn record_failed_allocation() {
    |        ^^^^^^^^^^^^^^^^^^^^^^^^

warning: struct `Snapshot` is never constructed
   --> src/allocation_metrics.rs:116:12
    |
116 | pub struct Snapshot {
    |            ^^^^^^^^

warning: function `snapshot` is never used
   --> src/allocation_metrics.rs:132:8
    |
132 | pub fn snapshot() -> Snapshot {
    |        ^^^^^^^^

warning: function `unavailable_sample` is never used
   --> src/allocation_metrics.rs:198:15
    |
198 | pub(crate) fn unavailable_sample() -> Sample {
    |               ^^^^^^^^^^^^^^^^^^

warning: field `segment_before` is never read
   --> src/allocation_metrics.rs:291:5
    |
285 | struct ActiveRegion {
    |        ------------ field in this struct
...
291 |     segment_before: CountersSnapshot,
    |     ^^^^^^^^^^^^^^

warning: methods `split` and `finish_split` are never used
   --> src/allocation_metrics.rs:315:19
    |
306 | impl Region {
    | ----------- methods in this implementation
...
315 |     pub(crate) fn split(&mut self) -> Option<Sample> {
    |                   ^^^^^
...
351 |     pub(crate) fn finish_split(mut self) -> (Option<Sample>, Option<Sample>) {
    |                   ^^^^^^^^^^^^

warning: struct `CallbackEntryGuard` is never constructed
   --> src/allocation_metrics.rs:487:8
    |
487 | struct CallbackEntryGuard;
    |        ^^^^^^^^^^^^^^^^^^

warning: associated function `enter` is never used
   --> src/allocation_metrics.rs:490:8
    |
489 | impl CallbackEntryGuard {
    | ----------------------- associated function in this implementation
490 |     fn enter(observer_invalid: &AtomicBool) -> Option<Self> {
    |        ^^^^^

warning: multiple methods are never used
   --> src/allocation_metrics.rs:514:8
    |
513 | impl Counters {
    | ------------- methods in this implementation
514 |     fn snapshot(&self) -> CountersSnapshot {
    |        ^^^^^^^^
...
561 |     fn split_region(&self) -> (CountersSnapshot, Option<u64>, bool) {
    |        ^^^^^^^^^^^^
...
618 |     fn update_region_peak(&self, observer: &mut ObserverState, live: u64) {
    |        ^^^^^^^^^^^^^^^^^^
...
626 |     fn enter_callback(&self) -> Option<CallbackEntryGuard> {
    |        ^^^^^^^^^^^^^^
...
630 |     fn add(&self, counter: &AtomicU64, value: u64) {
    |        ^^^
...
636 |     fn live_add(&self, value: u64) -> Option<u64> {
    |        ^^^^^^^^
...
646 |     fn live_sub(&self, value: u64) {
    |        ^^^^^^^^
...
652 |     fn update_peak(&self, live: u64) {
    |        ^^^^^^^^^^^
...
667 |     fn allocation(&self, size: usize) {
    |        ^^^^^^^^^^
...
675 |     fn allocation_locked(&self, size: usize, observer: &mut ObserverState) {
    |        ^^^^^^^^^^^^^^^^^
...
687 |     fn deallocation(&self, size: usize) {
    |        ^^^^^^^^^^^^
...
695 |     fn deallocation_locked(&self, size: usize) {
    |        ^^^^^^^^^^^^^^^^^^^
...
705 |     fn reallocation(&self, old_size: usize, new_size: usize) {
    |        ^^^^^^^^^^^^
...
713 |     fn reallocation_locked(&self, old_size: usize, new_size: usize, observer: &mut ObserverState) {
    |        ^^^^^^^^^^^^^^^^^^^
...
733 |     fn failed_allocation(&self) {
    |        ^^^^^^^^^^^^^^^^^

warning: function `checked_add` is never used
   --> src/allocation_metrics.rs:742:4
    |
742 | fn checked_add(counter: &AtomicU64, value: u64) -> Option<u64> {
    |    ^^^^^^^^^^^

warning: function `checked_sub` is never used
   --> src/allocation_metrics.rs:749:4
    |
749 | fn checked_sub(counter: &AtomicU64, value: u64) -> Option<u64> {
    |    ^^^^^^^^^^^

warning: `mce-capabilities-probe` (bin "namespace-uri-probe") generated 15 warnings
    Finished `release` profile [optimized + debuginfo] target(s) in 10.26s
