{
  "schema": "litchi-cfb.perf-chain-guard.v1",
  "case": "shortselfcycle",
  "declared_chain_sectors": 128,
  "sector_size": 512,
  "stream_start_sector": 0,
  "stream_bytes": 65536,
  "fat_entry_count": 256,
  "input_sha256": "ccdc111208d985361cb9d04e3cf6ab04f19b7dac7d970730f74250dda9acf76f",
  "expected_error": "Cycle detected in regular stream chain at sector 0",
  "observed_error": "Cycle detected in regular stream chain at sector 0",
  "warmup_iterations": 0,
  "sample_count": 1,
  "timed_operation": "OleFile::open(Cursor<&[u8]>)",
  "cleanup_inside_timing": false,
  "input_clone_outside_timing": true,
  "allocation_counters": {"available": false, "reason": "not instrumented by this public example"},
  "oracle": {
    "expected_error_exact": true,
    "valid_stream_content_checked": false,
    "valid_reopen_checked": true,
    "all_samples_match": true
  },
  "samples_ns": [1340]
}
