{
  "schema": "litchi-cfb.perf-chain-guard.v1",
  "case": "lateexcess",
  "declared_chain_sectors": 128,
  "sector_size": 512,
  "stream_start_sector": 0,
  "stream_bytes": 65536,
  "fat_entry_count": 256,
  "input_sha256": "997bce57fc859cfee726d354df212cc870cdd14aa6d2b076ed0765f56b943a74",
  "expected_error": "regular stream chain exceeds its declared length",
  "observed_error": "regular stream chain exceeds its declared length",
  "warmup_iterations": 20,
  "sample_count": 200,
  "timed_operation": "OleFile::open(Cursor<&[u8]>)",
  "cleanup_inside_timing": false,
  "input_clone_outside_timing": true,
  "allocation_counters": {"available": false, "reason": "not instrumented by this public example"},
  "oracle": {
    "expected_error_exact": true,
    "valid_stream_content_checked": false,
    "valid_reopen_checked": true,
    "all_samples_match": true
  },
  "samples_ns": [981, 990, 1000, 980, 1030, 1000, 1050, 970, 1000, 970, 1000, 990, 1020, 1010, 990, 1000, 970, 990, 1020, 960, 970, 970, 1040, 970, 970, 990, 980, 1000, 1010, 980, 1010, 950, 990, 950, 1000, 960, 980, 970, 1000, 950, 980, 1020, 1030, 970, 990, 980, 990, 980, 1000, 970, 1010, 1000, 1020, 960, 1010, 1030, 1040, 990, 1010, 950, 970, 1000, 1000, 990, 1020, 930, 1010, 980, 990, 980, 990, 990, 1010, 990, 990, 990, 1020, 970, 970, 960, 980, 990, 1010, 1010, 1040, 1020, 1010, 960, 990, 980, 1010, 1000, 1040, 1000, 1050, 970, 1030, 1000, 1050, 1000, 1030, 1000, 1030, 1000, 1020, 990, 1030, 980, 1030, 990, 1040, 980, 1030, 1030, 1020, 1010, 1070, 950, 1040, 960, 1000, 1000, 1010, 980, 1040, 990, 1040, 1020, 1040, 1000, 1030, 990, 1020, 1010, 1030, 1010, 1010, 990, 1030, 1010, 1070, 980, 1030, 1000, 1030, 990, 980, 970, 990, 960, 990, 960, 980, 950, 970, 1000, 990, 960, 1010, 1020, 980, 960, 1030, 1000, 1000, 1000, 1030, 990, 1030, 980, 1000, 960, 1050, 1020, 1100, 990, 970, 960, 980, 970, 960, 940, 1020, 960, 1040, 990, 1030, 1020, 1050, 970, 1040, 950, 1070, 1010, 1040, 960, 1040, 1000, 1040, 1010]
}
