    Checking zeroize v1.9.0
    Checking cfg-if v1.0.4
    Checking typenum v1.20.1
    Checking libc v0.2.189
    Checking hybrid-array v0.4.14
    Checking const-oid v0.9.6
    Checking subtle v2.6.1
    Checking generic-array v0.14.9
    Checking crypto-common v0.2.2
    Checking block-buffer v0.12.1
    Checking libm v0.2.16
    Checking serde_core v1.0.229
    Checking getrandom v0.2.17
    Checking rand_core v0.6.4
    Checking num-traits v0.2.19
    Checking block-buffer v0.10.4
    Checking crypto-common v0.1.6
    Checking base64ct v1.6.0
    Checking smallvec v1.16.0
    Checking pem-rfc7468 v0.7.0
    Checking digest v0.10.7
    Checking zerocopy v0.8.56
    Checking cmov v0.5.4
    Checking flagset v0.4.7
    Checking cpufeatures v0.3.1
    Checking der v0.7.10
    Checking ctutils v0.4.2
    Checking zerofrom v0.1.4
    Checking stable_deref_trait v1.2.1
    Checking const-oid v0.10.2
    Checking digest v0.11.3
    Checking yoke v0.7.4
    Checking spki v0.7.3
    Checking crossbeam-utils v0.8.22
    Checking memchr v2.8.3
    Checking once_cell v1.21.4
    Checking rand_core v0.10.1
    Checking either v1.18.0
    Checking zerovec v0.10.4
    Checking crossbeam-epoch v0.9.20
    Checking serde v1.0.229
    Checking crossbeam-deque v0.8.7
    Checking zmij v1.0.19
    Checking getrandom v0.4.3
    Checking chacha20 v0.10.2
    Checking pkcs8 v0.10.2
    Checking itoa v1.0.18
    Checking iana-time-zone v0.1.65
    Checking serde_json v1.0.149
    Checking chrono v0.4.45
    Checking thiserror v2.0.18
    Checking rand v0.10.2
    Checking rayon-core v1.13.0
    Checking tinystr v0.7.6
    Checking sha2 v0.11.0
    Checking litemap v0.7.3
    Checking writeable v0.5.5
    Checking fast-float2 v0.2.4
    Checking spin v0.9.9
    Checking base64 v0.22.1
    Checking lazy_static v1.5.0
    Checking icu_locid v1.5.0
    Checking litchi-core v0.0.1 (/home/zhuhe/code/litchi/crates/litchi-core)
    Checking rayon v1.12.0
    Checking ff v0.13.1
    Checking cpufeatures v0.2.17
    Checking base16ct v0.2.0
    Checking group v0.13.0
    Checking sec1 v0.7.3
    Checking icu_provider v1.5.0
    Checking icu_locid_transform_data v1.5.1
    Checking ppv-lite86 v0.2.21
    Checking bitflags v2.13.1
    Checking crypto-bigint v0.5.5
    Checking encoding_rs v0.8.35
    Checking fixedbitset v0.5.7
    Checking elliptic-curve v0.13.8
    Checking litchi-cfb v0.0.1 (/home/zhuhe/code/litchi/crates/litchi-cfb)
    Checking rand_chacha v0.3.1
    Checking icu_locid_transform v1.5.0
    Checking libz-sys v1.1.29
    Checking icu_properties_data v1.5.1
    Checking crc32fast v1.5.1
    Checking sha2 v0.10.9
    Checking icu_collections v1.5.0
    Checking quick-xml v0.41.0
    Checking hmac v0.12.1
    Checking signature v2.2.0
    Checking num-integer v0.1.47
    Checking tinyvec_macros v0.1.1
    Checking zlib-rs v0.6.7
    Checking tinyvec v1.12.0
    Checking num-iter v0.1.46
    Checking flate2 v1.1.10
    Checking rfc6979 v0.4.0
    Checking icu_properties v1.5.1
    Checking rand v0.8.8
    Checking icu_normalizer_data v1.5.1
    Checking block-padding v0.4.2
    Checking utf16_iter v1.0.5
    Checking write16 v1.0.0
    Checking utf8_iter v1.0.4
    Checking icu_normalizer v1.5.0
    Checking inout v0.2.2
    Checking num-bigint-dig v0.8.6
    Checking ecdsa v0.16.9
    Checking primeorder v0.13.6
    Checking litchi-codepage v0.0.1 (/home/zhuhe/code/litchi/crates/litchi-codepage)
    Checking sha1 v0.10.7
    Checking pkcs1 v0.7.5
    Checking linux-raw-sys v0.12.1
    Checking rsa v0.9.10
    Checking rustix v1.1.4
    Checking p256 v0.13.2
   Compiling xml-minifier-macros v0.1.0 (/home/zhuhe/code/litchi/crates/xml-minifier-macros)
    Checking pathfinder_simd v0.5.6
    Checking cipher v0.5.2
    Checking idna_adapter v1.2.0
    Checking getrandom v0.3.4
    Checking x509-cert v0.2.5
    Checking libloading v0.8.8
    Checking byteorder v1.5.0
    Checking log v0.4.29
    Checking debug_unsafe v0.1.4
    Checking option-ext v0.2.0
    Checking alloc-no-stdlib v2.0.4
    Checking percent-encoding v2.3.2
    Checking fastrand v2.5.0
    Checking litchi-sign v0.0.1 (/home/zhuhe/code/litchi/crates/litchi-sign)
    Checking tempfile v3.27.0
    Checking form_urlencoded v1.2.2
    Checking alloc-stdlib v0.2.4
    Checking dirs-sys v0.5.0
    Checking atoi_simd v0.18.1
    Checking pathfinder_geometry v0.5.1
    Checking dlib v0.5.3
    Checking idna v1.1.0
    Checking xml-minifier v0.1.0 (/home/zhuhe/code/litchi/crates/xml-minifier)
    Checking soapberry-zip v0.0.1 (/home/zhuhe/code/litchi/crates/soapberry-zip)
    Checking unicode-normalization v0.1.25
    Checking aliasable v0.1.3
    Checking static_assertions v1.1.0
    Checking same-file v1.0.6
    Checking walkdir v2.5.0
    Checking ouroboros v0.18.5
    Checking enumflags2 v0.7.12
    Checking caseless v0.2.2
    Checking url v2.5.8
    Checking yeslogic-fontconfig-sys v6.0.1
    Checking unicode-joining-type v1.0.0
    Checking unicode-canonical-combining-class v1.0.0
    Checking dirs v6.0.0
    Checking unicode-general-category v1.1.0
    Checking brotli-decompressor v5.0.3
    Checking freetype-sys v0.20.1
    Checking litchi-vba v0.0.1 (/home/zhuhe/code/litchi/crates/litchi-vba)
    Checking litchi-opc v0.0.1 (/home/zhuhe/code/litchi/crates/litchi-opc)
    Checking itertools v0.14.0
    Checking bitreader v0.3.11
    Checking ucd-trie v0.1.7
    Checking bytemuck v1.25.2
    Checking cpubits v0.1.1
    Checking rustc-hash v2.1.3
    Checking float-ord v0.3.2
    Checking glyph-names v0.2.0
    Checking ryu v1.0.22
    Checking allsorts v0.17.0
    Checking litchi-ooxml-common v0.0.1 (/home/zhuhe/code/litchi/crates/litchi-ooxml-common)
    Checking font-kit v0.14.3
    Checking aes v0.9.3
    Checking roaring v0.11.1
    Checking rc4 v0.2.0
    Checking cbc v0.2.1
    Checking litchi-ole-common v0.0.1 (/home/zhuhe/code/litchi/crates/litchi-ole-common)
    Checking hmac v0.13.0
    Checking sha1 v0.11.0
    Checking litchi-drawingml v0.0.1 (/home/zhuhe/code/litchi/crates/litchi-drawingml)
    Checking litchi-crypto v0.0.1 (/home/zhuhe/code/litchi/crates/litchi-crypto)
    Checking litchi-fonts v0.0.1 (/home/zhuhe/code/litchi/crates/litchi-fonts)
    Checking litchi-docx v0.0.1 (/home/zhuhe/code/litchi/crates/litchi-docx)
    Finished `dev` profile [unoptimized + debuginfo] target(s) in 30.91s
