PASS native source/probe/corpus/raw bindings and exact semantic parity; 26 groups, 15,600 fresh owners, 124,800 query records
RESULT 54016-stored-0 owned q8 {'b1_a1': 0.99, 'b2_a2': 1.77, 'aa': -0.25, 'abba_a': 1.28, 'abba_b': 2.07}
RESULT 54016-stored-0 owned open-plus-eight {'b1_a1': 0.76, 'b2_a2': 1.34, 'aa': -0.29, 'abba_a': 1.33, 'abba_b': 1.91}
RESULT 54016-stored-0 file q8 {'b1_a1': 0.84, 'b2_a2': 1.55, 'aa': 0.03, 'abba_a': -0.86, 'abba_b': -0.16}
RESULT 54016-stored-0 file open-plus-eight {'b1_a1': -0.04, 'b2_a2': 1.04, 'aa': 0.34, 'abba_a': -0.9, 'abba_b': 0.18}
REVIEW 54016-stored-524288 owned q2 {'b1_a1': 8.13, 'b2_a2': 8.38, 'aa': -0.25, 'abba_a': -0.12, 'abba_b': 0.12}
RESULT 54016-stored-524288 owned q8 {'b1_a1': -31.99, 'b2_a2': -32.2, 'aa': -0.54, 'abba_a': -0.14, 'abba_b': -0.43}
RESULT 54016-stored-524288 owned open-plus-eight {'b1_a1': -22.0, 'b2_a2': -22.02, 'aa': -0.3, 'abba_a': -0.26, 'abba_b': -0.29}
REVIEW 54016-stored-524288 file q2 {'b1_a1': 7.72, 'b2_a2': 7.24, 'aa': 0.14, 'abba_a': 1.32, 'abba_b': 0.86}
RESULT 54016-stored-524288 file q8 {'b1_a1': -31.03, 'b2_a2': -31.69, 'aa': -0.0, 'abba_a': 1.07, 'abba_b': 0.1}
RESULT 54016-stored-524288 file open-plus-eight {'b1_a1': -21.83, 'b2_a2': -22.2, 'aa': 0.25, 'abba_a': 1.33, 'abba_b': 0.85}
RESULT 54016-stored-1048576 owned q8 {'b1_a1': -99.74, 'b2_a2': -99.74, 'aa': 0.28, 'abba_a': -0.54, 'abba_b': -0.34}
RESULT 54016-stored-1048576 owned open-plus-eight {'b1_a1': -74.86, 'b2_a2': -74.86, 'aa': 0.11, 'abba_a': -0.58, 'abba_b': -0.57}
RESULT 54016-stored-1048576 file q8 {'b1_a1': -99.46, 'b2_a2': -99.46, 'aa': -0.04, 'abba_a': -0.05, 'abba_b': 0.0}
RESULT 54016-stored-1048576 file open-plus-eight {'b1_a1': -74.5, 'b2_a2': -74.46, 'aa': -0.03, 'abba_a': -0.21, 'abba_b': -0.07}
RESULT 54016-stored-2097152 owned q8 {'b1_a1': 3.85, 'b2_a2': 3.89, 'aa': 2.13, 'abba_a': -1.05, 'abba_b': -1.01}
RESULT 54016-stored-2097152 owned open-plus-eight {'b1_a1': -0.06, 'b2_a2': 0.56, 'aa': 0.33, 'abba_a': -0.9, 'abba_b': -0.28}
RESULT 54016-stored-2097152 file q8 {'b1_a1': 3.53, 'b2_a2': 4.01, 'aa': -1.33, 'abba_a': 0.5, 'abba_b': 0.97}
RESULT 54016-stored-2097152 file open-plus-eight {'b1_a1': 0.28, 'b2_a2': 0.7, 'aa': -0.24, 'abba_a': -0.2, 'abba_b': 0.22}
RESULT 54016-missing-1048576 owned q8 {'b1_a1': -99.98, 'b2_a2': -99.98, 'aa': -0.36, 'abba_a': 0.09, 'abba_b': 0.0}
RESULT 54016-missing-1048576 owned open-plus-eight {'b1_a1': -75.01, 'b2_a2': -74.98, 'aa': -0.1, 'abba_a': 0.07, 'abba_b': 0.21}
RESULT 54016-missing-1048576 file q8 {'b1_a1': -99.89, 'b2_a2': -99.89, 'aa': 0.0, 'abba_a': 0.1, 'abba_b': 0.0}
RESULT 54016-missing-1048576 file open-plus-eight {'b1_a1': -74.74, 'b2_a2': -74.71, 'aa': -0.03, 'abba_a': -0.03, 'abba_b': 0.11}
REVIEW Plan1-stored-32768 owned q2 {'b1_a1': 5.75, 'b2_a2': 5.51, 'aa': -1.92, 'abba_a': -0.01, 'abba_b': -0.24}
RESULT Plan1-stored-32768 owned q8 {'b1_a1': -28.71, 'b2_a2': -28.5, 'aa': -1.92, 'abba_a': -0.06, 'abba_b': 0.23}
RESULT Plan1-stored-32768 owned open-plus-eight {'b1_a1': -19.62, 'b2_a2': -19.37, 'aa': -1.61, 'abba_a': -0.09, 'abba_b': 0.22}
RESULT Plan1-stored-32768 file q8 {'b1_a1': -24.73, 'b2_a2': -25.31, 'aa': 0.15, 'abba_a': -0.27, 'abba_b': -1.03}
RESULT Plan1-stored-32768 file open-plus-eight {'b1_a1': -16.75, 'b2_a2': -16.75, 'aa': -0.0, 'abba_a': -0.69, 'abba_b': -0.68}
RESULT Plan1-stored-2097152 owned q8 {'b1_a1': -6.47, 'b2_a2': -3.53, 'aa': 1.18, 'abba_a': 0.0, 'abba_b': 3.14}
RESULT Plan1-stored-2097152 owned open-plus-eight {'b1_a1': -0.0, 'b2_a2': -16.45, 'aa': -0.25, 'abba_a': 20.36, 'abba_b': 0.57}
RESULT Plan1-stored-2097152 file q8 {'b1_a1': 1.88, 'b2_a2': 2.11, 'aa': -0.63, 'abba_a': -0.84, 'abba_b': -0.62}
RESULT Plan1-stored-2097152 file open-plus-eight {'b1_a1': 1.36, 'b2_a2': 0.93, 'aa': -0.28, 'abba_a': 0.14, 'abba_b': -0.29}
RESULT Simple-stored-450 owned q8 {'b1_a1': -34.83, 'b2_a2': -33.71, 'aa': -1.12, 'abba_a': 0.0, 'abba_b': 1.72}
RESULT Simple-stored-450 owned open-plus-eight {'b1_a1': -14.28, 'b2_a2': -13.01, 'aa': -0.32, 'abba_a': -0.77, 'abba_b': 0.7}
RESULT Simple-stored-450 file q8 {'b1_a1': 3.26, 'b2_a2': 4.65, 'aa': 0.46, 'abba_a': 0.0, 'abba_b': 1.35}
RESULT Simple-stored-450 file open-plus-eight {'b1_a1': 1.82, 'b2_a2': 2.33, 'aa': -0.09, 'abba_a': 0.21, 'abba_b': 0.71}
RESULT Simple-stored-2097152 owned q8 {'b1_a1': -5.69, 'b2_a2': -4.07, 'aa': -1.61, 'abba_a': 0.0, 'abba_b': 1.72}
RESULT Simple-stored-2097152 owned open-plus-eight {'b1_a1': -2.57, 'b2_a2': -3.31, 'aa': -0.28, 'abba_a': 0.35, 'abba_b': -0.41}
RESULT Simple-stored-2097152 file q8 {'b1_a1': 0.9, 'b2_a2': 2.05, 'aa': 0.23, 'abba_a': -1.79, 'abba_b': -0.67}
RESULT Simple-stored-2097152 file open-plus-eight {'b1_a1': 0.62, 'b2_a2': 0.68, 'aa': 0.07, 'abba_a': -0.92, 'abba_b': -0.86}
RESULT Simple-missing-2097152 owned q8 {'b1_a1': -12.5, 'b2_a2': -12.5, 'aa': 0.0, 'abba_a': 0.0, 'abba_b': 0.0}
RESULT Simple-missing-2097152 owned open-plus-eight {'b1_a1': -2.69, 'b2_a2': -2.9, 'aa': 0.12, 'abba_a': 1.02, 'abba_b': 0.8}
RESULT Simple-missing-2097152 file q8 {'b1_a1': -1.72, 'b2_a2': -4.92, 'aa': 0.0, 'abba_a': 5.17, 'abba_b': 1.75}
RESULT Simple-missing-2097152 file open-plus-eight {'b1_a1': -0.34, 'b2_a2': -1.81, 'aa': 1.21, 'abba_a': 1.49, 'abba_b': 0.0}
REVIEW formula-refusal-2097152 owned q1 {'b1_a1': 8.66, 'b2_a2': 8.52, 'aa': 0.0, 'abba_a': -1.24, 'abba_b': -1.37}
REVIEW formula-refusal-2097152 owned q3 {'b1_a1': 8.39, 'b2_a2': 7.0, 'aa': 0.45, 'abba_a': 0.45, 'abba_b': -0.84}
REVIEW formula-refusal-2097152 owned q8 {'b1_a1': 9.07, 'b2_a2': 8.35, 'aa': 0.23, 'abba_a': 0.23, 'abba_b': -0.43}
REVIEW formula-refusal-2097152 owned q3-to-q8-mean {'b1_a1': 9.27, 'b2_a2': 8.22, 'aa': 0.33, 'abba_a': 0.27, 'abba_b': -0.69}
RESULT formula-refusal-2097152 owned open-plus-eight {'b1_a1': 2.18, 'b2_a2': 2.44, 'aa': -0.01, 'abba_a': -1.07, 'abba_b': -0.82}
REVIEW formula-refusal-2097152 file q1 {'b1_a1': 7.04, 'b2_a2': 7.61, 'aa': -0.71, 'abba_a': -0.36, 'abba_b': 0.17}
REVIEW formula-refusal-2097152 file q2 {'b1_a1': 5.86, 'b2_a2': 6.0, 'aa': -0.32, 'abba_a': 0.49, 'abba_b': 0.62}
REVIEW formula-refusal-2097152 file q3 {'b1_a1': 7.01, 'b2_a2': 6.72, 'aa': -0.33, 'abba_a': 0.51, 'abba_b': 0.24}
REVIEW formula-refusal-2097152 file q8 {'b1_a1': 7.22, 'b2_a2': 7.59, 'aa': 0.0, 'abba_a': -0.51, 'abba_b': -0.16}
REVIEW formula-refusal-2097152 file q3-to-q8-mean {'b1_a1': 6.97, 'b2_a2': 7.46, 'aa': -0.08, 'abba_a': -0.36, 'abba_b': 0.11}
RESULT formula-refusal-2097152 file open-plus-eight {'b1_a1': 2.29, 'b2_a2': 1.8, 'aa': -1.03, 'abba_a': 0.35, 'abba_b': -0.13}
REVIEW synthetic-70000-default owned q2 {'b1_a1': 6.71, 'b2_a2': 6.8, 'aa': -0.09, 'abba_a': -0.02, 'abba_b': 0.06}
RESULT synthetic-70000-default owned q8 {'b1_a1': -99.94, 'b2_a2': -99.94, 'aa': -0.11, 'abba_a': 0.02, 'abba_b': -0.79}
RESULT synthetic-70000-default owned open-plus-eight {'b1_a1': -78.24, 'b2_a2': -78.23, 'aa': -0.01, 'abba_a': -0.06, 'abba_b': 0.01}
REVIEW synthetic-70000-default file q2 {'b1_a1': 7.22, 'b2_a2': 7.25, 'aa': 0.02, 'abba_a': 0.1, 'abba_b': 0.13}
RESULT synthetic-70000-default file q8 {'b1_a1': -99.79, 'b2_a2': -99.79, 'aa': -0.01, 'abba_a': 0.09, 'abba_b': -1.29}
RESULT synthetic-70000-default file open-plus-eight {'b1_a1': -78.02, 'b2_a2': -78.01, 'aa': -0.03, 'abba_a': 0.06, 'abba_b': 0.12}
REVIEW synthetic-100000-default owned q2 {'b1_a1': 7.07, 'b2_a2': 7.03, 'aa': 0.18, 'abba_a': 0.05, 'abba_b': 0.01}
RESULT synthetic-100000-default owned q8 {'b1_a1': -40.48, 'b2_a2': -40.36, 'aa': 0.02, 'abba_a': -0.16, 'abba_b': 0.04}
RESULT synthetic-100000-default owned open-plus-eight {'b1_a1': -31.01, 'b2_a2': -30.98, 'aa': 0.02, 'abba_a': -0.04, 'abba_b': 0.0}
REVIEW synthetic-100000-default file q2 {'b1_a1': 7.46, 'b2_a2': 7.27, 'aa': 0.17, 'abba_a': 0.16, 'abba_b': -0.02}
RESULT synthetic-100000-default file q8 {'b1_a1': -40.17, 'b2_a2': -40.34, 'aa': 0.02, 'abba_a': 0.24, 'abba_b': -0.03}
RESULT synthetic-100000-default file open-plus-eight {'b1_a1': -30.7, 'b2_a2': -30.88, 'aa': 0.09, 'abba_a': 0.16, 'abba_b': -0.1}
