{
  "comparisons": [
    {
      "p50_delta_pct": {
        "add": 3.7947126634511275,
        "commit": -12.686274069869885,
        "publication": -0.032190735298698314,
        "snapshot_open": 0.9812148690760969,
        "transaction": -3.8135342517689907
      },
      "repeat": "R1"
    },
    {
      "p50_delta_pct": {
        "add": 1.2461959163751368,
        "commit": -13.079666015828339,
        "publication": 0.03115588326929597,
        "snapshot_open": 0.4742827595764165,
        "transaction": -2.2022575308235592
      },
      "repeat": "R2"
    }
  ],
  "reports": 4,
  "results": [
    {
      "lifecycle_ns": {
        "count": 30,
        "max": 142555004,
        "mean": 141798387.86666667,
        "min": 140394254,
        "p50": 141790420.0,
        "p95": 142523033,
        "p99": 142555004
      },
      "phases": {
        "add": {
          "count": 30,
          "max": 2363930,
          "mean": 2282468.3333333335,
          "min": 2204899,
          "p50": 2267115.0,
          "p95": 2360960,
          "p99": 2363930
        },
        "commit": {
          "count": 30,
          "max": 69362554,
          "mean": 68868502.8,
          "min": 68358660,
          "p50": 68882876.5,
          "p95": 69310833,
          "p99": 69362554
        },
        "publication": {
          "count": 30,
          "max": 55870,
          "mean": 48374.933333333334,
          "min": 47780,
          "p50": 48150.5,
          "p95": 48441,
          "p99": 55870
        },
        "snapshot_open": {
          "count": 30,
          "max": 40696342,
          "mean": 40336268.03333333,
          "min": 39909518,
          "p50": 40376375.5,
          "p95": 40641022,
          "p99": 40696342
        },
        "transaction": {
          "count": 30,
          "max": 30827861,
          "mean": 30260683.766666666,
          "min": 29595745,
          "p50": 30321558.0,
          "p95": 30789420,
          "p99": 30827861
        }
      },
      "repeat": "R1",
      "variant": "baseline"
    },
    {
      "lifecycle_ns": {
        "count": 30,
        "max": 133726728,
        "mean": 132520089.03333333,
        "min": 131132265,
        "p50": 132626428.5,
        "p95": 133676293,
        "p99": 133726728
      },
      "phases": {
        "add": {
          "count": 30,
          "max": 2446800,
          "mean": 2350592.2,
          "min": 2291060,
          "p50": 2353145.5,
          "p95": 2398191,
          "p99": 2446800
        },
        "commit": {
          "count": 30,
          "max": 60711529,
          "mean": 60148344.56666667,
          "min": 59385041,
          "p50": 60144206.0,
          "p95": 60684068,
          "p99": 60711529
        },
        "publication": {
          "count": 30,
          "max": 58670,
          "mean": 49028.26666666667,
          "min": 47810,
          "p50": 48135.0,
          "p95": 57060,
          "p99": 58670
        },
        "snapshot_open": {
          "count": 30,
          "max": 41472630,
          "mean": 40798739.53333333,
          "min": 40247060,
          "p50": 40772554.5,
          "p95": 41221089,
          "p99": 41472630
        },
        "transaction": {
          "count": 30,
          "max": 29739396,
          "mean": 29170982.133333333,
          "min": 28286509,
          "p50": 29165235.0,
          "p95": 29654467,
          "p99": 29739396
        }
      },
      "repeat": "R1",
      "variant": "candidate"
    },
    {
      "lifecycle_ns": {
        "count": 30,
        "max": 142939720,
        "mean": 142187346.36666667,
        "min": 141468124,
        "p50": 142200291.5,
        "p95": 142853779,
        "p99": 142939720
      },
      "phases": {
        "add": {
          "count": 30,
          "max": 2325900,
          "mean": 2266416.1,
          "min": 2168349,
          "p50": 2296709.5,
          "p95": 2324810,
          "p99": 2325900
        },
        "commit": {
          "count": 30,
          "max": 69894968,
          "mean": 69264369.56666666,
          "min": 68732823,
          "p50": 69264001.0,
          "p95": 69629508,
          "p99": 69894968
        },
        "publication": {
          "count": 30,
          "max": 55700,
          "mean": 48380.566666666666,
          "min": 47800,
          "p50": 48145.0,
          "p95": 48331,
          "p99": 55700
        },
        "snapshot_open": {
          "count": 30,
          "max": 40935609,
          "mean": 40616149.46666667,
          "min": 40196945,
          "p50": 40640208.0,
          "p95": 40896848,
          "p99": 40935609
        },
        "transaction": {
          "count": 30,
          "max": 30501716,
          "mean": 29989847.333333332,
          "min": 29570072,
          "p50": 29985548.5,
          "p95": 30447986,
          "p99": 30501716
        }
      },
      "repeat": "R2",
      "variant": "baseline"
    },
    {
      "lifecycle_ns": {
        "count": 30,
        "max": 134152696,
        "mean": 132871464.26666667,
        "min": 132117776,
        "p50": 132880870.0,
        "p95": 134007765,
        "p99": 134152696
      },
      "phases": {
        "add": {
          "count": 30,
          "max": 2365191,
          "mean": 2326929.033333333,
          "min": 2285740,
          "p50": 2325331.0,
          "p95": 2363471,
          "p99": 2365191
        },
        "commit": {
          "count": 30,
          "max": 61066160,
          "mean": 60254564.166666664,
          "min": 59833515,
          "p50": 60204501.0,
          "p95": 60855159,
          "p99": 61066160
        },
        "publication": {
          "count": 30,
          "max": 58511,
          "mean": 48806.63333333333,
          "min": 47720,
          "p50": 48160.0,
          "p95": 56470,
          "p99": 58511
        },
        "snapshot_open": {
          "count": 30,
          "max": 41547451,
          "mean": 40844623.43333333,
          "min": 40314065,
          "p50": 40832957.5,
          "p95": 41219749,
          "p99": 41547451
        },
        "transaction": {
          "count": 30,
          "max": 30204049,
          "mean": 29394181.966666665,
          "min": 28810263,
          "p50": 29325189.5,
          "p95": 29834036,
          "p99": 30204049
        }
      },
      "repeat": "R2",
      "variant": "candidate"
    }
  ],
  "samples": 120,
  "schema": "litchi-0463-phase-summary-v1",
  "scope": "supplementary large normal public-API phase clocks; separate from unsegmented keep-decision matrix"
}
