................................E........................................................
======================================================================
ERROR: test_pptx_lifecycle_identity_accepts_only_valid_sample_permutations (tools.test_perf_abba_summary.PerfAbbaSummaryTests.test_pptx_lifecycle_identity_accepts_only_valid_sample_permutations)
----------------------------------------------------------------------
Traceback (most recent call last):
  File "/home/zhuhe/code/litchi/tools/perf_abba_summary.py", line 1751, in _operation_metrics_identity
    perf_compare._validate_operation_metrics(
    ~~~~~~~~~~~~~~~~~~~~~~~~~~~~~~~~~~~~~~~~^
        operation_metrics,
        ^^^^^^^^^^^^^^^^^^
    ...<3 lines>...
        elapsed_sample_order=elapsed_sample_order,
        ^^^^^^^^^^^^^^^^^^^^^^^^^^^^^^^^^^^^^^^^^^
    )
    ^
  File "/home/zhuhe/code/litchi/tools/perf_compare.py", line 2389, in _validate_operation_metrics
    raise ComparisonInputError(
        f"{path}.sample_indices must increase across tied elapsed samples"
    )
tools.perf_compare.ComparisonInputError: b1.pptx_cross_copy_plain_lifecycle[{"archive_sha256":"aaaaaaaaaaaaaaaaaaaaaaaaaaaaaaaaaaaaaaaaaaaaaaaaaaaaaaaaaaaaaaaa","generator":"test-pptx-cross-copy","name":"pptx_cross_copy_plain_lifecycle","package_format":"PPTX/OPC/ZIP","shape":"plain"}].operation_metrics.sample_indices must increase across tied elapsed samples

The above exception was the direct cause of the following exception:

Traceback (most recent call last):
  File "/home/zhuhe/code/litchi/tools/test_perf_abba_summary.py", line 2151, in test_pptx_lifecycle_identity_accepts_only_valid_sample_permutations
    perf_abba_summary.summarize_reports(reports)
    ~~~~~~~~~~~~~~~~~~~~~~~~~~~~~~~~~~~^^^^^^^^^
  File "/home/zhuhe/code/litchi/tools/perf_abba_summary.py", line 7269, in summarize_reports
    return _summarize_reports_impl(
        a1,
    ...<8 lines>...
        profile=profile,
    )
  File "/home/zhuhe/code/litchi/tools/perf_abba_summary.py", line 7499, in _summarize_reports_impl
    all_summaries[(case, corpus_identity)] = _result_summary(
                                             ~~~~~~~~~~~~~~~^
        rows,
        ^^^^^
    ...<4 lines>...
        projected=_validated is not None,
        ^^^^^^^^^^^^^^^^^^^^^^^^^^^^^^^^^
    )
    ^
  File "/home/zhuhe/code/litchi/tools/perf_abba_summary.py", line 7138, in _result_summary
    _compare_operation_metrics_identity(
    ~~~~~~~~~~~~~~~~~~~~~~~~~~~~~~~~~~~^
        rows, f"{case}[{corpus_identity}]", report_schema, projected=projected
        ^^^^^^^^^^^^^^^^^^^^^^^^^^^^^^^^^^^^^^^^^^^^^^^^^^^^^^^^^^^^^^^^^^^^^^
    )
    ^
  File "/home/zhuhe/code/litchi/tools/perf_abba_summary.py", line 1784, in _compare_operation_metrics_identity
    label: _operation_metrics_identity(
           ~~~~~~~~~~~~~~~~~~~~~~~~~~~^
        rows[label], f"{label}.{location}", report_schema, projected=projected
        ^^^^^^^^^^^^^^^^^^^^^^^^^^^^^^^^^^^^^^^^^^^^^^^^^^^^^^^^^^^^^^^^^^^^^^
    )
    ^
  File "/home/zhuhe/code/litchi/tools/perf_abba_summary.py", line 1759, in _operation_metrics_identity
    raise AbbaSummaryInputError(str(error)) from error
tools.perf_abba_summary.AbbaSummaryInputError: b1.pptx_cross_copy_plain_lifecycle[{"archive_sha256":"aaaaaaaaaaaaaaaaaaaaaaaaaaaaaaaaaaaaaaaaaaaaaaaaaaaaaaaaaaaaaaaa","generator":"test-pptx-cross-copy","name":"pptx_cross_copy_plain_lifecycle","package_format":"PPTX/OPC/ZIP","shape":"plain"}].operation_metrics.sample_indices must increase across tied elapsed samples

----------------------------------------------------------------------
Ran 89 tests in 1.554s

FAILED (errors=1)
