	Command being timed: "/tmp/litchi-goal-0456/formal-baseline-normal provider-lifecycle --corpus media-rich --provider bytes --samples 30 --warmup 3 --source-revision 9ac71ccd343498dbed4a3f0397ed02a50e2ed7d3 --output /home/zhuhe/code/litchi/docs/performance/results/change-0456/formal/runs/14/report.json"
	User time (seconds): 5.25
	System time (seconds): 0.34
	Percent of CPU this job got: 99%
	Elapsed (wall clock) time (h:mm:ss or m:ss): 0:05.59
	Average shared text size (kbytes): 0
	Average unshared data size (kbytes): 0
	Average stack size (kbytes): 0
	Average total size (kbytes): 0
	Maximum resident set size (kbytes): 802352
	Average resident set size (kbytes): 0
	Major (requiring I/O) page faults: 0
	Minor (reclaiming a frame) page faults: 385304
	Voluntary context switches: 1
	Involuntary context switches: 62
	Swaps: 0
	File system inputs: 0
	File system outputs: 3592
	Socket messages sent: 0
	Socket messages received: 0
	Signals delivered: 0
	Page size (bytes): 4096
	Exit status: 0
