==257738== Callgrind, a call-graph generating cache profiler
==257738== Copyright (C) 2002-2017, and GNU GPL'd, by Josef Weidendorfer et al.
==257738== Using Valgrind-3.26.0 and LibVEX; rerun with -h for copyright info
==257738== Command: /tmp/litchi-goal-0519/managed-paragraph-candidate --paragraphs 512 --replacements 1 --source owned --mode batch --samples 1 --warmups 0 --repeats 1 --artifact-dir /tmp/litchi-goal-0519/corpora/profile-after-r2-p512-k1-owned-batch --output /home/zhuhe/code/litchi/docs/performance/results/change-0519/profile-after-r2/p512-k1-owned-batch.csv
==257738== 
==257738== For interactive control, run 'callgrind_control -h'.
==257738== 
==257738== Events    : Ir
==257738== Collected : 1371244
==257738== 
==257738== I   refs:      1,371,244
	Command being timed: "taskset -c 2 valgrind --tool=callgrind --collect-atstart=no --zero-before=*managed_paragraph_batch_perf::run_sample --toggle-collect=*litchi_docx::source_backed::Package::publish_document_commit_to_stream --callgrind-out-file=/home/zhuhe/code/litchi/docs/performance/results/change-0519/profile-after-r2/p512-k1-owned-batch.callgrind /tmp/litchi-goal-0519/managed-paragraph-candidate --paragraphs 512 --replacements 1 --source owned --mode batch --samples 1 --warmups 0 --repeats 1 --artifact-dir /tmp/litchi-goal-0519/corpora/profile-after-r2-p512-k1-owned-batch --output /home/zhuhe/code/litchi/docs/performance/results/change-0519/profile-after-r2/p512-k1-owned-batch.csv"
	User time (seconds): 0.73
	System time (seconds): 0.02
	Percent of CPU this job got: 100%
	Elapsed (wall clock) time (h:mm:ss or m:ss): 0:00.75
	Average shared text size (kbytes): 0
	Average unshared data size (kbytes): 0
	Average stack size (kbytes): 0
	Average total size (kbytes): 0
	Maximum resident set size (kbytes): 45224
	Average resident set size (kbytes): 0
	Major (requiring I/O) page faults: 0
	Minor (reclaiming a frame) page faults: 14997
	Voluntary context switches: 1
	Involuntary context switches: 3
	Swaps: 0
	File system inputs: 0
	File system outputs: 104
	Socket messages sent: 0
	Socket messages received: 0
	Signals delivered: 0
	Page size (bytes): 4096
	Exit status: 0
