heaptrack output will be written to "/tmp/litchi-goal-0510/after/heaptrack.zst"
starting application, this might take some time...
NOTE: heaptrack detected DEBUGINFOD_URLS but will disable it to prevent 
unintended network delays during recording
If you really want to use DEBUGINFOD, export HEAPTRACK_ENABLE_DEBUGINFOD=1
heaptrack stats:
	allocations:          	362178
	leaked allocations:   	1
	temporary allocations:	50243
Heaptrack finished! Now run the following to investigate the data:

  heaptrack --analyze "/tmp/litchi-goal-0510/after/heaptrack.zst"
	Command being timed: "heaptrack -o /tmp/litchi-goal-0510/after/heaptrack /tmp/litchi-goal-0510/after/litchi-perf-baseline --case odt_semantic_text_to_sink --semantic-shape large --warmup 0 --samples 20 --json /home/zhuhe/code/litchi/docs/performance/results/change-0510/after/heaptrack-report.json --corpus-manifest /home/zhuhe/code/litchi/docs/performance/results/change-0510/after/heaptrack-catalog.json"
	User time (seconds): 0.28
	System time (seconds): 0.17
	Percent of CPU this job got: 130%
	Elapsed (wall clock) time (h:mm:ss or m:ss): 0:00.35
	Average shared text size (kbytes): 0
	Average unshared data size (kbytes): 0
	Average stack size (kbytes): 0
	Average total size (kbytes): 0
	Maximum resident set size (kbytes): 109108
	Average resident set size (kbytes): 0
	Major (requiring I/O) page faults: 12
	Minor (reclaiming a frame) page faults: 47969
	Voluntary context switches: 5129
	Involuntary context switches: 4
	Swaps: 0
	File system inputs: 408
	File system outputs: 64
	Socket messages sent: 0
	Socket messages received: 0
	Signals delivered: 0
	Page size (bytes): 4096
	Exit status: 0
