WARNING: Kernel address maps (/proc/{kallsyms,modules}) are restricted,
check /proc/sys/kernel/kptr_restrict and /proc/sys/kernel/perf_event_paranoid.

Samples in kernel functions may not be resolved if a suitable vmlinux
file is not found in the buildid cache or in the vmlinux path.

Samples in kernel modules won't be resolved at all.

If some relocation was applied (e.g. kexec) symbols may be misresolved
even with a suitable vmlinux or kallsyms file.

Couldn't record kernel reference relocation symbol
Symbol resolution may be skewed if relocation was used (e.g. kexec).
Check /proc/kallsyms permission or run as root.
[ perf record: Woken up 33 times to write data ]
[ perf record: Captured and wrote 8.188 MB /home/zhuhe/code/litchi/docs/performance/results/change-0510/after/perf.data ]
	Command being timed: "taskset -c 2 perf record --no-buildid-cache -F 499 --call-graph dwarf,8192 -o /home/zhuhe/code/litchi/docs/performance/results/change-0510/after/perf.data -- /tmp/litchi-goal-0510/after/litchi-perf-baseline --case odt_semantic_text_to_sink --semantic-shape large --warmup 0 --samples 1000 --json /home/zhuhe/code/litchi/docs/performance/results/change-0510/after/perf-record-report.json --corpus-manifest /home/zhuhe/code/litchi/docs/performance/results/change-0510/after/perf-record-catalog.json"
	User time (seconds): 1.92
	System time (seconds): 0.18
	Percent of CPU this job got: 98%
	Elapsed (wall clock) time (h:mm:ss or m:ss): 0:02.14
	Average shared text size (kbytes): 0
	Average unshared data size (kbytes): 0
	Average stack size (kbytes): 0
	Average total size (kbytes): 0
	Maximum resident set size (kbytes): 62360
	Average resident set size (kbytes): 0
	Major (requiring I/O) page faults: 0
	Minor (reclaiming a frame) page faults: 20561
	Voluntary context switches: 101
	Involuntary context switches: 144
	Swaps: 0
	File system inputs: 0
	File system outputs: 17360
	Socket messages sent: 0
	Socket messages received: 0
	Signals delivered: 0
	Page size (bytes): 4096
	Exit status: 0
