   Compiling hybrid-array v0.4.14
   Compiling libc v0.2.189
   Compiling block-buffer v0.12.1
   Compiling crypto-common v0.2.2
   Compiling smallvec v1.16.0
   Compiling num-traits v0.2.19
   Compiling cmov v0.5.4
   Compiling ctutils v0.4.2
   Compiling getrandom v0.2.17
   Compiling digest v0.11.3
   Compiling rand_core v0.6.4
   Compiling der v0.7.10
   Compiling thiserror v2.0.18
   Compiling either v1.18.0
   Compiling getrandom v0.4.3
   Compiling chrono v0.4.45
   Compiling spki v0.7.3
   Compiling rand v0.10.2
   Compiling sha2 v0.11.0
   Compiling pkcs8 v0.10.2
   Compiling zerofrom v0.1.4
   Compiling rayon v1.12.0
   Compiling litchi-core v0.0.1 (/home/zhuhe/code/litchi-worktrees/0773-durability-integration/crates/litchi-core)
   Compiling stable_deref_trait v1.2.1
   Compiling yoke v0.7.4
   Compiling ff v0.13.1
   Compiling bitflags v2.13.1
   Compiling litchi-cfb v0.0.1 (/home/zhuhe/code/litchi-worktrees/0773-durability-integration/crates/litchi-cfb)
   Compiling sec1 v0.7.3
   Compiling zerovec v0.10.4
   Compiling group v0.13.0
   Compiling crypto-bigint v0.5.5
   Compiling block-padding v0.4.2
   Compiling encoding_rs v0.8.35
   Compiling inout v0.2.2
   Compiling rand_chacha v0.3.1
   Compiling elliptic-curve v0.13.8
   Compiling signature v2.2.0
   Compiling num-integer v0.1.47
   Compiling rand v0.8.8
   Compiling num-iter v0.1.46
   Compiling cipher v0.5.2
   Compiling tinystr v0.7.6
   Compiling litemap v0.7.3
   Compiling writeable v0.5.5
   Compiling num-bigint-dig v0.8.6
   Compiling icu_locid v1.5.0
   Compiling ecdsa v0.16.9
   Compiling primeorder v0.13.6
   Compiling litchi-codepage v0.0.1 (/home/zhuhe/code/litchi-worktrees/0773-durability-integration/crates/litchi-codepage)
   Compiling pkcs1 v0.7.5
   Compiling icu_provider v1.5.0
   Compiling rsa v0.9.10
   Compiling p256 v0.13.2
   Compiling icu_locid_transform_data v1.5.1
   Compiling x509-cert v0.2.5
   Compiling cpubits v0.1.1
   Compiling aes v0.9.3
   Compiling icu_locid_transform v1.5.0
   Compiling litchi-sign v0.0.1 (/home/zhuhe/code/litchi-worktrees/0773-durability-integration/crates/litchi-sign)
   Compiling icu_properties_data v1.5.1
   Compiling litchi-ole-common v0.0.1 (/home/zhuhe/code/litchi-worktrees/0773-durability-integration/crates/litchi-ole-common)
   Compiling rc4 v0.2.0
   Compiling cbc v0.2.1
   Compiling icu_collections v1.5.0
   Compiling sha1 v0.11.0
   Compiling md-5 v0.11.0
   Compiling hmac v0.13.0
   Compiling tinyvec_macros v0.1.1
   Compiling tinyvec v1.12.0
   Compiling icu_properties v1.5.1
   Compiling litchi-crypto v0.0.1 (/home/zhuhe/code/litchi-worktrees/0773-durability-integration/crates/litchi-crypto)
   Compiling icu_normalizer_data v1.5.1
   Compiling litchi-vba v0.0.1 (/home/zhuhe/code/litchi-worktrees/0773-durability-integration/crates/litchi-vba)
   Compiling utf8_iter v1.0.4
   Compiling write16 v1.0.0
   Compiling utf16_iter v1.0.5
   Compiling rustix v1.1.4
   Compiling icu_normalizer v1.5.0
   Compiling idna_adapter v1.2.0
   Compiling getrandom v0.3.4
   Compiling percent-encoding v2.3.2
   Compiling form_urlencoded v1.2.2
   Compiling xml-minifier v0.1.0 (/home/zhuhe/code/litchi-worktrees/0773-durability-integration/crates/xml-minifier)
   Compiling tempfile v3.27.0
   Compiling idna v1.1.0
   Compiling soapberry-zip v0.0.1 (/home/zhuhe/code/litchi-worktrees/0773-durability-integration/crates/soapberry-zip)
   Compiling url v2.5.8
   Compiling unicode-normalization v0.1.25
   Compiling caseless v0.2.2
   Compiling ryu v1.0.22
   Compiling pathfinder_simd v0.5.6
   Compiling libloading v0.8.8
   Compiling option-ext v0.2.0
   Compiling alloc-no-stdlib v2.0.4
   Compiling byteorder v1.5.0
   Compiling litchi-opc v0.0.1 (/home/zhuhe/code/litchi-worktrees/0773-durability-integration/crates/litchi-opc)
   Compiling log v0.4.29
   Compiling pathfinder_geometry v0.5.1
   Compiling alloc-stdlib v0.2.4
   Compiling dirs-sys v0.5.0
   Compiling dlib v0.5.3
   Compiling same-file v1.0.6
   Compiling aliasable v0.1.3
   Compiling static_assertions v1.1.0
   Compiling ouroboros v0.18.5
   Compiling walkdir v2.5.0
   Compiling enumflags2 v0.7.12
   Compiling yeslogic-fontconfig-sys v6.0.1
   Compiling unicode-joining-type v1.0.0
   Compiling dirs v6.0.0
   Compiling brotli-decompressor v5.0.3
   Compiling unicode-canonical-combining-class v1.0.0
   Compiling unicode-general-category v1.1.0
   Compiling freetype-sys v0.20.1
   Compiling itertools v0.14.0
   Compiling litchi-ooxml-common v0.0.1 (/home/zhuhe/code/litchi-worktrees/0773-durability-integration/crates/litchi-ooxml-common)
   Compiling bitreader v0.3.11
   Compiling ucd-trie v0.1.7
   Compiling rustc-hash v2.1.3
   Compiling glyph-names v0.2.0
   Compiling float-ord v0.3.2
   Compiling bytemuck v1.25.2
   Compiling roaring v0.11.1
   Compiling litchi-drawingml v0.0.1 (/home/zhuhe/code/litchi-worktrees/0773-durability-integration/crates/litchi-drawingml)
   Compiling font-kit v0.14.3
   Compiling allsorts v0.17.0
   Compiling litchi-fonts v0.0.1 (/home/zhuhe/code/litchi-worktrees/0773-durability-integration/crates/litchi-fonts)
   Compiling phf_shared v0.14.0
   Compiling litchi-odraw v0.0.1 (/home/zhuhe/code/litchi-worktrees/0773-durability-integration/crates/litchi-odraw)
   Compiling rustc-hash v1.1.0
   Compiling countme v3.0.1
   Compiling text-size v1.1.1
   Compiling hashbrown v0.14.5
   Compiling phf v0.14.0
   Compiling litchi-biff v0.0.1 (/home/zhuhe/code/litchi-worktrees/0773-durability-integration/crates/litchi-biff)
   Compiling bumpalo v3.20.3
   Compiling rowan v0.16.1
   Compiling litchi-ograph v0.0.1 (/home/zhuhe/code/litchi-worktrees/0773-durability-integration/crates/litchi-ograph)
   Compiling litchi-formula v0.0.1 (/home/zhuhe/code/litchi-worktrees/0773-durability-integration/crates/litchi-formula)
   Compiling litchi-spreadsheet-drawing v0.0.1 (/home/zhuhe/code/litchi-worktrees/0773-durability-integration/crates/litchi-spreadsheet-drawing)
   Compiling litchi-xldm v0.0.1 (/home/zhuhe/code/litchi-worktrees/0773-durability-integration/crates/litchi-xldm)
   Compiling litchi-sheet v0.0.1 (/home/zhuhe/code/litchi-worktrees/0773-durability-integration/crates/litchi-sheet)
   Compiling litchi-ppt v0.0.1 (/home/zhuhe/code/litchi-worktrees/0773-durability-integration/crates/litchi-ppt)
   Compiling litchi-xlsb v0.0.1 (/home/zhuhe/code/litchi-worktrees/0773-durability-integration/crates/litchi-xlsb)
   Compiling litchi-xlsx v0.0.1 (/home/zhuhe/code/litchi-worktrees/0773-durability-integration/crates/litchi-xlsx)
   Compiling litchi-doc v0.0.1 (/home/zhuhe/code/litchi-worktrees/0773-durability-integration/crates/litchi-doc)
   Compiling litchi-xls v0.0.1 (/home/zhuhe/code/litchi-worktrees/0773-durability-integration/crates/litchi-xls)
   Compiling litchi-docx v0.0.1 (/home/zhuhe/code/litchi-worktrees/0773-durability-integration/crates/litchi-docx)
   Compiling litchi-pptx v0.0.1 (/home/zhuhe/code/litchi-worktrees/0773-durability-integration/crates/litchi-pptx)
    Finished `test` profile [unoptimized] target(s) in 1m 04s
     Running tests/save_durability.rs (/home/zhuhe/code/litchi-target-0773-quality/debug/deps/save_durability-ced848bbb48ddf62)

running 1 test
test every_level_publishes_the_default_save_bytes ... ok

test result: ok. 1 passed; 0 failed; 0 ignored; 0 measured; 0 filtered out; finished in 0.00s

     Running tests/save_durability.rs (/home/zhuhe/code/litchi-target-0773-quality/debug/deps/save_durability-af35d131fd37f996)

running 1 test
test every_level_publishes_the_default_save_bytes ... ok

test result: ok. 1 passed; 0 failed; 0 ignored; 0 measured; 0 filtered out; finished in 0.04s

     Running tests/save_durability.rs (/home/zhuhe/code/litchi-target-0773-quality/debug/deps/save_durability-eacd72bd6446f60e)

running 1 test
test every_level_publishes_the_default_save_bytes ... ok

test result: ok. 1 passed; 0 failed; 0 ignored; 0 measured; 0 filtered out; finished in 0.00s

     Running tests/save_durability.rs (/home/zhuhe/code/litchi-target-0773-quality/debug/deps/save_durability-b320e0fb135792f1)

running 1 test
test every_level_publishes_the_default_save_bytes ... ok

test result: ok. 1 passed; 0 failed; 0 ignored; 0 measured; 0 filtered out; finished in 0.11s

     Running tests/save_durability.rs (/home/zhuhe/code/litchi-target-0773-quality/debug/deps/save_durability-2808d33ccc649bbd)

running 2 tests
test every_writer_level_publishes_the_default_save_bytes ... ok
test every_source_backed_overlay_level_publishes_the_default_save_bytes ... ok

test result: ok. 2 passed; 0 failed; 0 ignored; 0 measured; 0 filtered out; finished in 0.00s

     Running tests/save_durability.rs (/home/zhuhe/code/litchi-target-0773-quality/debug/deps/save_durability-8006c3dcc2859235)

running 1 test
test every_level_publishes_the_default_save_bytes ... ok

test result: ok. 1 passed; 0 failed; 0 ignored; 0 measured; 0 filtered out; finished in 0.00s

     Running tests/save_durability.rs (/home/zhuhe/code/litchi-target-0773-quality/debug/deps/save_durability-1b0cf83d5ec0a519)

running 1 test
test every_level_publishes_the_default_save_bytes ... ok

test result: ok. 1 passed; 0 failed; 0 ignored; 0 measured; 0 filtered out; finished in 0.01s

