    Checking litchi-core v0.0.1 (/home/zhuhe/code/litchi-worktrees/0773-durability-integration/crates/litchi-core)
    Checking litchi-codepage v0.0.1 (/home/zhuhe/code/litchi-worktrees/0773-durability-integration/crates/litchi-codepage)
   Compiling xml-minifier-macros v0.1.0 (/home/zhuhe/code/litchi-worktrees/0773-durability-integration/crates/xml-minifier-macros)
    Checking xml-minifier v0.1.0 (/home/zhuhe/code/litchi-worktrees/0773-durability-integration/crates/xml-minifier)
    Checking soapberry-zip v0.0.1 (/home/zhuhe/code/litchi-worktrees/0773-durability-integration/crates/soapberry-zip)
    Checking litchi-cfb v0.0.1 (/home/zhuhe/code/litchi-worktrees/0773-durability-integration/crates/litchi-cfb)
    Checking litchi-fonts v0.0.1 (/home/zhuhe/code/litchi-worktrees/0773-durability-integration/crates/litchi-fonts)
    Checking litchi-ole-common v0.0.1 (/home/zhuhe/code/litchi-worktrees/0773-durability-integration/crates/litchi-ole-common)
    Checking litchi-sign v0.0.1 (/home/zhuhe/code/litchi-worktrees/0773-durability-integration/crates/litchi-sign)
    Checking litchi-vba v0.0.1 (/home/zhuhe/code/litchi-worktrees/0773-durability-integration/crates/litchi-vba)
    Checking litchi-opc v0.0.1 (/home/zhuhe/code/litchi-worktrees/0773-durability-integration/crates/litchi-opc)
    Checking litchi-crypto v0.0.1 (/home/zhuhe/code/litchi-worktrees/0773-durability-integration/crates/litchi-crypto)
    Checking litchi-odraw v0.0.1 (/home/zhuhe/code/litchi-worktrees/0773-durability-integration/crates/litchi-odraw)
    Checking litchi-biff v0.0.1 (/home/zhuhe/code/litchi-worktrees/0773-durability-integration/crates/litchi-biff)
    Checking litchi-ooxml-common v0.0.1 (/home/zhuhe/code/litchi-worktrees/0773-durability-integration/crates/litchi-ooxml-common)
    Checking litchi-formula v0.0.1 (/home/zhuhe/code/litchi-worktrees/0773-durability-integration/crates/litchi-formula)
    Checking litchi-ograph v0.0.1 (/home/zhuhe/code/litchi-worktrees/0773-durability-integration/crates/litchi-ograph)
    Checking litchi-sheet v0.0.1 (/home/zhuhe/code/litchi-worktrees/0773-durability-integration/crates/litchi-sheet)
    Checking litchi-xldm v0.0.1 (/home/zhuhe/code/litchi-worktrees/0773-durability-integration/crates/litchi-xldm)
    Checking litchi-drawingml v0.0.1 (/home/zhuhe/code/litchi-worktrees/0773-durability-integration/crates/litchi-drawingml)
    Checking litchi-ppt v0.0.1 (/home/zhuhe/code/litchi-worktrees/0773-durability-integration/crates/litchi-ppt)
    Checking litchi-spreadsheet-drawing v0.0.1 (/home/zhuhe/code/litchi-worktrees/0773-durability-integration/crates/litchi-spreadsheet-drawing)
    Checking litchi-xlsb v0.0.1 (/home/zhuhe/code/litchi-worktrees/0773-durability-integration/crates/litchi-xlsb)
    Checking litchi-xlsx v0.0.1 (/home/zhuhe/code/litchi-worktrees/0773-durability-integration/crates/litchi-xlsx)
    Checking litchi-docx v0.0.1 (/home/zhuhe/code/litchi-worktrees/0773-durability-integration/crates/litchi-docx)
    Checking litchi-pptx v0.0.1 (/home/zhuhe/code/litchi-worktrees/0773-durability-integration/crates/litchi-pptx)
    Checking litchi-xls v0.0.1 (/home/zhuhe/code/litchi-worktrees/0773-durability-integration/crates/litchi-xls)
    Checking litchi-doc v0.0.1 (/home/zhuhe/code/litchi-worktrees/0773-durability-integration/crates/litchi-doc)
    Finished `dev` profile [unoptimized] target(s) in 41.91s
