	Command being timed: "/tmp/litchi-goal-0457/control/litchi-perf-baseline-alloc --case odp_existing_append_lifecycle --semantic-shape tiny --workers 1 --samples 30 --warmup 3 --json /home/zhuhe/code/litchi/docs/performance/results/change-0457/control/runs/R2/formal-r1/R2-allocator-tiny-r2.json --corpus-manifest /home/zhuhe/code/litchi/docs/performance/results/change-0457/control/runs/R2/formal-r1/R2-allocator-tiny-r2-catalog.json"
	User time (seconds): 0.12
	System time (seconds): 0.05
	Percent of CPU this job got: 99%
	Elapsed (wall clock) time (h:mm:ss or m:ss): 0:00.18
	Average shared text size (kbytes): 0
	Average unshared data size (kbytes): 0
	Average stack size (kbytes): 0
	Average total size (kbytes): 0
	Maximum resident set size (kbytes): 82716
	Average resident set size (kbytes): 0
	Major (requiring I/O) page faults: 0
	Minor (reclaiming a frame) page faults: 5929
	Voluntary context switches: 29
	Involuntary context switches: 44
	Swaps: 0
	File system inputs: 0
	File system outputs: 128
	Socket messages sent: 0
	Socket messages received: 0
	Signals delivered: 0
	Page size (bytes): 4096
	Exit status: 0
