Verified source/probe/constraints/corpus/quality/raw bindings, 126-fixture corpus parity, 36 route groups and 64 allocation groups
REVIEW paired >5% p50: 15228-stored-file-native-prepared q2-build-trigger {'b1_a1': 22.989439480097484, 'b2_a2': 23.867313915857615, 'aa': 0.08149959250203231, 'abba_a': 0.4061738424045558, 'abba_b': 1.122853368560106}
REVIEW paired >5% p50: 15228-stored-file-native-prepared queries-2 {'b1_a1': 11.507293354943272, 'b2_a2': 11.952998379254453, 'aa': -0.08113590263691961, 'abba_a': 0.0, 'abba_b': 0.39970930232557933}
REVIEW paired >5% p50: 15228-stored-owned-native-prepared q2-build-trigger {'b1_a1': 35.90425531914894, 'b2_a2': 35.85657370517927, 'aa': 0.0, 'abba_a': 0.13297872340425343, 'abba_b': 0.09784735812132794}
REVIEW paired >5% p50: 15228-stored-owned-native-prepared queries-2 {'b1_a1': 17.85714285714286, 'b2_a2': 18.15159574468086, 'aa': 0.7279947054930513, 'abba_a': -0.5291005291005346, 'abba_b': -0.2805836139169515}
REVIEW paired >5% p50: 45365-2-stored-file-native-prepared q2-build-trigger {'b1_a1': 119.47627931769725, 'b2_a2': 118.13620703586984, 'aa': -0.33885765019237013, 'abba_a': 0.7840262970860046, 'abba_b': 0.16866193738593882}
REVIEW paired >5% p50: 45365-2-stored-file-native-prepared queries-2 {'b1_a1': 60.44350588510863, 'b2_a2': 59.59113593199208, 'aa': -0.08486064119378467, 'abba_a': 0.3985623938630889, 'abba_b': -0.13481362187858226}
REVIEW paired >5% p50: 45365-2-stored-file-native-prepared open-and-queries-2 {'b1_a1': 49.950952768559674, 'b2_a2': 48.7845408793087, 'aa': -0.02123701102529907, 'abba_a': 0.4773532980908879, 'abba_b': -0.3042221258962585}
REVIEW paired >5% p50: 45365-2-stored-file-native-prepared queries-3 {'b1_a1': 8.207320761343562, 'b2_a2': 7.456740188946442, 'aa': -0.18506703809946234, 'abba_a': 0.580470815488332, 'abba_b': -0.1172060775859185}
REVIEW paired >5% p50: 45365-2-stored-file-native-prepared open-and-queries-3 {'b1_a1': 7.595641487584759, 'b2_a2': 6.597426749019664, 'aa': -0.335754825022927, 'abba_a': 0.6327760641709812, 'abba_b': -0.30084093797836386}
REVIEW paired >5% p50: 45365-2-stored-owned-native-prepared q2-build-trigger {'b1_a1': 128.53736913029957, 'b2_a2': 128.5396448194193, 'aa': -0.3169156718373922, 'abba_a': -0.007973782204118152, 'abba_b': -0.006978099235543933}
REVIEW paired >5% p50: 45365-2-stored-owned-native-prepared queries-2 {'b1_a1': 64.5759022914272, 'b2_a2': 65.4348335258693, 'aa': -0.48779337371418485, 'abba_a': -0.49770699278325337, 'abba_b': 0.021601278795713164}
REVIEW paired >5% p50: 45365-2-stored-owned-native-prepared open-and-queries-2 {'b1_a1': 54.05036788502437, 'b2_a2': 55.100318333765316, 'aa': -0.3908985406235299, 'abba_a': -0.6175448793310667, 'abba_b': 0.05980925349906574}
REVIEW paired >5% p50: 45365-2-stored-owned-native-prepared queries-3 {'b1_a1': 9.915415754406421, 'b2_a2': 10.544871118241893, 'aa': 0.07861388006666914, 'abba_a': -0.5171662440079605, 'abba_b': 0.0525445912508582}
REVIEW paired >5% p50: 45365-2-stored-owned-native-prepared open-and-queries-3 {'b1_a1': 8.975450051387934, 'b2_a2': 9.596327873756639, 'aa': 0.09280268756584054, 'abba_a': -0.5092289018792662, 'abba_b': 0.05761081547042135}
REVIEW paired >5% p50: 54016-missing-file-native-prepared q2-build-trigger {'b1_a1': 90.71099876682274, 'b2_a2': 90.91446026880328, 'aa': 1.518921728060496, 'abba_a': -0.12411849178682877, 'abba_b': -0.017565136213781862}
REVIEW paired >5% p50: 54016-missing-file-native-prepared queries-2 {'b1_a1': 42.118592447905456, 'b2_a2': 42.07148674183971, 'aa': 1.8569611282828857, 'abba_a': -0.13852554470696887, 'abba_b': -0.17162498076214172}
REVIEW paired >5% p50: 54016-missing-file-native-prepared open-and-queries-2 {'b1_a1': 30.654674592758436, 'b2_a2': 31.097747490489503, 'aa': 1.0974982532412136, 'abba_a': -0.3059136879487334, 'abba_b': 0.0321664293269297}
REVIEW paired >5% p50: 54016-missing-owned-native-prepared q2-build-trigger {'b1_a1': 92.41901571527522, 'b2_a2': 89.9201427350911, 'aa': 1.2037755648590442, 'abba_a': 1.3813539755424875, 'abba_b': 0.06475267601793178}
REVIEW paired >5% p50: 54016-missing-owned-native-prepared queries-2 {'b1_a1': 42.99676618745216, 'b2_a2': 41.10430270264474, 'aa': 0.8732808552465832, 'abba_a': 1.614863005674838, 'abba_b': 0.27006044209894053}
REVIEW paired >5% p50: 54016-missing-owned-native-prepared open-and-queries-2 {'b1_a1': 31.107430790243782, 'b2_a2': 30.0110812328241, 'aa': 0.9989722671072343, 'abba_a': 1.1044780132640986, 'abba_b': 0.2590198340070238}
REVIEW paired >5% p50: 54016-stored-file-native-prepared q2-build-trigger {'b1_a1': 89.06998977661031, 'b2_a2': 91.04423918719202, 'aa': -0.6118226035055518, 'abba_a': -1.217259627688283, 'abba_b': -0.18578040041321575}
REVIEW paired >5% p50: 54016-stored-file-native-prepared queries-2 {'b1_a1': 40.722656442116076, 'b2_a2': 42.32723947118, 'aa': -0.30556426628444155, 'abba_a': -0.9061894859986208, 'abba_b': 0.2237227161736577}
REVIEW paired >5% p50: 54016-stored-file-native-prepared open-and-queries-2 {'b1_a1': 29.70756707868556, 'b2_a2': 30.9640366141106, 'aa': -0.20056408649326007, 'abba_a': -0.7225883017260792, 'abba_b': 0.23910611722066655}
REVIEW paired >5% p50: 54016-stored-owned-native-prepared q2-build-trigger {'b1_a1': 91.17480663643036, 'b2_a2': 90.34979968251568, 'aa': -0.09298273879906338, 'abba_a': 0.507541213133389, 'abba_b': 0.0738050850284333}
REVIEW paired >5% p50: 54016-stored-owned-native-prepared queries-2 {'b1_a1': 41.79166271162822, 'b2_a2': 40.91660168765039, 'aa': -0.27032196021266053, 'abba_a': 0.7533086000375722, 'abba_b': 0.13151397751443028}
REVIEW paired >5% p50: 54016-stored-owned-native-prepared open-and-queries-2 {'b1_a1': 30.39107993974268, 'b2_a2': 30.10734713002656, 'aa': -0.05305683670284722, 'abba_a': 0.4553379596473395, 'abba_b': 0.23674574226988376}
REVIEW paired >5% p50: Simple-missing-owned-native-prepared q2-build-trigger {'b1_a1': 12.337662337662337, 'b2_a2': 14.193548387096765, 'aa': 0.0, 'abba_a': 0.6493506493506551, 'abba_b': 2.3121387283236983}
REVIEW paired >5% p50: Simple-missing-owned-native-prepared queries-2 {'b1_a1': 9.917355371900815, 'b2_a2': 11.983471074380159, 'aa': -0.4048582995951455, 'abba_a': 0.0, 'abba_b': 1.8796992481203034}
REVIEW paired >5% p50: Simple-stored-file-native-prepared q2-build-trigger {'b1_a1': 7.804878048780495, 'b2_a2': 5.825242718446599, 'aa': -0.24096385542168308, 'abba_a': 0.4878048780487809, 'abba_b': -1.3574660633484115}
REVIEW paired >5% p50: Simple-stored-file-native-prepared q3-warm-repeat-q1 {'b1_a1': 8.910891089108919, 'b2_a2': 5.418719211822665, 'aa': -0.4901960784313708, 'abba_a': 0.4950495049504955, 'abba_b': -2.7272727272727226}
REVIEW paired >5% p50: Simple-stored-owned-native-prepared q2-build-trigger {'b1_a1': 17.361111111111114, 'b2_a2': 20.567375886524818, 'aa': -1.3698630136986356, 'abba_a': -2.083333333333337, 'abba_b': 0.591715976331364}
REVIEW paired >5% p50: Simple-stored-owned-native-prepared queries-2 {'b1_a1': 11.333333333333329, 'b2_a2': 10.333333333333329, 'aa': -1.3333333333333308, 'abba_a': 0.0, 'abba_b': -0.8982035928143728}
REVIEW paired >5% p50: WithCustomViews-missing-file-native-prepared q2-build-trigger {'b1_a1': 66.85639941453896, 'b2_a2': 66.34366340040934, 'aa': -0.3994915562012036, 'abba_a': -0.23490721165140283, 'abba_b': -0.5414771496642823}
REVIEW paired >5% p50: WithCustomViews-missing-file-native-prepared queries-2 {'b1_a1': 34.93802964639634, 'b2_a2': 34.451693644118485, 'aa': -0.4995337069833128, 'abba_a': -0.009201240327194604, 'abba_b': -0.36958241278672865}
REVIEW paired >5% p50: WithCustomViews-missing-file-native-prepared open-and-queries-2 {'b1_a1': 20.868045769686038, 'b2_a2': 20.255125900800653, 'aa': -0.37756901905314777, 'abba_a': 0.04002029197902601, 'abba_b': -0.46728100283539575}
REVIEW paired >5% p50: WithCustomViews-missing-owned-native-prepared q2-build-trigger {'b1_a1': 74.03108808290155, 'b2_a2': 76.87027707808565, 'aa': -0.9364423496189822, 'abba_a': -1.2642487046632178, 'abba_b': 0.3465523401214643}
REVIEW paired >5% p50: WithCustomViews-missing-owned-native-prepared queries-2 {'b1_a1': 37.79593547035407, 'b2_a2': 40.905419766206165, 'aa': -0.6216995224169519, 'abba_a': -1.4246804944479385, 'abba_b': 0.7997567279914852}
REVIEW paired >5% p50: WithCustomViews-missing-owned-native-prepared open-and-queries-2 {'b1_a1': 24.04249632500335, 'b2_a2': 25.921010973317806, 'aa': -0.5285949131928147, 'abba_a': -0.8078310837899227, 'abba_b': 0.6943471843656068}
REVIEW paired >5% p50: WithCustomViews-stored-file-native-prepared q2-build-trigger {'b1_a1': 69.3552014995314, 'b2_a2': 67.97816863236201, 'aa': 1.0140845070422566, 'abba_a': 0.2830365510777977, 'abba_b': -0.5323682084315662}
REVIEW paired >5% p50: WithCustomViews-stored-file-native-prepared queries-2 {'b1_a1': 35.76716851679833, 'b2_a2': 34.141664372878246, 'aa': 1.1420302144878436, 'abba_a': 0.2382025365351259, 'abba_b': -0.9619227616667003}
REVIEW paired >5% p50: WithCustomViews-stored-file-native-prepared open-and-queries-2 {'b1_a1': 21.620356268543905, 'b2_a2': 19.947144275927077, 'aa': 0.5349462517122205, 'abba_a': 0.5296646021592633, 'abba_b': -0.8533887417617847}
REVIEW paired >5% p50: WithCustomViews-stored-owned-native-prepared q2-build-trigger {'b1_a1': 77.02154896522295, 'b2_a2': 74.42356959863365, 'aa': 0.2572898799313883, 'abba_a': -0.06400682739492458, 'abba_b': -1.5306737374954804}
REVIEW paired >5% p50: WithCustomViews-stored-owned-native-prepared queries-2 {'b1_a1': 38.63514239656099, 'b2_a2': 37.59842312192345, 'aa': 0.2338376891334315, 'abba_a': -0.04214474613059016, 'abba_b': -0.789633682930535}
REVIEW paired >5% p50: WithCustomViews-stored-owned-native-prepared open-and-queries-2 {'b1_a1': 24.69549227909349, 'b2_a2': 23.571079792108417, 'aa': -0.02013152596966883, 'abba_a': 0.3288347840092243, 'abba_b': -0.5758570582853451}
REVIEW paired >5% p50: formula-refusal-file-native-prepared q2-build-trigger {'b1_a1': 21.042471042471036, 'b2_a2': 18.707810993249762, 'aa': -0.6711409395973145, 'abba_a': 0.09652509652509078, 'abba_b': -1.8341307814991992}
REVIEW paired >5% p50: formula-refusal-file-native-prepared q3-warm-repeat-q1 {'b1_a1': 17.76061776061777, 'b2_a2': 16.108483737091017, 'aa': -0.19342359767892114, 'abba_a': 0.009652509652502417, 'abba_b': -1.3934426229508245}
REVIEW paired >5% p50: formula-refusal-file-native-prepared queries-2 {'b1_a1': 11.951447245564895, 'b2_a2': 10.032817627754342, 'aa': -0.6979990693345761, 'abba_a': -0.42016806722688926, 'abba_b': -2.126772310258551}
REVIEW paired >5% p50: formula-refusal-file-native-prepared queries-3 {'b1_a1': 13.988657844990549, 'b2_a2': 12.208201892744475, 'aa': -0.43969849246231485, 'abba_a': -0.1260239445494693, 'abba_b': -1.6860143725815346}
REVIEW paired >5% p50: formula-refusal-owned-native-prepared q2-build-trigger {'b1_a1': 21.670459108553075, 'b2_a2': 22.144678566635356, 'aa': -0.536193029490617, 'abba_a': -0.26770178021683355, 'abba_b': 0.12101210121011619}
REVIEW paired >5% p50: formula-refusal-owned-native-prepared q3-warm-repeat-q1 {'b1_a1': 19.512195121951216, 'b2_a2': 18.699186991869922, 'aa': -0.5420054200542035, 'abba_a': 0.0, 'abba_b': -0.6802721088435382}
REVIEW paired >5% p50: formula-refusal-owned-native-prepared queries-2 {'b1_a1': 11.132698659413244, 'b2_a2': 11.883116883116873, 'aa': -1.229773462783168, 'abba_a': -0.265526844116315, 'abba_b': 0.40792540792540244}
REVIEW paired >5% p50: formula-refusal-owned-native-prepared queries-3 {'b1_a1': 14.191852825229967, 'b2_a2': 14.19278273482485, 'aa': -0.8333333333333304, 'abba_a': -0.34603591765220987, 'abba_b': -0.345224395857302}
Verified archived initial candidate and 24 budget controls / 120 repeated semantic outcomes
Verified baseline source against immutable git objects; available measurement binaries match recorded hashes
