tiny-marker-free a0
tiny-valid-marked a0
large-near-prefix-marker-free a0
long-late-comment-hit a0
root-comment-hit a0
tiny-marker-free a1
tiny-valid-marked a1
large-near-prefix-marker-free a1
long-late-comment-hit a1
root-comment-hit a1
tiny-marker-free a2
tiny-valid-marked a2
large-near-prefix-marker-free a2
long-late-comment-hit a2
root-comment-hit a2
tiny-marker-free b0
tiny-valid-marked b0
large-near-prefix-marker-free b0
long-late-comment-hit b0
root-comment-hit b0
tiny-marker-free b1
tiny-valid-marked b1
large-near-prefix-marker-free b1
long-late-comment-hit b1
root-comment-hit b1
tiny-marker-free a3
tiny-valid-marked a3
large-near-prefix-marker-free a3
long-late-comment-hit a3
root-comment-hit a3
