   Compiling mce-capabilities-probe v0.1.0 (/home/zhuhe/code/litchi/docs/performance/results/change-0823/synthetic-probe-src)
warning: field `segment_before` is never read
   --> src/allocation_metrics.rs:297:5
    |
288 | struct ActiveRegion {
    |        ------------ field in this struct
...
297 |     segment_before: CountersSnapshot,
    |     ^^^^^^^^^^^^^^
    |
    = note: `#[warn(dead_code)]` (part of `#[warn(unused)]`) on by default

warning: `mce-capabilities-probe` (bin "namespace-uri-probe" test) generated 1 warning
    Finished `test` profile [unoptimized] target(s) in 0.41s
     Running unittests src/main.rs (/home/zhuhe/code/litchi-target-0823/quality/debug/deps/namespace_uri_probe-6b58d3bb2d04bfe6)

running 5 tests
test tests::cli_shape_identities_round_trip_through_serde ... ok
test tests::unicode_uris_are_valid_utf8_and_preserve_known_uri_byte_lengths ... ok
test tests::namespace_injection_keeps_non_text_tags_and_places_declarations_on_root ... ok
test tests::valid_four_attributes_are_distinct_quoted_and_well_formed ... ok
test tests::valid_four_attribute_oracle_requires_the_exact_four_name_value_pairs ... ok

test result: ok. 5 passed; 0 failed; 0 ignored; 0 measured; 0 filtered out; finished in 0.00s

