Change 0674 gate transcript
Base: 5fa92d7ce
Branch: perf/0674-performance-gate-hygiene
Follow-up: closes 0651 row 13 / 0669 XLSB selector handoff and structural claims hygiene
Toolchain: rustc 1.95.0, cargo 1.95.0

=== formatting and diff hygiene ===
$ cargo +1.95.0 fmt --manifest-path tools/perf-baseline/Cargo.toml --all
exit 0
$ git diff --check
exit 0

=== harness clippy ===
$ CARGO_TARGET_DIR=/home/zhuhe/code/litchi-targets/0674-harness CARGO_BUILD_JOBS=2 CARGO_PROFILE_DEV_DEBUG=0 cargo clippy --manifest-path tools/perf-baseline/Cargo.toml --lib --tests -- -D warnings
Finished dev profile; exit 0
The marker census basis-point calculation uses checked division after its
nonzero guard. No lint is suppressed.

=== semantic PPTX phase selector ===
$ CARGO_TARGET_DIR=/home/zhuhe/code/litchi-targets/0674-harness CARGO_BUILD_JOBS=2 CARGO_PROFILE_DEV_DEBUG=0 cargo test --manifest-path tools/perf-baseline/Cargo.toml --lib semantic_docx_and_pptx_tiny_corpora_are_deterministic_and_editable -- --test-threads=1
test result: ok. 1 passed; 0 failed; 527 filtered out; exit 0
$ cargo run --manifest-path tools/perf-baseline/Cargo.toml --quiet -- --semantic-shape tiny --case pptx_semantic_opened_transaction_phases --json /tmp/0674-pptx-phases.json
exit 0; JSON contains six phase vectors, total_ns, phase_sum_verified=true,
semantic_reopen_verified=true and deterministic_output_verified=true.
$ CARGO_TARGET_DIR=/home/zhuhe/code/litchi-targets/0674-harness CARGO_BUILD_JOBS=2 CARGO_PROFILE_DEV_DEBUG=0 cargo test --manifest-path tools/perf-baseline/Cargo.toml --lib selectable_case_count_matches_current_enumeration -- --test-threads=1
test result: ok. 1 passed; 0 failed; 527 filtered out; exit 0

=== XLSB workbook-structure selector (follow-up) ===
$ CARGO_TARGET_DIR=/home/zhuhe/code/litchi-targets/0674-harness CARGO_BUILD_JOBS=2 CARGO_PROFILE_DEV_DEBUG=0 cargo test --manifest-path tools/perf-baseline/Cargo.toml --lib xlsb_lifecycle_selectors_are_opt_in_and_hash_stable -- --test-threads=1
test result: ok. 1 passed; 0 failed; 527 filtered out; exit 0
$ CARGO_TARGET_DIR=/home/zhuhe/code/litchi-targets/0674-harness CARGO_PROFILE_DEV_DEBUG=0 cargo run --manifest-path tools/perf-baseline/Cargo.toml --bin litchi-perf-baseline -- --case xlsb_semantic_workbook_structure_edit_save --xlsb-shape tiny --warmup 0 --samples 1 --json /tmp/0674-xlsb-structure.json
exit 0; warm and cold result records contain planning_ns, publication_ns,
save_ns and total_ns, with phase_sum_verified=true,
semantic_reopen_verified=true and deterministic_output_verified=true.
$ CARGO_TARGET_DIR=/home/zhuhe/code/litchi-targets/0674-harness CARGO_BUILD_JOBS=2 CARGO_PROFILE_DEV_DEBUG=0 cargo test --manifest-path tools/perf-baseline/Cargo.toml --lib selectable_case_count_matches_current_enumeration -- --test-threads=1
test result: ok. 1 passed; 0 failed; 527 filtered out; exit 0

=== allocator isolation ===
$ cargo test --manifest-path tools/perf-baseline/Cargo.toml --features allocator-metrics --bin docx_bounded_tail_append_compare -- --test-threads=1
test result: ok. 5 passed; 0 failed; exit 0

=== facade docx/odt feature gate ===
$ CARGO_TARGET_DIR=/home/zhuhe/code/litchi-targets/0674-polyglot CARGO_BUILD_JOBS=2 CARGO_PROFILE_TEST_DEBUG=0 python3 tools/non_iwork_gate.py --record-file /tmp/0674-facade-polyglot.json facade-polyglot-tests
95 facade library tests and integration targets passed; exit 0
The command is --no-default-features --features docx,odt --lib --tests
--no-fail-fast -- --test-threads=1.

=== native-resave lock hygiene ===
$ CARGO_NET_OFFLINE=true cargo metadata --manifest-path tools/native-resave/Cargo.toml --locked --format-version 1
exit 0
$ CARGO_NET_OFFLINE=true cargo check --manifest-path tools/native-resave/Cargo.toml --locked --offline
exit 0; four existing warnings remain in the stub binary (unused import,
two unused parameters and dead fixture helper).

=== Python gate and policy tests ===
$ python3 -m unittest tools.test_non_iwork_gate
Ran 59 tests; OK; exit 0
$ python3 -m unittest tools.test_perf_baseline_source_policy
Ran 26 tests; OK; exit 0
$ python3 -m unittest tools.test_corpus_manifest_v2
Ran 12 tests; OK; exit 0
$ python3 -m unittest tools.test_crud_coverage_index
Ran 41 tests; OK; exit 0
$ python3 -m unittest tools.test_perf_corpus_binding
Ran 9 tests; OK; exit 0
$ python3 -m unittest tools.test_perf_claims
Ran 50 tests; OK; exit 0

=== claims structural validation (follow-up) ===
$ python3 tools/check_perf_claims.py --registry docs/performance/claim-registry-v1.json --repo-root . --mode structural
OK: 10 performance claims validated (structural)
STRUCTURAL_STATUS=0
Structural mode validates shape, repository references and cross-field policy
without opening retained evidence. The direct API also rejects strict mode
when --evidence-root is omitted.

=== claims strict gate ===
$ python3 tools/check_perf_claims.py --registry docs/performance/claim-registry-v1.json --repo-root . --evidence-root . --mode strict
OK: 10 performance claims validated (strict)
exit 0

=== full harness sweep and follow-up selector ===
The existing 527-selector sweep completed in about 568 seconds: 526 tests
passed, 1 failed only at selectable_case_count_matches_current_enumeration
(actual 528 versus stale expected 527), and 1 was ignored. All integration
targets passed. The first 0674 commit updated that assertion to 528. The
follow-up XLSB structure selector raises the registry to 529; its lifecycle
test and the count test both pass. The complete 529-test sweep was not
repeated to avoid another heavyweight run; the focused selector test exercises
the planning/publication/save phases and typed reopen oracle.

=== packet ignore proof ===
$ git check-ignore --no-index docs/performance/results/change-0674/gates.log
exit 1; no ignore match (result packet logs are visible)
$ git check-ignore --no-index docs/performance/results/change-0651/integration-gate.log
exit 1; no ignore match (historical result logs are visible for explicit selection)
$ git check-ignore --no-index -v docs/performance/README.log
.gitignore:150:*.log docs/performance/README.log; exit 0
The final !docs/performance/results/**/*.log negation covers result packets;
the broad *.log rule continues to ignore unrelated paths. No historical
untracked result log was staged by this follow-up.
