	Command being timed: "/tmp/litchi-goal-0474/normal --workers 1 --warmup 3 --samples 30 --case pptx_streaming_create --semantic-shape medium --json /home/zhuhe/code/litchi/docs/performance/results/change-0474/captures/R1-normal-medium/report.json --corpus-manifest /home/zhuhe/code/litchi/docs/performance/results/change-0474/captures/R1-normal-medium/corpus-catalog.json"
	User time (seconds): 0.55
	System time (seconds): 0.08
	Percent of CPU this job got: 99%
	Elapsed (wall clock) time (h:mm:ss or m:ss): 0:00.63
	Average shared text size (kbytes): 0
	Average unshared data size (kbytes): 0
	Average stack size (kbytes): 0
	Average total size (kbytes): 0
	Maximum resident set size (kbytes): 82604
	Average resident set size (kbytes): 0
	Major (requiring I/O) page faults: 0
	Minor (reclaiming a frame) page faults: 6569
	Voluntary context switches: 31
	Involuntary context switches: 39
	Swaps: 0
	File system inputs: 0
	File system outputs: 88
	Socket messages sent: 0
	Socket messages received: 0
	Signals delivered: 0
	Page size (bytes): 4096
	Exit status: 0
