{
  "schema": "litchi-cfb.perf-chain-guard.v1",
  "case": "invalidmarker",
  "declared_chain_sectors": 128,
  "sector_size": 512,
  "stream_start_sector": 0,
  "stream_bytes": 65536,
  "fat_entry_count": 256,
  "input_sha256": "b6ef9da96e8326cbf8a3eb4a4efdeebec3cfed95c081b6e42c3539e8999d225a",
  "expected_error": "Invalid sector marker 0xFFFFFFFD in regular stream chain",
  "observed_error": "Invalid sector marker 0xFFFFFFFD in regular stream chain",
  "warmup_iterations": 20,
  "sample_count": 200,
  "timed_operation": "OleFile::open(Cursor<&[u8]>)",
  "cleanup_inside_timing": false,
  "input_clone_outside_timing": true,
  "allocation_counters": {"available": false, "reason": "not instrumented by this public example"},
  "oracle": {
    "expected_error_exact": true,
    "valid_stream_content_checked": false,
    "valid_reopen_checked": true,
    "all_samples_match": true
  },
  "samples_ns": [970, 930, 950, 930, 960, 930, 1121, 1040, 1000, 960, 950, 940, 970, 970, 930, 960, 970, 920, 920, 940, 930, 930, 920, 930, 950, 910, 950, 900, 940, 920, 970, 910, 950, 960, 950, 910, 930, 940, 960, 930, 920, 910, 940, 930, 1010, 920, 940, 920, 930, 900, 930, 920, 930, 900, 940, 900, 920, 910, 950, 920, 950, 980, 930, 980, 980, 930, 930, 910, 940, 920, 930, 920, 930, 910, 930, 910, 980, 920, 950, 920, 930, 930, 930, 900, 930, 950, 930, 920, 920, 910, 930, 920, 920, 930, 960, 940, 940, 910, 950, 920, 930, 910, 950, 920, 960, 950, 950, 950, 1020, 920, 980, 950, 930, 960, 970, 960, 970, 940, 930, 950, 970, 940, 950, 930, 1020, 940, 960, 940, 940, 930, 950, 930, 940, 1000, 950, 940, 1000, 930, 1010, 970, 950, 930, 950, 940, 920, 990, 970, 970, 920, 920, 930, 920, 930, 910, 930, 920, 930, 930, 940, 960, 930, 920, 940, 910, 940, 960, 960, 930, 970, 930, 950, 930, 940, 910, 930, 920, 920, 920, 940, 910, 920, 920, 950, 960, 1020, 990, 960, 930, 960, 910, 920, 930, 950, 930, 990, 910, 940, 910, 940, 930]
}
