{
  "schema": "litchi-cfb.perf-chain-guard.v1",
  "case": "latercycle",
  "declared_chain_sectors": 128,
  "sector_size": 512,
  "stream_start_sector": 0,
  "stream_bytes": 65536,
  "fat_entry_count": 256,
  "input_sha256": "6db2d096448884be2cc476a95adc9dc6317f2d8bef8b86c5c2656609d1a37dd0",
  "expected_error": "Cycle detected in regular stream chain at sector 64",
  "observed_error": "Cycle detected in regular stream chain at sector 64",
  "warmup_iterations": 0,
  "sample_count": 1,
  "timed_operation": "OleFile::open(Cursor<&[u8]>)",
  "cleanup_inside_timing": false,
  "input_clone_outside_timing": true,
  "allocation_counters": {"available": false, "reason": "not instrumented by this public example"},
  "oracle": {
    "expected_error_exact": true,
    "valid_stream_content_checked": false,
    "valid_reopen_checked": true,
    "all_samples_match": true
  },
  "samples_ns": [1640]
}
