{
  "schema": "litchi-cfb.perf-chain-guard.v1",
  "case": "prefixcycle",
  "declared_chain_sectors": 128,
  "sector_size": 512,
  "stream_start_sector": 0,
  "stream_bytes": 65536,
  "fat_entry_count": 256,
  "input_sha256": "791f0543ccb8ad366f403e664e392d9681b553b0a2c0d38f24cbee7189ff2d55",
  "expected_error": "Cycle detected in regular stream chain at sector 1",
  "observed_error": "Cycle detected in regular stream chain at sector 1",
  "warmup_iterations": 20,
  "sample_count": 200,
  "timed_operation": "OleFile::open(Cursor<&[u8]>)",
  "cleanup_inside_timing": false,
  "input_clone_outside_timing": true,
  "allocation_counters": {"available": false, "reason": "not instrumented by this public example"},
  "oracle": {
    "expected_error_exact": true,
    "valid_stream_content_checked": false,
    "valid_reopen_checked": true,
    "all_samples_match": true
  },
  "samples_ns": [910, 890, 890, 940, 890, 920, 900, 910, 910, 960, 1000, 980, 930, 890, 910, 900, 900, 920, 900, 870, 910, 870, 940, 950, 930, 930, 1000, 910, 940, 920, 890, 870, 930, 860, 910, 870, 890, 870, 910, 870, 890, 880, 900, 870, 940, 890, 910, 870, 890, 870, 900, 860, 900, 890, 900, 910, 880, 870, 940, 890, 880, 870, 890, 880, 910, 900, 900, 900, 990, 890, 900, 1000, 910, 960, 950, 990, 1000, 930, 910, 860, 950, 970, 960, 890, 920, 890, 930, 900, 980, 940, 970, 950, 940, 890, 900, 870, 900, 880, 890, 880, 880, 870, 900, 890, 920, 890, 900, 890, 920, 900, 920, 890, 940, 960, 960, 950, 970, 941, 980, 950, 970, 950, 970, 950, 960, 940, 990, 960, 970, 960, 980, 950, 970, 950, 980, 970, 970, 1000, 970, 980, 970, 1000, 950, 940, 970, 950, 980, 960, 980, 980, 910, 880, 900, 870, 920, 910, 910, 900, 890, 910, 900, 890, 990, 890, 930, 860, 920, 880, 910, 920, 930, 890, 920, 900, 900, 890, 900, 870, 910, 880, 880, 940, 970, 920, 920, 910, 910, 900, 930, 920, 970, 900, 920, 880, 890, 870, 890, 870, 900, 890]
}
