{
  "schema": "litchi-cfb.perf-chain-guard.v1",
  "case": "invalidindex",
  "declared_chain_sectors": 16384,
  "sector_size": 512,
  "stream_start_sector": 0,
  "stream_bytes": 8388608,
  "fat_entry_count": 16640,
  "input_sha256": "7d8c386d2a8efd8d967a2eb9763087cbf871628ff0bbc27ad4e94444f5583209",
  "expected_error": "Invalid sector index 16640 in regular stream",
  "observed_error": "Invalid sector index 16640 in regular stream",
  "warmup_iterations": 20,
  "sample_count": 200,
  "timed_operation": "OleFile::open(Cursor<&[u8]>)",
  "cleanup_inside_timing": false,
  "input_clone_outside_timing": true,
  "allocation_counters": {"available": false, "reason": "not instrumented by this public example"},
  "oracle": {
    "expected_error_exact": true,
    "valid_stream_content_checked": false,
    "valid_reopen_checked": true,
    "all_samples_match": true
  },
  "samples_ns": [15300, 15290, 15310, 15330, 15300, 15300, 15290, 15350, 15280, 14441, 15340, 15310, 15270, 15280, 15360, 15270, 15380, 15320, 15300, 15340, 15320, 15280, 15290, 15350, 15281, 15350, 15390, 15300, 15280, 14490, 15270, 15270, 15280, 15360, 15260, 15400, 15290, 14460, 15321, 15320, 15320, 15310, 15300, 15330, 15280, 15290, 15270, 15260, 21100, 14510, 15270, 15280, 14400, 15341, 15340, 15290, 15330, 15290, 15330, 15380, 14450, 15260, 15280, 15240, 15280, 15310, 15270, 15270, 14381, 15280, 15310, 15310, 15250, 15240, 15310, 15320, 15270, 15270, 15300, 15290, 15370, 15260, 15291, 15400, 15370, 15300, 15390, 15350, 15350, 15310, 14440, 15280, 15330, 15320, 15260, 15330, 15330, 15241, 15280, 15260, 15270, 15340, 15260, 15240, 15320, 15240, 15230, 15350, 15310, 15240, 15240, 15260, 15271, 20020, 15320, 15370, 15340, 15320, 15360, 15380, 15280, 15270, 15220, 15280, 14470, 15340, 15311, 15330, 15310, 15300, 15260, 15290, 15260, 15400, 15340, 15300, 15280, 15390, 15330, 15240, 15330, 15241, 15350, 15370, 15330, 15270, 15220, 15250, 15190, 15320, 15360, 15330, 15260, 15290, 15250, 15220, 15191, 15280, 15220, 15270, 15300, 15350, 15360, 15200, 15220, 15250, 15250, 15370, 15330, 15210, 15211, 15240, 15310, 15230, 15240, 15260, 15290, 15220, 19920, 15380, 15230, 15260, 15340, 15300, 15380, 15291, 15360, 15250, 15310, 15340, 15330, 15330, 15320, 15290, 15240, 15270, 14390, 15320, 15240, 15241]
}
