xls_semantic_one_edit_save                       before    3.3712 ms  after    1.5389 ms  ratio 0.458 CI [0.453, 0.460]
xls_semantic_noop_edit_save                      before    0.0016 ms  after    0.0017 ms  ratio 1.085 CI [0.988, 1.731]
xls_semantic_open                                before    1.4039 ms  after    1.3404 ms  ratio 0.963 CI [0.915, 0.987]
xls_semantic_full_cell_scan                      before    0.0723 ms  after    0.0708 ms  ratio 0.966 CI [0.966, 0.994]
xls_numeric_eager_number_edit_save               before   26.3580 ms  after   18.5502 ms  ratio 0.704 CI [0.679, 0.746]
xls_numeric_source_backed_number_edit_save       before   77.6447 ms  after   76.3425 ms  ratio 0.982 CI [0.979, 0.999]
xls_numeric_plan_only_number_edit_save           before   33.1455 ms  after   33.1510 ms  ratio 1.000 CI [0.998, 1.001]
xls_numeric_eager_rk_mulrk_edit_save             before    2.3712 ms  after    1.2232 ms  ratio 0.516 CI [0.514, 0.517]
xls_numeric_source_backed_rk_mulrk_edit_save     before    0.8200 ms  after    0.8192 ms  ratio 1.000 CI [0.996, 1.001]
xls_numeric_plan_only_rk_mulrk_edit_save         before    0.4002 ms  after    0.4017 ms  ratio 1.005 CI [1.000, 1.005]
xls_comments_eager_edit_save                     before   20.7086 ms  after   20.7428 ms  ratio 1.005 CI [0.969, 1.023]
xls_comments_source_backed_edit_save             before   34.4684 ms  after   34.4755 ms  ratio 1.000 CI [1.000, 1.000]
xls_comments_eager_batch_edit_save               before   19.8627 ms  after   20.3783 ms  ratio 1.026 CI [1.017, 1.080]
xls_comments_source_backed_batch_edit_save       before   36.3444 ms  after   35.0772 ms  ratio 0.964 CI [0.928, 1.072]
xls_visibility_eager_edit_save                   before   25.2833 ms  after   25.3318 ms  ratio 1.003 CI [1.001, 1.005]
xls_visibility_source_backed_edit_save           before   10.2093 ms  after   10.2089 ms  ratio 0.999 CI [0.997, 1.003]
xls_visibility_eager_batch_edit_save             before   25.4432 ms  after   25.4698 ms  ratio 1.002 CI [0.993, 1.014]
xls_visibility_source_backed_batch_edit_save     before   10.1600 ms  after   10.1670 ms  ratio 1.000 CI [1.000, 1.002]
xls_owned_source_control_open_one_cell           before    0.5692 ms  after    0.5548 ms  ratio 0.974 CI [0.969, 0.975]
harness abba exit 0
