Traceback (most recent call last):
  File "/home/zhuhe/code/litchi/docs/performance/results/change-0831/qualification_preflight.py", line 24, in <module>
    main()
    ~~~~^^
  File "/home/zhuhe/code/litchi/docs/performance/results/change-0831/qualification_preflight.py", line 15, in main
    rows.append(a.load_report(path, case, logical, 1, 0, builds["binaries"][logical],
                ~~~~~~~~~~~~~^^^^^^^^^^^^^^^^^^^^^^^^^^^^^^^^^^^^^^^^^^^^^^^^^^^^^^^^
        f"qualification/before/{logical}/{case['id']}"))
        ^^^^^^^^^^^^^^^^^^^^^^^^^^^^^^^^^^^^^^^^^^^^^^^
  File "/home/zhuhe/code/litchi/docs/performance/results/change-0831/analyze.py", line 564, in load_report
    row = validate_report(path, expected, logical, count, warmup, binary, label)
  File "/home/zhuhe/code/litchi/docs/performance/results/change-0831/analyze.py", line 540, in validate_report
    metrics = validate_metrics(result, count, logical, label)
  File "/home/zhuhe/code/litchi/docs/performance/results/change-0831/analyze.py", line 370, in validate_metrics
    require(isinstance(allocation, dict), f"{label} allocation metrics are missing")
    ~~~~~~~^^^^^^^^^^^^^^^^^^^^^^^^^^^^^^^^^^^^^^^^^^^^^^^^^^^^^^^^^^^^^^^^^^^^^^^^^
  File "/home/zhuhe/code/litchi/docs/performance/results/change-0831/analyze.py", line 97, in require
    fail(message)
    ~~~~^^^^^^^^^
  File "/home/zhuhe/code/litchi/docs/performance/results/change-0831/analyze.py", line 92, in fail
    raise ReplayError(message)
analyze.ReplayError: qualification/before/native/noop-medium allocation metrics are missing
