	Command being timed: "/tmp/litchi-goal-0469/candidate --workers 1 --warmup 5 --samples 100 --json /home/zhuhe/code/litchi/docs/performance/results/change-0469/review-B1/report.json --corpus-manifest /home/zhuhe/code/litchi/docs/performance/results/change-0469/review-B1/corpus-catalog.json --case cfb_read_one,cfb_shared_concurrent_reads,opc_mutated_save,xls_fresh_write_to --shape few-large --writer-shape large"
	User time (seconds): 7.40
	System time (seconds): 0.38
	Percent of CPU this job got: 99%
	Elapsed (wall clock) time (h:mm:ss or m:ss): 0:07.80
	Average shared text size (kbytes): 0
	Average unshared data size (kbytes): 0
	Average stack size (kbytes): 0
	Average total size (kbytes): 0
	Maximum resident set size (kbytes): 142564
	Average resident set size (kbytes): 0
	Major (requiring I/O) page faults: 0
	Minor (reclaiming a frame) page faults: 483475
	Voluntary context switches: 479
	Involuntary context switches: 395
	Swaps: 0
	File system inputs: 0
	File system outputs: 8728
	Socket messages sent: 0
	Socket messages received: 0
	Signals delivered: 0
	Page size (bytes): 4096
	Exit status: 0
