==4173459== Callgrind, a call-graph generating cache profiler
==4173459== Copyright (C) 2002-2017, and GNU GPL'd, by Josef Weidendorfer et al.
==4173459== Using Valgrind-3.26.0 and LibVEX; rerun with -h for copyright info
==4173459== Command: /tmp/litchi-goal-0518/managed-paragraph-candidate --paragraphs 512 --replacements 32 --source owned --mode repeated --samples 1 --warmups 0 --repeats 1 --artifact-dir /tmp/litchi-goal-0518/corpora/profile-after-r1-p512-k32-owned-repeated --output /home/zhuhe/code/litchi/docs/performance/results/change-0518/profile-after-r1/p512-k32-owned-repeated.csv
==4173459== 
==4173459== For interactive control, run 'callgrind_control -h'.
==4173459== 
==4173459== Events    : Ir
==4173459== Collected : 6099746
==4173459== 
==4173459== I   refs:      6,099,746
	Command being timed: "taskset -c 2 valgrind --tool=callgrind --collect-atstart=no --zero-before=*managed_paragraph_batch_perf::run_sample --toggle-collect=*litchi_docx::source_backed::Package::publish_document_commit_to_stream --callgrind-out-file=/home/zhuhe/code/litchi/docs/performance/results/change-0518/profile-after-r1/p512-k32-owned-repeated.callgrind /tmp/litchi-goal-0518/managed-paragraph-candidate --paragraphs 512 --replacements 32 --source owned --mode repeated --samples 1 --warmups 0 --repeats 1 --artifact-dir /tmp/litchi-goal-0518/corpora/profile-after-r1-p512-k32-owned-repeated --output /home/zhuhe/code/litchi/docs/performance/results/change-0518/profile-after-r1/p512-k32-owned-repeated.csv"
	User time (seconds): 2.79
	System time (seconds): 0.01
	Percent of CPU this job got: 99%
	Elapsed (wall clock) time (h:mm:ss or m:ss): 0:02.81
	Average shared text size (kbytes): 0
	Average unshared data size (kbytes): 0
	Average stack size (kbytes): 0
	Average total size (kbytes): 0
	Maximum resident set size (kbytes): 44648
	Average resident set size (kbytes): 0
	Major (requiring I/O) page faults: 0
	Minor (reclaiming a frame) page faults: 15091
	Voluntary context switches: 1
	Involuntary context switches: 21
	Swaps: 0
	File system inputs: 0
	File system outputs: 112
	Socket messages sent: 0
	Socket messages received: 0
	Signals delivered: 0
	Page size (bytes): 4096
	Exit status: 0
