17:26:32 xlsx A1 done
17:26:35 xlsx B1 done
17:26:37 xlsx B2 done
17:26:39 xlsx A2 done
17:26:41 xlsx A3 done
17:26:42 xlsx B3 done
17:26:44 xlsx B4 done
17:26:46 xlsx A4 done
17:26:52 pptx A1 done
17:26:59 pptx B1 done
17:27:06 pptx B2 done
17:27:12 pptx A2 done
17:27:19 pptx A3 done
17:27:26 pptx B3 done
17:27:33 pptx B4 done
17:27:40 pptx A4 done
17:27:42 docx A1 done
17:27:45 docx B1 done
17:27:48 docx B2 done
17:27:50 docx A2 done
17:27:53 docx A3 done
17:27:56 docx B3 done
17:27:58 docx B4 done
17:28:01 docx A4 done
