   Compiling proc-macro2 v1.0.106
   Compiling quote v1.0.44
   Compiling unicode-ident v1.0.22
   Compiling serde_core v1.0.229
   Compiling crossbeam-utils v0.8.22
   Compiling typenum v1.20.1
   Compiling autocfg v1.5.1
   Compiling hybrid-array v0.4.14
   Compiling crossbeam-epoch v0.9.20
   Compiling cfg-if v1.0.4
   Compiling libc v0.2.189
   Compiling num-traits v0.2.19
   Compiling syn v3.0.4
   Compiling syn v2.0.114
   Compiling crossbeam-deque v0.8.7
   Compiling serde v1.0.229
   Compiling zmij v1.0.19
   Compiling getrandom v0.4.3
   Compiling rand_core v0.10.1
   Compiling cpufeatures v0.3.1
   Compiling serde_derive v1.0.229
   Compiling block-buffer v0.12.1
   Compiling crypto-common v0.2.2
   Compiling rayon-core v1.13.0
   Compiling const-oid v0.10.2
   Compiling serde_json v1.0.149
   Compiling thiserror v2.0.18
   Compiling zerocopy v0.8.56
   Compiling digest v0.11.3
   Compiling thiserror-impl v2.0.18
   Compiling chacha20 v0.10.2
   Compiling itoa v1.0.18
   Compiling iana-time-zone v0.1.65
   Compiling memchr v2.8.3
   Compiling chrono v0.4.45
   Compiling rand v0.10.2
   Compiling sha2 v0.11.0
   Compiling either v1.18.0
   Compiling base64 v0.22.1
   Compiling once_cell v1.21.4
   Compiling fast-float2 v0.2.4
   Compiling smallvec v1.16.0
   Compiling rayon v1.12.0
   Compiling litchi-core v0.0.1 (/home/zhuhe/code/litchi/crates/litchi-core)
   Compiling zerocopy-derive v0.8.56
   Compiling fixedbitset v0.5.7
   Compiling litchi-cfb v0.0.1 (/home/zhuhe/code/litchi/crates/litchi-cfb)
    Finished `test` profile [unoptimized + debuginfo] target(s) in 10.34s
     Running unittests src/lib.rs (/home/zhuhe/litchi-goal-0524-target/debug/deps/litchi_cfb-5b8b4235e47a11e8)
error: test failed, to rerun pass `-p litchi-cfb --lib`
