{
  "schema": "litchi.xlsx.planning-refusal-guard.v1",
  "tool": "xlsx_planning_guard",
  "case": "late-raw",
  "shape": "dense-sparse",
  "warmup_iterations": 20,
  "samples": 200,
  "source": {
    "generator": "litchi-xlsx-planning-refusal-guard-fixed-grid-v1",
    "shape": "dense-sparse",
    "rows": 128,
    "columns": 128,
    "archive_bytes": 451161,
    "worksheet_bytes": 449347,
    "source_sha256": "cdfc8588a6cb419fb8a2f673ad4f72a65628ffcc93881c7d84835e8b7179750b",
    "worksheet_sha256": "01dffe32b8a666a8d78c42803b52d8dad454855f23af376da0b9ba27d2617ef7",
    "worksheet_member": "xl/worksheets/sheet1.xml",
    "compression": "stored",
    "fixture_kind": "raw_zip_input_no_opc_authored_xml_validation"
  },
  "source_sha256": "cdfc8588a6cb419fb8a2f673ad4f72a65628ffcc93881c7d84835e8b7179750b",
  "logical_error": {
    "status": "expected_failure",
    "variant": "Invalid",
    "message": "invalid worksheet boolean 'maybe'"
  },
  "phase": {
    "name": "edit_sheets",
    "sample_order": [
      0,
      1,
      2,
      3,
      4,
      5,
      6,
      7,
      8,
      9,
      10,
      11,
      12,
      13,
      14,
      15,
      16,
      17,
      18,
      19,
      20,
      21,
      22,
      23,
      24,
      25,
      26,
      27,
      28,
      29,
      30,
      31,
      32,
      33,
      34,
      35,
      36,
      37,
      38,
      39,
      40,
      41,
      42,
      43,
      44,
      45,
      46,
      47,
      48,
      49,
      50,
      51,
      52,
      53,
      54,
      55,
      56,
      57,
      58,
      59,
      60,
      61,
      62,
      63,
      64,
      65,
      66,
      67,
      68,
      69,
      70,
      71,
      72,
      73,
      74,
      75,
      76,
      77,
      78,
      79,
      80,
      81,
      82,
      83,
      84,
      85,
      86,
      87,
      88,
      89,
      90,
      91,
      92,
      93,
      94,
      95,
      96,
      97,
      98,
      99,
      100,
      101,
      102,
      103,
      104,
      105,
      106,
      107,
      108,
      109,
      110,
      111,
      112,
      113,
      114,
      115,
      116,
      117,
      118,
      119,
      120,
      121,
      122,
      123,
      124,
      125,
      126,
      127,
      128,
      129,
      130,
      131,
      132,
      133,
      134,
      135,
      136,
      137,
      138,
      139,
      140,
      141,
      142,
      143,
      144,
      145,
      146,
      147,
      148,
      149,
      150,
      151,
      152,
      153,
      154,
      155,
      156,
      157,
      158,
      159,
      160,
      161,
      162,
      163,
      164,
      165,
      166,
      167,
      168,
      169,
      170,
      171,
      172,
      173,
      174,
      175,
      176,
      177,
      178,
      179,
      180,
      181,
      182,
      183,
      184,
      185,
      186,
      187,
      188,
      189,
      190,
      191,
      192,
      193,
      194,
      195,
      196,
      197,
      198,
      199
    ],
    "duration_ns": [
      12279797,
      12272996,
      12234576,
      12348207,
      12252146,
      12290706,
      12303507,
      12267337,
      12261287,
      12255337,
      12298867,
      12282176,
      12242266,
      12259697,
      12269397,
      12277096,
      12275406,
      12247636,
      12267786,
      12273236,
      12273626,
      12261646,
      12273077,
      12284347,
      12237296,
      12239636,
      12256116,
      12273926,
      12252246,
      12268947,
      12259887,
      12304117,
      12245496,
      12235256,
      12266916,
      12262917,
      12259667,
      12269897,
      12208726,
      12275197,
      12254327,
      12273627,
      12264226,
      12430208,
      12416727,
      12224546,
      12376027,
      12275096,
      12243196,
      12242247,
      12249467,
      12259707,
      12264067,
      12244886,
      12243696,
      12231837,
      12266256,
      12235916,
      12220396,
      12239446,
      12518238,
      12244996,
      12232116,
      12220456,
      12240077,
      12239947,
      12220176,
      12287307,
      12251306,
      12268656,
      12310587,
      12425037,
      12444557,
      12389217,
      12446867,
      12281586,
      12435527,
      12256836,
      12261146,
      12272257,
      12266827,
      12256657,
      12228976,
      12312367,
      12335347,
      12267537,
      12238306,
      12260636,
      12301276,
      12266326,
      12413637,
      12449238,
      12469118,
      12260027,
      12228866,
      12460767,
      12476517,
      12420708,
      12436627,
      12429098,
      12276727,
      12301157,
      12300567,
      12273846,
      12256826,
      12274867,
      12280777,
      12274637,
      12301376,
      12272466,
      12291776,
      12292387,
      12235746,
      12269146,
      12284756,
      12263926,
      12266966,
      12272816,
      12272756,
      12272026,
      12250476,
      12266577,
      12247186,
      12254657,
      12303657,
      12269406,
      12293156,
      12291196,
      12307956,
      12309337,
      12318617,
      12236586,
      12269596,
      12206606,
      12382627,
      12212886,
      12409997,
      12217057,
      12215066,
      12225476,
      12193847,
      12281446,
      12258326,
      12217126,
      12218096,
      12341747,
      12206096,
      12235987,
      12220107,
      12202686,
      12231326,
      12240376,
      12212826,
      12210236,
      12256816,
      12253736,
      12221226,
      12242987,
      12256086,
      12281286,
      12260366,
      12263476,
      12262616,
      12325527,
      12265287,
      12233477,
      12251156,
      12254357,
      12291477,
      12248417,
      12247556,
      12291166,
      12268476,
      12272836,
      12228076,
      12233926,
      12230697,
      12267567,
      12245186,
      12229616,
      12212627,
      12270896,
      12445307,
      12208666,
      12392267,
      12276566,
      12262076,
      12535948,
      12239956,
      12255796,
      12259216,
      12246226,
      12245327,
      12281226,
      12241726,
      12242386,
      12516077,
      12239186,
      12220817,
      12235426
    ],
    "allocation_metrics": [
      {
        "status": "unavailable",
        "scope": "operation_global_system_allocator"
      },
      {
        "status": "unavailable",
        "scope": "operation_global_system_allocator"
      },
      {
        "status": "unavailable",
        "scope": "operation_global_system_allocator"
      },
      {
        "status": "unavailable",
        "scope": "operation_global_system_allocator"
      },
      {
        "status": "unavailable",
        "scope": "operation_global_system_allocator"
      },
      {
        "status": "unavailable",
        "scope": "operation_global_system_allocator"
      },
      {
        "status": "unavailable",
        "scope": "operation_global_system_allocator"
      },
      {
        "status": "unavailable",
        "scope": "operation_global_system_allocator"
      },
      {
        "status": "unavailable",
        "scope": "operation_global_system_allocator"
      },
      {
        "status": "unavailable",
        "scope": "operation_global_system_allocator"
      },
      {
        "status": "unavailable",
        "scope": "operation_global_system_allocator"
      },
      {
        "status": "unavailable",
        "scope": "operation_global_system_allocator"
      },
      {
        "status": "unavailable",
        "scope": "operation_global_system_allocator"
      },
      {
        "status": "unavailable",
        "scope": "operation_global_system_allocator"
      },
      {
        "status": "unavailable",
        "scope": "operation_global_system_allocator"
      },
      {
        "status": "unavailable",
        "scope": "operation_global_system_allocator"
      },
      {
        "status": "unavailable",
        "scope": "operation_global_system_allocator"
      },
      {
        "status": "unavailable",
        "scope": "operation_global_system_allocator"
      },
      {
        "status": "unavailable",
        "scope": "operation_global_system_allocator"
      },
      {
        "status": "unavailable",
        "scope": "operation_global_system_allocator"
      },
      {
        "status": "unavailable",
        "scope": "operation_global_system_allocator"
      },
      {
        "status": "unavailable",
        "scope": "operation_global_system_allocator"
      },
      {
        "status": "unavailable",
        "scope": "operation_global_system_allocator"
      },
      {
        "status": "unavailable",
        "scope": "operation_global_system_allocator"
      },
      {
        "status": "unavailable",
        "scope": "operation_global_system_allocator"
      },
      {
        "status": "unavailable",
        "scope": "operation_global_system_allocator"
      },
      {
        "status": "unavailable",
        "scope": "operation_global_system_allocator"
      },
      {
        "status": "unavailable",
        "scope": "operation_global_system_allocator"
      },
      {
        "status": "unavailable",
        "scope": "operation_global_system_allocator"
      },
      {
        "status": "unavailable",
        "scope": "operation_global_system_allocator"
      },
      {
        "status": "unavailable",
        "scope": "operation_global_system_allocator"
      },
      {
        "status": "unavailable",
        "scope": "operation_global_system_allocator"
      },
      {
        "status": "unavailable",
        "scope": "operation_global_system_allocator"
      },
      {
        "status": "unavailable",
        "scope": "operation_global_system_allocator"
      },
      {
        "status": "unavailable",
        "scope": "operation_global_system_allocator"
      },
      {
        "status": "unavailable",
        "scope": "operation_global_system_allocator"
      },
      {
        "status": "unavailable",
        "scope": "operation_global_system_allocator"
      },
      {
        "status": "unavailable",
        "scope": "operation_global_system_allocator"
      },
      {
        "status": "unavailable",
        "scope": "operation_global_system_allocator"
      },
      {
        "status": "unavailable",
        "scope": "operation_global_system_allocator"
      },
      {
        "status": "unavailable",
        "scope": "operation_global_system_allocator"
      },
      {
        "status": "unavailable",
        "scope": "operation_global_system_allocator"
      },
      {
        "status": "unavailable",
        "scope": "operation_global_system_allocator"
      },
      {
        "status": "unavailable",
        "scope": "operation_global_system_allocator"
      },
      {
        "status": "unavailable",
        "scope": "operation_global_system_allocator"
      },
      {
        "status": "unavailable",
        "scope": "operation_global_system_allocator"
      },
      {
        "status": "unavailable",
        "scope": "operation_global_system_allocator"
      },
      {
        "status": "unavailable",
        "scope": "operation_global_system_allocator"
      },
      {
        "status": "unavailable",
        "scope": "operation_global_system_allocator"
      },
      {
        "status": "unavailable",
        "scope": "operation_global_system_allocator"
      },
      {
        "status": "unavailable",
        "scope": "operation_global_system_allocator"
      },
      {
        "status": "unavailable",
        "scope": "operation_global_system_allocator"
      },
      {
        "status": "unavailable",
        "scope": "operation_global_system_allocator"
      },
      {
        "status": "unavailable",
        "scope": "operation_global_system_allocator"
      },
      {
        "status": "unavailable",
        "scope": "operation_global_system_allocator"
      },
      {
        "status": "unavailable",
        "scope": "operation_global_system_allocator"
      },
      {
        "status": "unavailable",
        "scope": "operation_global_system_allocator"
      },
      {
        "status": "unavailable",
        "scope": "operation_global_system_allocator"
      },
      {
        "status": "unavailable",
        "scope": "operation_global_system_allocator"
      },
      {
        "status": "unavailable",
        "scope": "operation_global_system_allocator"
      },
      {
        "status": "unavailable",
        "scope": "operation_global_system_allocator"
      },
      {
        "status": "unavailable",
        "scope": "operation_global_system_allocator"
      },
      {
        "status": "unavailable",
        "scope": "operation_global_system_allocator"
      },
      {
        "status": "unavailable",
        "scope": "operation_global_system_allocator"
      },
      {
        "status": "unavailable",
        "scope": "operation_global_system_allocator"
      },
      {
        "status": "unavailable",
        "scope": "operation_global_system_allocator"
      },
      {
        "status": "unavailable",
        "scope": "operation_global_system_allocator"
      },
      {
        "status": "unavailable",
        "scope": "operation_global_system_allocator"
      },
      {
        "status": "unavailable",
        "scope": "operation_global_system_allocator"
      },
      {
        "status": "unavailable",
        "scope": "operation_global_system_allocator"
      },
      {
        "status": "unavailable",
        "scope": "operation_global_system_allocator"
      },
      {
        "status": "unavailable",
        "scope": "operation_global_system_allocator"
      },
      {
        "status": "unavailable",
        "scope": "operation_global_system_allocator"
      },
      {
        "status": "unavailable",
        "scope": "operation_global_system_allocator"
      },
      {
        "status": "unavailable",
        "scope": "operation_global_system_allocator"
      },
      {
        "status": "unavailable",
        "scope": "operation_global_system_allocator"
      },
      {
        "status": "unavailable",
        "scope": "operation_global_system_allocator"
      },
      {
        "status": "unavailable",
        "scope": "operation_global_system_allocator"
      },
      {
        "status": "unavailable",
        "scope": "operation_global_system_allocator"
      },
      {
        "status": "unavailable",
        "scope": "operation_global_system_allocator"
      },
      {
        "status": "unavailable",
        "scope": "operation_global_system_allocator"
      },
      {
        "status": "unavailable",
        "scope": "operation_global_system_allocator"
      },
      {
        "status": "unavailable",
        "scope": "operation_global_system_allocator"
      },
      {
        "status": "unavailable",
        "scope": "operation_global_system_allocator"
      },
      {
        "status": "unavailable",
        "scope": "operation_global_system_allocator"
      },
      {
        "status": "unavailable",
        "scope": "operation_global_system_allocator"
      },
      {
        "status": "unavailable",
        "scope": "operation_global_system_allocator"
      },
      {
        "status": "unavailable",
        "scope": "operation_global_system_allocator"
      },
      {
        "status": "unavailable",
        "scope": "operation_global_system_allocator"
      },
      {
        "status": "unavailable",
        "scope": "operation_global_system_allocator"
      },
      {
        "status": "unavailable",
        "scope": "operation_global_system_allocator"
      },
      {
        "status": "unavailable",
        "scope": "operation_global_system_allocator"
      },
      {
        "status": "unavailable",
        "scope": "operation_global_system_allocator"
      },
      {
        "status": "unavailable",
        "scope": "operation_global_system_allocator"
      },
      {
        "status": "unavailable",
        "scope": "operation_global_system_allocator"
      },
      {
        "status": "unavailable",
        "scope": "operation_global_system_allocator"
      },
      {
        "status": "unavailable",
        "scope": "operation_global_system_allocator"
      },
      {
        "status": "unavailable",
        "scope": "operation_global_system_allocator"
      },
      {
        "status": "unavailable",
        "scope": "operation_global_system_allocator"
      },
      {
        "status": "unavailable",
        "scope": "operation_global_system_allocator"
      },
      {
        "status": "unavailable",
        "scope": "operation_global_system_allocator"
      },
      {
        "status": "unavailable",
        "scope": "operation_global_system_allocator"
      },
      {
        "status": "unavailable",
        "scope": "operation_global_system_allocator"
      },
      {
        "status": "unavailable",
        "scope": "operation_global_system_allocator"
      },
      {
        "status": "unavailable",
        "scope": "operation_global_system_allocator"
      },
      {
        "status": "unavailable",
        "scope": "operation_global_system_allocator"
      },
      {
        "status": "unavailable",
        "scope": "operation_global_system_allocator"
      },
      {
        "status": "unavailable",
        "scope": "operation_global_system_allocator"
      },
      {
        "status": "unavailable",
        "scope": "operation_global_system_allocator"
      },
      {
        "status": "unavailable",
        "scope": "operation_global_system_allocator"
      },
      {
        "status": "unavailable",
        "scope": "operation_global_system_allocator"
      },
      {
        "status": "unavailable",
        "scope": "operation_global_system_allocator"
      },
      {
        "status": "unavailable",
        "scope": "operation_global_system_allocator"
      },
      {
        "status": "unavailable",
        "scope": "operation_global_system_allocator"
      },
      {
        "status": "unavailable",
        "scope": "operation_global_system_allocator"
      },
      {
        "status": "unavailable",
        "scope": "operation_global_system_allocator"
      },
      {
        "status": "unavailable",
        "scope": "operation_global_system_allocator"
      },
      {
        "status": "unavailable",
        "scope": "operation_global_system_allocator"
      },
      {
        "status": "unavailable",
        "scope": "operation_global_system_allocator"
      },
      {
        "status": "unavailable",
        "scope": "operation_global_system_allocator"
      },
      {
        "status": "unavailable",
        "scope": "operation_global_system_allocator"
      },
      {
        "status": "unavailable",
        "scope": "operation_global_system_allocator"
      },
      {
        "status": "unavailable",
        "scope": "operation_global_system_allocator"
      },
      {
        "status": "unavailable",
        "scope": "operation_global_system_allocator"
      },
      {
        "status": "unavailable",
        "scope": "operation_global_system_allocator"
      },
      {
        "status": "unavailable",
        "scope": "operation_global_system_allocator"
      },
      {
        "status": "unavailable",
        "scope": "operation_global_system_allocator"
      },
      {
        "status": "unavailable",
        "scope": "operation_global_system_allocator"
      },
      {
        "status": "unavailable",
        "scope": "operation_global_system_allocator"
      },
      {
        "status": "unavailable",
        "scope": "operation_global_system_allocator"
      },
      {
        "status": "unavailable",
        "scope": "operation_global_system_allocator"
      },
      {
        "status": "unavailable",
        "scope": "operation_global_system_allocator"
      },
      {
        "status": "unavailable",
        "scope": "operation_global_system_allocator"
      },
      {
        "status": "unavailable",
        "scope": "operation_global_system_allocator"
      },
      {
        "status": "unavailable",
        "scope": "operation_global_system_allocator"
      },
      {
        "status": "unavailable",
        "scope": "operation_global_system_allocator"
      },
      {
        "status": "unavailable",
        "scope": "operation_global_system_allocator"
      },
      {
        "status": "unavailable",
        "scope": "operation_global_system_allocator"
      },
      {
        "status": "unavailable",
        "scope": "operation_global_system_allocator"
      },
      {
        "status": "unavailable",
        "scope": "operation_global_system_allocator"
      },
      {
        "status": "unavailable",
        "scope": "operation_global_system_allocator"
      },
      {
        "status": "unavailable",
        "scope": "operation_global_system_allocator"
      },
      {
        "status": "unavailable",
        "scope": "operation_global_system_allocator"
      },
      {
        "status": "unavailable",
        "scope": "operation_global_system_allocator"
      },
      {
        "status": "unavailable",
        "scope": "operation_global_system_allocator"
      },
      {
        "status": "unavailable",
        "scope": "operation_global_system_allocator"
      },
      {
        "status": "unavailable",
        "scope": "operation_global_system_allocator"
      },
      {
        "status": "unavailable",
        "scope": "operation_global_system_allocator"
      },
      {
        "status": "unavailable",
        "scope": "operation_global_system_allocator"
      },
      {
        "status": "unavailable",
        "scope": "operation_global_system_allocator"
      },
      {
        "status": "unavailable",
        "scope": "operation_global_system_allocator"
      },
      {
        "status": "unavailable",
        "scope": "operation_global_system_allocator"
      },
      {
        "status": "unavailable",
        "scope": "operation_global_system_allocator"
      },
      {
        "status": "unavailable",
        "scope": "operation_global_system_allocator"
      },
      {
        "status": "unavailable",
        "scope": "operation_global_system_allocator"
      },
      {
        "status": "unavailable",
        "scope": "operation_global_system_allocator"
      },
      {
        "status": "unavailable",
        "scope": "operation_global_system_allocator"
      },
      {
        "status": "unavailable",
        "scope": "operation_global_system_allocator"
      },
      {
        "status": "unavailable",
        "scope": "operation_global_system_allocator"
      },
      {
        "status": "unavailable",
        "scope": "operation_global_system_allocator"
      },
      {
        "status": "unavailable",
        "scope": "operation_global_system_allocator"
      },
      {
        "status": "unavailable",
        "scope": "operation_global_system_allocator"
      },
      {
        "status": "unavailable",
        "scope": "operation_global_system_allocator"
      },
      {
        "status": "unavailable",
        "scope": "operation_global_system_allocator"
      },
      {
        "status": "unavailable",
        "scope": "operation_global_system_allocator"
      },
      {
        "status": "unavailable",
        "scope": "operation_global_system_allocator"
      },
      {
        "status": "unavailable",
        "scope": "operation_global_system_allocator"
      },
      {
        "status": "unavailable",
        "scope": "operation_global_system_allocator"
      },
      {
        "status": "unavailable",
        "scope": "operation_global_system_allocator"
      },
      {
        "status": "unavailable",
        "scope": "operation_global_system_allocator"
      },
      {
        "status": "unavailable",
        "scope": "operation_global_system_allocator"
      },
      {
        "status": "unavailable",
        "scope": "operation_global_system_allocator"
      },
      {
        "status": "unavailable",
        "scope": "operation_global_system_allocator"
      },
      {
        "status": "unavailable",
        "scope": "operation_global_system_allocator"
      },
      {
        "status": "unavailable",
        "scope": "operation_global_system_allocator"
      },
      {
        "status": "unavailable",
        "scope": "operation_global_system_allocator"
      },
      {
        "status": "unavailable",
        "scope": "operation_global_system_allocator"
      },
      {
        "status": "unavailable",
        "scope": "operation_global_system_allocator"
      },
      {
        "status": "unavailable",
        "scope": "operation_global_system_allocator"
      },
      {
        "status": "unavailable",
        "scope": "operation_global_system_allocator"
      },
      {
        "status": "unavailable",
        "scope": "operation_global_system_allocator"
      },
      {
        "status": "unavailable",
        "scope": "operation_global_system_allocator"
      },
      {
        "status": "unavailable",
        "scope": "operation_global_system_allocator"
      },
      {
        "status": "unavailable",
        "scope": "operation_global_system_allocator"
      },
      {
        "status": "unavailable",
        "scope": "operation_global_system_allocator"
      },
      {
        "status": "unavailable",
        "scope": "operation_global_system_allocator"
      },
      {
        "status": "unavailable",
        "scope": "operation_global_system_allocator"
      },
      {
        "status": "unavailable",
        "scope": "operation_global_system_allocator"
      },
      {
        "status": "unavailable",
        "scope": "operation_global_system_allocator"
      },
      {
        "status": "unavailable",
        "scope": "operation_global_system_allocator"
      },
      {
        "status": "unavailable",
        "scope": "operation_global_system_allocator"
      },
      {
        "status": "unavailable",
        "scope": "operation_global_system_allocator"
      },
      {
        "status": "unavailable",
        "scope": "operation_global_system_allocator"
      },
      {
        "status": "unavailable",
        "scope": "operation_global_system_allocator"
      },
      {
        "status": "unavailable",
        "scope": "operation_global_system_allocator"
      },
      {
        "status": "unavailable",
        "scope": "operation_global_system_allocator"
      },
      {
        "status": "unavailable",
        "scope": "operation_global_system_allocator"
      },
      {
        "status": "unavailable",
        "scope": "operation_global_system_allocator"
      },
      {
        "status": "unavailable",
        "scope": "operation_global_system_allocator"
      },
      {
        "status": "unavailable",
        "scope": "operation_global_system_allocator"
      }
    ],
    "samples": [
      {
        "order": 0,
        "duration_ns": 12279797,
        "allocation_metrics": {
          "status": "unavailable",
          "scope": "operation_global_system_allocator"
        }
      },
      {
        "order": 1,
        "duration_ns": 12272996,
        "allocation_metrics": {
          "status": "unavailable",
          "scope": "operation_global_system_allocator"
        }
      },
      {
        "order": 2,
        "duration_ns": 12234576,
        "allocation_metrics": {
          "status": "unavailable",
          "scope": "operation_global_system_allocator"
        }
      },
      {
        "order": 3,
        "duration_ns": 12348207,
        "allocation_metrics": {
          "status": "unavailable",
          "scope": "operation_global_system_allocator"
        }
      },
      {
        "order": 4,
        "duration_ns": 12252146,
        "allocation_metrics": {
          "status": "unavailable",
          "scope": "operation_global_system_allocator"
        }
      },
      {
        "order": 5,
        "duration_ns": 12290706,
        "allocation_metrics": {
          "status": "unavailable",
          "scope": "operation_global_system_allocator"
        }
      },
      {
        "order": 6,
        "duration_ns": 12303507,
        "allocation_metrics": {
          "status": "unavailable",
          "scope": "operation_global_system_allocator"
        }
      },
      {
        "order": 7,
        "duration_ns": 12267337,
        "allocation_metrics": {
          "status": "unavailable",
          "scope": "operation_global_system_allocator"
        }
      },
      {
        "order": 8,
        "duration_ns": 12261287,
        "allocation_metrics": {
          "status": "unavailable",
          "scope": "operation_global_system_allocator"
        }
      },
      {
        "order": 9,
        "duration_ns": 12255337,
        "allocation_metrics": {
          "status": "unavailable",
          "scope": "operation_global_system_allocator"
        }
      },
      {
        "order": 10,
        "duration_ns": 12298867,
        "allocation_metrics": {
          "status": "unavailable",
          "scope": "operation_global_system_allocator"
        }
      },
      {
        "order": 11,
        "duration_ns": 12282176,
        "allocation_metrics": {
          "status": "unavailable",
          "scope": "operation_global_system_allocator"
        }
      },
      {
        "order": 12,
        "duration_ns": 12242266,
        "allocation_metrics": {
          "status": "unavailable",
          "scope": "operation_global_system_allocator"
        }
      },
      {
        "order": 13,
        "duration_ns": 12259697,
        "allocation_metrics": {
          "status": "unavailable",
          "scope": "operation_global_system_allocator"
        }
      },
      {
        "order": 14,
        "duration_ns": 12269397,
        "allocation_metrics": {
          "status": "unavailable",
          "scope": "operation_global_system_allocator"
        }
      },
      {
        "order": 15,
        "duration_ns": 12277096,
        "allocation_metrics": {
          "status": "unavailable",
          "scope": "operation_global_system_allocator"
        }
      },
      {
        "order": 16,
        "duration_ns": 12275406,
        "allocation_metrics": {
          "status": "unavailable",
          "scope": "operation_global_system_allocator"
        }
      },
      {
        "order": 17,
        "duration_ns": 12247636,
        "allocation_metrics": {
          "status": "unavailable",
          "scope": "operation_global_system_allocator"
        }
      },
      {
        "order": 18,
        "duration_ns": 12267786,
        "allocation_metrics": {
          "status": "unavailable",
          "scope": "operation_global_system_allocator"
        }
      },
      {
        "order": 19,
        "duration_ns": 12273236,
        "allocation_metrics": {
          "status": "unavailable",
          "scope": "operation_global_system_allocator"
        }
      },
      {
        "order": 20,
        "duration_ns": 12273626,
        "allocation_metrics": {
          "status": "unavailable",
          "scope": "operation_global_system_allocator"
        }
      },
      {
        "order": 21,
        "duration_ns": 12261646,
        "allocation_metrics": {
          "status": "unavailable",
          "scope": "operation_global_system_allocator"
        }
      },
      {
        "order": 22,
        "duration_ns": 12273077,
        "allocation_metrics": {
          "status": "unavailable",
          "scope": "operation_global_system_allocator"
        }
      },
      {
        "order": 23,
        "duration_ns": 12284347,
        "allocation_metrics": {
          "status": "unavailable",
          "scope": "operation_global_system_allocator"
        }
      },
      {
        "order": 24,
        "duration_ns": 12237296,
        "allocation_metrics": {
          "status": "unavailable",
          "scope": "operation_global_system_allocator"
        }
      },
      {
        "order": 25,
        "duration_ns": 12239636,
        "allocation_metrics": {
          "status": "unavailable",
          "scope": "operation_global_system_allocator"
        }
      },
      {
        "order": 26,
        "duration_ns": 12256116,
        "allocation_metrics": {
          "status": "unavailable",
          "scope": "operation_global_system_allocator"
        }
      },
      {
        "order": 27,
        "duration_ns": 12273926,
        "allocation_metrics": {
          "status": "unavailable",
          "scope": "operation_global_system_allocator"
        }
      },
      {
        "order": 28,
        "duration_ns": 12252246,
        "allocation_metrics": {
          "status": "unavailable",
          "scope": "operation_global_system_allocator"
        }
      },
      {
        "order": 29,
        "duration_ns": 12268947,
        "allocation_metrics": {
          "status": "unavailable",
          "scope": "operation_global_system_allocator"
        }
      },
      {
        "order": 30,
        "duration_ns": 12259887,
        "allocation_metrics": {
          "status": "unavailable",
          "scope": "operation_global_system_allocator"
        }
      },
      {
        "order": 31,
        "duration_ns": 12304117,
        "allocation_metrics": {
          "status": "unavailable",
          "scope": "operation_global_system_allocator"
        }
      },
      {
        "order": 32,
        "duration_ns": 12245496,
        "allocation_metrics": {
          "status": "unavailable",
          "scope": "operation_global_system_allocator"
        }
      },
      {
        "order": 33,
        "duration_ns": 12235256,
        "allocation_metrics": {
          "status": "unavailable",
          "scope": "operation_global_system_allocator"
        }
      },
      {
        "order": 34,
        "duration_ns": 12266916,
        "allocation_metrics": {
          "status": "unavailable",
          "scope": "operation_global_system_allocator"
        }
      },
      {
        "order": 35,
        "duration_ns": 12262917,
        "allocation_metrics": {
          "status": "unavailable",
          "scope": "operation_global_system_allocator"
        }
      },
      {
        "order": 36,
        "duration_ns": 12259667,
        "allocation_metrics": {
          "status": "unavailable",
          "scope": "operation_global_system_allocator"
        }
      },
      {
        "order": 37,
        "duration_ns": 12269897,
        "allocation_metrics": {
          "status": "unavailable",
          "scope": "operation_global_system_allocator"
        }
      },
      {
        "order": 38,
        "duration_ns": 12208726,
        "allocation_metrics": {
          "status": "unavailable",
          "scope": "operation_global_system_allocator"
        }
      },
      {
        "order": 39,
        "duration_ns": 12275197,
        "allocation_metrics": {
          "status": "unavailable",
          "scope": "operation_global_system_allocator"
        }
      },
      {
        "order": 40,
        "duration_ns": 12254327,
        "allocation_metrics": {
          "status": "unavailable",
          "scope": "operation_global_system_allocator"
        }
      },
      {
        "order": 41,
        "duration_ns": 12273627,
        "allocation_metrics": {
          "status": "unavailable",
          "scope": "operation_global_system_allocator"
        }
      },
      {
        "order": 42,
        "duration_ns": 12264226,
        "allocation_metrics": {
          "status": "unavailable",
          "scope": "operation_global_system_allocator"
        }
      },
      {
        "order": 43,
        "duration_ns": 12430208,
        "allocation_metrics": {
          "status": "unavailable",
          "scope": "operation_global_system_allocator"
        }
      },
      {
        "order": 44,
        "duration_ns": 12416727,
        "allocation_metrics": {
          "status": "unavailable",
          "scope": "operation_global_system_allocator"
        }
      },
      {
        "order": 45,
        "duration_ns": 12224546,
        "allocation_metrics": {
          "status": "unavailable",
          "scope": "operation_global_system_allocator"
        }
      },
      {
        "order": 46,
        "duration_ns": 12376027,
        "allocation_metrics": {
          "status": "unavailable",
          "scope": "operation_global_system_allocator"
        }
      },
      {
        "order": 47,
        "duration_ns": 12275096,
        "allocation_metrics": {
          "status": "unavailable",
          "scope": "operation_global_system_allocator"
        }
      },
      {
        "order": 48,
        "duration_ns": 12243196,
        "allocation_metrics": {
          "status": "unavailable",
          "scope": "operation_global_system_allocator"
        }
      },
      {
        "order": 49,
        "duration_ns": 12242247,
        "allocation_metrics": {
          "status": "unavailable",
          "scope": "operation_global_system_allocator"
        }
      },
      {
        "order": 50,
        "duration_ns": 12249467,
        "allocation_metrics": {
          "status": "unavailable",
          "scope": "operation_global_system_allocator"
        }
      },
      {
        "order": 51,
        "duration_ns": 12259707,
        "allocation_metrics": {
          "status": "unavailable",
          "scope": "operation_global_system_allocator"
        }
      },
      {
        "order": 52,
        "duration_ns": 12264067,
        "allocation_metrics": {
          "status": "unavailable",
          "scope": "operation_global_system_allocator"
        }
      },
      {
        "order": 53,
        "duration_ns": 12244886,
        "allocation_metrics": {
          "status": "unavailable",
          "scope": "operation_global_system_allocator"
        }
      },
      {
        "order": 54,
        "duration_ns": 12243696,
        "allocation_metrics": {
          "status": "unavailable",
          "scope": "operation_global_system_allocator"
        }
      },
      {
        "order": 55,
        "duration_ns": 12231837,
        "allocation_metrics": {
          "status": "unavailable",
          "scope": "operation_global_system_allocator"
        }
      },
      {
        "order": 56,
        "duration_ns": 12266256,
        "allocation_metrics": {
          "status": "unavailable",
          "scope": "operation_global_system_allocator"
        }
      },
      {
        "order": 57,
        "duration_ns": 12235916,
        "allocation_metrics": {
          "status": "unavailable",
          "scope": "operation_global_system_allocator"
        }
      },
      {
        "order": 58,
        "duration_ns": 12220396,
        "allocation_metrics": {
          "status": "unavailable",
          "scope": "operation_global_system_allocator"
        }
      },
      {
        "order": 59,
        "duration_ns": 12239446,
        "allocation_metrics": {
          "status": "unavailable",
          "scope": "operation_global_system_allocator"
        }
      },
      {
        "order": 60,
        "duration_ns": 12518238,
        "allocation_metrics": {
          "status": "unavailable",
          "scope": "operation_global_system_allocator"
        }
      },
      {
        "order": 61,
        "duration_ns": 12244996,
        "allocation_metrics": {
          "status": "unavailable",
          "scope": "operation_global_system_allocator"
        }
      },
      {
        "order": 62,
        "duration_ns": 12232116,
        "allocation_metrics": {
          "status": "unavailable",
          "scope": "operation_global_system_allocator"
        }
      },
      {
        "order": 63,
        "duration_ns": 12220456,
        "allocation_metrics": {
          "status": "unavailable",
          "scope": "operation_global_system_allocator"
        }
      },
      {
        "order": 64,
        "duration_ns": 12240077,
        "allocation_metrics": {
          "status": "unavailable",
          "scope": "operation_global_system_allocator"
        }
      },
      {
        "order": 65,
        "duration_ns": 12239947,
        "allocation_metrics": {
          "status": "unavailable",
          "scope": "operation_global_system_allocator"
        }
      },
      {
        "order": 66,
        "duration_ns": 12220176,
        "allocation_metrics": {
          "status": "unavailable",
          "scope": "operation_global_system_allocator"
        }
      },
      {
        "order": 67,
        "duration_ns": 12287307,
        "allocation_metrics": {
          "status": "unavailable",
          "scope": "operation_global_system_allocator"
        }
      },
      {
        "order": 68,
        "duration_ns": 12251306,
        "allocation_metrics": {
          "status": "unavailable",
          "scope": "operation_global_system_allocator"
        }
      },
      {
        "order": 69,
        "duration_ns": 12268656,
        "allocation_metrics": {
          "status": "unavailable",
          "scope": "operation_global_system_allocator"
        }
      },
      {
        "order": 70,
        "duration_ns": 12310587,
        "allocation_metrics": {
          "status": "unavailable",
          "scope": "operation_global_system_allocator"
        }
      },
      {
        "order": 71,
        "duration_ns": 12425037,
        "allocation_metrics": {
          "status": "unavailable",
          "scope": "operation_global_system_allocator"
        }
      },
      {
        "order": 72,
        "duration_ns": 12444557,
        "allocation_metrics": {
          "status": "unavailable",
          "scope": "operation_global_system_allocator"
        }
      },
      {
        "order": 73,
        "duration_ns": 12389217,
        "allocation_metrics": {
          "status": "unavailable",
          "scope": "operation_global_system_allocator"
        }
      },
      {
        "order": 74,
        "duration_ns": 12446867,
        "allocation_metrics": {
          "status": "unavailable",
          "scope": "operation_global_system_allocator"
        }
      },
      {
        "order": 75,
        "duration_ns": 12281586,
        "allocation_metrics": {
          "status": "unavailable",
          "scope": "operation_global_system_allocator"
        }
      },
      {
        "order": 76,
        "duration_ns": 12435527,
        "allocation_metrics": {
          "status": "unavailable",
          "scope": "operation_global_system_allocator"
        }
      },
      {
        "order": 77,
        "duration_ns": 12256836,
        "allocation_metrics": {
          "status": "unavailable",
          "scope": "operation_global_system_allocator"
        }
      },
      {
        "order": 78,
        "duration_ns": 12261146,
        "allocation_metrics": {
          "status": "unavailable",
          "scope": "operation_global_system_allocator"
        }
      },
      {
        "order": 79,
        "duration_ns": 12272257,
        "allocation_metrics": {
          "status": "unavailable",
          "scope": "operation_global_system_allocator"
        }
      },
      {
        "order": 80,
        "duration_ns": 12266827,
        "allocation_metrics": {
          "status": "unavailable",
          "scope": "operation_global_system_allocator"
        }
      },
      {
        "order": 81,
        "duration_ns": 12256657,
        "allocation_metrics": {
          "status": "unavailable",
          "scope": "operation_global_system_allocator"
        }
      },
      {
        "order": 82,
        "duration_ns": 12228976,
        "allocation_metrics": {
          "status": "unavailable",
          "scope": "operation_global_system_allocator"
        }
      },
      {
        "order": 83,
        "duration_ns": 12312367,
        "allocation_metrics": {
          "status": "unavailable",
          "scope": "operation_global_system_allocator"
        }
      },
      {
        "order": 84,
        "duration_ns": 12335347,
        "allocation_metrics": {
          "status": "unavailable",
          "scope": "operation_global_system_allocator"
        }
      },
      {
        "order": 85,
        "duration_ns": 12267537,
        "allocation_metrics": {
          "status": "unavailable",
          "scope": "operation_global_system_allocator"
        }
      },
      {
        "order": 86,
        "duration_ns": 12238306,
        "allocation_metrics": {
          "status": "unavailable",
          "scope": "operation_global_system_allocator"
        }
      },
      {
        "order": 87,
        "duration_ns": 12260636,
        "allocation_metrics": {
          "status": "unavailable",
          "scope": "operation_global_system_allocator"
        }
      },
      {
        "order": 88,
        "duration_ns": 12301276,
        "allocation_metrics": {
          "status": "unavailable",
          "scope": "operation_global_system_allocator"
        }
      },
      {
        "order": 89,
        "duration_ns": 12266326,
        "allocation_metrics": {
          "status": "unavailable",
          "scope": "operation_global_system_allocator"
        }
      },
      {
        "order": 90,
        "duration_ns": 12413637,
        "allocation_metrics": {
          "status": "unavailable",
          "scope": "operation_global_system_allocator"
        }
      },
      {
        "order": 91,
        "duration_ns": 12449238,
        "allocation_metrics": {
          "status": "unavailable",
          "scope": "operation_global_system_allocator"
        }
      },
      {
        "order": 92,
        "duration_ns": 12469118,
        "allocation_metrics": {
          "status": "unavailable",
          "scope": "operation_global_system_allocator"
        }
      },
      {
        "order": 93,
        "duration_ns": 12260027,
        "allocation_metrics": {
          "status": "unavailable",
          "scope": "operation_global_system_allocator"
        }
      },
      {
        "order": 94,
        "duration_ns": 12228866,
        "allocation_metrics": {
          "status": "unavailable",
          "scope": "operation_global_system_allocator"
        }
      },
      {
        "order": 95,
        "duration_ns": 12460767,
        "allocation_metrics": {
          "status": "unavailable",
          "scope": "operation_global_system_allocator"
        }
      },
      {
        "order": 96,
        "duration_ns": 12476517,
        "allocation_metrics": {
          "status": "unavailable",
          "scope": "operation_global_system_allocator"
        }
      },
      {
        "order": 97,
        "duration_ns": 12420708,
        "allocation_metrics": {
          "status": "unavailable",
          "scope": "operation_global_system_allocator"
        }
      },
      {
        "order": 98,
        "duration_ns": 12436627,
        "allocation_metrics": {
          "status": "unavailable",
          "scope": "operation_global_system_allocator"
        }
      },
      {
        "order": 99,
        "duration_ns": 12429098,
        "allocation_metrics": {
          "status": "unavailable",
          "scope": "operation_global_system_allocator"
        }
      },
      {
        "order": 100,
        "duration_ns": 12276727,
        "allocation_metrics": {
          "status": "unavailable",
          "scope": "operation_global_system_allocator"
        }
      },
      {
        "order": 101,
        "duration_ns": 12301157,
        "allocation_metrics": {
          "status": "unavailable",
          "scope": "operation_global_system_allocator"
        }
      },
      {
        "order": 102,
        "duration_ns": 12300567,
        "allocation_metrics": {
          "status": "unavailable",
          "scope": "operation_global_system_allocator"
        }
      },
      {
        "order": 103,
        "duration_ns": 12273846,
        "allocation_metrics": {
          "status": "unavailable",
          "scope": "operation_global_system_allocator"
        }
      },
      {
        "order": 104,
        "duration_ns": 12256826,
        "allocation_metrics": {
          "status": "unavailable",
          "scope": "operation_global_system_allocator"
        }
      },
      {
        "order": 105,
        "duration_ns": 12274867,
        "allocation_metrics": {
          "status": "unavailable",
          "scope": "operation_global_system_allocator"
        }
      },
      {
        "order": 106,
        "duration_ns": 12280777,
        "allocation_metrics": {
          "status": "unavailable",
          "scope": "operation_global_system_allocator"
        }
      },
      {
        "order": 107,
        "duration_ns": 12274637,
        "allocation_metrics": {
          "status": "unavailable",
          "scope": "operation_global_system_allocator"
        }
      },
      {
        "order": 108,
        "duration_ns": 12301376,
        "allocation_metrics": {
          "status": "unavailable",
          "scope": "operation_global_system_allocator"
        }
      },
      {
        "order": 109,
        "duration_ns": 12272466,
        "allocation_metrics": {
          "status": "unavailable",
          "scope": "operation_global_system_allocator"
        }
      },
      {
        "order": 110,
        "duration_ns": 12291776,
        "allocation_metrics": {
          "status": "unavailable",
          "scope": "operation_global_system_allocator"
        }
      },
      {
        "order": 111,
        "duration_ns": 12292387,
        "allocation_metrics": {
          "status": "unavailable",
          "scope": "operation_global_system_allocator"
        }
      },
      {
        "order": 112,
        "duration_ns": 12235746,
        "allocation_metrics": {
          "status": "unavailable",
          "scope": "operation_global_system_allocator"
        }
      },
      {
        "order": 113,
        "duration_ns": 12269146,
        "allocation_metrics": {
          "status": "unavailable",
          "scope": "operation_global_system_allocator"
        }
      },
      {
        "order": 114,
        "duration_ns": 12284756,
        "allocation_metrics": {
          "status": "unavailable",
          "scope": "operation_global_system_allocator"
        }
      },
      {
        "order": 115,
        "duration_ns": 12263926,
        "allocation_metrics": {
          "status": "unavailable",
          "scope": "operation_global_system_allocator"
        }
      },
      {
        "order": 116,
        "duration_ns": 12266966,
        "allocation_metrics": {
          "status": "unavailable",
          "scope": "operation_global_system_allocator"
        }
      },
      {
        "order": 117,
        "duration_ns": 12272816,
        "allocation_metrics": {
          "status": "unavailable",
          "scope": "operation_global_system_allocator"
        }
      },
      {
        "order": 118,
        "duration_ns": 12272756,
        "allocation_metrics": {
          "status": "unavailable",
          "scope": "operation_global_system_allocator"
        }
      },
      {
        "order": 119,
        "duration_ns": 12272026,
        "allocation_metrics": {
          "status": "unavailable",
          "scope": "operation_global_system_allocator"
        }
      },
      {
        "order": 120,
        "duration_ns": 12250476,
        "allocation_metrics": {
          "status": "unavailable",
          "scope": "operation_global_system_allocator"
        }
      },
      {
        "order": 121,
        "duration_ns": 12266577,
        "allocation_metrics": {
          "status": "unavailable",
          "scope": "operation_global_system_allocator"
        }
      },
      {
        "order": 122,
        "duration_ns": 12247186,
        "allocation_metrics": {
          "status": "unavailable",
          "scope": "operation_global_system_allocator"
        }
      },
      {
        "order": 123,
        "duration_ns": 12254657,
        "allocation_metrics": {
          "status": "unavailable",
          "scope": "operation_global_system_allocator"
        }
      },
      {
        "order": 124,
        "duration_ns": 12303657,
        "allocation_metrics": {
          "status": "unavailable",
          "scope": "operation_global_system_allocator"
        }
      },
      {
        "order": 125,
        "duration_ns": 12269406,
        "allocation_metrics": {
          "status": "unavailable",
          "scope": "operation_global_system_allocator"
        }
      },
      {
        "order": 126,
        "duration_ns": 12293156,
        "allocation_metrics": {
          "status": "unavailable",
          "scope": "operation_global_system_allocator"
        }
      },
      {
        "order": 127,
        "duration_ns": 12291196,
        "allocation_metrics": {
          "status": "unavailable",
          "scope": "operation_global_system_allocator"
        }
      },
      {
        "order": 128,
        "duration_ns": 12307956,
        "allocation_metrics": {
          "status": "unavailable",
          "scope": "operation_global_system_allocator"
        }
      },
      {
        "order": 129,
        "duration_ns": 12309337,
        "allocation_metrics": {
          "status": "unavailable",
          "scope": "operation_global_system_allocator"
        }
      },
      {
        "order": 130,
        "duration_ns": 12318617,
        "allocation_metrics": {
          "status": "unavailable",
          "scope": "operation_global_system_allocator"
        }
      },
      {
        "order": 131,
        "duration_ns": 12236586,
        "allocation_metrics": {
          "status": "unavailable",
          "scope": "operation_global_system_allocator"
        }
      },
      {
        "order": 132,
        "duration_ns": 12269596,
        "allocation_metrics": {
          "status": "unavailable",
          "scope": "operation_global_system_allocator"
        }
      },
      {
        "order": 133,
        "duration_ns": 12206606,
        "allocation_metrics": {
          "status": "unavailable",
          "scope": "operation_global_system_allocator"
        }
      },
      {
        "order": 134,
        "duration_ns": 12382627,
        "allocation_metrics": {
          "status": "unavailable",
          "scope": "operation_global_system_allocator"
        }
      },
      {
        "order": 135,
        "duration_ns": 12212886,
        "allocation_metrics": {
          "status": "unavailable",
          "scope": "operation_global_system_allocator"
        }
      },
      {
        "order": 136,
        "duration_ns": 12409997,
        "allocation_metrics": {
          "status": "unavailable",
          "scope": "operation_global_system_allocator"
        }
      },
      {
        "order": 137,
        "duration_ns": 12217057,
        "allocation_metrics": {
          "status": "unavailable",
          "scope": "operation_global_system_allocator"
        }
      },
      {
        "order": 138,
        "duration_ns": 12215066,
        "allocation_metrics": {
          "status": "unavailable",
          "scope": "operation_global_system_allocator"
        }
      },
      {
        "order": 139,
        "duration_ns": 12225476,
        "allocation_metrics": {
          "status": "unavailable",
          "scope": "operation_global_system_allocator"
        }
      },
      {
        "order": 140,
        "duration_ns": 12193847,
        "allocation_metrics": {
          "status": "unavailable",
          "scope": "operation_global_system_allocator"
        }
      },
      {
        "order": 141,
        "duration_ns": 12281446,
        "allocation_metrics": {
          "status": "unavailable",
          "scope": "operation_global_system_allocator"
        }
      },
      {
        "order": 142,
        "duration_ns": 12258326,
        "allocation_metrics": {
          "status": "unavailable",
          "scope": "operation_global_system_allocator"
        }
      },
      {
        "order": 143,
        "duration_ns": 12217126,
        "allocation_metrics": {
          "status": "unavailable",
          "scope": "operation_global_system_allocator"
        }
      },
      {
        "order": 144,
        "duration_ns": 12218096,
        "allocation_metrics": {
          "status": "unavailable",
          "scope": "operation_global_system_allocator"
        }
      },
      {
        "order": 145,
        "duration_ns": 12341747,
        "allocation_metrics": {
          "status": "unavailable",
          "scope": "operation_global_system_allocator"
        }
      },
      {
        "order": 146,
        "duration_ns": 12206096,
        "allocation_metrics": {
          "status": "unavailable",
          "scope": "operation_global_system_allocator"
        }
      },
      {
        "order": 147,
        "duration_ns": 12235987,
        "allocation_metrics": {
          "status": "unavailable",
          "scope": "operation_global_system_allocator"
        }
      },
      {
        "order": 148,
        "duration_ns": 12220107,
        "allocation_metrics": {
          "status": "unavailable",
          "scope": "operation_global_system_allocator"
        }
      },
      {
        "order": 149,
        "duration_ns": 12202686,
        "allocation_metrics": {
          "status": "unavailable",
          "scope": "operation_global_system_allocator"
        }
      },
      {
        "order": 150,
        "duration_ns": 12231326,
        "allocation_metrics": {
          "status": "unavailable",
          "scope": "operation_global_system_allocator"
        }
      },
      {
        "order": 151,
        "duration_ns": 12240376,
        "allocation_metrics": {
          "status": "unavailable",
          "scope": "operation_global_system_allocator"
        }
      },
      {
        "order": 152,
        "duration_ns": 12212826,
        "allocation_metrics": {
          "status": "unavailable",
          "scope": "operation_global_system_allocator"
        }
      },
      {
        "order": 153,
        "duration_ns": 12210236,
        "allocation_metrics": {
          "status": "unavailable",
          "scope": "operation_global_system_allocator"
        }
      },
      {
        "order": 154,
        "duration_ns": 12256816,
        "allocation_metrics": {
          "status": "unavailable",
          "scope": "operation_global_system_allocator"
        }
      },
      {
        "order": 155,
        "duration_ns": 12253736,
        "allocation_metrics": {
          "status": "unavailable",
          "scope": "operation_global_system_allocator"
        }
      },
      {
        "order": 156,
        "duration_ns": 12221226,
        "allocation_metrics": {
          "status": "unavailable",
          "scope": "operation_global_system_allocator"
        }
      },
      {
        "order": 157,
        "duration_ns": 12242987,
        "allocation_metrics": {
          "status": "unavailable",
          "scope": "operation_global_system_allocator"
        }
      },
      {
        "order": 158,
        "duration_ns": 12256086,
        "allocation_metrics": {
          "status": "unavailable",
          "scope": "operation_global_system_allocator"
        }
      },
      {
        "order": 159,
        "duration_ns": 12281286,
        "allocation_metrics": {
          "status": "unavailable",
          "scope": "operation_global_system_allocator"
        }
      },
      {
        "order": 160,
        "duration_ns": 12260366,
        "allocation_metrics": {
          "status": "unavailable",
          "scope": "operation_global_system_allocator"
        }
      },
      {
        "order": 161,
        "duration_ns": 12263476,
        "allocation_metrics": {
          "status": "unavailable",
          "scope": "operation_global_system_allocator"
        }
      },
      {
        "order": 162,
        "duration_ns": 12262616,
        "allocation_metrics": {
          "status": "unavailable",
          "scope": "operation_global_system_allocator"
        }
      },
      {
        "order": 163,
        "duration_ns": 12325527,
        "allocation_metrics": {
          "status": "unavailable",
          "scope": "operation_global_system_allocator"
        }
      },
      {
        "order": 164,
        "duration_ns": 12265287,
        "allocation_metrics": {
          "status": "unavailable",
          "scope": "operation_global_system_allocator"
        }
      },
      {
        "order": 165,
        "duration_ns": 12233477,
        "allocation_metrics": {
          "status": "unavailable",
          "scope": "operation_global_system_allocator"
        }
      },
      {
        "order": 166,
        "duration_ns": 12251156,
        "allocation_metrics": {
          "status": "unavailable",
          "scope": "operation_global_system_allocator"
        }
      },
      {
        "order": 167,
        "duration_ns": 12254357,
        "allocation_metrics": {
          "status": "unavailable",
          "scope": "operation_global_system_allocator"
        }
      },
      {
        "order": 168,
        "duration_ns": 12291477,
        "allocation_metrics": {
          "status": "unavailable",
          "scope": "operation_global_system_allocator"
        }
      },
      {
        "order": 169,
        "duration_ns": 12248417,
        "allocation_metrics": {
          "status": "unavailable",
          "scope": "operation_global_system_allocator"
        }
      },
      {
        "order": 170,
        "duration_ns": 12247556,
        "allocation_metrics": {
          "status": "unavailable",
          "scope": "operation_global_system_allocator"
        }
      },
      {
        "order": 171,
        "duration_ns": 12291166,
        "allocation_metrics": {
          "status": "unavailable",
          "scope": "operation_global_system_allocator"
        }
      },
      {
        "order": 172,
        "duration_ns": 12268476,
        "allocation_metrics": {
          "status": "unavailable",
          "scope": "operation_global_system_allocator"
        }
      },
      {
        "order": 173,
        "duration_ns": 12272836,
        "allocation_metrics": {
          "status": "unavailable",
          "scope": "operation_global_system_allocator"
        }
      },
      {
        "order": 174,
        "duration_ns": 12228076,
        "allocation_metrics": {
          "status": "unavailable",
          "scope": "operation_global_system_allocator"
        }
      },
      {
        "order": 175,
        "duration_ns": 12233926,
        "allocation_metrics": {
          "status": "unavailable",
          "scope": "operation_global_system_allocator"
        }
      },
      {
        "order": 176,
        "duration_ns": 12230697,
        "allocation_metrics": {
          "status": "unavailable",
          "scope": "operation_global_system_allocator"
        }
      },
      {
        "order": 177,
        "duration_ns": 12267567,
        "allocation_metrics": {
          "status": "unavailable",
          "scope": "operation_global_system_allocator"
        }
      },
      {
        "order": 178,
        "duration_ns": 12245186,
        "allocation_metrics": {
          "status": "unavailable",
          "scope": "operation_global_system_allocator"
        }
      },
      {
        "order": 179,
        "duration_ns": 12229616,
        "allocation_metrics": {
          "status": "unavailable",
          "scope": "operation_global_system_allocator"
        }
      },
      {
        "order": 180,
        "duration_ns": 12212627,
        "allocation_metrics": {
          "status": "unavailable",
          "scope": "operation_global_system_allocator"
        }
      },
      {
        "order": 181,
        "duration_ns": 12270896,
        "allocation_metrics": {
          "status": "unavailable",
          "scope": "operation_global_system_allocator"
        }
      },
      {
        "order": 182,
        "duration_ns": 12445307,
        "allocation_metrics": {
          "status": "unavailable",
          "scope": "operation_global_system_allocator"
        }
      },
      {
        "order": 183,
        "duration_ns": 12208666,
        "allocation_metrics": {
          "status": "unavailable",
          "scope": "operation_global_system_allocator"
        }
      },
      {
        "order": 184,
        "duration_ns": 12392267,
        "allocation_metrics": {
          "status": "unavailable",
          "scope": "operation_global_system_allocator"
        }
      },
      {
        "order": 185,
        "duration_ns": 12276566,
        "allocation_metrics": {
          "status": "unavailable",
          "scope": "operation_global_system_allocator"
        }
      },
      {
        "order": 186,
        "duration_ns": 12262076,
        "allocation_metrics": {
          "status": "unavailable",
          "scope": "operation_global_system_allocator"
        }
      },
      {
        "order": 187,
        "duration_ns": 12535948,
        "allocation_metrics": {
          "status": "unavailable",
          "scope": "operation_global_system_allocator"
        }
      },
      {
        "order": 188,
        "duration_ns": 12239956,
        "allocation_metrics": {
          "status": "unavailable",
          "scope": "operation_global_system_allocator"
        }
      },
      {
        "order": 189,
        "duration_ns": 12255796,
        "allocation_metrics": {
          "status": "unavailable",
          "scope": "operation_global_system_allocator"
        }
      },
      {
        "order": 190,
        "duration_ns": 12259216,
        "allocation_metrics": {
          "status": "unavailable",
          "scope": "operation_global_system_allocator"
        }
      },
      {
        "order": 191,
        "duration_ns": 12246226,
        "allocation_metrics": {
          "status": "unavailable",
          "scope": "operation_global_system_allocator"
        }
      },
      {
        "order": 192,
        "duration_ns": 12245327,
        "allocation_metrics": {
          "status": "unavailable",
          "scope": "operation_global_system_allocator"
        }
      },
      {
        "order": 193,
        "duration_ns": 12281226,
        "allocation_metrics": {
          "status": "unavailable",
          "scope": "operation_global_system_allocator"
        }
      },
      {
        "order": 194,
        "duration_ns": 12241726,
        "allocation_metrics": {
          "status": "unavailable",
          "scope": "operation_global_system_allocator"
        }
      },
      {
        "order": 195,
        "duration_ns": 12242386,
        "allocation_metrics": {
          "status": "unavailable",
          "scope": "operation_global_system_allocator"
        }
      },
      {
        "order": 196,
        "duration_ns": 12516077,
        "allocation_metrics": {
          "status": "unavailable",
          "scope": "operation_global_system_allocator"
        }
      },
      {
        "order": 197,
        "duration_ns": 12239186,
        "allocation_metrics": {
          "status": "unavailable",
          "scope": "operation_global_system_allocator"
        }
      },
      {
        "order": 198,
        "duration_ns": 12220817,
        "allocation_metrics": {
          "status": "unavailable",
          "scope": "operation_global_system_allocator"
        }
      },
      {
        "order": 199,
        "duration_ns": 12235426,
        "allocation_metrics": {
          "status": "unavailable",
          "scope": "operation_global_system_allocator"
        }
      }
    ]
  },
  "correctness": {
    "source_unchanged": true,
    "retry_preserved_error": true,
    "valid_snapshot_values": false,
    "empty_commit_is_noop": false,
    "expected_error_exact": true,
    "commit_outside_timing": false
  },
  "binary": {
    "path": "/home/zhuhe/litchi-goal-0553-target/retained/candidate/guard-normal",
    "sha256": "2cd3319faa7e98d9c760e48d39c6f8b8692d6a7fdfba2af37925d9ac6c1ac3a0",
    "bytes": 7415984
  },
  "runner": {
    "git_revision": "8aa0c5baf0616d16c79eba0c6c28dc1716338ad6",
    "git_dirty": true,
    "rustc_vv": "rustc 1.95.0 (59807616e 2026-04-14)\nbinary: rustc\ncommit-hash: 59807616e1fa2540724bfbac14d7976d7e4a3860\ncommit-date: 2026-04-14\nhost: x86_64-unknown-linux-gnu\nrelease: 1.95.0\nLLVM version: 22.1.2",
    "os": "linux",
    "arch": "x86_64",
    "profile": "release"
  },
  "allocation_scope": "operation_global_system_allocator",
  "allocator": "Rust system allocator",
  "instrumentation": "none",
  "counter_revision": null,
  "timing_scope": "source_open_and_fixture_and_selector_setup_excluded; edit_sheets_result_retained_until_clock_and_allocation_end; inspection_commit_and_drop_excluded",
  "performance_claim": "none: correctness and planning diagnostic only; no speedup claim"
}
