{
  "schema": "litchi.xlsx.planning-refusal-guard.v1",
  "tool": "xlsx_planning_guard",
  "case": "late-raw",
  "shape": "medium",
  "warmup_iterations": 20,
  "samples": 200,
  "source": {
    "generator": "litchi-xlsx-planning-refusal-guard-fixed-grid-v1",
    "shape": "medium",
    "rows": 96,
    "columns": 96,
    "archive_bytes": 248043,
    "worksheet_bytes": 246229,
    "source_sha256": "aa41c4d9dad3b053a6ea337039b2eb94bea521cbefe02caf9a622ae4a7149c63",
    "worksheet_sha256": "3f922c4e390aafb957d354ead5b12de3af6e3f88c5d20de5c32d1e91b19e6f8f",
    "worksheet_member": "xl/worksheets/sheet1.xml",
    "compression": "stored",
    "fixture_kind": "raw_zip_input_no_opc_authored_xml_validation"
  },
  "source_sha256": "aa41c4d9dad3b053a6ea337039b2eb94bea521cbefe02caf9a622ae4a7149c63",
  "logical_error": {
    "status": "expected_failure",
    "variant": "Invalid",
    "message": "invalid worksheet boolean 'maybe'"
  },
  "phase": {
    "name": "edit_sheets",
    "sample_order": [
      0,
      1,
      2,
      3,
      4,
      5,
      6,
      7,
      8,
      9,
      10,
      11,
      12,
      13,
      14,
      15,
      16,
      17,
      18,
      19,
      20,
      21,
      22,
      23,
      24,
      25,
      26,
      27,
      28,
      29,
      30,
      31,
      32,
      33,
      34,
      35,
      36,
      37,
      38,
      39,
      40,
      41,
      42,
      43,
      44,
      45,
      46,
      47,
      48,
      49,
      50,
      51,
      52,
      53,
      54,
      55,
      56,
      57,
      58,
      59,
      60,
      61,
      62,
      63,
      64,
      65,
      66,
      67,
      68,
      69,
      70,
      71,
      72,
      73,
      74,
      75,
      76,
      77,
      78,
      79,
      80,
      81,
      82,
      83,
      84,
      85,
      86,
      87,
      88,
      89,
      90,
      91,
      92,
      93,
      94,
      95,
      96,
      97,
      98,
      99,
      100,
      101,
      102,
      103,
      104,
      105,
      106,
      107,
      108,
      109,
      110,
      111,
      112,
      113,
      114,
      115,
      116,
      117,
      118,
      119,
      120,
      121,
      122,
      123,
      124,
      125,
      126,
      127,
      128,
      129,
      130,
      131,
      132,
      133,
      134,
      135,
      136,
      137,
      138,
      139,
      140,
      141,
      142,
      143,
      144,
      145,
      146,
      147,
      148,
      149,
      150,
      151,
      152,
      153,
      154,
      155,
      156,
      157,
      158,
      159,
      160,
      161,
      162,
      163,
      164,
      165,
      166,
      167,
      168,
      169,
      170,
      171,
      172,
      173,
      174,
      175,
      176,
      177,
      178,
      179,
      180,
      181,
      182,
      183,
      184,
      185,
      186,
      187,
      188,
      189,
      190,
      191,
      192,
      193,
      194,
      195,
      196,
      197,
      198,
      199
    ],
    "duration_ns": [
      6804451,
      6776311,
      6809931,
      6802021,
      6801401,
      6864752,
      7072342,
      6839352,
      6806521,
      6800661,
      6776681,
      6782541,
      6800181,
      6784071,
      6792431,
      6777021,
      6785341,
      6779631,
      6779541,
      6793701,
      6771981,
      6780851,
      6862381,
      6790991,
      6803721,
      6813982,
      6799242,
      6814291,
      6809951,
      6804741,
      6811211,
      6808021,
      6797521,
      6798521,
      6813431,
      6835652,
      6811542,
      6799131,
      6774791,
      6794411,
      6787661,
      6785421,
      6794461,
      6783481,
      6845741,
      6776322,
      6793112,
      6796112,
      6789371,
      6804772,
      6819132,
      6799471,
      6782731,
      6842872,
      6818031,
      6822771,
      6789791,
      6814312,
      6806171,
      6793741,
      6810701,
      6782481,
      6803891,
      7042822,
      6799591,
      6792291,
      6805421,
      6799541,
      6807691,
      6809852,
      6785802,
      6799772,
      6787131,
      6800431,
      6796841,
      6798441,
      6793871,
      6794311,
      6812511,
      6790601,
      6792501,
      6782311,
      6783432,
      6809222,
      6791341,
      6790151,
      6865851,
      6816031,
      6786071,
      6780331,
      6781642,
      6850941,
      6785891,
      6789021,
      6779051,
      6799501,
      6789461,
      6790901,
      6780161,
      6786351,
      6806691,
      6803151,
      6793182,
      6792451,
      6783301,
      6804162,
      6794021,
      6939261,
      7075332,
      6797651,
      6793481,
      6797571,
      6779341,
      6788831,
      6794111,
      6816741,
      6803691,
      6790071,
      6798381,
      6790161,
      6796021,
      6806692,
      6791792,
      6803482,
      6801371,
      6791121,
      6865991,
      6801271,
      6811551,
      6815211,
      6791161,
      6798752,
      6790512,
      6793412,
      6792552,
      6787982,
      6794901,
      6777992,
      6795802,
      6860721,
      6795911,
      6779691,
      6783351,
      6780891,
      6782431,
      6776471,
      6790711,
      6794592,
      6792041,
      6776701,
      6790791,
      6799421,
      6860031,
      7080892,
      6780121,
      6812051,
      6789531,
      6862122,
      6869172,
      6813341,
      6824561,
      6791761,
      6818352,
      6772451,
      6797811,
      6778661,
      6863582,
      6773322,
      6795922,
      6787312,
      6781541,
      6789921,
      6862442,
      6798331,
      6799741,
      6784241,
      6776501,
      6788442,
      6775441,
      6780881,
      6793731,
      6799201,
      6773402,
      6788261,
      6777221,
      6826742,
      6771670,
      6786942,
      6767521,
      6783651,
      6853331,
      6787621,
      6781231,
      6799011,
      6789401,
      6796341,
      6904641,
      6894672,
      6902252,
      6908872
    ],
    "allocation_metrics": [
      {
        "status": "unavailable",
        "scope": "operation_global_system_allocator"
      },
      {
        "status": "unavailable",
        "scope": "operation_global_system_allocator"
      },
      {
        "status": "unavailable",
        "scope": "operation_global_system_allocator"
      },
      {
        "status": "unavailable",
        "scope": "operation_global_system_allocator"
      },
      {
        "status": "unavailable",
        "scope": "operation_global_system_allocator"
      },
      {
        "status": "unavailable",
        "scope": "operation_global_system_allocator"
      },
      {
        "status": "unavailable",
        "scope": "operation_global_system_allocator"
      },
      {
        "status": "unavailable",
        "scope": "operation_global_system_allocator"
      },
      {
        "status": "unavailable",
        "scope": "operation_global_system_allocator"
      },
      {
        "status": "unavailable",
        "scope": "operation_global_system_allocator"
      },
      {
        "status": "unavailable",
        "scope": "operation_global_system_allocator"
      },
      {
        "status": "unavailable",
        "scope": "operation_global_system_allocator"
      },
      {
        "status": "unavailable",
        "scope": "operation_global_system_allocator"
      },
      {
        "status": "unavailable",
        "scope": "operation_global_system_allocator"
      },
      {
        "status": "unavailable",
        "scope": "operation_global_system_allocator"
      },
      {
        "status": "unavailable",
        "scope": "operation_global_system_allocator"
      },
      {
        "status": "unavailable",
        "scope": "operation_global_system_allocator"
      },
      {
        "status": "unavailable",
        "scope": "operation_global_system_allocator"
      },
      {
        "status": "unavailable",
        "scope": "operation_global_system_allocator"
      },
      {
        "status": "unavailable",
        "scope": "operation_global_system_allocator"
      },
      {
        "status": "unavailable",
        "scope": "operation_global_system_allocator"
      },
      {
        "status": "unavailable",
        "scope": "operation_global_system_allocator"
      },
      {
        "status": "unavailable",
        "scope": "operation_global_system_allocator"
      },
      {
        "status": "unavailable",
        "scope": "operation_global_system_allocator"
      },
      {
        "status": "unavailable",
        "scope": "operation_global_system_allocator"
      },
      {
        "status": "unavailable",
        "scope": "operation_global_system_allocator"
      },
      {
        "status": "unavailable",
        "scope": "operation_global_system_allocator"
      },
      {
        "status": "unavailable",
        "scope": "operation_global_system_allocator"
      },
      {
        "status": "unavailable",
        "scope": "operation_global_system_allocator"
      },
      {
        "status": "unavailable",
        "scope": "operation_global_system_allocator"
      },
      {
        "status": "unavailable",
        "scope": "operation_global_system_allocator"
      },
      {
        "status": "unavailable",
        "scope": "operation_global_system_allocator"
      },
      {
        "status": "unavailable",
        "scope": "operation_global_system_allocator"
      },
      {
        "status": "unavailable",
        "scope": "operation_global_system_allocator"
      },
      {
        "status": "unavailable",
        "scope": "operation_global_system_allocator"
      },
      {
        "status": "unavailable",
        "scope": "operation_global_system_allocator"
      },
      {
        "status": "unavailable",
        "scope": "operation_global_system_allocator"
      },
      {
        "status": "unavailable",
        "scope": "operation_global_system_allocator"
      },
      {
        "status": "unavailable",
        "scope": "operation_global_system_allocator"
      },
      {
        "status": "unavailable",
        "scope": "operation_global_system_allocator"
      },
      {
        "status": "unavailable",
        "scope": "operation_global_system_allocator"
      },
      {
        "status": "unavailable",
        "scope": "operation_global_system_allocator"
      },
      {
        "status": "unavailable",
        "scope": "operation_global_system_allocator"
      },
      {
        "status": "unavailable",
        "scope": "operation_global_system_allocator"
      },
      {
        "status": "unavailable",
        "scope": "operation_global_system_allocator"
      },
      {
        "status": "unavailable",
        "scope": "operation_global_system_allocator"
      },
      {
        "status": "unavailable",
        "scope": "operation_global_system_allocator"
      },
      {
        "status": "unavailable",
        "scope": "operation_global_system_allocator"
      },
      {
        "status": "unavailable",
        "scope": "operation_global_system_allocator"
      },
      {
        "status": "unavailable",
        "scope": "operation_global_system_allocator"
      },
      {
        "status": "unavailable",
        "scope": "operation_global_system_allocator"
      },
      {
        "status": "unavailable",
        "scope": "operation_global_system_allocator"
      },
      {
        "status": "unavailable",
        "scope": "operation_global_system_allocator"
      },
      {
        "status": "unavailable",
        "scope": "operation_global_system_allocator"
      },
      {
        "status": "unavailable",
        "scope": "operation_global_system_allocator"
      },
      {
        "status": "unavailable",
        "scope": "operation_global_system_allocator"
      },
      {
        "status": "unavailable",
        "scope": "operation_global_system_allocator"
      },
      {
        "status": "unavailable",
        "scope": "operation_global_system_allocator"
      },
      {
        "status": "unavailable",
        "scope": "operation_global_system_allocator"
      },
      {
        "status": "unavailable",
        "scope": "operation_global_system_allocator"
      },
      {
        "status": "unavailable",
        "scope": "operation_global_system_allocator"
      },
      {
        "status": "unavailable",
        "scope": "operation_global_system_allocator"
      },
      {
        "status": "unavailable",
        "scope": "operation_global_system_allocator"
      },
      {
        "status": "unavailable",
        "scope": "operation_global_system_allocator"
      },
      {
        "status": "unavailable",
        "scope": "operation_global_system_allocator"
      },
      {
        "status": "unavailable",
        "scope": "operation_global_system_allocator"
      },
      {
        "status": "unavailable",
        "scope": "operation_global_system_allocator"
      },
      {
        "status": "unavailable",
        "scope": "operation_global_system_allocator"
      },
      {
        "status": "unavailable",
        "scope": "operation_global_system_allocator"
      },
      {
        "status": "unavailable",
        "scope": "operation_global_system_allocator"
      },
      {
        "status": "unavailable",
        "scope": "operation_global_system_allocator"
      },
      {
        "status": "unavailable",
        "scope": "operation_global_system_allocator"
      },
      {
        "status": "unavailable",
        "scope": "operation_global_system_allocator"
      },
      {
        "status": "unavailable",
        "scope": "operation_global_system_allocator"
      },
      {
        "status": "unavailable",
        "scope": "operation_global_system_allocator"
      },
      {
        "status": "unavailable",
        "scope": "operation_global_system_allocator"
      },
      {
        "status": "unavailable",
        "scope": "operation_global_system_allocator"
      },
      {
        "status": "unavailable",
        "scope": "operation_global_system_allocator"
      },
      {
        "status": "unavailable",
        "scope": "operation_global_system_allocator"
      },
      {
        "status": "unavailable",
        "scope": "operation_global_system_allocator"
      },
      {
        "status": "unavailable",
        "scope": "operation_global_system_allocator"
      },
      {
        "status": "unavailable",
        "scope": "operation_global_system_allocator"
      },
      {
        "status": "unavailable",
        "scope": "operation_global_system_allocator"
      },
      {
        "status": "unavailable",
        "scope": "operation_global_system_allocator"
      },
      {
        "status": "unavailable",
        "scope": "operation_global_system_allocator"
      },
      {
        "status": "unavailable",
        "scope": "operation_global_system_allocator"
      },
      {
        "status": "unavailable",
        "scope": "operation_global_system_allocator"
      },
      {
        "status": "unavailable",
        "scope": "operation_global_system_allocator"
      },
      {
        "status": "unavailable",
        "scope": "operation_global_system_allocator"
      },
      {
        "status": "unavailable",
        "scope": "operation_global_system_allocator"
      },
      {
        "status": "unavailable",
        "scope": "operation_global_system_allocator"
      },
      {
        "status": "unavailable",
        "scope": "operation_global_system_allocator"
      },
      {
        "status": "unavailable",
        "scope": "operation_global_system_allocator"
      },
      {
        "status": "unavailable",
        "scope": "operation_global_system_allocator"
      },
      {
        "status": "unavailable",
        "scope": "operation_global_system_allocator"
      },
      {
        "status": "unavailable",
        "scope": "operation_global_system_allocator"
      },
      {
        "status": "unavailable",
        "scope": "operation_global_system_allocator"
      },
      {
        "status": "unavailable",
        "scope": "operation_global_system_allocator"
      },
      {
        "status": "unavailable",
        "scope": "operation_global_system_allocator"
      },
      {
        "status": "unavailable",
        "scope": "operation_global_system_allocator"
      },
      {
        "status": "unavailable",
        "scope": "operation_global_system_allocator"
      },
      {
        "status": "unavailable",
        "scope": "operation_global_system_allocator"
      },
      {
        "status": "unavailable",
        "scope": "operation_global_system_allocator"
      },
      {
        "status": "unavailable",
        "scope": "operation_global_system_allocator"
      },
      {
        "status": "unavailable",
        "scope": "operation_global_system_allocator"
      },
      {
        "status": "unavailable",
        "scope": "operation_global_system_allocator"
      },
      {
        "status": "unavailable",
        "scope": "operation_global_system_allocator"
      },
      {
        "status": "unavailable",
        "scope": "operation_global_system_allocator"
      },
      {
        "status": "unavailable",
        "scope": "operation_global_system_allocator"
      },
      {
        "status": "unavailable",
        "scope": "operation_global_system_allocator"
      },
      {
        "status": "unavailable",
        "scope": "operation_global_system_allocator"
      },
      {
        "status": "unavailable",
        "scope": "operation_global_system_allocator"
      },
      {
        "status": "unavailable",
        "scope": "operation_global_system_allocator"
      },
      {
        "status": "unavailable",
        "scope": "operation_global_system_allocator"
      },
      {
        "status": "unavailable",
        "scope": "operation_global_system_allocator"
      },
      {
        "status": "unavailable",
        "scope": "operation_global_system_allocator"
      },
      {
        "status": "unavailable",
        "scope": "operation_global_system_allocator"
      },
      {
        "status": "unavailable",
        "scope": "operation_global_system_allocator"
      },
      {
        "status": "unavailable",
        "scope": "operation_global_system_allocator"
      },
      {
        "status": "unavailable",
        "scope": "operation_global_system_allocator"
      },
      {
        "status": "unavailable",
        "scope": "operation_global_system_allocator"
      },
      {
        "status": "unavailable",
        "scope": "operation_global_system_allocator"
      },
      {
        "status": "unavailable",
        "scope": "operation_global_system_allocator"
      },
      {
        "status": "unavailable",
        "scope": "operation_global_system_allocator"
      },
      {
        "status": "unavailable",
        "scope": "operation_global_system_allocator"
      },
      {
        "status": "unavailable",
        "scope": "operation_global_system_allocator"
      },
      {
        "status": "unavailable",
        "scope": "operation_global_system_allocator"
      },
      {
        "status": "unavailable",
        "scope": "operation_global_system_allocator"
      },
      {
        "status": "unavailable",
        "scope": "operation_global_system_allocator"
      },
      {
        "status": "unavailable",
        "scope": "operation_global_system_allocator"
      },
      {
        "status": "unavailable",
        "scope": "operation_global_system_allocator"
      },
      {
        "status": "unavailable",
        "scope": "operation_global_system_allocator"
      },
      {
        "status": "unavailable",
        "scope": "operation_global_system_allocator"
      },
      {
        "status": "unavailable",
        "scope": "operation_global_system_allocator"
      },
      {
        "status": "unavailable",
        "scope": "operation_global_system_allocator"
      },
      {
        "status": "unavailable",
        "scope": "operation_global_system_allocator"
      },
      {
        "status": "unavailable",
        "scope": "operation_global_system_allocator"
      },
      {
        "status": "unavailable",
        "scope": "operation_global_system_allocator"
      },
      {
        "status": "unavailable",
        "scope": "operation_global_system_allocator"
      },
      {
        "status": "unavailable",
        "scope": "operation_global_system_allocator"
      },
      {
        "status": "unavailable",
        "scope": "operation_global_system_allocator"
      },
      {
        "status": "unavailable",
        "scope": "operation_global_system_allocator"
      },
      {
        "status": "unavailable",
        "scope": "operation_global_system_allocator"
      },
      {
        "status": "unavailable",
        "scope": "operation_global_system_allocator"
      },
      {
        "status": "unavailable",
        "scope": "operation_global_system_allocator"
      },
      {
        "status": "unavailable",
        "scope": "operation_global_system_allocator"
      },
      {
        "status": "unavailable",
        "scope": "operation_global_system_allocator"
      },
      {
        "status": "unavailable",
        "scope": "operation_global_system_allocator"
      },
      {
        "status": "unavailable",
        "scope": "operation_global_system_allocator"
      },
      {
        "status": "unavailable",
        "scope": "operation_global_system_allocator"
      },
      {
        "status": "unavailable",
        "scope": "operation_global_system_allocator"
      },
      {
        "status": "unavailable",
        "scope": "operation_global_system_allocator"
      },
      {
        "status": "unavailable",
        "scope": "operation_global_system_allocator"
      },
      {
        "status": "unavailable",
        "scope": "operation_global_system_allocator"
      },
      {
        "status": "unavailable",
        "scope": "operation_global_system_allocator"
      },
      {
        "status": "unavailable",
        "scope": "operation_global_system_allocator"
      },
      {
        "status": "unavailable",
        "scope": "operation_global_system_allocator"
      },
      {
        "status": "unavailable",
        "scope": "operation_global_system_allocator"
      },
      {
        "status": "unavailable",
        "scope": "operation_global_system_allocator"
      },
      {
        "status": "unavailable",
        "scope": "operation_global_system_allocator"
      },
      {
        "status": "unavailable",
        "scope": "operation_global_system_allocator"
      },
      {
        "status": "unavailable",
        "scope": "operation_global_system_allocator"
      },
      {
        "status": "unavailable",
        "scope": "operation_global_system_allocator"
      },
      {
        "status": "unavailable",
        "scope": "operation_global_system_allocator"
      },
      {
        "status": "unavailable",
        "scope": "operation_global_system_allocator"
      },
      {
        "status": "unavailable",
        "scope": "operation_global_system_allocator"
      },
      {
        "status": "unavailable",
        "scope": "operation_global_system_allocator"
      },
      {
        "status": "unavailable",
        "scope": "operation_global_system_allocator"
      },
      {
        "status": "unavailable",
        "scope": "operation_global_system_allocator"
      },
      {
        "status": "unavailable",
        "scope": "operation_global_system_allocator"
      },
      {
        "status": "unavailable",
        "scope": "operation_global_system_allocator"
      },
      {
        "status": "unavailable",
        "scope": "operation_global_system_allocator"
      },
      {
        "status": "unavailable",
        "scope": "operation_global_system_allocator"
      },
      {
        "status": "unavailable",
        "scope": "operation_global_system_allocator"
      },
      {
        "status": "unavailable",
        "scope": "operation_global_system_allocator"
      },
      {
        "status": "unavailable",
        "scope": "operation_global_system_allocator"
      },
      {
        "status": "unavailable",
        "scope": "operation_global_system_allocator"
      },
      {
        "status": "unavailable",
        "scope": "operation_global_system_allocator"
      },
      {
        "status": "unavailable",
        "scope": "operation_global_system_allocator"
      },
      {
        "status": "unavailable",
        "scope": "operation_global_system_allocator"
      },
      {
        "status": "unavailable",
        "scope": "operation_global_system_allocator"
      },
      {
        "status": "unavailable",
        "scope": "operation_global_system_allocator"
      },
      {
        "status": "unavailable",
        "scope": "operation_global_system_allocator"
      },
      {
        "status": "unavailable",
        "scope": "operation_global_system_allocator"
      },
      {
        "status": "unavailable",
        "scope": "operation_global_system_allocator"
      },
      {
        "status": "unavailable",
        "scope": "operation_global_system_allocator"
      },
      {
        "status": "unavailable",
        "scope": "operation_global_system_allocator"
      },
      {
        "status": "unavailable",
        "scope": "operation_global_system_allocator"
      },
      {
        "status": "unavailable",
        "scope": "operation_global_system_allocator"
      },
      {
        "status": "unavailable",
        "scope": "operation_global_system_allocator"
      },
      {
        "status": "unavailable",
        "scope": "operation_global_system_allocator"
      },
      {
        "status": "unavailable",
        "scope": "operation_global_system_allocator"
      },
      {
        "status": "unavailable",
        "scope": "operation_global_system_allocator"
      },
      {
        "status": "unavailable",
        "scope": "operation_global_system_allocator"
      },
      {
        "status": "unavailable",
        "scope": "operation_global_system_allocator"
      },
      {
        "status": "unavailable",
        "scope": "operation_global_system_allocator"
      },
      {
        "status": "unavailable",
        "scope": "operation_global_system_allocator"
      },
      {
        "status": "unavailable",
        "scope": "operation_global_system_allocator"
      },
      {
        "status": "unavailable",
        "scope": "operation_global_system_allocator"
      },
      {
        "status": "unavailable",
        "scope": "operation_global_system_allocator"
      }
    ],
    "samples": [
      {
        "order": 0,
        "duration_ns": 6804451,
        "allocation_metrics": {
          "status": "unavailable",
          "scope": "operation_global_system_allocator"
        }
      },
      {
        "order": 1,
        "duration_ns": 6776311,
        "allocation_metrics": {
          "status": "unavailable",
          "scope": "operation_global_system_allocator"
        }
      },
      {
        "order": 2,
        "duration_ns": 6809931,
        "allocation_metrics": {
          "status": "unavailable",
          "scope": "operation_global_system_allocator"
        }
      },
      {
        "order": 3,
        "duration_ns": 6802021,
        "allocation_metrics": {
          "status": "unavailable",
          "scope": "operation_global_system_allocator"
        }
      },
      {
        "order": 4,
        "duration_ns": 6801401,
        "allocation_metrics": {
          "status": "unavailable",
          "scope": "operation_global_system_allocator"
        }
      },
      {
        "order": 5,
        "duration_ns": 6864752,
        "allocation_metrics": {
          "status": "unavailable",
          "scope": "operation_global_system_allocator"
        }
      },
      {
        "order": 6,
        "duration_ns": 7072342,
        "allocation_metrics": {
          "status": "unavailable",
          "scope": "operation_global_system_allocator"
        }
      },
      {
        "order": 7,
        "duration_ns": 6839352,
        "allocation_metrics": {
          "status": "unavailable",
          "scope": "operation_global_system_allocator"
        }
      },
      {
        "order": 8,
        "duration_ns": 6806521,
        "allocation_metrics": {
          "status": "unavailable",
          "scope": "operation_global_system_allocator"
        }
      },
      {
        "order": 9,
        "duration_ns": 6800661,
        "allocation_metrics": {
          "status": "unavailable",
          "scope": "operation_global_system_allocator"
        }
      },
      {
        "order": 10,
        "duration_ns": 6776681,
        "allocation_metrics": {
          "status": "unavailable",
          "scope": "operation_global_system_allocator"
        }
      },
      {
        "order": 11,
        "duration_ns": 6782541,
        "allocation_metrics": {
          "status": "unavailable",
          "scope": "operation_global_system_allocator"
        }
      },
      {
        "order": 12,
        "duration_ns": 6800181,
        "allocation_metrics": {
          "status": "unavailable",
          "scope": "operation_global_system_allocator"
        }
      },
      {
        "order": 13,
        "duration_ns": 6784071,
        "allocation_metrics": {
          "status": "unavailable",
          "scope": "operation_global_system_allocator"
        }
      },
      {
        "order": 14,
        "duration_ns": 6792431,
        "allocation_metrics": {
          "status": "unavailable",
          "scope": "operation_global_system_allocator"
        }
      },
      {
        "order": 15,
        "duration_ns": 6777021,
        "allocation_metrics": {
          "status": "unavailable",
          "scope": "operation_global_system_allocator"
        }
      },
      {
        "order": 16,
        "duration_ns": 6785341,
        "allocation_metrics": {
          "status": "unavailable",
          "scope": "operation_global_system_allocator"
        }
      },
      {
        "order": 17,
        "duration_ns": 6779631,
        "allocation_metrics": {
          "status": "unavailable",
          "scope": "operation_global_system_allocator"
        }
      },
      {
        "order": 18,
        "duration_ns": 6779541,
        "allocation_metrics": {
          "status": "unavailable",
          "scope": "operation_global_system_allocator"
        }
      },
      {
        "order": 19,
        "duration_ns": 6793701,
        "allocation_metrics": {
          "status": "unavailable",
          "scope": "operation_global_system_allocator"
        }
      },
      {
        "order": 20,
        "duration_ns": 6771981,
        "allocation_metrics": {
          "status": "unavailable",
          "scope": "operation_global_system_allocator"
        }
      },
      {
        "order": 21,
        "duration_ns": 6780851,
        "allocation_metrics": {
          "status": "unavailable",
          "scope": "operation_global_system_allocator"
        }
      },
      {
        "order": 22,
        "duration_ns": 6862381,
        "allocation_metrics": {
          "status": "unavailable",
          "scope": "operation_global_system_allocator"
        }
      },
      {
        "order": 23,
        "duration_ns": 6790991,
        "allocation_metrics": {
          "status": "unavailable",
          "scope": "operation_global_system_allocator"
        }
      },
      {
        "order": 24,
        "duration_ns": 6803721,
        "allocation_metrics": {
          "status": "unavailable",
          "scope": "operation_global_system_allocator"
        }
      },
      {
        "order": 25,
        "duration_ns": 6813982,
        "allocation_metrics": {
          "status": "unavailable",
          "scope": "operation_global_system_allocator"
        }
      },
      {
        "order": 26,
        "duration_ns": 6799242,
        "allocation_metrics": {
          "status": "unavailable",
          "scope": "operation_global_system_allocator"
        }
      },
      {
        "order": 27,
        "duration_ns": 6814291,
        "allocation_metrics": {
          "status": "unavailable",
          "scope": "operation_global_system_allocator"
        }
      },
      {
        "order": 28,
        "duration_ns": 6809951,
        "allocation_metrics": {
          "status": "unavailable",
          "scope": "operation_global_system_allocator"
        }
      },
      {
        "order": 29,
        "duration_ns": 6804741,
        "allocation_metrics": {
          "status": "unavailable",
          "scope": "operation_global_system_allocator"
        }
      },
      {
        "order": 30,
        "duration_ns": 6811211,
        "allocation_metrics": {
          "status": "unavailable",
          "scope": "operation_global_system_allocator"
        }
      },
      {
        "order": 31,
        "duration_ns": 6808021,
        "allocation_metrics": {
          "status": "unavailable",
          "scope": "operation_global_system_allocator"
        }
      },
      {
        "order": 32,
        "duration_ns": 6797521,
        "allocation_metrics": {
          "status": "unavailable",
          "scope": "operation_global_system_allocator"
        }
      },
      {
        "order": 33,
        "duration_ns": 6798521,
        "allocation_metrics": {
          "status": "unavailable",
          "scope": "operation_global_system_allocator"
        }
      },
      {
        "order": 34,
        "duration_ns": 6813431,
        "allocation_metrics": {
          "status": "unavailable",
          "scope": "operation_global_system_allocator"
        }
      },
      {
        "order": 35,
        "duration_ns": 6835652,
        "allocation_metrics": {
          "status": "unavailable",
          "scope": "operation_global_system_allocator"
        }
      },
      {
        "order": 36,
        "duration_ns": 6811542,
        "allocation_metrics": {
          "status": "unavailable",
          "scope": "operation_global_system_allocator"
        }
      },
      {
        "order": 37,
        "duration_ns": 6799131,
        "allocation_metrics": {
          "status": "unavailable",
          "scope": "operation_global_system_allocator"
        }
      },
      {
        "order": 38,
        "duration_ns": 6774791,
        "allocation_metrics": {
          "status": "unavailable",
          "scope": "operation_global_system_allocator"
        }
      },
      {
        "order": 39,
        "duration_ns": 6794411,
        "allocation_metrics": {
          "status": "unavailable",
          "scope": "operation_global_system_allocator"
        }
      },
      {
        "order": 40,
        "duration_ns": 6787661,
        "allocation_metrics": {
          "status": "unavailable",
          "scope": "operation_global_system_allocator"
        }
      },
      {
        "order": 41,
        "duration_ns": 6785421,
        "allocation_metrics": {
          "status": "unavailable",
          "scope": "operation_global_system_allocator"
        }
      },
      {
        "order": 42,
        "duration_ns": 6794461,
        "allocation_metrics": {
          "status": "unavailable",
          "scope": "operation_global_system_allocator"
        }
      },
      {
        "order": 43,
        "duration_ns": 6783481,
        "allocation_metrics": {
          "status": "unavailable",
          "scope": "operation_global_system_allocator"
        }
      },
      {
        "order": 44,
        "duration_ns": 6845741,
        "allocation_metrics": {
          "status": "unavailable",
          "scope": "operation_global_system_allocator"
        }
      },
      {
        "order": 45,
        "duration_ns": 6776322,
        "allocation_metrics": {
          "status": "unavailable",
          "scope": "operation_global_system_allocator"
        }
      },
      {
        "order": 46,
        "duration_ns": 6793112,
        "allocation_metrics": {
          "status": "unavailable",
          "scope": "operation_global_system_allocator"
        }
      },
      {
        "order": 47,
        "duration_ns": 6796112,
        "allocation_metrics": {
          "status": "unavailable",
          "scope": "operation_global_system_allocator"
        }
      },
      {
        "order": 48,
        "duration_ns": 6789371,
        "allocation_metrics": {
          "status": "unavailable",
          "scope": "operation_global_system_allocator"
        }
      },
      {
        "order": 49,
        "duration_ns": 6804772,
        "allocation_metrics": {
          "status": "unavailable",
          "scope": "operation_global_system_allocator"
        }
      },
      {
        "order": 50,
        "duration_ns": 6819132,
        "allocation_metrics": {
          "status": "unavailable",
          "scope": "operation_global_system_allocator"
        }
      },
      {
        "order": 51,
        "duration_ns": 6799471,
        "allocation_metrics": {
          "status": "unavailable",
          "scope": "operation_global_system_allocator"
        }
      },
      {
        "order": 52,
        "duration_ns": 6782731,
        "allocation_metrics": {
          "status": "unavailable",
          "scope": "operation_global_system_allocator"
        }
      },
      {
        "order": 53,
        "duration_ns": 6842872,
        "allocation_metrics": {
          "status": "unavailable",
          "scope": "operation_global_system_allocator"
        }
      },
      {
        "order": 54,
        "duration_ns": 6818031,
        "allocation_metrics": {
          "status": "unavailable",
          "scope": "operation_global_system_allocator"
        }
      },
      {
        "order": 55,
        "duration_ns": 6822771,
        "allocation_metrics": {
          "status": "unavailable",
          "scope": "operation_global_system_allocator"
        }
      },
      {
        "order": 56,
        "duration_ns": 6789791,
        "allocation_metrics": {
          "status": "unavailable",
          "scope": "operation_global_system_allocator"
        }
      },
      {
        "order": 57,
        "duration_ns": 6814312,
        "allocation_metrics": {
          "status": "unavailable",
          "scope": "operation_global_system_allocator"
        }
      },
      {
        "order": 58,
        "duration_ns": 6806171,
        "allocation_metrics": {
          "status": "unavailable",
          "scope": "operation_global_system_allocator"
        }
      },
      {
        "order": 59,
        "duration_ns": 6793741,
        "allocation_metrics": {
          "status": "unavailable",
          "scope": "operation_global_system_allocator"
        }
      },
      {
        "order": 60,
        "duration_ns": 6810701,
        "allocation_metrics": {
          "status": "unavailable",
          "scope": "operation_global_system_allocator"
        }
      },
      {
        "order": 61,
        "duration_ns": 6782481,
        "allocation_metrics": {
          "status": "unavailable",
          "scope": "operation_global_system_allocator"
        }
      },
      {
        "order": 62,
        "duration_ns": 6803891,
        "allocation_metrics": {
          "status": "unavailable",
          "scope": "operation_global_system_allocator"
        }
      },
      {
        "order": 63,
        "duration_ns": 7042822,
        "allocation_metrics": {
          "status": "unavailable",
          "scope": "operation_global_system_allocator"
        }
      },
      {
        "order": 64,
        "duration_ns": 6799591,
        "allocation_metrics": {
          "status": "unavailable",
          "scope": "operation_global_system_allocator"
        }
      },
      {
        "order": 65,
        "duration_ns": 6792291,
        "allocation_metrics": {
          "status": "unavailable",
          "scope": "operation_global_system_allocator"
        }
      },
      {
        "order": 66,
        "duration_ns": 6805421,
        "allocation_metrics": {
          "status": "unavailable",
          "scope": "operation_global_system_allocator"
        }
      },
      {
        "order": 67,
        "duration_ns": 6799541,
        "allocation_metrics": {
          "status": "unavailable",
          "scope": "operation_global_system_allocator"
        }
      },
      {
        "order": 68,
        "duration_ns": 6807691,
        "allocation_metrics": {
          "status": "unavailable",
          "scope": "operation_global_system_allocator"
        }
      },
      {
        "order": 69,
        "duration_ns": 6809852,
        "allocation_metrics": {
          "status": "unavailable",
          "scope": "operation_global_system_allocator"
        }
      },
      {
        "order": 70,
        "duration_ns": 6785802,
        "allocation_metrics": {
          "status": "unavailable",
          "scope": "operation_global_system_allocator"
        }
      },
      {
        "order": 71,
        "duration_ns": 6799772,
        "allocation_metrics": {
          "status": "unavailable",
          "scope": "operation_global_system_allocator"
        }
      },
      {
        "order": 72,
        "duration_ns": 6787131,
        "allocation_metrics": {
          "status": "unavailable",
          "scope": "operation_global_system_allocator"
        }
      },
      {
        "order": 73,
        "duration_ns": 6800431,
        "allocation_metrics": {
          "status": "unavailable",
          "scope": "operation_global_system_allocator"
        }
      },
      {
        "order": 74,
        "duration_ns": 6796841,
        "allocation_metrics": {
          "status": "unavailable",
          "scope": "operation_global_system_allocator"
        }
      },
      {
        "order": 75,
        "duration_ns": 6798441,
        "allocation_metrics": {
          "status": "unavailable",
          "scope": "operation_global_system_allocator"
        }
      },
      {
        "order": 76,
        "duration_ns": 6793871,
        "allocation_metrics": {
          "status": "unavailable",
          "scope": "operation_global_system_allocator"
        }
      },
      {
        "order": 77,
        "duration_ns": 6794311,
        "allocation_metrics": {
          "status": "unavailable",
          "scope": "operation_global_system_allocator"
        }
      },
      {
        "order": 78,
        "duration_ns": 6812511,
        "allocation_metrics": {
          "status": "unavailable",
          "scope": "operation_global_system_allocator"
        }
      },
      {
        "order": 79,
        "duration_ns": 6790601,
        "allocation_metrics": {
          "status": "unavailable",
          "scope": "operation_global_system_allocator"
        }
      },
      {
        "order": 80,
        "duration_ns": 6792501,
        "allocation_metrics": {
          "status": "unavailable",
          "scope": "operation_global_system_allocator"
        }
      },
      {
        "order": 81,
        "duration_ns": 6782311,
        "allocation_metrics": {
          "status": "unavailable",
          "scope": "operation_global_system_allocator"
        }
      },
      {
        "order": 82,
        "duration_ns": 6783432,
        "allocation_metrics": {
          "status": "unavailable",
          "scope": "operation_global_system_allocator"
        }
      },
      {
        "order": 83,
        "duration_ns": 6809222,
        "allocation_metrics": {
          "status": "unavailable",
          "scope": "operation_global_system_allocator"
        }
      },
      {
        "order": 84,
        "duration_ns": 6791341,
        "allocation_metrics": {
          "status": "unavailable",
          "scope": "operation_global_system_allocator"
        }
      },
      {
        "order": 85,
        "duration_ns": 6790151,
        "allocation_metrics": {
          "status": "unavailable",
          "scope": "operation_global_system_allocator"
        }
      },
      {
        "order": 86,
        "duration_ns": 6865851,
        "allocation_metrics": {
          "status": "unavailable",
          "scope": "operation_global_system_allocator"
        }
      },
      {
        "order": 87,
        "duration_ns": 6816031,
        "allocation_metrics": {
          "status": "unavailable",
          "scope": "operation_global_system_allocator"
        }
      },
      {
        "order": 88,
        "duration_ns": 6786071,
        "allocation_metrics": {
          "status": "unavailable",
          "scope": "operation_global_system_allocator"
        }
      },
      {
        "order": 89,
        "duration_ns": 6780331,
        "allocation_metrics": {
          "status": "unavailable",
          "scope": "operation_global_system_allocator"
        }
      },
      {
        "order": 90,
        "duration_ns": 6781642,
        "allocation_metrics": {
          "status": "unavailable",
          "scope": "operation_global_system_allocator"
        }
      },
      {
        "order": 91,
        "duration_ns": 6850941,
        "allocation_metrics": {
          "status": "unavailable",
          "scope": "operation_global_system_allocator"
        }
      },
      {
        "order": 92,
        "duration_ns": 6785891,
        "allocation_metrics": {
          "status": "unavailable",
          "scope": "operation_global_system_allocator"
        }
      },
      {
        "order": 93,
        "duration_ns": 6789021,
        "allocation_metrics": {
          "status": "unavailable",
          "scope": "operation_global_system_allocator"
        }
      },
      {
        "order": 94,
        "duration_ns": 6779051,
        "allocation_metrics": {
          "status": "unavailable",
          "scope": "operation_global_system_allocator"
        }
      },
      {
        "order": 95,
        "duration_ns": 6799501,
        "allocation_metrics": {
          "status": "unavailable",
          "scope": "operation_global_system_allocator"
        }
      },
      {
        "order": 96,
        "duration_ns": 6789461,
        "allocation_metrics": {
          "status": "unavailable",
          "scope": "operation_global_system_allocator"
        }
      },
      {
        "order": 97,
        "duration_ns": 6790901,
        "allocation_metrics": {
          "status": "unavailable",
          "scope": "operation_global_system_allocator"
        }
      },
      {
        "order": 98,
        "duration_ns": 6780161,
        "allocation_metrics": {
          "status": "unavailable",
          "scope": "operation_global_system_allocator"
        }
      },
      {
        "order": 99,
        "duration_ns": 6786351,
        "allocation_metrics": {
          "status": "unavailable",
          "scope": "operation_global_system_allocator"
        }
      },
      {
        "order": 100,
        "duration_ns": 6806691,
        "allocation_metrics": {
          "status": "unavailable",
          "scope": "operation_global_system_allocator"
        }
      },
      {
        "order": 101,
        "duration_ns": 6803151,
        "allocation_metrics": {
          "status": "unavailable",
          "scope": "operation_global_system_allocator"
        }
      },
      {
        "order": 102,
        "duration_ns": 6793182,
        "allocation_metrics": {
          "status": "unavailable",
          "scope": "operation_global_system_allocator"
        }
      },
      {
        "order": 103,
        "duration_ns": 6792451,
        "allocation_metrics": {
          "status": "unavailable",
          "scope": "operation_global_system_allocator"
        }
      },
      {
        "order": 104,
        "duration_ns": 6783301,
        "allocation_metrics": {
          "status": "unavailable",
          "scope": "operation_global_system_allocator"
        }
      },
      {
        "order": 105,
        "duration_ns": 6804162,
        "allocation_metrics": {
          "status": "unavailable",
          "scope": "operation_global_system_allocator"
        }
      },
      {
        "order": 106,
        "duration_ns": 6794021,
        "allocation_metrics": {
          "status": "unavailable",
          "scope": "operation_global_system_allocator"
        }
      },
      {
        "order": 107,
        "duration_ns": 6939261,
        "allocation_metrics": {
          "status": "unavailable",
          "scope": "operation_global_system_allocator"
        }
      },
      {
        "order": 108,
        "duration_ns": 7075332,
        "allocation_metrics": {
          "status": "unavailable",
          "scope": "operation_global_system_allocator"
        }
      },
      {
        "order": 109,
        "duration_ns": 6797651,
        "allocation_metrics": {
          "status": "unavailable",
          "scope": "operation_global_system_allocator"
        }
      },
      {
        "order": 110,
        "duration_ns": 6793481,
        "allocation_metrics": {
          "status": "unavailable",
          "scope": "operation_global_system_allocator"
        }
      },
      {
        "order": 111,
        "duration_ns": 6797571,
        "allocation_metrics": {
          "status": "unavailable",
          "scope": "operation_global_system_allocator"
        }
      },
      {
        "order": 112,
        "duration_ns": 6779341,
        "allocation_metrics": {
          "status": "unavailable",
          "scope": "operation_global_system_allocator"
        }
      },
      {
        "order": 113,
        "duration_ns": 6788831,
        "allocation_metrics": {
          "status": "unavailable",
          "scope": "operation_global_system_allocator"
        }
      },
      {
        "order": 114,
        "duration_ns": 6794111,
        "allocation_metrics": {
          "status": "unavailable",
          "scope": "operation_global_system_allocator"
        }
      },
      {
        "order": 115,
        "duration_ns": 6816741,
        "allocation_metrics": {
          "status": "unavailable",
          "scope": "operation_global_system_allocator"
        }
      },
      {
        "order": 116,
        "duration_ns": 6803691,
        "allocation_metrics": {
          "status": "unavailable",
          "scope": "operation_global_system_allocator"
        }
      },
      {
        "order": 117,
        "duration_ns": 6790071,
        "allocation_metrics": {
          "status": "unavailable",
          "scope": "operation_global_system_allocator"
        }
      },
      {
        "order": 118,
        "duration_ns": 6798381,
        "allocation_metrics": {
          "status": "unavailable",
          "scope": "operation_global_system_allocator"
        }
      },
      {
        "order": 119,
        "duration_ns": 6790161,
        "allocation_metrics": {
          "status": "unavailable",
          "scope": "operation_global_system_allocator"
        }
      },
      {
        "order": 120,
        "duration_ns": 6796021,
        "allocation_metrics": {
          "status": "unavailable",
          "scope": "operation_global_system_allocator"
        }
      },
      {
        "order": 121,
        "duration_ns": 6806692,
        "allocation_metrics": {
          "status": "unavailable",
          "scope": "operation_global_system_allocator"
        }
      },
      {
        "order": 122,
        "duration_ns": 6791792,
        "allocation_metrics": {
          "status": "unavailable",
          "scope": "operation_global_system_allocator"
        }
      },
      {
        "order": 123,
        "duration_ns": 6803482,
        "allocation_metrics": {
          "status": "unavailable",
          "scope": "operation_global_system_allocator"
        }
      },
      {
        "order": 124,
        "duration_ns": 6801371,
        "allocation_metrics": {
          "status": "unavailable",
          "scope": "operation_global_system_allocator"
        }
      },
      {
        "order": 125,
        "duration_ns": 6791121,
        "allocation_metrics": {
          "status": "unavailable",
          "scope": "operation_global_system_allocator"
        }
      },
      {
        "order": 126,
        "duration_ns": 6865991,
        "allocation_metrics": {
          "status": "unavailable",
          "scope": "operation_global_system_allocator"
        }
      },
      {
        "order": 127,
        "duration_ns": 6801271,
        "allocation_metrics": {
          "status": "unavailable",
          "scope": "operation_global_system_allocator"
        }
      },
      {
        "order": 128,
        "duration_ns": 6811551,
        "allocation_metrics": {
          "status": "unavailable",
          "scope": "operation_global_system_allocator"
        }
      },
      {
        "order": 129,
        "duration_ns": 6815211,
        "allocation_metrics": {
          "status": "unavailable",
          "scope": "operation_global_system_allocator"
        }
      },
      {
        "order": 130,
        "duration_ns": 6791161,
        "allocation_metrics": {
          "status": "unavailable",
          "scope": "operation_global_system_allocator"
        }
      },
      {
        "order": 131,
        "duration_ns": 6798752,
        "allocation_metrics": {
          "status": "unavailable",
          "scope": "operation_global_system_allocator"
        }
      },
      {
        "order": 132,
        "duration_ns": 6790512,
        "allocation_metrics": {
          "status": "unavailable",
          "scope": "operation_global_system_allocator"
        }
      },
      {
        "order": 133,
        "duration_ns": 6793412,
        "allocation_metrics": {
          "status": "unavailable",
          "scope": "operation_global_system_allocator"
        }
      },
      {
        "order": 134,
        "duration_ns": 6792552,
        "allocation_metrics": {
          "status": "unavailable",
          "scope": "operation_global_system_allocator"
        }
      },
      {
        "order": 135,
        "duration_ns": 6787982,
        "allocation_metrics": {
          "status": "unavailable",
          "scope": "operation_global_system_allocator"
        }
      },
      {
        "order": 136,
        "duration_ns": 6794901,
        "allocation_metrics": {
          "status": "unavailable",
          "scope": "operation_global_system_allocator"
        }
      },
      {
        "order": 137,
        "duration_ns": 6777992,
        "allocation_metrics": {
          "status": "unavailable",
          "scope": "operation_global_system_allocator"
        }
      },
      {
        "order": 138,
        "duration_ns": 6795802,
        "allocation_metrics": {
          "status": "unavailable",
          "scope": "operation_global_system_allocator"
        }
      },
      {
        "order": 139,
        "duration_ns": 6860721,
        "allocation_metrics": {
          "status": "unavailable",
          "scope": "operation_global_system_allocator"
        }
      },
      {
        "order": 140,
        "duration_ns": 6795911,
        "allocation_metrics": {
          "status": "unavailable",
          "scope": "operation_global_system_allocator"
        }
      },
      {
        "order": 141,
        "duration_ns": 6779691,
        "allocation_metrics": {
          "status": "unavailable",
          "scope": "operation_global_system_allocator"
        }
      },
      {
        "order": 142,
        "duration_ns": 6783351,
        "allocation_metrics": {
          "status": "unavailable",
          "scope": "operation_global_system_allocator"
        }
      },
      {
        "order": 143,
        "duration_ns": 6780891,
        "allocation_metrics": {
          "status": "unavailable",
          "scope": "operation_global_system_allocator"
        }
      },
      {
        "order": 144,
        "duration_ns": 6782431,
        "allocation_metrics": {
          "status": "unavailable",
          "scope": "operation_global_system_allocator"
        }
      },
      {
        "order": 145,
        "duration_ns": 6776471,
        "allocation_metrics": {
          "status": "unavailable",
          "scope": "operation_global_system_allocator"
        }
      },
      {
        "order": 146,
        "duration_ns": 6790711,
        "allocation_metrics": {
          "status": "unavailable",
          "scope": "operation_global_system_allocator"
        }
      },
      {
        "order": 147,
        "duration_ns": 6794592,
        "allocation_metrics": {
          "status": "unavailable",
          "scope": "operation_global_system_allocator"
        }
      },
      {
        "order": 148,
        "duration_ns": 6792041,
        "allocation_metrics": {
          "status": "unavailable",
          "scope": "operation_global_system_allocator"
        }
      },
      {
        "order": 149,
        "duration_ns": 6776701,
        "allocation_metrics": {
          "status": "unavailable",
          "scope": "operation_global_system_allocator"
        }
      },
      {
        "order": 150,
        "duration_ns": 6790791,
        "allocation_metrics": {
          "status": "unavailable",
          "scope": "operation_global_system_allocator"
        }
      },
      {
        "order": 151,
        "duration_ns": 6799421,
        "allocation_metrics": {
          "status": "unavailable",
          "scope": "operation_global_system_allocator"
        }
      },
      {
        "order": 152,
        "duration_ns": 6860031,
        "allocation_metrics": {
          "status": "unavailable",
          "scope": "operation_global_system_allocator"
        }
      },
      {
        "order": 153,
        "duration_ns": 7080892,
        "allocation_metrics": {
          "status": "unavailable",
          "scope": "operation_global_system_allocator"
        }
      },
      {
        "order": 154,
        "duration_ns": 6780121,
        "allocation_metrics": {
          "status": "unavailable",
          "scope": "operation_global_system_allocator"
        }
      },
      {
        "order": 155,
        "duration_ns": 6812051,
        "allocation_metrics": {
          "status": "unavailable",
          "scope": "operation_global_system_allocator"
        }
      },
      {
        "order": 156,
        "duration_ns": 6789531,
        "allocation_metrics": {
          "status": "unavailable",
          "scope": "operation_global_system_allocator"
        }
      },
      {
        "order": 157,
        "duration_ns": 6862122,
        "allocation_metrics": {
          "status": "unavailable",
          "scope": "operation_global_system_allocator"
        }
      },
      {
        "order": 158,
        "duration_ns": 6869172,
        "allocation_metrics": {
          "status": "unavailable",
          "scope": "operation_global_system_allocator"
        }
      },
      {
        "order": 159,
        "duration_ns": 6813341,
        "allocation_metrics": {
          "status": "unavailable",
          "scope": "operation_global_system_allocator"
        }
      },
      {
        "order": 160,
        "duration_ns": 6824561,
        "allocation_metrics": {
          "status": "unavailable",
          "scope": "operation_global_system_allocator"
        }
      },
      {
        "order": 161,
        "duration_ns": 6791761,
        "allocation_metrics": {
          "status": "unavailable",
          "scope": "operation_global_system_allocator"
        }
      },
      {
        "order": 162,
        "duration_ns": 6818352,
        "allocation_metrics": {
          "status": "unavailable",
          "scope": "operation_global_system_allocator"
        }
      },
      {
        "order": 163,
        "duration_ns": 6772451,
        "allocation_metrics": {
          "status": "unavailable",
          "scope": "operation_global_system_allocator"
        }
      },
      {
        "order": 164,
        "duration_ns": 6797811,
        "allocation_metrics": {
          "status": "unavailable",
          "scope": "operation_global_system_allocator"
        }
      },
      {
        "order": 165,
        "duration_ns": 6778661,
        "allocation_metrics": {
          "status": "unavailable",
          "scope": "operation_global_system_allocator"
        }
      },
      {
        "order": 166,
        "duration_ns": 6863582,
        "allocation_metrics": {
          "status": "unavailable",
          "scope": "operation_global_system_allocator"
        }
      },
      {
        "order": 167,
        "duration_ns": 6773322,
        "allocation_metrics": {
          "status": "unavailable",
          "scope": "operation_global_system_allocator"
        }
      },
      {
        "order": 168,
        "duration_ns": 6795922,
        "allocation_metrics": {
          "status": "unavailable",
          "scope": "operation_global_system_allocator"
        }
      },
      {
        "order": 169,
        "duration_ns": 6787312,
        "allocation_metrics": {
          "status": "unavailable",
          "scope": "operation_global_system_allocator"
        }
      },
      {
        "order": 170,
        "duration_ns": 6781541,
        "allocation_metrics": {
          "status": "unavailable",
          "scope": "operation_global_system_allocator"
        }
      },
      {
        "order": 171,
        "duration_ns": 6789921,
        "allocation_metrics": {
          "status": "unavailable",
          "scope": "operation_global_system_allocator"
        }
      },
      {
        "order": 172,
        "duration_ns": 6862442,
        "allocation_metrics": {
          "status": "unavailable",
          "scope": "operation_global_system_allocator"
        }
      },
      {
        "order": 173,
        "duration_ns": 6798331,
        "allocation_metrics": {
          "status": "unavailable",
          "scope": "operation_global_system_allocator"
        }
      },
      {
        "order": 174,
        "duration_ns": 6799741,
        "allocation_metrics": {
          "status": "unavailable",
          "scope": "operation_global_system_allocator"
        }
      },
      {
        "order": 175,
        "duration_ns": 6784241,
        "allocation_metrics": {
          "status": "unavailable",
          "scope": "operation_global_system_allocator"
        }
      },
      {
        "order": 176,
        "duration_ns": 6776501,
        "allocation_metrics": {
          "status": "unavailable",
          "scope": "operation_global_system_allocator"
        }
      },
      {
        "order": 177,
        "duration_ns": 6788442,
        "allocation_metrics": {
          "status": "unavailable",
          "scope": "operation_global_system_allocator"
        }
      },
      {
        "order": 178,
        "duration_ns": 6775441,
        "allocation_metrics": {
          "status": "unavailable",
          "scope": "operation_global_system_allocator"
        }
      },
      {
        "order": 179,
        "duration_ns": 6780881,
        "allocation_metrics": {
          "status": "unavailable",
          "scope": "operation_global_system_allocator"
        }
      },
      {
        "order": 180,
        "duration_ns": 6793731,
        "allocation_metrics": {
          "status": "unavailable",
          "scope": "operation_global_system_allocator"
        }
      },
      {
        "order": 181,
        "duration_ns": 6799201,
        "allocation_metrics": {
          "status": "unavailable",
          "scope": "operation_global_system_allocator"
        }
      },
      {
        "order": 182,
        "duration_ns": 6773402,
        "allocation_metrics": {
          "status": "unavailable",
          "scope": "operation_global_system_allocator"
        }
      },
      {
        "order": 183,
        "duration_ns": 6788261,
        "allocation_metrics": {
          "status": "unavailable",
          "scope": "operation_global_system_allocator"
        }
      },
      {
        "order": 184,
        "duration_ns": 6777221,
        "allocation_metrics": {
          "status": "unavailable",
          "scope": "operation_global_system_allocator"
        }
      },
      {
        "order": 185,
        "duration_ns": 6826742,
        "allocation_metrics": {
          "status": "unavailable",
          "scope": "operation_global_system_allocator"
        }
      },
      {
        "order": 186,
        "duration_ns": 6771670,
        "allocation_metrics": {
          "status": "unavailable",
          "scope": "operation_global_system_allocator"
        }
      },
      {
        "order": 187,
        "duration_ns": 6786942,
        "allocation_metrics": {
          "status": "unavailable",
          "scope": "operation_global_system_allocator"
        }
      },
      {
        "order": 188,
        "duration_ns": 6767521,
        "allocation_metrics": {
          "status": "unavailable",
          "scope": "operation_global_system_allocator"
        }
      },
      {
        "order": 189,
        "duration_ns": 6783651,
        "allocation_metrics": {
          "status": "unavailable",
          "scope": "operation_global_system_allocator"
        }
      },
      {
        "order": 190,
        "duration_ns": 6853331,
        "allocation_metrics": {
          "status": "unavailable",
          "scope": "operation_global_system_allocator"
        }
      },
      {
        "order": 191,
        "duration_ns": 6787621,
        "allocation_metrics": {
          "status": "unavailable",
          "scope": "operation_global_system_allocator"
        }
      },
      {
        "order": 192,
        "duration_ns": 6781231,
        "allocation_metrics": {
          "status": "unavailable",
          "scope": "operation_global_system_allocator"
        }
      },
      {
        "order": 193,
        "duration_ns": 6799011,
        "allocation_metrics": {
          "status": "unavailable",
          "scope": "operation_global_system_allocator"
        }
      },
      {
        "order": 194,
        "duration_ns": 6789401,
        "allocation_metrics": {
          "status": "unavailable",
          "scope": "operation_global_system_allocator"
        }
      },
      {
        "order": 195,
        "duration_ns": 6796341,
        "allocation_metrics": {
          "status": "unavailable",
          "scope": "operation_global_system_allocator"
        }
      },
      {
        "order": 196,
        "duration_ns": 6904641,
        "allocation_metrics": {
          "status": "unavailable",
          "scope": "operation_global_system_allocator"
        }
      },
      {
        "order": 197,
        "duration_ns": 6894672,
        "allocation_metrics": {
          "status": "unavailable",
          "scope": "operation_global_system_allocator"
        }
      },
      {
        "order": 198,
        "duration_ns": 6902252,
        "allocation_metrics": {
          "status": "unavailable",
          "scope": "operation_global_system_allocator"
        }
      },
      {
        "order": 199,
        "duration_ns": 6908872,
        "allocation_metrics": {
          "status": "unavailable",
          "scope": "operation_global_system_allocator"
        }
      }
    ]
  },
  "correctness": {
    "source_unchanged": true,
    "retry_preserved_error": true,
    "valid_snapshot_values": false,
    "empty_commit_is_noop": false,
    "expected_error_exact": true,
    "commit_outside_timing": false
  },
  "binary": {
    "path": "/home/zhuhe/litchi-goal-0553-target/retained/candidate/guard-normal",
    "sha256": "2cd3319faa7e98d9c760e48d39c6f8b8692d6a7fdfba2af37925d9ac6c1ac3a0",
    "bytes": 7415984
  },
  "runner": {
    "git_revision": "8aa0c5baf0616d16c79eba0c6c28dc1716338ad6",
    "git_dirty": true,
    "rustc_vv": "rustc 1.95.0 (59807616e 2026-04-14)\nbinary: rustc\ncommit-hash: 59807616e1fa2540724bfbac14d7976d7e4a3860\ncommit-date: 2026-04-14\nhost: x86_64-unknown-linux-gnu\nrelease: 1.95.0\nLLVM version: 22.1.2",
    "os": "linux",
    "arch": "x86_64",
    "profile": "release"
  },
  "allocation_scope": "operation_global_system_allocator",
  "allocator": "Rust system allocator",
  "instrumentation": "none",
  "counter_revision": null,
  "timing_scope": "source_open_and_fixture_and_selector_setup_excluded; edit_sheets_result_retained_until_clock_and_allocation_end; inspection_commit_and_drop_excluded",
  "performance_claim": "none: correctness and planning diagnostic only; no speedup claim"
}
