	Command being timed: "/home/zhuhe/litchi-goal-0553-target/retained/candidate/normal --case xlsx_source_backed_managed_cell_values_one_percent_edit_save --xlsx-cell-crud-shape medium --samples 1 --warmup 0 --json /home/zhuhe/code/litchi/docs/performance/results/change-0553/candidate/preflight-r1-medium-c3.json --corpus-manifest /home/zhuhe/code/litchi/docs/performance/results/change-0553/candidate/preflight-r1-medium-c3.catalog.json"
	User time (seconds): 0.62
	System time (seconds): 0.18
	Percent of CPU this job got: 99%
	Elapsed (wall clock) time (h:mm:ss or m:ss): 0:00.80
	Average shared text size (kbytes): 0
	Average unshared data size (kbytes): 0
	Average stack size (kbytes): 0
	Average total size (kbytes): 0
	Maximum resident set size (kbytes): 69884
	Average resident set size (kbytes): 0
	Major (requiring I/O) page faults: 0
	Minor (reclaiming a frame) page faults: 70507
	Voluntary context switches: 33
	Involuntary context switches: 69
	Swaps: 0
	File system inputs: 0
	File system outputs: 64
	Socket messages sent: 0
	Socket messages received: 0
	Signals delivered: 0
	Page size (bytes): 4096
	Exit status: 0
