==187617== Callgrind, a call-graph generating cache profiler
==187617== Copyright (C) 2002-2017, and GNU GPL'd, by Josef Weidendorfer et al.
==187617== Using Valgrind-3.26.0 and LibVEX; rerun with -h for copyright info
==187617== Command: /tmp/litchi-goal-0519/managed-paragraph-baseline --paragraphs 512 --replacements 1 --source owned --mode batch --samples 1 --warmups 0 --repeats 1 --artifact-dir /tmp/litchi-goal-0519/corpora/profile-r1-p512-k1-owned-batch --output /home/zhuhe/code/litchi/docs/performance/results/change-0519/profile-r1/p512-k1-owned-batch.csv
==187617== 
==187617== For interactive control, run 'callgrind_control -h'.
==187617== 
==187617== Events    : Ir
==187617== Collected : 6097386
==187617== 
==187617== I   refs:      6,097,386
	Command being timed: "taskset -c 2 valgrind --tool=callgrind --collect-atstart=no --zero-before=*managed_paragraph_batch_perf::run_sample --toggle-collect=*litchi_docx::source_backed::Package::publish_document_commit_to_stream --callgrind-out-file=/home/zhuhe/code/litchi/docs/performance/results/change-0519/profile-r1/p512-k1-owned-batch.callgrind /tmp/litchi-goal-0519/managed-paragraph-baseline --paragraphs 512 --replacements 1 --source owned --mode batch --samples 1 --warmups 0 --repeats 1 --artifact-dir /tmp/litchi-goal-0519/corpora/profile-r1-p512-k1-owned-batch --output /home/zhuhe/code/litchi/docs/performance/results/change-0519/profile-r1/p512-k1-owned-batch.csv"
	User time (seconds): 0.77
	System time (seconds): 0.01
	Percent of CPU this job got: 100%
	Elapsed (wall clock) time (h:mm:ss or m:ss): 0:00.78
	Average shared text size (kbytes): 0
	Average unshared data size (kbytes): 0
	Average stack size (kbytes): 0
	Average total size (kbytes): 0
	Maximum resident set size (kbytes): 44344
	Average resident set size (kbytes): 0
	Major (requiring I/O) page faults: 0
	Minor (reclaiming a frame) page faults: 15010
	Voluntary context switches: 1
	Involuntary context switches: 4
	Swaps: 0
	File system inputs: 0
	File system outputs: 112
	Socket messages sent: 0
	Socket messages received: 0
	Signals delivered: 0
	Page size (bytes): 4096
	Exit status: 0
