    Checking zeroize v1.9.0
    Checking typenum v1.20.1
    Checking cfg-if v1.0.4
    Checking libc v0.2.189
    Checking const-oid v0.9.6
    Checking subtle v2.6.1
    Checking generic-array v0.14.9
    Checking hybrid-array v0.4.14
    Checking getrandom v0.2.17
    Checking rand_core v0.6.4
    Checking zerocopy v0.8.56
    Checking crypto-common v0.2.2
    Checking block-buffer v0.12.1
    Checking libm v0.2.16
    Checking base64ct v1.6.0
    Checking pem-rfc7468 v0.7.0
    Checking num-traits v0.2.19
    Checking serde_core v1.0.229
    Checking crypto-common v0.1.6
    Checking block-buffer v0.10.4
    Checking flagset v0.4.7
    Checking der v0.7.10
    Checking digest v0.10.7
    Checking cpufeatures v0.3.1
    Checking const-oid v0.10.2
    Checking digest v0.11.3
    Checking crossbeam-utils v0.8.22
    Checking spki v0.7.3
    Checking rand_core v0.10.1
    Checking crossbeam-epoch v0.9.20
    Checking smallvec v1.16.0
    Checking memchr v2.8.3
    Checking crossbeam-deque v0.8.7
    Checking thiserror v2.0.18
    Checking serde v1.0.229
    Checking chacha20 v0.10.2
    Checking getrandom v0.4.3
    Checking zmij v1.0.19
    Checking pkcs8 v0.10.2
    Checking itoa v1.0.18
    Checking iana-time-zone v0.1.65
    Checking serde_json v1.0.149
    Checking chrono v0.4.45
    Checking rand v0.10.2
    Checking rayon-core v1.13.0
    Checking sha2 v0.11.0
    Checking either v1.18.0
    Checking base64 v0.22.1
    Checking once_cell v1.21.4
    Checking fast-float2 v0.2.4
    Checking rayon v1.12.0
    Checking litchi-core v0.0.1 (/home/zhuhe/code/litchi/crates/litchi-core)
    Checking ff v0.13.1
    Checking base16ct v0.2.0
    Checking fixedbitset v0.5.7
    Checking sec1 v0.7.3
    Checking litchi-cfb v0.0.1 (/home/zhuhe/code/litchi/crates/litchi-cfb)
    Checking group v0.13.0
    Checking ppv-lite86 v0.2.21
    Checking crypto-bigint v0.5.5
    Checking cpufeatures v0.2.17
    Checking elliptic-curve v0.13.8
    Checking rand_chacha v0.3.1
    Checking hmac v0.12.1
    Checking signature v2.2.0
    Checking num-integer v0.1.47
    Checking encoding_rs v0.8.35
    Checking spin v0.9.9
    Checking lazy_static v1.5.0
    Checking num-iter v0.1.46
    Checking rfc6979 v0.4.0
    Checking rand v0.8.8
    Checking sha2 v0.10.9
    Checking litchi-codepage v0.0.1 (/home/zhuhe/code/litchi/crates/litchi-codepage)
    Checking quick-xml v0.41.0
    Checking inout v0.2.2
    Checking cipher v0.5.2
    Checking num-bigint-dig v0.8.6
    Checking ecdsa v0.16.9
    Checking primeorder v0.13.6
    Checking sha1 v0.10.7
    Checking pkcs1 v0.7.5
    Checking bitflags v2.13.1
    Checking rsa v0.9.10
    Checking p256 v0.13.2
    Checking litchi-ole-common v0.0.1 (/home/zhuhe/code/litchi/crates/litchi-ole-common)
    Checking rc4 v0.2.0
    Checking litchi-biff v0.0.1 (/home/zhuhe/code/litchi/crates/litchi-biff)
    Checking x509-cert v0.2.5
    Checking sha1 v0.11.0
    Checking litchi-sign v0.0.1 (/home/zhuhe/code/litchi/crates/litchi-sign)
    Checking litchi-ograph v0.0.1 (/home/zhuhe/code/litchi/crates/litchi-ograph)
    Checking litchi-crypto v0.0.1 (/home/zhuhe/code/litchi/crates/litchi-crypto)
    Checking litchi-odraw v0.0.1 (/home/zhuhe/code/litchi/crates/litchi-odraw)
    Checking litchi-vba v0.0.1 (/home/zhuhe/code/litchi/crates/litchi-vba)
    Checking md-5 v0.11.0
    Checking litchi-xls v0.0.1 (/home/zhuhe/code/litchi/crates/litchi-xls)
    Finished `dev` profile [unoptimized + debuginfo] target(s) in 14.43s
