	Command being timed: "heaptrack -o /home/zhuhe/code/litchi/docs/performance/results/change-0469/A-heap/heaptrack -- /tmp/litchi-goal-0469/control --workers 1 --warmup 1 --samples 5 --json /home/zhuhe/code/litchi/docs/performance/results/change-0469/A-heap/report.json --corpus-manifest /home/zhuhe/code/litchi/docs/performance/results/change-0469/A-heap/corpus-catalog.json --case xlsx_one_percent_commit_save --xlsx-shape dense-wide"
	User time (seconds): 17.14
	System time (seconds): 0.84
	Percent of CPU this job got: 99%
	Elapsed (wall clock) time (h:mm:ss or m:ss): 0:17.99
	Average shared text size (kbytes): 0
	Average unshared data size (kbytes): 0
	Average stack size (kbytes): 0
	Average total size (kbytes): 0
	Maximum resident set size (kbytes): 344568
	Average resident set size (kbytes): 0
	Major (requiring I/O) page faults: 0
	Minor (reclaiming a frame) page faults: 194370
	Voluntary context switches: 321041
	Involuntary context switches: 284356
	Swaps: 0
	File system inputs: 0
	File system outputs: 10888
	Socket messages sent: 0
	Socket messages received: 0
	Signals delivered: 0
	Page size (bytes): 4096
	Exit status: 0
