{
  "archive_bytes": 1050572,
  "binary": {
    "bytes": 2990536,
    "identity_method": "parent binds SHA-256 of the captured binary",
    "path": "/home/zhuhe/litchi-goal-0546-target/cap-boundary-binaries/baseline-cap-boundary",
    "profile": "release"
  },
  "case": "valid",
  "cells": 1,
  "columns": 1,
  "comment_bytes": 1048576,
  "correctness": {
    "commit_outside_timing": true,
    "empty_commit_is_noop": true,
    "no_op_publication_exact": true,
    "snapshot_a1": 1,
    "snapshot_last_cell": 1,
    "source_bytes_unchanged": true,
    "source_unchanged": true,
    "source_xml_unchanged": true,
    "valid_snapshot_values": true
  },
  "event_cap_relation": "below",
  "event_count": 14,
  "event_count_formula": "5*N*N+2*N+6+I(N<=2) (including EOF)",
  "expected_event_count": 14,
  "fixture_out": "/home/zhuhe/code/litchi/docs/performance/results/change-0546/integration/cap-boundary/baseline/cap-native-r1-1.fixture.bin",
  "last_cell": "A1",
  "ordinary_parser_event_cap": 1000000,
  "performance_claim": "none: valid event-cap boundary diagnostic only",
  "phase": {
    "duration_ns": [
      1504006,
      1496327,
      1505196,
      1498096,
      1505227,
      1502486,
      1497666,
      1509377,
      1498806,
      1503257,
      1501867,
      1505326,
      1501047,
      1506596,
      1500306,
      1502227,
      1504016,
      1503476,
      1505557,
      1501536,
      1509366,
      1500657,
      1509756,
      1506066,
      1500997,
      1508286,
      1500656,
      1507677,
      1507146,
      1506946,
      1510827,
      1501387,
      1505746,
      1504717,
      1507556,
      1502976,
      1506507,
      1499627,
      1504166,
      1505897,
      1503157,
      1505666,
      1500636,
      1508436,
      1500716,
      1506887,
      1507677,
      1502746,
      1510316,
      1501947,
      1505566,
      1504606,
      1508297,
      1512776,
      1500526,
      1508077,
      1503346,
      1505066,
      1502197,
      1506376,
      1506426,
      1503437,
      1506886,
      1506806,
      1507807,
      1500666,
      1507706,
      1500237,
      1502836,
      1508386,
      1501157,
      1508616,
      1502016,
      1506677,
      1504376,
      1510376,
      1510727,
      1500826,
      1505216,
      1503277,
      1504396,
      1502256,
      1506267,
      1506316,
      1503256,
      1506327,
      1503356,
      1506656,
      1499807,
      1509227,
      1500566,
      1519027,
      1506687,
      1501176,
      1511057,
      1500816,
      1505516,
      1511547,
      1501847,
      1510936
    ],
    "name": "edit_sheets",
    "sample_order": [
      0,
      1,
      2,
      3,
      4,
      5,
      6,
      7,
      8,
      9,
      10,
      11,
      12,
      13,
      14,
      15,
      16,
      17,
      18,
      19,
      20,
      21,
      22,
      23,
      24,
      25,
      26,
      27,
      28,
      29,
      30,
      31,
      32,
      33,
      34,
      35,
      36,
      37,
      38,
      39,
      40,
      41,
      42,
      43,
      44,
      45,
      46,
      47,
      48,
      49,
      50,
      51,
      52,
      53,
      54,
      55,
      56,
      57,
      58,
      59,
      60,
      61,
      62,
      63,
      64,
      65,
      66,
      67,
      68,
      69,
      70,
      71,
      72,
      73,
      74,
      75,
      76,
      77,
      78,
      79,
      80,
      81,
      82,
      83,
      84,
      85,
      86,
      87,
      88,
      89,
      90,
      91,
      92,
      93,
      94,
      95,
      96,
      97,
      98,
      99
    ],
    "samples": 100,
    "timing_scope": "source/editor/selector setup excluded; transaction retained through clock stop; inspection/commit/drop excluded",
    "warmup_iterations": 10
  },
  "rows": 1,
  "samples": 100,
  "schema": "litchi.xlsx.cap-boundary-guard.v1",
  "shared_provisional_event_cap": 131072,
  "size": 1,
  "source": {
    "archive_bytes": 1050572,
    "columns": 1,
    "compression": "stored",
    "encoding": "UTF-8",
    "fixture_dump": "/home/zhuhe/code/litchi/docs/performance/results/change-0546/integration/cap-boundary/baseline/cap-native-r1-1.fixture.bin",
    "fixture_kind": "single_worksheet_sparse_numeric_with_comment",
    "format": "OOXML/XLSX",
    "generator": "litchi-xlsx-cap-boundary-stored-grid-v1",
    "identity_method": "parent binds SHA-256 of fixture_dump bytes",
    "marker_free": true,
    "rows": 1,
    "shape": "1x1",
    "source_xml_bytes": 1048758,
    "worksheet_bytes": 1048758,
    "worksheet_member": "xl/worksheets/sheet1.xml",
    "worksheet_xml_bytes": 1048758
  },
  "source_stream_byte_limit": 8388608,
  "source_stream_eligible": true,
  "source_xml_bytes": 1048758,
  "tool": "perf_cap_boundary",
  "warmup_iterations": 10
}
