==3944167== Callgrind, a call-graph generating cache profiler
==3944167== Copyright (C) 2002-2017, and GNU GPL'd, by Josef Weidendorfer et al.
==3944167== Using Valgrind-3.26.0 and LibVEX; rerun with -h for copyright info
==3944167== Command: /tmp/litchi-goal-0518/managed-paragraph-baseline --paragraphs 128 --replacements 1 --source owned --mode repeated --samples 1 --warmups 0 --repeats 1 --artifact-dir /tmp/litchi-goal-0518/corpora/profile-r2-p128-k1-owned-repeated --output /home/zhuhe/code/litchi/docs/performance/results/change-0518/profile-r2/p128-k1-owned-repeated.csv
==3944167== 
==3944167== For interactive control, run 'callgrind_control -h'.
==3944167== 
==3944167== Events    : Ir
==3944167== Collected : 5468080
==3944167== 
==3944167== I   refs:      5,468,080
	Command being timed: "taskset -c 2 valgrind --tool=callgrind --collect-atstart=no --zero-before=*managed_paragraph_batch_perf::run_sample --toggle-collect=*litchi_docx::source_backed::Package::publish_document_commit_to_stream --callgrind-out-file=/home/zhuhe/code/litchi/docs/performance/results/change-0518/profile-r2/p128-k1-owned-repeated.callgrind /tmp/litchi-goal-0518/managed-paragraph-baseline --paragraphs 128 --replacements 1 --source owned --mode repeated --samples 1 --warmups 0 --repeats 1 --artifact-dir /tmp/litchi-goal-0518/corpora/profile-r2-p128-k1-owned-repeated --output /home/zhuhe/code/litchi/docs/performance/results/change-0518/profile-r2/p128-k1-owned-repeated.csv"
	User time (seconds): 0.57
	System time (seconds): 0.00
	Percent of CPU this job got: 99%
	Elapsed (wall clock) time (h:mm:ss or m:ss): 0:00.58
	Average shared text size (kbytes): 0
	Average unshared data size (kbytes): 0
	Average stack size (kbytes): 0
	Average total size (kbytes): 0
	Maximum resident set size (kbytes): 44464
	Average resident set size (kbytes): 0
	Major (requiring I/O) page faults: 0
	Minor (reclaiming a frame) page faults: 15040
	Voluntary context switches: 1
	Involuntary context switches: 6
	Swaps: 0
	File system inputs: 0
	File system outputs: 128
	Socket messages sent: 0
	Socket messages received: 0
	Signals delivered: 0
	Page size (bytes): 4096
	Exit status: 0
