completed corpus=many-small source=instrumented-short-delay capability=normal workers=1 samples=60 p50=29739us p95=30613us p99=31685us
	Command being timed: "/home/zhuhe/.cache/litchi-goal-0498/source_backed_batch_perf.before --corpus many-small --source instrumented --capability normal --workers 1 --warmups 3 --samples 30 --repeats 2 --short-read 4096 --delay-us 25 --artifact-dir /tmp/litchi-change-0498-many-short --output docs/performance/results/change-0498/baseline-short-delay-many-small-corrected.csv"
	User time (seconds): 0.21
	System time (seconds): 0.01
	Percent of CPU this job got: 10%
	Elapsed (wall clock) time (h:mm:ss or m:ss): 0:02.19
	Average shared text size (kbytes): 0
	Average unshared data size (kbytes): 0
	Average stack size (kbytes): 0
	Average total size (kbytes): 0
	Maximum resident set size (kbytes): 16488
	Average resident set size (kbytes): 0
	Major (requiring I/O) page faults: 0
	Minor (reclaiming a frame) page faults: 3870
	Voluntary context switches: 26467
	Involuntary context switches: 0
	Swaps: 0
	File system inputs: 0
	File system outputs: 48
	Socket messages sent: 0
	Socket messages received: 0
	Signals delivered: 0
	Page size (bytes): 4096
	Exit status: 0
