0-small-fresh-0-1-before passed
0-small-fresh-0-1-after passed
0-small-fresh-0-2-before passed
0-small-fresh-0-2-after passed
0-small-fresh-0-4-before passed
0-small-fresh-0-4-after passed
0-small-fresh-0-8-before passed
0-small-fresh-0-8-after passed
0-small-fresh-0-32-before passed
0-small-fresh-0-32-after passed
0-small-fresh-65536-1-before passed
0-small-fresh-65536-1-after passed
0-small-fresh-65536-2-before passed
0-small-fresh-65536-2-after passed
0-small-fresh-65536-4-before passed
0-small-fresh-65536-4-after passed
0-small-fresh-65536-8-before passed
0-small-fresh-65536-8-after passed
0-small-fresh-65536-32-before passed
0-small-fresh-65536-32-after passed
0-small-primed-0-1-before passed
0-small-primed-0-1-after passed
0-small-primed-0-2-before passed
0-small-primed-0-2-after passed
0-small-primed-0-4-before passed
0-small-primed-0-4-after passed
0-small-primed-0-8-before passed
0-small-primed-0-8-after passed
0-small-primed-0-32-before passed
0-small-primed-0-32-after passed
0-small-primed-65536-1-before passed
0-small-primed-65536-1-after passed
0-small-primed-65536-2-before passed
0-small-primed-65536-2-after passed
0-small-primed-65536-4-before passed
0-small-primed-65536-4-after passed
0-small-primed-65536-8-before passed
0-small-primed-65536-8-after passed
0-small-primed-65536-32-before passed
0-small-primed-65536-32-after passed
0-large-fresh-0-1-before passed
0-large-fresh-0-1-after passed
0-large-fresh-0-2-before passed
0-large-fresh-0-2-after passed
0-large-fresh-0-4-before passed
0-large-fresh-0-4-after passed
0-large-fresh-0-8-before passed
0-large-fresh-0-8-after passed
0-large-fresh-0-32-before passed
0-large-fresh-0-32-after passed
0-large-fresh-65536-1-before passed
0-large-fresh-65536-1-after passed
0-large-fresh-65536-2-before passed
0-large-fresh-65536-2-after passed
0-large-fresh-65536-4-before passed
0-large-fresh-65536-4-after passed
0-large-fresh-65536-8-before passed
0-large-fresh-65536-8-after passed
0-large-fresh-65536-32-before passed
0-large-fresh-65536-32-after passed
0-large-primed-0-1-before passed
0-large-primed-0-1-after passed
0-large-primed-0-2-before passed
0-large-primed-0-2-after passed
0-large-primed-0-4-before passed
0-large-primed-0-4-after passed
0-large-primed-0-8-before passed
0-large-primed-0-8-after passed
0-large-primed-0-32-before passed
0-large-primed-0-32-after passed
0-large-primed-65536-1-before passed
0-large-primed-65536-1-after passed
0-large-primed-65536-2-before passed
0-large-primed-65536-2-after passed
0-large-primed-65536-4-before passed
0-large-primed-65536-4-after passed
0-large-primed-65536-8-before passed
0-large-primed-65536-8-after passed
0-large-primed-65536-32-before passed
0-large-primed-65536-32-after passed
0-mixed-fresh-0-1-before passed
0-mixed-fresh-0-1-after passed
0-mixed-fresh-0-2-before passed
0-mixed-fresh-0-2-after passed
0-mixed-fresh-0-4-before passed
0-mixed-fresh-0-4-after passed
0-mixed-fresh-0-8-before passed
0-mixed-fresh-0-8-after passed
0-mixed-fresh-0-32-before passed
0-mixed-fresh-0-32-after passed
0-mixed-fresh-65536-1-before passed
0-mixed-fresh-65536-1-after passed
0-mixed-fresh-65536-2-before passed
0-mixed-fresh-65536-2-after passed
0-mixed-fresh-65536-4-before passed
0-mixed-fresh-65536-4-after passed
0-mixed-fresh-65536-8-before passed
0-mixed-fresh-65536-8-after passed
0-mixed-fresh-65536-32-before passed
0-mixed-fresh-65536-32-after passed
0-mixed-primed-0-1-before passed
0-mixed-primed-0-1-after passed
0-mixed-primed-0-2-before passed
0-mixed-primed-0-2-after passed
0-mixed-primed-0-4-before passed
0-mixed-primed-0-4-after passed
0-mixed-primed-0-8-before passed
0-mixed-primed-0-8-after passed
0-mixed-primed-0-32-before passed
0-mixed-primed-0-32-after passed
0-mixed-primed-65536-1-before passed
0-mixed-primed-65536-1-after passed
0-mixed-primed-65536-2-before passed
0-mixed-primed-65536-2-after passed
0-mixed-primed-65536-4-before passed
0-mixed-primed-65536-4-after passed
0-mixed-primed-65536-8-before passed
0-mixed-primed-65536-8-after passed
0-mixed-primed-65536-32-before passed
0-mixed-primed-65536-32-after passed
1-small-fresh-0-1-after passed
1-small-fresh-0-1-before passed
1-small-fresh-0-2-after passed
1-small-fresh-0-2-before passed
1-small-fresh-0-4-after passed
1-small-fresh-0-4-before passed
1-small-fresh-0-8-after passed
1-small-fresh-0-8-before passed
1-small-fresh-0-32-after passed
1-small-fresh-0-32-before passed
1-small-fresh-65536-1-after passed
1-small-fresh-65536-1-before passed
1-small-fresh-65536-2-after passed
1-small-fresh-65536-2-before passed
1-small-fresh-65536-4-after passed
1-small-fresh-65536-4-before passed
1-small-fresh-65536-8-after passed
1-small-fresh-65536-8-before passed
1-small-fresh-65536-32-after passed
1-small-fresh-65536-32-before passed
1-small-primed-0-1-after passed
1-small-primed-0-1-before passed
1-small-primed-0-2-after passed
1-small-primed-0-2-before passed
1-small-primed-0-4-after passed
1-small-primed-0-4-before passed
1-small-primed-0-8-after passed
1-small-primed-0-8-before passed
1-small-primed-0-32-after passed
1-small-primed-0-32-before passed
1-small-primed-65536-1-after passed
1-small-primed-65536-1-before passed
1-small-primed-65536-2-after passed
1-small-primed-65536-2-before passed
1-small-primed-65536-4-after passed
1-small-primed-65536-4-before passed
1-small-primed-65536-8-after passed
1-small-primed-65536-8-before passed
1-small-primed-65536-32-after passed
1-small-primed-65536-32-before passed
1-large-fresh-0-1-after passed
1-large-fresh-0-1-before passed
1-large-fresh-0-2-after passed
1-large-fresh-0-2-before passed
1-large-fresh-0-4-after passed
1-large-fresh-0-4-before passed
1-large-fresh-0-8-after passed
1-large-fresh-0-8-before passed
1-large-fresh-0-32-after passed
1-large-fresh-0-32-before passed
1-large-fresh-65536-1-after passed
1-large-fresh-65536-1-before passed
1-large-fresh-65536-2-after passed
1-large-fresh-65536-2-before passed
1-large-fresh-65536-4-after passed
1-large-fresh-65536-4-before passed
1-large-fresh-65536-8-after passed
1-large-fresh-65536-8-before passed
1-large-fresh-65536-32-after passed
1-large-fresh-65536-32-before passed
1-large-primed-0-1-after passed
1-large-primed-0-1-before passed
1-large-primed-0-2-after passed
1-large-primed-0-2-before passed
1-large-primed-0-4-after passed
1-large-primed-0-4-before passed
1-large-primed-0-8-after passed
1-large-primed-0-8-before passed
1-large-primed-0-32-after passed
1-large-primed-0-32-before passed
1-large-primed-65536-1-after passed
1-large-primed-65536-1-before passed
1-large-primed-65536-2-after passed
1-large-primed-65536-2-before passed
1-large-primed-65536-4-after passed
1-large-primed-65536-4-before passed
1-large-primed-65536-8-after passed
1-large-primed-65536-8-before passed
1-large-primed-65536-32-after passed
1-large-primed-65536-32-before passed
1-mixed-fresh-0-1-after passed
1-mixed-fresh-0-1-before passed
1-mixed-fresh-0-2-after passed
1-mixed-fresh-0-2-before passed
1-mixed-fresh-0-4-after passed
1-mixed-fresh-0-4-before passed
1-mixed-fresh-0-8-after passed
1-mixed-fresh-0-8-before passed
1-mixed-fresh-0-32-after passed
1-mixed-fresh-0-32-before passed
1-mixed-fresh-65536-1-after passed
1-mixed-fresh-65536-1-before passed
1-mixed-fresh-65536-2-after passed
1-mixed-fresh-65536-2-before passed
1-mixed-fresh-65536-4-after passed
1-mixed-fresh-65536-4-before passed
1-mixed-fresh-65536-8-after passed
1-mixed-fresh-65536-8-before passed
1-mixed-fresh-65536-32-after passed
1-mixed-fresh-65536-32-before passed
1-mixed-primed-0-1-after passed
1-mixed-primed-0-1-before passed
1-mixed-primed-0-2-after passed
1-mixed-primed-0-2-before passed
1-mixed-primed-0-4-after passed
1-mixed-primed-0-4-before passed
1-mixed-primed-0-8-after passed
1-mixed-primed-0-8-before passed
1-mixed-primed-0-32-after passed
1-mixed-primed-0-32-before passed
1-mixed-primed-65536-1-after passed
1-mixed-primed-65536-1-before passed
1-mixed-primed-65536-2-after passed
1-mixed-primed-65536-2-before passed
1-mixed-primed-65536-4-after passed
1-mixed-primed-65536-4-before passed
1-mixed-primed-65536-8-after passed
1-mixed-primed-65536-8-before passed
1-mixed-primed-65536-32-after passed
1-mixed-primed-65536-32-before passed
