
/home/zhuhe/litchi-goal-0547-target/retained/baseline/normal:     file format elf64-x86-64


Disassembly of section .text:

0000000002f142c0 <_ZN10litchi_cfb4file13CheckedBitSet6insert17hd0819a41161dc860E>:
 2f142c0:	53                   	push   %rbx
 2f142c1:	48 83 ec 40          	sub    $0x40,%rsp
 2f142c5:	48 89 fb             	mov    %rdi,%rbx
 2f142c8:	48 89 14 24          	mov    %rdx,(%rsp)
 2f142cc:	48 3b 56 18          	cmp    0x18(%rsi),%rdx
 2f142d0:	73 2f                	jae    2f14301 <_ZN10litchi_cfb4file13CheckedBitSet6insert17hd0819a41161dc860E+0x41>
 2f142d2:	48 89 d0             	mov    %rdx,%rax
 2f142d5:	48 c1 e8 06          	shr    $0x6,%rax
 2f142d9:	48 3b 46 10          	cmp    0x10(%rsi),%rax
 2f142dd:	73 6a                	jae    2f14349 <_ZN10litchi_cfb4file13CheckedBitSet6insert17hd0819a41161dc860E+0x89>
 2f142df:	48 8b 76 08          	mov    0x8(%rsi),%rsi
 2f142e3:	bf 01 00 00 00       	mov    $0x1,%edi
 2f142e8:	89 d1                	mov    %edx,%ecx
 2f142ea:	48 d3 e7             	shl    %cl,%rdi
 2f142ed:	48 09 3c c6          	or     %rdi,(%rsi,%rax,8)
 2f142f1:	48 c7 03 0b 00 00 00 	movq   $0xb,(%rbx)
 2f142f8:	48 89 d8             	mov    %rbx,%rax
 2f142fb:	48 83 c4 40          	add    $0x40,%rsp
 2f142ff:	5b                   	pop    %rbx
 2f14300:	c3                   	ret
 2f14301:	48 83 c6 18          	add    $0x18,%rsi
 2f14305:	48 89 e0             	mov    %rsp,%rax
 2f14308:	48 89 44 24 08       	mov    %rax,0x8(%rsp)
 2f1430d:	48 8b 05 2c 94 1a 00 	mov    0x1a942c(%rip),%rax        # 30bd740 <_DYNAMIC+0x588>
 2f14314:	48 89 44 24 10       	mov    %rax,0x10(%rsp)
 2f14319:	48 89 74 24 18       	mov    %rsi,0x18(%rsp)
 2f1431e:	48 89 44 24 20       	mov    %rax,0x20(%rsp)
 2f14323:	48 8d 7b 08          	lea    0x8(%rbx),%rdi
 2f14327:	48 8d 35 2f 4a 1e fd 	lea    -0x2e1b5d1(%rip),%rsi        # f8d5d <anon.174b9ad362507c35be27e1edecad7361.657.llvm.1243185114027788912+0x42e>
 2f1432e:	48 8d 54 24 08       	lea    0x8(%rsp),%rdx
 2f14333:	ff 15 87 94 1a 00    	call   *0x1a9487(%rip)        # 30bd7c0 <_DYNAMIC+0x608>
 2f14339:	48 c7 03 08 00 00 00 	movq   $0x8,(%rbx)
 2f14340:	48 89 d8             	mov    %rbx,%rax
 2f14343:	48 83 c4 40          	add    $0x40,%rsp
 2f14347:	5b                   	pop    %rbx
 2f14348:	c3                   	ret
 2f14349:	48 89 e0             	mov    %rsp,%rax
 2f1434c:	48 89 44 24 30       	mov    %rax,0x30(%rsp)
 2f14351:	48 8b 05 e8 93 1a 00 	mov    0x1a93e8(%rip),%rax        # 30bd740 <_DYNAMIC+0x588>
 2f14358:	48 89 44 24 38       	mov    %rax,0x38(%rsp)
 2f1435d:	48 8d 7c 24 10       	lea    0x10(%rsp),%rdi
 2f14362:	48 8d 35 e9 81 1a fd 	lea    -0x2e57e17(%rip),%rsi        # bc552 <anon.9071cc436848d4c224bfb75d8ba78491.0.llvm.14771778566165099828+0x6c>
 2f14369:	48 8d 54 24 30       	lea    0x30(%rsp),%rdx
 2f1436e:	ff 15 4c 94 1a 00    	call   *0x1a944c(%rip)        # 30bd7c0 <_DYNAMIC+0x608>
 2f14374:	48 8b 44 24 10       	mov    0x10(%rsp),%rax
 2f14379:	48 8b 4c 24 28       	mov    0x28(%rsp),%rcx
 2f1437e:	48 89 4b 20          	mov    %rcx,0x20(%rbx)
 2f14382:	0f 10 44 24 18       	movups 0x18(%rsp),%xmm0
 2f14387:	0f 11 43 10          	movups %xmm0,0x10(%rbx)
 2f1438b:	48 c7 03 08 00 00 00 	movq   $0x8,(%rbx)
 2f14392:	48 89 43 08          	mov    %rax,0x8(%rbx)
 2f14396:	48 89 d8             	mov    %rbx,%rax
 2f14399:	48 83 c4 40          	add    $0x40,%rsp
 2f1439d:	5b                   	pop    %rbx
 2f1439e:	c3                   	ret

Disassembly of section .init:

Disassembly of section .fini:

Disassembly of section .plt:
