build-before-native 0
build-before-observer 0
qualification-before-native-real-edit 0
qualification-before-native-real-lifecycle 0
qualification-before-native-one-cell-tiny 0
qualification-before-native-one-cell-medium 0
qualification-before-native-one-cell-dense-wide 0
qualification-before-native-one-percent-tiny 0
qualification-before-native-one-percent-medium 0
qualification-before-native-one-percent-dense-wide 0
qualification-before-native-noop-medium 0
qualification-before-observer-real-edit 0
qualification-before-observer-real-lifecycle 0
qualification-before-observer-one-cell-tiny 0
qualification-before-observer-one-cell-medium 0
qualification-before-observer-one-cell-dense-wide 0
qualification-before-observer-one-percent-tiny 0
qualification-before-observer-one-percent-medium 0
qualification-before-observer-one-percent-dense-wide 0
qualification-before-observer-noop-medium 0
before PASS
