LITCHI0691_PART profile=baseline stage=process_part uri=/ppt/presentation.xml visible_ptr=0x61c92ea73ab0 visible_len=2357 arc_struct_ptr=0x61c92ea78010 arc_bytes_ptr=0x61c92ea73ab0 arc_len=2357 alias=true
LITCHI0691_CODEC call=0 profile=baseline stage=prefix:control:apply input_ptr=0x61c92ea73ab0 input_len=2357 output_ptr=0x61c92ea73ab0 output_len=2357 mode=borrow status=ok
LITCHI0691_MODEL profile=baseline stage=capture_begin parts=58
LITCHI0691_PART profile=baseline stage=process_part uri=/ppt/presentation.xml visible_ptr=0x61c92ea73ab0 visible_len=2357 arc_struct_ptr=0x61c92ea78010 arc_bytes_ptr=0x61c92ea73ab0 arc_len=2357 alias=true
LITCHI0691_CODEC call=1 profile=baseline stage=prefix:control:apply input_ptr=0x61c92ea73ab0 input_len=2357 output_ptr=0x61c92ea73ab0 output_len=2357 mode=borrow status=ok
LITCHI0691_PART profile=baseline stage=process_part uri=/ppt/presentation.xml visible_ptr=0x61c92ea73ab0 visible_len=2357 arc_struct_ptr=0x61c92ea78010 arc_bytes_ptr=0x61c92ea73ab0 arc_len=2357 alias=true
LITCHI0691_CODEC call=2 profile=baseline stage=prefix:control:apply input_ptr=0x61c92ea73ab0 input_len=2357 output_ptr=0x61c92ea73ab0 output_len=2357 mode=borrow status=ok
LITCHI0691_PART profile=baseline stage=process_part uri=/ppt/presentation.xml visible_ptr=0x61c92ea73ab0 visible_len=2357 arc_struct_ptr=0x61c92ea78010 arc_bytes_ptr=0x61c92ea73ab0 arc_len=2357 alias=true
LITCHI0691_CODEC call=3 profile=baseline stage=prefix:control:apply input_ptr=0x61c92ea73ab0 input_len=2357 output_ptr=0x61c92ea73ab0 output_len=2357 mode=borrow status=ok
LITCHI0691_PART profile=baseline stage=process_part uri=/ppt/slides/slide1.xml visible_ptr=0x61c92eb39e50 visible_len=2589 arc_struct_ptr=0x61c92ea77070 arc_bytes_ptr=0x61c92eb39e50 arc_len=2589 alias=true
LITCHI0691_CODEC call=4 profile=baseline stage=prefix:control:apply input_ptr=0x61c92eb39e50 input_len=2589 output_ptr=0x61c92eb39e50 output_len=2589 mode=borrow status=ok
LITCHI0691_PART profile=baseline stage=process_part uri=/ppt/slides/slide2.xml visible_ptr=0x61c92eb35bd0 visible_len=17006 arc_struct_ptr=0x61c92ea76f70 arc_bytes_ptr=0x61c92eb35bd0 arc_len=17006 alias=true
LITCHI0691_CODEC call=5 profile=baseline stage=prefix:control:apply input_ptr=0x61c92eb35bd0 input_len=17006 output_ptr=0x61c92eb35bd0 output_len=17006 mode=borrow status=ok
LITCHI0691_PART profile=baseline stage=process_part uri=/ppt/slides/slide3.xml visible_ptr=0x61c92eb2e0b0 visible_len=3038 arc_struct_ptr=0x61c92ea77620 arc_bytes_ptr=0x61c92eb2e0b0 arc_len=3038 alias=true
LITCHI0691_CODEC call=6 profile=baseline stage=prefix:control:apply input_ptr=0x61c92eb2e0b0 input_len=3038 output_ptr=0x61c92eb2e0b0 output_len=3038 mode=borrow status=ok
LITCHI0691_PART profile=baseline stage=process_part uri=/ppt/slides/slide4.xml visible_ptr=0x61c92eb266f0 visible_len=31153 arc_struct_ptr=0x61c92ea77a20 arc_bytes_ptr=0x61c92eb266f0 arc_len=31153 alias=true
LITCHI0691_CODEC call=7 profile=baseline stage=prefix:control:apply input_ptr=0x61c92eb266f0 input_len=31153 output_ptr=0x61c92eb266f0 output_len=31153 mode=borrow status=ok
LITCHI0691_PART profile=baseline stage=process_part uri=/ppt/slides/slide5.xml visible_ptr=0x61c92eb1e4c0 visible_len=17833 arc_struct_ptr=0x61c92ea7a8b0 arc_bytes_ptr=0x61c92eb1e4c0 arc_len=17833 alias=true
LITCHI0691_CODEC call=8 profile=baseline stage=prefix:control:apply input_ptr=0x61c92eb1e4c0 input_len=17833 output_ptr=0x61c92eb1e4c0 output_len=17833 mode=borrow status=ok
LITCHI0691_PART profile=baseline stage=process_part uri=/ppt/slides/slide6.xml visible_ptr=0x61c92eb1d8d0 visible_len=3037 arc_struct_ptr=0x61c92ea72f50 arc_bytes_ptr=0x61c92eb1d8d0 arc_len=3037 alias=true
LITCHI0691_CODEC call=9 profile=baseline stage=prefix:control:apply input_ptr=0x61c92eb1d8d0 input_len=3037 output_ptr=0x61c92eb1d8d0 output_len=3037 mode=borrow status=ok
LITCHI0691_PART profile=baseline stage=process_part uri=/ppt/slides/slide7.xml visible_ptr=0x61c92eb2eca0 visible_len=28449 arc_struct_ptr=0x61c92ea77820 arc_bytes_ptr=0x61c92eb2eca0 arc_len=28449 alias=true
LITCHI0691_CODEC call=10 profile=baseline stage=prefix:control:apply input_ptr=0x61c92eb2eca0 input_len=28449 output_ptr=0x61c92eb2eca0 output_len=28449 mode=borrow status=ok
LITCHI0691_PART profile=baseline stage=process_part uri=/ppt/slides/slide8.xml visible_ptr=0x61c92eb22a80 visible_len=2674 arc_struct_ptr=0x61c92ea77920 arc_bytes_ptr=0x61c92eb22a80 arc_len=2674 alias=true
LITCHI0691_CODEC call=11 profile=baseline stage=prefix:control:apply input_ptr=0x61c92eb22a80 input_len=2674 output_ptr=0x61c92eb22a80 output_len=2674 mode=borrow status=ok
LITCHI0691_PART profile=baseline stage=process_part uri=/ppt/slides/slide9.xml visible_ptr=0x61c92eb25c70 visible_len=2676 arc_struct_ptr=0x61c92ea77720 arc_bytes_ptr=0x61c92eb25c70 arc_len=2676 alias=true
LITCHI0691_CODEC call=12 profile=baseline stage=prefix:control:apply input_ptr=0x61c92eb25c70 input_len=2676 output_ptr=0x61c92eb25c70 output_len=2676 mode=borrow status=ok
LITCHI0691_PART profile=baseline stage=process_part uri=/ppt/slides/slide10.xml visible_ptr=0x61c92eb23500 visible_len=3037 arc_struct_ptr=0x61c92ea779a0 arc_bytes_ptr=0x61c92eb23500 arc_len=3037 alias=true
LITCHI0691_CODEC call=13 profile=baseline stage=prefix:control:apply input_ptr=0x61c92eb23500 input_len=3037 output_ptr=0x61c92eb23500 output_len=3037 mode=borrow status=ok
LITCHI0691_PART profile=baseline stage=process_part uri=/ppt/slides/slide11.xml visible_ptr=0x61c92eb3a880 visible_len=121498 arc_struct_ptr=0x61c92ea797f0 arc_bytes_ptr=0x61c92eb3a880 arc_len=121498 alias=true
LITCHI0691_CODEC call=14 profile=baseline stage=prefix:control:apply input_ptr=0x61c92eb3a880 input_len=121498 output_ptr=0x61c92eb3a880 output_len=121498 mode=borrow status=ok
LITCHI0691_PART profile=baseline stage=process_part uri=/ppt/slides/slide12.xml visible_ptr=0x61c92eb166d0 visible_len=29160 arc_struct_ptr=0x61c92ea77420 arc_bytes_ptr=0x61c92eb166d0 arc_len=29160 alias=true
LITCHI0691_CODEC call=15 profile=baseline stage=prefix:control:apply input_ptr=0x61c92eb166d0 input_len=29160 output_ptr=0x61c92eb166d0 output_len=29160 mode=borrow status=ok
LITCHI0691_PART profile=baseline stage=process_part uri=/ppt/slides/slide13.xml visible_ptr=0x61c92eb240f0 visible_len=7028 arc_struct_ptr=0x61c92ea77580 arc_bytes_ptr=0x61c92eb240f0 arc_len=7028 alias=true
LITCHI0691_CODEC call=16 profile=baseline stage=prefix:control:apply input_ptr=0x61c92eb240f0 input_len=7028 output_ptr=0x61c92eb240f0 output_len=7028 mode=borrow status=ok
LITCHI0691_PART profile=baseline stage=process_part uri=/ppt/slides/slide1.xml visible_ptr=0x61c92eb39e50 visible_len=2589 arc_struct_ptr=0x61c92ea77070 arc_bytes_ptr=0x61c92eb39e50 arc_len=2589 alias=true
LITCHI0691_CODEC call=17 profile=baseline stage=prefix:control:apply input_ptr=0x61c92eb39e50 input_len=2589 output_ptr=0x61c92eb39e50 output_len=2589 mode=borrow status=ok
LITCHI0691_PART profile=baseline stage=process_part uri=/ppt/slides/slide2.xml visible_ptr=0x61c92eb35bd0 visible_len=17006 arc_struct_ptr=0x61c92ea76f70 arc_bytes_ptr=0x61c92eb35bd0 arc_len=17006 alias=true
LITCHI0691_CODEC call=18 profile=baseline stage=prefix:control:apply input_ptr=0x61c92eb35bd0 input_len=17006 output_ptr=0x61c92eb35bd0 output_len=17006 mode=borrow status=ok
LITCHI0691_PART profile=baseline stage=process_part uri=/ppt/slides/slide3.xml visible_ptr=0x61c92eb2e0b0 visible_len=3038 arc_struct_ptr=0x61c92ea77620 arc_bytes_ptr=0x61c92eb2e0b0 arc_len=3038 alias=true
LITCHI0691_CODEC call=19 profile=baseline stage=prefix:control:apply input_ptr=0x61c92eb2e0b0 input_len=3038 output_ptr=0x61c92eb2e0b0 output_len=3038 mode=borrow status=ok
LITCHI0691_PART profile=baseline stage=process_part uri=/ppt/slides/slide4.xml visible_ptr=0x61c92eb266f0 visible_len=31153 arc_struct_ptr=0x61c92ea77a20 arc_bytes_ptr=0x61c92eb266f0 arc_len=31153 alias=true
LITCHI0691_CODEC call=20 profile=baseline stage=prefix:control:apply input_ptr=0x61c92eb266f0 input_len=31153 output_ptr=0x61c92eb266f0 output_len=31153 mode=borrow status=ok
LITCHI0691_PART profile=baseline stage=process_part uri=/ppt/slides/slide5.xml visible_ptr=0x61c92eb1e4c0 visible_len=17833 arc_struct_ptr=0x61c92ea7a8b0 arc_bytes_ptr=0x61c92eb1e4c0 arc_len=17833 alias=true
LITCHI0691_CODEC call=21 profile=baseline stage=prefix:control:apply input_ptr=0x61c92eb1e4c0 input_len=17833 output_ptr=0x61c92eb1e4c0 output_len=17833 mode=borrow status=ok
LITCHI0691_PART profile=baseline stage=process_part uri=/ppt/slides/slide6.xml visible_ptr=0x61c92eb1d8d0 visible_len=3037 arc_struct_ptr=0x61c92ea72f50 arc_bytes_ptr=0x61c92eb1d8d0 arc_len=3037 alias=true
LITCHI0691_CODEC call=22 profile=baseline stage=prefix:control:apply input_ptr=0x61c92eb1d8d0 input_len=3037 output_ptr=0x61c92eb1d8d0 output_len=3037 mode=borrow status=ok
LITCHI0691_PART profile=baseline stage=process_part uri=/ppt/slides/slide7.xml visible_ptr=0x61c92eb2eca0 visible_len=28449 arc_struct_ptr=0x61c92ea77820 arc_bytes_ptr=0x61c92eb2eca0 arc_len=28449 alias=true
LITCHI0691_CODEC call=23 profile=baseline stage=prefix:control:apply input_ptr=0x61c92eb2eca0 input_len=28449 output_ptr=0x61c92eb2eca0 output_len=28449 mode=borrow status=ok
LITCHI0691_PART profile=baseline stage=process_part uri=/ppt/slides/slide8.xml visible_ptr=0x61c92eb22a80 visible_len=2674 arc_struct_ptr=0x61c92ea77920 arc_bytes_ptr=0x61c92eb22a80 arc_len=2674 alias=true
LITCHI0691_CODEC call=24 profile=baseline stage=prefix:control:apply input_ptr=0x61c92eb22a80 input_len=2674 output_ptr=0x61c92eb22a80 output_len=2674 mode=borrow status=ok
LITCHI0691_PART profile=baseline stage=process_part uri=/ppt/slides/slide9.xml visible_ptr=0x61c92eb25c70 visible_len=2676 arc_struct_ptr=0x61c92ea77720 arc_bytes_ptr=0x61c92eb25c70 arc_len=2676 alias=true
LITCHI0691_CODEC call=25 profile=baseline stage=prefix:control:apply input_ptr=0x61c92eb25c70 input_len=2676 output_ptr=0x61c92eb25c70 output_len=2676 mode=borrow status=ok
LITCHI0691_PART profile=baseline stage=process_part uri=/ppt/slides/slide10.xml visible_ptr=0x61c92eb23500 visible_len=3037 arc_struct_ptr=0x61c92ea779a0 arc_bytes_ptr=0x61c92eb23500 arc_len=3037 alias=true
LITCHI0691_CODEC call=26 profile=baseline stage=prefix:control:apply input_ptr=0x61c92eb23500 input_len=3037 output_ptr=0x61c92eb23500 output_len=3037 mode=borrow status=ok
LITCHI0691_PART profile=baseline stage=process_part uri=/ppt/slides/slide11.xml visible_ptr=0x61c92eb3a880 visible_len=121498 arc_struct_ptr=0x61c92ea797f0 arc_bytes_ptr=0x61c92eb3a880 arc_len=121498 alias=true
LITCHI0691_CODEC call=27 profile=baseline stage=prefix:control:apply input_ptr=0x61c92eb3a880 input_len=121498 output_ptr=0x61c92eb3a880 output_len=121498 mode=borrow status=ok
LITCHI0691_PART profile=baseline stage=process_part uri=/ppt/slides/slide12.xml visible_ptr=0x61c92eb166d0 visible_len=29160 arc_struct_ptr=0x61c92ea77420 arc_bytes_ptr=0x61c92eb166d0 arc_len=29160 alias=true
LITCHI0691_CODEC call=28 profile=baseline stage=prefix:control:apply input_ptr=0x61c92eb166d0 input_len=29160 output_ptr=0x61c92eb166d0 output_len=29160 mode=borrow status=ok
LITCHI0691_PART profile=baseline stage=process_part uri=/ppt/slides/slide13.xml visible_ptr=0x61c92eb240f0 visible_len=7028 arc_struct_ptr=0x61c92ea77580 arc_bytes_ptr=0x61c92eb240f0 arc_len=7028 alias=true
LITCHI0691_CODEC call=29 profile=baseline stage=prefix:control:apply input_ptr=0x61c92eb240f0 input_len=7028 output_ptr=0x61c92eb240f0 output_len=7028 mode=borrow status=ok
LITCHI0691_CODEC call=30 profile=baseline stage=prefix:control:apply input_ptr=0x61c92ea73ab0 input_len=2357 output_ptr=0x61c92ea73ab0 output_len=2357 mode=borrow status=ok
LITCHI0691_CODEC call=31 profile=baseline stage=prefix:control:apply input_ptr=0x61c92ea73ab0 input_len=2357 output_ptr=0x61c92ea73ab0 output_len=2357 mode=borrow status=ok
LITCHI0691_CODEC call=32 profile=baseline stage=prefix:control:apply input_ptr=0x61c92eb39e50 input_len=2589 output_ptr=0x61c92eb39e50 output_len=2589 mode=borrow status=ok
LITCHI0691_CODEC call=33 profile=baseline stage=prefix:control:apply input_ptr=0x61c92eb35bd0 input_len=17006 output_ptr=0x61c92eb35bd0 output_len=17006 mode=borrow status=ok
LITCHI0691_CODEC call=34 profile=baseline stage=prefix:control:apply input_ptr=0x61c92eb2e0b0 input_len=3038 output_ptr=0x61c92eb2e0b0 output_len=3038 mode=borrow status=ok
LITCHI0691_CODEC call=35 profile=baseline stage=prefix:control:apply input_ptr=0x61c92eb266f0 input_len=31153 output_ptr=0x61c92eb266f0 output_len=31153 mode=borrow status=ok
LITCHI0691_CODEC call=36 profile=baseline stage=prefix:control:apply input_ptr=0x61c92eb1e4c0 input_len=17833 output_ptr=0x61c92eb1e4c0 output_len=17833 mode=borrow status=ok
LITCHI0691_CODEC call=37 profile=baseline stage=prefix:control:apply input_ptr=0x61c92eb1d8d0 input_len=3037 output_ptr=0x61c92eb1d8d0 output_len=3037 mode=borrow status=ok
LITCHI0691_CODEC call=38 profile=baseline stage=prefix:control:apply input_ptr=0x61c92eb2eca0 input_len=28449 output_ptr=0x61c92eb2eca0 output_len=28449 mode=borrow status=ok
LITCHI0691_CODEC call=39 profile=baseline stage=prefix:control:apply input_ptr=0x61c92eb22a80 input_len=2674 output_ptr=0x61c92eb22a80 output_len=2674 mode=borrow status=ok
LITCHI0691_CODEC call=40 profile=baseline stage=prefix:control:apply input_ptr=0x61c92eb25c70 input_len=2676 output_ptr=0x61c92eb25c70 output_len=2676 mode=borrow status=ok
LITCHI0691_CODEC call=41 profile=baseline stage=prefix:control:apply input_ptr=0x61c92eb23500 input_len=3037 output_ptr=0x61c92eb23500 output_len=3037 mode=borrow status=ok
LITCHI0691_CODEC call=42 profile=baseline stage=prefix:control:apply input_ptr=0x61c92eb3a880 input_len=121498 output_ptr=0x61c92eb3a880 output_len=121498 mode=borrow status=ok
LITCHI0691_CODEC call=43 profile=baseline stage=prefix:control:apply input_ptr=0x61c92eb166d0 input_len=29160 output_ptr=0x61c92eb166d0 output_len=29160 mode=borrow status=ok
LITCHI0691_CODEC call=44 profile=baseline stage=prefix:control:apply input_ptr=0x61c92eb240f0 input_len=7028 output_ptr=0x61c92eb240f0 output_len=7028 mode=borrow status=ok
LITCHI0691_MODEL profile=baseline stage=capture_success parts=58 slides=13
LITCHI0691_PART profile=baseline stage=process_part uri=/ppt/presentation.xml visible_ptr=0x61c92eb6b900 visible_len=2357 arc_struct_ptr=0x61c92ea67140 arc_bytes_ptr=0x61c92eb6b900 arc_len=2357 alias=true
LITCHI0691_CODEC call=45 profile=baseline stage=prefix:control:apply input_ptr=0x61c92eb6b900 input_len=2357 output_ptr=0x61c92eb6b900 output_len=2357 mode=borrow status=ok
LITCHI0691_MODEL profile=baseline stage=capture_begin parts=58
LITCHI0691_PART profile=baseline stage=process_part uri=/ppt/presentation.xml visible_ptr=0x61c92eb6b900 visible_len=2357 arc_struct_ptr=0x61c92ea67140 arc_bytes_ptr=0x61c92eb6b900 arc_len=2357 alias=true
LITCHI0691_CODEC call=46 profile=baseline stage=prefix:control:apply input_ptr=0x61c92eb6b900 input_len=2357 output_ptr=0x61c92eb6b900 output_len=2357 mode=borrow status=ok
LITCHI0691_PART profile=baseline stage=process_part uri=/ppt/presentation.xml visible_ptr=0x61c92eb6b900 visible_len=2357 arc_struct_ptr=0x61c92ea67140 arc_bytes_ptr=0x61c92eb6b900 arc_len=2357 alias=true
LITCHI0691_CODEC call=47 profile=baseline stage=prefix:control:apply input_ptr=0x61c92eb6b900 input_len=2357 output_ptr=0x61c92eb6b900 output_len=2357 mode=borrow status=ok
LITCHI0691_PART profile=baseline stage=process_part uri=/ppt/presentation.xml visible_ptr=0x61c92eb6b900 visible_len=2357 arc_struct_ptr=0x61c92ea67140 arc_bytes_ptr=0x61c92eb6b900 arc_len=2357 alias=true
LITCHI0691_CODEC call=48 profile=baseline stage=prefix:control:apply input_ptr=0x61c92eb6b900 input_len=2357 output_ptr=0x61c92eb6b900 output_len=2357 mode=borrow status=ok
LITCHI0691_PART profile=baseline stage=process_part uri=/ppt/slides/slide1.xml visible_ptr=0x61c92eb58560 visible_len=2589 arc_struct_ptr=0x61c92ea56600 arc_bytes_ptr=0x61c92eb58560 arc_len=2589 alias=true
LITCHI0691_CODEC call=49 profile=baseline stage=prefix:control:apply input_ptr=0x61c92eb58560 input_len=2589 output_ptr=0x61c92eb58560 output_len=2589 mode=borrow status=ok
LITCHI0691_PART profile=baseline stage=process_part uri=/ppt/slides/slide2.xml visible_ptr=0x61c92eb6c690 visible_len=17006 arc_struct_ptr=0x61c92ea565d0 arc_bytes_ptr=0x61c92eb6c690 arc_len=17006 alias=true
LITCHI0691_CODEC call=50 profile=baseline stage=prefix:control:apply input_ptr=0x61c92eb6c690 input_len=17006 output_ptr=0x61c92eb6c690 output_len=17006 mode=borrow status=ok
LITCHI0691_PART profile=baseline stage=process_part uri=/ppt/slides/slide3.xml visible_ptr=0x61c92eb61490 visible_len=3038 arc_struct_ptr=0x61c92ea78ef0 arc_bytes_ptr=0x61c92eb61490 arc_len=3038 alias=true
LITCHI0691_CODEC call=51 profile=baseline stage=prefix:control:apply input_ptr=0x61c92eb61490 input_len=3038 output_ptr=0x61c92eb61490 output_len=3038 mode=borrow status=ok
LITCHI0691_PART profile=baseline stage=process_part uri=/ppt/slides/slide4.xml visible_ptr=0x61c92eb49c70 visible_len=31153 arc_struct_ptr=0x61c92ea78190 arc_bytes_ptr=0x61c92eb49c70 arc_len=31153 alias=true
LITCHI0691_CODEC call=52 profile=baseline stage=prefix:control:apply input_ptr=0x61c92eb49c70 input_len=31153 output_ptr=0x61c92eb49c70 output_len=31153 mode=borrow status=ok
LITCHI0691_PART profile=baseline stage=process_part uri=/ppt/slides/slide5.xml visible_ptr=0x61c92eb456b0 visible_len=17833 arc_struct_ptr=0x61c92eb62820 arc_bytes_ptr=0x61c92eb456b0 arc_len=17833 alias=true
LITCHI0691_CODEC call=53 profile=baseline stage=prefix:control:apply input_ptr=0x61c92eb456b0 input_len=17833 output_ptr=0x61c92eb456b0 output_len=17833 mode=borrow status=ok
LITCHI0691_PART profile=baseline stage=process_part uri=/ppt/slides/slide6.xml visible_ptr=0x61c92eabf560 visible_len=3037 arc_struct_ptr=0x61c92ea78c20 arc_bytes_ptr=0x61c92eabf560 arc_len=3037 alias=true
LITCHI0691_CODEC call=54 profile=baseline stage=prefix:control:apply input_ptr=0x61c92eabf560 input_len=3037 output_ptr=0x61c92eabf560 output_len=3037 mode=borrow status=ok
LITCHI0691_PART profile=baseline stage=process_part uri=/ppt/slides/slide7.xml visible_ptr=0x61c92eb51630 visible_len=28449 arc_struct_ptr=0x61c92ea78f20 arc_bytes_ptr=0x61c92eb51630 arc_len=28449 alias=true
LITCHI0691_CODEC call=55 profile=baseline stage=prefix:control:apply input_ptr=0x61c92eb51630 input_len=28449 output_ptr=0x61c92eb51630 output_len=28449 mode=borrow status=ok
LITCHI0691_PART profile=baseline stage=process_part uri=/ppt/slides/slide8.xml visible_ptr=0x61c92ea9bdb0 visible_len=2674 arc_struct_ptr=0x61c92eb63770 arc_bytes_ptr=0x61c92ea9bdb0 arc_len=2674 alias=true
LITCHI0691_CODEC call=56 profile=baseline stage=prefix:control:apply input_ptr=0x61c92ea9bdb0 input_len=2674 output_ptr=0x61c92ea9bdb0 output_len=2674 mode=borrow status=ok
LITCHI0691_PART profile=baseline stage=process_part uri=/ppt/slides/slide9.xml visible_ptr=0x61c92eb60a10 visible_len=2676 arc_struct_ptr=0x61c92eb5db10 arc_bytes_ptr=0x61c92eb60a10 arc_len=2676 alias=true
LITCHI0691_CODEC call=57 profile=baseline stage=prefix:control:apply input_ptr=0x61c92eb60a10 input_len=2676 output_ptr=0x61c92eb60a10 output_len=2676 mode=borrow status=ok
LITCHI0691_PART profile=baseline stage=process_part uri=/ppt/slides/slide10.xml visible_ptr=0x61c92ea9c830 visible_len=3037 arc_struct_ptr=0x61c92eb63830 arc_bytes_ptr=0x61c92ea9c830 arc_len=3037 alias=true
LITCHI0691_CODEC call=58 profile=baseline stage=prefix:control:apply input_ptr=0x61c92ea9c830 input_len=3037 output_ptr=0x61c92ea9c830 output_len=3037 mode=borrow status=ok
LITCHI0691_PART profile=baseline stage=process_part uri=/ppt/slides/slide11.xml visible_ptr=0x61c92eb70910 visible_len=121498 arc_struct_ptr=0x61c92ea56670 arc_bytes_ptr=0x61c92eb70910 arc_len=121498 alias=true
LITCHI0691_CODEC call=59 profile=baseline stage=prefix:control:apply input_ptr=0x61c92eb70910 input_len=121498 output_ptr=0x61c92eb70910 output_len=121498 mode=borrow status=ok
LITCHI0691_PART profile=baseline stage=process_part uri=/ppt/slides/slide12.xml visible_ptr=0x61c92eb3e4b0 visible_len=29160 arc_struct_ptr=0x61c92ea73070 arc_bytes_ptr=0x61c92eb3e4b0 arc_len=29160 alias=true
LITCHI0691_CODEC call=60 profile=baseline stage=prefix:control:apply input_ptr=0x61c92eb3e4b0 input_len=29160 output_ptr=0x61c92eb3e4b0 output_len=29160 mode=borrow status=ok
LITCHI0691_PART profile=baseline stage=process_part uri=/ppt/slides/slide13.xml visible_ptr=0x61c92ea61520 visible_len=7028 arc_struct_ptr=0x61c92eb6c340 arc_bytes_ptr=0x61c92ea61520 arc_len=7028 alias=true
LITCHI0691_CODEC call=61 profile=baseline stage=prefix:control:apply input_ptr=0x61c92ea61520 input_len=7028 output_ptr=0x61c92ea61520 output_len=7028 mode=borrow status=ok
LITCHI0691_PART profile=baseline stage=process_part uri=/ppt/slides/slide1.xml visible_ptr=0x61c92eb58560 visible_len=2589 arc_struct_ptr=0x61c92ea56600 arc_bytes_ptr=0x61c92eb58560 arc_len=2589 alias=true
LITCHI0691_CODEC call=62 profile=baseline stage=prefix:control:apply input_ptr=0x61c92eb58560 input_len=2589 output_ptr=0x61c92eb58560 output_len=2589 mode=borrow status=ok
LITCHI0691_PART profile=baseline stage=process_part uri=/ppt/slides/slide2.xml visible_ptr=0x61c92eb6c690 visible_len=17006 arc_struct_ptr=0x61c92ea565d0 arc_bytes_ptr=0x61c92eb6c690 arc_len=17006 alias=true
LITCHI0691_CODEC call=63 profile=baseline stage=prefix:control:apply input_ptr=0x61c92eb6c690 input_len=17006 output_ptr=0x61c92eb6c690 output_len=17006 mode=borrow status=ok
LITCHI0691_PART profile=baseline stage=process_part uri=/ppt/slides/slide3.xml visible_ptr=0x61c92eb61490 visible_len=3038 arc_struct_ptr=0x61c92ea78ef0 arc_bytes_ptr=0x61c92eb61490 arc_len=3038 alias=true
LITCHI0691_CODEC call=64 profile=baseline stage=prefix:control:apply input_ptr=0x61c92eb61490 input_len=3038 output_ptr=0x61c92eb61490 output_len=3038 mode=borrow status=ok
LITCHI0691_PART profile=baseline stage=process_part uri=/ppt/slides/slide4.xml visible_ptr=0x61c92eb49c70 visible_len=31153 arc_struct_ptr=0x61c92ea78190 arc_bytes_ptr=0x61c92eb49c70 arc_len=31153 alias=true
LITCHI0691_CODEC call=65 profile=baseline stage=prefix:control:apply input_ptr=0x61c92eb49c70 input_len=31153 output_ptr=0x61c92eb49c70 output_len=31153 mode=borrow status=ok
LITCHI0691_PART profile=baseline stage=process_part uri=/ppt/slides/slide5.xml visible_ptr=0x61c92eb456b0 visible_len=17833 arc_struct_ptr=0x61c92eb62820 arc_bytes_ptr=0x61c92eb456b0 arc_len=17833 alias=true
LITCHI0691_CODEC call=66 profile=baseline stage=prefix:control:apply input_ptr=0x61c92eb456b0 input_len=17833 output_ptr=0x61c92eb456b0 output_len=17833 mode=borrow status=ok
LITCHI0691_PART profile=baseline stage=process_part uri=/ppt/slides/slide6.xml visible_ptr=0x61c92eabf560 visible_len=3037 arc_struct_ptr=0x61c92ea78c20 arc_bytes_ptr=0x61c92eabf560 arc_len=3037 alias=true
LITCHI0691_CODEC call=67 profile=baseline stage=prefix:control:apply input_ptr=0x61c92eabf560 input_len=3037 output_ptr=0x61c92eabf560 output_len=3037 mode=borrow status=ok
LITCHI0691_PART profile=baseline stage=process_part uri=/ppt/slides/slide7.xml visible_ptr=0x61c92eb51630 visible_len=28449 arc_struct_ptr=0x61c92ea78f20 arc_bytes_ptr=0x61c92eb51630 arc_len=28449 alias=true
LITCHI0691_CODEC call=68 profile=baseline stage=prefix:control:apply input_ptr=0x61c92eb51630 input_len=28449 output_ptr=0x61c92eb51630 output_len=28449 mode=borrow status=ok
LITCHI0691_PART profile=baseline stage=process_part uri=/ppt/slides/slide8.xml visible_ptr=0x61c92ea9bdb0 visible_len=2674 arc_struct_ptr=0x61c92eb63770 arc_bytes_ptr=0x61c92ea9bdb0 arc_len=2674 alias=true
LITCHI0691_CODEC call=69 profile=baseline stage=prefix:control:apply input_ptr=0x61c92ea9bdb0 input_len=2674 output_ptr=0x61c92ea9bdb0 output_len=2674 mode=borrow status=ok
LITCHI0691_PART profile=baseline stage=process_part uri=/ppt/slides/slide9.xml visible_ptr=0x61c92eb60a10 visible_len=2676 arc_struct_ptr=0x61c92eb5db10 arc_bytes_ptr=0x61c92eb60a10 arc_len=2676 alias=true
LITCHI0691_CODEC call=70 profile=baseline stage=prefix:control:apply input_ptr=0x61c92eb60a10 input_len=2676 output_ptr=0x61c92eb60a10 output_len=2676 mode=borrow status=ok
LITCHI0691_PART profile=baseline stage=process_part uri=/ppt/slides/slide10.xml visible_ptr=0x61c92ea9c830 visible_len=3037 arc_struct_ptr=0x61c92eb63830 arc_bytes_ptr=0x61c92ea9c830 arc_len=3037 alias=true
LITCHI0691_CODEC call=71 profile=baseline stage=prefix:control:apply input_ptr=0x61c92ea9c830 input_len=3037 output_ptr=0x61c92ea9c830 output_len=3037 mode=borrow status=ok
LITCHI0691_PART profile=baseline stage=process_part uri=/ppt/slides/slide11.xml visible_ptr=0x61c92eb70910 visible_len=121498 arc_struct_ptr=0x61c92ea56670 arc_bytes_ptr=0x61c92eb70910 arc_len=121498 alias=true
LITCHI0691_CODEC call=72 profile=baseline stage=prefix:control:apply input_ptr=0x61c92eb70910 input_len=121498 output_ptr=0x61c92eb70910 output_len=121498 mode=borrow status=ok
LITCHI0691_PART profile=baseline stage=process_part uri=/ppt/slides/slide12.xml visible_ptr=0x61c92eb3e4b0 visible_len=29160 arc_struct_ptr=0x61c92ea73070 arc_bytes_ptr=0x61c92eb3e4b0 arc_len=29160 alias=true
LITCHI0691_CODEC call=73 profile=baseline stage=prefix:control:apply input_ptr=0x61c92eb3e4b0 input_len=29160 output_ptr=0x61c92eb3e4b0 output_len=29160 mode=borrow status=ok
LITCHI0691_PART profile=baseline stage=process_part uri=/ppt/slides/slide13.xml visible_ptr=0x61c92ea61520 visible_len=7028 arc_struct_ptr=0x61c92eb6c340 arc_bytes_ptr=0x61c92ea61520 arc_len=7028 alias=true
LITCHI0691_CODEC call=74 profile=baseline stage=prefix:control:apply input_ptr=0x61c92ea61520 input_len=7028 output_ptr=0x61c92ea61520 output_len=7028 mode=borrow status=ok
LITCHI0691_CODEC call=75 profile=baseline stage=prefix:control:apply input_ptr=0x61c92eb6b900 input_len=2357 output_ptr=0x61c92eb6b900 output_len=2357 mode=borrow status=ok
LITCHI0691_CODEC call=76 profile=baseline stage=prefix:control:apply input_ptr=0x61c92eb6b900 input_len=2357 output_ptr=0x61c92eb6b900 output_len=2357 mode=borrow status=ok
LITCHI0691_CODEC call=77 profile=baseline stage=prefix:control:apply input_ptr=0x61c92eb58560 input_len=2589 output_ptr=0x61c92eb58560 output_len=2589 mode=borrow status=ok
LITCHI0691_CODEC call=78 profile=baseline stage=prefix:control:apply input_ptr=0x61c92eb6c690 input_len=17006 output_ptr=0x61c92eb6c690 output_len=17006 mode=borrow status=ok
LITCHI0691_CODEC call=79 profile=baseline stage=prefix:control:apply input_ptr=0x61c92eb61490 input_len=3038 output_ptr=0x61c92eb61490 output_len=3038 mode=borrow status=ok
LITCHI0691_CODEC call=80 profile=baseline stage=prefix:control:apply input_ptr=0x61c92eb49c70 input_len=31153 output_ptr=0x61c92eb49c70 output_len=31153 mode=borrow status=ok
LITCHI0691_CODEC call=81 profile=baseline stage=prefix:control:apply input_ptr=0x61c92eb456b0 input_len=17833 output_ptr=0x61c92eb456b0 output_len=17833 mode=borrow status=ok
LITCHI0691_CODEC call=82 profile=baseline stage=prefix:control:apply input_ptr=0x61c92eabf560 input_len=3037 output_ptr=0x61c92eabf560 output_len=3037 mode=borrow status=ok
LITCHI0691_CODEC call=83 profile=baseline stage=prefix:control:apply input_ptr=0x61c92eb51630 input_len=28449 output_ptr=0x61c92eb51630 output_len=28449 mode=borrow status=ok
LITCHI0691_CODEC call=84 profile=baseline stage=prefix:control:apply input_ptr=0x61c92ea9bdb0 input_len=2674 output_ptr=0x61c92ea9bdb0 output_len=2674 mode=borrow status=ok
LITCHI0691_CODEC call=85 profile=baseline stage=prefix:control:apply input_ptr=0x61c92eb60a10 input_len=2676 output_ptr=0x61c92eb60a10 output_len=2676 mode=borrow status=ok
LITCHI0691_CODEC call=86 profile=baseline stage=prefix:control:apply input_ptr=0x61c92ea9c830 input_len=3037 output_ptr=0x61c92ea9c830 output_len=3037 mode=borrow status=ok
LITCHI0691_CODEC call=87 profile=baseline stage=prefix:control:apply input_ptr=0x61c92eb70910 input_len=121498 output_ptr=0x61c92eb70910 output_len=121498 mode=borrow status=ok
LITCHI0691_CODEC call=88 profile=baseline stage=prefix:control:apply input_ptr=0x61c92eb3e4b0 input_len=29160 output_ptr=0x61c92eb3e4b0 output_len=29160 mode=borrow status=ok
LITCHI0691_CODEC call=89 profile=baseline stage=prefix:control:apply input_ptr=0x61c92ea61520 input_len=7028 output_ptr=0x61c92ea61520 output_len=7028 mode=borrow status=ok
LITCHI0691_MODEL profile=baseline stage=capture_success parts=58 slides=13
LITCHI0691_MODEL profile=baseline stage=capture_begin parts=58
LITCHI0691_PART profile=baseline stage=process_part uri=/ppt/presentation.xml visible_ptr=0x61c92eb6b900 visible_len=2357 arc_struct_ptr=0x61c92ea67140 arc_bytes_ptr=0x61c92eb6b900 arc_len=2357 alias=true
LITCHI0691_CODEC call=90 profile=baseline stage=prefix:control:apply input_ptr=0x61c92eb6b900 input_len=2357 output_ptr=0x61c92eb6b900 output_len=2357 mode=borrow status=ok
LITCHI0691_PART profile=baseline stage=process_part uri=/ppt/presentation.xml visible_ptr=0x61c92eb6b900 visible_len=2357 arc_struct_ptr=0x61c92ea67140 arc_bytes_ptr=0x61c92eb6b900 arc_len=2357 alias=true
LITCHI0691_CODEC call=91 profile=baseline stage=prefix:control:apply input_ptr=0x61c92eb6b900 input_len=2357 output_ptr=0x61c92eb6b900 output_len=2357 mode=borrow status=ok
LITCHI0691_PART profile=baseline stage=process_part uri=/ppt/presentation.xml visible_ptr=0x61c92eb6b900 visible_len=2357 arc_struct_ptr=0x61c92ea67140 arc_bytes_ptr=0x61c92eb6b900 arc_len=2357 alias=true
LITCHI0691_CODEC call=92 profile=baseline stage=prefix:control:apply input_ptr=0x61c92eb6b900 input_len=2357 output_ptr=0x61c92eb6b900 output_len=2357 mode=borrow status=ok
LITCHI0691_PART profile=baseline stage=process_part uri=/ppt/slides/slide1.xml visible_ptr=0x61c92eb58560 visible_len=2589 arc_struct_ptr=0x61c92ea56600 arc_bytes_ptr=0x61c92eb58560 arc_len=2589 alias=true
LITCHI0691_CODEC call=93 profile=baseline stage=prefix:control:apply input_ptr=0x61c92eb58560 input_len=2589 output_ptr=0x61c92eb58560 output_len=2589 mode=borrow status=ok
LITCHI0691_PART profile=baseline stage=process_part uri=/ppt/slides/slide2.xml visible_ptr=0x61c92eac53f0 visible_len=16935 arc_struct_ptr=0x61c92eaae560 arc_bytes_ptr=0x61c92eac53f0 arc_len=16935 alias=true
LITCHI0691_CODEC call=94 profile=baseline stage=prefix:control:apply input_ptr=0x61c92eac53f0 input_len=16935 output_ptr=0x61c92eac53f0 output_len=16935 mode=borrow status=ok
LITCHI0691_PART profile=baseline stage=process_part uri=/ppt/slides/slide3.xml visible_ptr=0x61c92eb61490 visible_len=3038 arc_struct_ptr=0x61c92ea78ef0 arc_bytes_ptr=0x61c92eb61490 arc_len=3038 alias=true
LITCHI0691_CODEC call=95 profile=baseline stage=prefix:control:apply input_ptr=0x61c92eb61490 input_len=3038 output_ptr=0x61c92eb61490 output_len=3038 mode=borrow status=ok
LITCHI0691_PART profile=baseline stage=process_part uri=/ppt/slides/slide4.xml visible_ptr=0x61c92eb49c70 visible_len=31153 arc_struct_ptr=0x61c92ea78190 arc_bytes_ptr=0x61c92eb49c70 arc_len=31153 alias=true
LITCHI0691_CODEC call=96 profile=baseline stage=prefix:control:apply input_ptr=0x61c92eb49c70 input_len=31153 output_ptr=0x61c92eb49c70 output_len=31153 mode=borrow status=ok
LITCHI0691_PART profile=baseline stage=process_part uri=/ppt/slides/slide5.xml visible_ptr=0x61c92eb456b0 visible_len=17833 arc_struct_ptr=0x61c92eb62820 arc_bytes_ptr=0x61c92eb456b0 arc_len=17833 alias=true
LITCHI0691_CODEC call=97 profile=baseline stage=prefix:control:apply input_ptr=0x61c92eb456b0 input_len=17833 output_ptr=0x61c92eb456b0 output_len=17833 mode=borrow status=ok
LITCHI0691_PART profile=baseline stage=process_part uri=/ppt/slides/slide6.xml visible_ptr=0x61c92eabf560 visible_len=3037 arc_struct_ptr=0x61c92ea78c20 arc_bytes_ptr=0x61c92eabf560 arc_len=3037 alias=true
LITCHI0691_CODEC call=98 profile=baseline stage=prefix:control:apply input_ptr=0x61c92eabf560 input_len=3037 output_ptr=0x61c92eabf560 output_len=3037 mode=borrow status=ok
LITCHI0691_PART profile=baseline stage=process_part uri=/ppt/slides/slide7.xml visible_ptr=0x61c92eb51630 visible_len=28449 arc_struct_ptr=0x61c92ea78f20 arc_bytes_ptr=0x61c92eb51630 arc_len=28449 alias=true
LITCHI0691_CODEC call=99 profile=baseline stage=prefix:control:apply input_ptr=0x61c92eb51630 input_len=28449 output_ptr=0x61c92eb51630 output_len=28449 mode=borrow status=ok
LITCHI0691_PART profile=baseline stage=process_part uri=/ppt/slides/slide8.xml visible_ptr=0x61c92ea9bdb0 visible_len=2674 arc_struct_ptr=0x61c92eb63770 arc_bytes_ptr=0x61c92ea9bdb0 arc_len=2674 alias=true
LITCHI0691_CODEC call=100 profile=baseline stage=prefix:control:apply input_ptr=0x61c92ea9bdb0 input_len=2674 output_ptr=0x61c92ea9bdb0 output_len=2674 mode=borrow status=ok
LITCHI0691_PART profile=baseline stage=process_part uri=/ppt/slides/slide9.xml visible_ptr=0x61c92eb60a10 visible_len=2676 arc_struct_ptr=0x61c92eb5db10 arc_bytes_ptr=0x61c92eb60a10 arc_len=2676 alias=true
LITCHI0691_CODEC call=101 profile=baseline stage=prefix:control:apply input_ptr=0x61c92eb60a10 input_len=2676 output_ptr=0x61c92eb60a10 output_len=2676 mode=borrow status=ok
LITCHI0691_PART profile=baseline stage=process_part uri=/ppt/slides/slide10.xml visible_ptr=0x61c92ea9c830 visible_len=3037 arc_struct_ptr=0x61c92eb63830 arc_bytes_ptr=0x61c92ea9c830 arc_len=3037 alias=true
LITCHI0691_CODEC call=102 profile=baseline stage=prefix:control:apply input_ptr=0x61c92ea9c830 input_len=3037 output_ptr=0x61c92ea9c830 output_len=3037 mode=borrow status=ok
LITCHI0691_PART profile=baseline stage=process_part uri=/ppt/slides/slide11.xml visible_ptr=0x61c92eb70910 visible_len=121498 arc_struct_ptr=0x61c92ea56670 arc_bytes_ptr=0x61c92eb70910 arc_len=121498 alias=true
LITCHI0691_CODEC call=103 profile=baseline stage=prefix:control:apply input_ptr=0x61c92eb70910 input_len=121498 output_ptr=0x61c92eb70910 output_len=121498 mode=borrow status=ok
LITCHI0691_PART profile=baseline stage=process_part uri=/ppt/slides/slide12.xml visible_ptr=0x61c92eb3e4b0 visible_len=29160 arc_struct_ptr=0x61c92ea73070 arc_bytes_ptr=0x61c92eb3e4b0 arc_len=29160 alias=true
LITCHI0691_CODEC call=104 profile=baseline stage=prefix:control:apply input_ptr=0x61c92eb3e4b0 input_len=29160 output_ptr=0x61c92eb3e4b0 output_len=29160 mode=borrow status=ok
LITCHI0691_PART profile=baseline stage=process_part uri=/ppt/slides/slide13.xml visible_ptr=0x61c92ea61520 visible_len=7028 arc_struct_ptr=0x61c92eb6c340 arc_bytes_ptr=0x61c92ea61520 arc_len=7028 alias=true
LITCHI0691_CODEC call=105 profile=baseline stage=prefix:control:apply input_ptr=0x61c92ea61520 input_len=7028 output_ptr=0x61c92ea61520 output_len=7028 mode=borrow status=ok
LITCHI0691_PART profile=baseline stage=process_part uri=/ppt/slides/slide1.xml visible_ptr=0x61c92eb58560 visible_len=2589 arc_struct_ptr=0x61c92ea56600 arc_bytes_ptr=0x61c92eb58560 arc_len=2589 alias=true
LITCHI0691_CODEC call=106 profile=baseline stage=prefix:control:apply input_ptr=0x61c92eb58560 input_len=2589 output_ptr=0x61c92eb58560 output_len=2589 mode=borrow status=ok
LITCHI0691_PART profile=baseline stage=process_part uri=/ppt/slides/slide2.xml visible_ptr=0x61c92eac53f0 visible_len=16935 arc_struct_ptr=0x61c92eaae560 arc_bytes_ptr=0x61c92eac53f0 arc_len=16935 alias=true
LITCHI0691_CODEC call=107 profile=baseline stage=prefix:control:apply input_ptr=0x61c92eac53f0 input_len=16935 output_ptr=0x61c92eac53f0 output_len=16935 mode=borrow status=ok
LITCHI0691_PART profile=baseline stage=process_part uri=/ppt/slides/slide3.xml visible_ptr=0x61c92eb61490 visible_len=3038 arc_struct_ptr=0x61c92ea78ef0 arc_bytes_ptr=0x61c92eb61490 arc_len=3038 alias=true
LITCHI0691_CODEC call=108 profile=baseline stage=prefix:control:apply input_ptr=0x61c92eb61490 input_len=3038 output_ptr=0x61c92eb61490 output_len=3038 mode=borrow status=ok
LITCHI0691_PART profile=baseline stage=process_part uri=/ppt/slides/slide4.xml visible_ptr=0x61c92eb49c70 visible_len=31153 arc_struct_ptr=0x61c92ea78190 arc_bytes_ptr=0x61c92eb49c70 arc_len=31153 alias=true
LITCHI0691_CODEC call=109 profile=baseline stage=prefix:control:apply input_ptr=0x61c92eb49c70 input_len=31153 output_ptr=0x61c92eb49c70 output_len=31153 mode=borrow status=ok
LITCHI0691_PART profile=baseline stage=process_part uri=/ppt/slides/slide5.xml visible_ptr=0x61c92eb456b0 visible_len=17833 arc_struct_ptr=0x61c92eb62820 arc_bytes_ptr=0x61c92eb456b0 arc_len=17833 alias=true
LITCHI0691_CODEC call=110 profile=baseline stage=prefix:control:apply input_ptr=0x61c92eb456b0 input_len=17833 output_ptr=0x61c92eb456b0 output_len=17833 mode=borrow status=ok
LITCHI0691_PART profile=baseline stage=process_part uri=/ppt/slides/slide6.xml visible_ptr=0x61c92eabf560 visible_len=3037 arc_struct_ptr=0x61c92ea78c20 arc_bytes_ptr=0x61c92eabf560 arc_len=3037 alias=true
LITCHI0691_CODEC call=111 profile=baseline stage=prefix:control:apply input_ptr=0x61c92eabf560 input_len=3037 output_ptr=0x61c92eabf560 output_len=3037 mode=borrow status=ok
LITCHI0691_PART profile=baseline stage=process_part uri=/ppt/slides/slide7.xml visible_ptr=0x61c92eb51630 visible_len=28449 arc_struct_ptr=0x61c92ea78f20 arc_bytes_ptr=0x61c92eb51630 arc_len=28449 alias=true
LITCHI0691_CODEC call=112 profile=baseline stage=prefix:control:apply input_ptr=0x61c92eb51630 input_len=28449 output_ptr=0x61c92eb51630 output_len=28449 mode=borrow status=ok
LITCHI0691_PART profile=baseline stage=process_part uri=/ppt/slides/slide8.xml visible_ptr=0x61c92ea9bdb0 visible_len=2674 arc_struct_ptr=0x61c92eb63770 arc_bytes_ptr=0x61c92ea9bdb0 arc_len=2674 alias=true
LITCHI0691_CODEC call=113 profile=baseline stage=prefix:control:apply input_ptr=0x61c92ea9bdb0 input_len=2674 output_ptr=0x61c92ea9bdb0 output_len=2674 mode=borrow status=ok
LITCHI0691_PART profile=baseline stage=process_part uri=/ppt/slides/slide9.xml visible_ptr=0x61c92eb60a10 visible_len=2676 arc_struct_ptr=0x61c92eb5db10 arc_bytes_ptr=0x61c92eb60a10 arc_len=2676 alias=true
LITCHI0691_CODEC call=114 profile=baseline stage=prefix:control:apply input_ptr=0x61c92eb60a10 input_len=2676 output_ptr=0x61c92eb60a10 output_len=2676 mode=borrow status=ok
LITCHI0691_PART profile=baseline stage=process_part uri=/ppt/slides/slide10.xml visible_ptr=0x61c92ea9c830 visible_len=3037 arc_struct_ptr=0x61c92eb63830 arc_bytes_ptr=0x61c92ea9c830 arc_len=3037 alias=true
LITCHI0691_CODEC call=115 profile=baseline stage=prefix:control:apply input_ptr=0x61c92ea9c830 input_len=3037 output_ptr=0x61c92ea9c830 output_len=3037 mode=borrow status=ok
LITCHI0691_PART profile=baseline stage=process_part uri=/ppt/slides/slide11.xml visible_ptr=0x61c92eb70910 visible_len=121498 arc_struct_ptr=0x61c92ea56670 arc_bytes_ptr=0x61c92eb70910 arc_len=121498 alias=true
LITCHI0691_CODEC call=116 profile=baseline stage=prefix:control:apply input_ptr=0x61c92eb70910 input_len=121498 output_ptr=0x61c92eb70910 output_len=121498 mode=borrow status=ok
LITCHI0691_PART profile=baseline stage=process_part uri=/ppt/slides/slide12.xml visible_ptr=0x61c92eb3e4b0 visible_len=29160 arc_struct_ptr=0x61c92ea73070 arc_bytes_ptr=0x61c92eb3e4b0 arc_len=29160 alias=true
LITCHI0691_CODEC call=117 profile=baseline stage=prefix:control:apply input_ptr=0x61c92eb3e4b0 input_len=29160 output_ptr=0x61c92eb3e4b0 output_len=29160 mode=borrow status=ok
LITCHI0691_PART profile=baseline stage=process_part uri=/ppt/slides/slide13.xml visible_ptr=0x61c92ea61520 visible_len=7028 arc_struct_ptr=0x61c92eb6c340 arc_bytes_ptr=0x61c92ea61520 arc_len=7028 alias=true
LITCHI0691_CODEC call=118 profile=baseline stage=prefix:control:apply input_ptr=0x61c92ea61520 input_len=7028 output_ptr=0x61c92ea61520 output_len=7028 mode=borrow status=ok
LITCHI0691_CODEC call=119 profile=baseline stage=prefix:control:apply input_ptr=0x61c92eb6b900 input_len=2357 output_ptr=0x61c92eb6b900 output_len=2357 mode=borrow status=ok
LITCHI0691_CODEC call=120 profile=baseline stage=prefix:control:apply input_ptr=0x61c92eb6b900 input_len=2357 output_ptr=0x61c92eb6b900 output_len=2357 mode=borrow status=ok
LITCHI0691_CODEC call=121 profile=baseline stage=prefix:control:apply input_ptr=0x61c92eb58560 input_len=2589 output_ptr=0x61c92eb58560 output_len=2589 mode=borrow status=ok
LITCHI0691_CODEC call=122 profile=baseline stage=prefix:control:apply input_ptr=0x61c92eac53f0 input_len=16935 output_ptr=0x61c92eac53f0 output_len=16935 mode=borrow status=ok
LITCHI0691_CODEC call=123 profile=baseline stage=prefix:control:apply input_ptr=0x61c92eb61490 input_len=3038 output_ptr=0x61c92eb61490 output_len=3038 mode=borrow status=ok
LITCHI0691_CODEC call=124 profile=baseline stage=prefix:control:apply input_ptr=0x61c92eb49c70 input_len=31153 output_ptr=0x61c92eb49c70 output_len=31153 mode=borrow status=ok
LITCHI0691_CODEC call=125 profile=baseline stage=prefix:control:apply input_ptr=0x61c92eb456b0 input_len=17833 output_ptr=0x61c92eb456b0 output_len=17833 mode=borrow status=ok
LITCHI0691_CODEC call=126 profile=baseline stage=prefix:control:apply input_ptr=0x61c92eabf560 input_len=3037 output_ptr=0x61c92eabf560 output_len=3037 mode=borrow status=ok
LITCHI0691_CODEC call=127 profile=baseline stage=prefix:control:apply input_ptr=0x61c92eb51630 input_len=28449 output_ptr=0x61c92eb51630 output_len=28449 mode=borrow status=ok
LITCHI0691_CODEC call=128 profile=baseline stage=prefix:control:apply input_ptr=0x61c92ea9bdb0 input_len=2674 output_ptr=0x61c92ea9bdb0 output_len=2674 mode=borrow status=ok
LITCHI0691_CODEC call=129 profile=baseline stage=prefix:control:apply input_ptr=0x61c92eb60a10 input_len=2676 output_ptr=0x61c92eb60a10 output_len=2676 mode=borrow status=ok
LITCHI0691_CODEC call=130 profile=baseline stage=prefix:control:apply input_ptr=0x61c92ea9c830 input_len=3037 output_ptr=0x61c92ea9c830 output_len=3037 mode=borrow status=ok
LITCHI0691_CODEC call=131 profile=baseline stage=prefix:control:apply input_ptr=0x61c92eb70910 input_len=121498 output_ptr=0x61c92eb70910 output_len=121498 mode=borrow status=ok
LITCHI0691_CODEC call=132 profile=baseline stage=prefix:control:apply input_ptr=0x61c92eb3e4b0 input_len=29160 output_ptr=0x61c92eb3e4b0 output_len=29160 mode=borrow status=ok
LITCHI0691_CODEC call=133 profile=baseline stage=prefix:control:apply input_ptr=0x61c92ea61520 input_len=7028 output_ptr=0x61c92ea61520 output_len=7028 mode=borrow status=ok
LITCHI0691_MODEL profile=baseline stage=capture_success parts=58 slides=13
LITCHI0691_PART profile=baseline stage=process_part uri=/ppt/presentation.xml visible_ptr=0x61c92eb6b900 visible_len=2357 arc_struct_ptr=0x61c92ea67140 arc_bytes_ptr=0x61c92eb6b900 arc_len=2357 alias=true
LITCHI0691_CODEC call=134 profile=baseline stage=prefix:control:apply input_ptr=0x61c92eb6b900 input_len=2357 output_ptr=0x61c92eb6b900 output_len=2357 mode=borrow status=ok
