LITCHI0691_PART profile=baseline stage=process_part uri=/ppt/presentation.xml visible_ptr=0x62cfd5808db0 visible_len=976 arc_struct_ptr=0x62cfd5847f50 arc_bytes_ptr=0x62cfd5808db0 arc_len=976 alias=true
LITCHI0691_CODEC call=0 profile=baseline stage=prefix:generated:capture input_ptr=0x62cfd5808db0 input_len=976 output_ptr=0x62cfd5808db0 output_len=976 mode=borrow status=ok
LITCHI0691_MODEL profile=baseline stage=capture_begin parts=33
LITCHI0691_PART profile=baseline stage=process_part uri=/ppt/presentation.xml visible_ptr=0x62cfd5808db0 visible_len=976 arc_struct_ptr=0x62cfd5847f50 arc_bytes_ptr=0x62cfd5808db0 arc_len=976 alias=true
LITCHI0691_CODEC call=1 profile=baseline stage=prefix:generated:capture input_ptr=0x62cfd5808db0 input_len=976 output_ptr=0x62cfd5808db0 output_len=976 mode=borrow status=ok
LITCHI0691_PART profile=baseline stage=process_part uri=/ppt/presentation.xml visible_ptr=0x62cfd5808db0 visible_len=976 arc_struct_ptr=0x62cfd5847f50 arc_bytes_ptr=0x62cfd5808db0 arc_len=976 alias=true
LITCHI0691_CODEC call=2 profile=baseline stage=prefix:generated:capture input_ptr=0x62cfd5808db0 input_len=976 output_ptr=0x62cfd5808db0 output_len=976 mode=borrow status=ok
LITCHI0691_PART profile=baseline stage=process_part uri=/ppt/presentation.xml visible_ptr=0x62cfd5808db0 visible_len=976 arc_struct_ptr=0x62cfd5847f50 arc_bytes_ptr=0x62cfd5808db0 arc_len=976 alias=true
LITCHI0691_CODEC call=3 profile=baseline stage=prefix:generated:capture input_ptr=0x62cfd5808db0 input_len=976 output_ptr=0x62cfd5808db0 output_len=976 mode=borrow status=ok
LITCHI0691_PART profile=baseline stage=process_part uri=/ppt/slides/slide1.xml visible_ptr=0x62cfd585e990 visible_len=3523 arc_struct_ptr=0x62cfd580bcd0 arc_bytes_ptr=0x62cfd585e990 arc_len=3523 alias=true
LITCHI0691_CODEC call=4 profile=baseline stage=prefix:generated:capture input_ptr=0x62cfd585e990 input_len=3523 output_ptr=0x62cfd585e990 output_len=3523 mode=borrow status=ok
LITCHI0691_PART profile=baseline stage=process_part uri=/ppt/slides/slide2.xml visible_ptr=0x62cfd58620d0 visible_len=3523 arc_struct_ptr=0x62cfd580aa50 arc_bytes_ptr=0x62cfd58620d0 arc_len=3523 alias=true
LITCHI0691_CODEC call=5 profile=baseline stage=prefix:generated:capture input_ptr=0x62cfd58620d0 input_len=3523 output_ptr=0x62cfd58620d0 output_len=3523 mode=borrow status=ok
LITCHI0691_PART profile=baseline stage=process_part uri=/ppt/slides/slide3.xml visible_ptr=0x62cfd5862ea0 visible_len=3523 arc_struct_ptr=0x62cfd5848030 arc_bytes_ptr=0x62cfd5862ea0 arc_len=3523 alias=true
LITCHI0691_CODEC call=6 profile=baseline stage=prefix:generated:capture input_ptr=0x62cfd5862ea0 input_len=3523 output_ptr=0x62cfd5862ea0 output_len=3523 mode=borrow status=ok
LITCHI0691_PART profile=baseline stage=process_part uri=/ppt/slides/slide4.xml visible_ptr=0x62cfd5863c70 visible_len=3523 arc_struct_ptr=0x62cfd5848390 arc_bytes_ptr=0x62cfd5863c70 arc_len=3523 alias=true
LITCHI0691_CODEC call=7 profile=baseline stage=prefix:generated:capture input_ptr=0x62cfd5863c70 input_len=3523 output_ptr=0x62cfd5863c70 output_len=3523 mode=borrow status=ok
LITCHI0691_PART profile=baseline stage=process_part uri=/ppt/slides/slide5.xml visible_ptr=0x62cfd58161f0 visible_len=3523 arc_struct_ptr=0x62cfd580bc40 arc_bytes_ptr=0x62cfd58161f0 arc_len=3523 alias=true
LITCHI0691_CODEC call=8 profile=baseline stage=prefix:generated:capture input_ptr=0x62cfd58161f0 input_len=3523 output_ptr=0x62cfd58161f0 output_len=3523 mode=borrow status=ok
LITCHI0691_PART profile=baseline stage=process_part uri=/ppt/slides/slide6.xml visible_ptr=0x62cfd5816fc0 visible_len=3523 arc_struct_ptr=0x62cfd580b7f0 arc_bytes_ptr=0x62cfd5816fc0 arc_len=3523 alias=true
LITCHI0691_CODEC call=9 profile=baseline stage=prefix:generated:capture input_ptr=0x62cfd5816fc0 input_len=3523 output_ptr=0x62cfd5816fc0 output_len=3523 mode=borrow status=ok
LITCHI0691_PART profile=baseline stage=process_part uri=/ppt/slides/slide7.xml visible_ptr=0x62cfd5817d90 visible_len=3523 arc_struct_ptr=0x62cfd5815950 arc_bytes_ptr=0x62cfd5817d90 arc_len=3523 alias=true
LITCHI0691_CODEC call=10 profile=baseline stage=prefix:generated:capture input_ptr=0x62cfd5817d90 input_len=3523 output_ptr=0x62cfd5817d90 output_len=3523 mode=borrow status=ok
LITCHI0691_PART profile=baseline stage=process_part uri=/ppt/slides/slide8.xml visible_ptr=0x62cfd5818b60 visible_len=3523 arc_struct_ptr=0x62cfd580bad0 arc_bytes_ptr=0x62cfd5818b60 arc_len=3523 alias=true
LITCHI0691_CODEC call=11 profile=baseline stage=prefix:generated:capture input_ptr=0x62cfd5818b60 input_len=3523 output_ptr=0x62cfd5818b60 output_len=3523 mode=borrow status=ok
LITCHI0691_PART profile=baseline stage=process_part uri=/ppt/slides/slide9.xml visible_ptr=0x62cfd5819930 visible_len=3523 arc_struct_ptr=0x62cfd580bd00 arc_bytes_ptr=0x62cfd5819930 arc_len=3523 alias=true
LITCHI0691_CODEC call=12 profile=baseline stage=prefix:generated:capture input_ptr=0x62cfd5819930 input_len=3523 output_ptr=0x62cfd5819930 output_len=3523 mode=borrow status=ok
LITCHI0691_PART profile=baseline stage=process_part uri=/ppt/slides/slide10.xml visible_ptr=0x62cfd585f760 visible_len=3523 arc_struct_ptr=0x62cfd580c090 arc_bytes_ptr=0x62cfd585f760 arc_len=3523 alias=true
LITCHI0691_CODEC call=13 profile=baseline stage=prefix:generated:capture input_ptr=0x62cfd585f760 input_len=3523 output_ptr=0x62cfd585f760 output_len=3523 mode=borrow status=ok
LITCHI0691_PART profile=baseline stage=process_part uri=/ppt/slides/slide11.xml visible_ptr=0x62cfd5860530 visible_len=3523 arc_struct_ptr=0x62cfd5847ec0 arc_bytes_ptr=0x62cfd5860530 arc_len=3523 alias=true
LITCHI0691_CODEC call=14 profile=baseline stage=prefix:generated:capture input_ptr=0x62cfd5860530 input_len=3523 output_ptr=0x62cfd5860530 output_len=3523 mode=borrow status=ok
LITCHI0691_PART profile=baseline stage=process_part uri=/ppt/slides/slide12.xml visible_ptr=0x62cfd5861300 visible_len=3523 arc_struct_ptr=0x62cfd5874ce0 arc_bytes_ptr=0x62cfd5861300 arc_len=3523 alias=true
LITCHI0691_CODEC call=15 profile=baseline stage=prefix:generated:capture input_ptr=0x62cfd5861300 input_len=3523 output_ptr=0x62cfd5861300 output_len=3523 mode=borrow status=ok
LITCHI0691_PART profile=baseline stage=process_part uri=/ppt/slides/slide1.xml visible_ptr=0x62cfd585e990 visible_len=3523 arc_struct_ptr=0x62cfd580bcd0 arc_bytes_ptr=0x62cfd585e990 arc_len=3523 alias=true
LITCHI0691_CODEC call=16 profile=baseline stage=prefix:generated:capture input_ptr=0x62cfd585e990 input_len=3523 output_ptr=0x62cfd585e990 output_len=3523 mode=borrow status=ok
LITCHI0691_PART profile=baseline stage=process_part uri=/ppt/slides/slide2.xml visible_ptr=0x62cfd58620d0 visible_len=3523 arc_struct_ptr=0x62cfd580aa50 arc_bytes_ptr=0x62cfd58620d0 arc_len=3523 alias=true
LITCHI0691_CODEC call=17 profile=baseline stage=prefix:generated:capture input_ptr=0x62cfd58620d0 input_len=3523 output_ptr=0x62cfd58620d0 output_len=3523 mode=borrow status=ok
LITCHI0691_PART profile=baseline stage=process_part uri=/ppt/slides/slide3.xml visible_ptr=0x62cfd5862ea0 visible_len=3523 arc_struct_ptr=0x62cfd5848030 arc_bytes_ptr=0x62cfd5862ea0 arc_len=3523 alias=true
LITCHI0691_CODEC call=18 profile=baseline stage=prefix:generated:capture input_ptr=0x62cfd5862ea0 input_len=3523 output_ptr=0x62cfd5862ea0 output_len=3523 mode=borrow status=ok
LITCHI0691_PART profile=baseline stage=process_part uri=/ppt/slides/slide4.xml visible_ptr=0x62cfd5863c70 visible_len=3523 arc_struct_ptr=0x62cfd5848390 arc_bytes_ptr=0x62cfd5863c70 arc_len=3523 alias=true
LITCHI0691_CODEC call=19 profile=baseline stage=prefix:generated:capture input_ptr=0x62cfd5863c70 input_len=3523 output_ptr=0x62cfd5863c70 output_len=3523 mode=borrow status=ok
LITCHI0691_PART profile=baseline stage=process_part uri=/ppt/slides/slide5.xml visible_ptr=0x62cfd58161f0 visible_len=3523 arc_struct_ptr=0x62cfd580bc40 arc_bytes_ptr=0x62cfd58161f0 arc_len=3523 alias=true
LITCHI0691_CODEC call=20 profile=baseline stage=prefix:generated:capture input_ptr=0x62cfd58161f0 input_len=3523 output_ptr=0x62cfd58161f0 output_len=3523 mode=borrow status=ok
LITCHI0691_PART profile=baseline stage=process_part uri=/ppt/slides/slide6.xml visible_ptr=0x62cfd5816fc0 visible_len=3523 arc_struct_ptr=0x62cfd580b7f0 arc_bytes_ptr=0x62cfd5816fc0 arc_len=3523 alias=true
LITCHI0691_CODEC call=21 profile=baseline stage=prefix:generated:capture input_ptr=0x62cfd5816fc0 input_len=3523 output_ptr=0x62cfd5816fc0 output_len=3523 mode=borrow status=ok
LITCHI0691_PART profile=baseline stage=process_part uri=/ppt/slides/slide7.xml visible_ptr=0x62cfd5817d90 visible_len=3523 arc_struct_ptr=0x62cfd5815950 arc_bytes_ptr=0x62cfd5817d90 arc_len=3523 alias=true
LITCHI0691_CODEC call=22 profile=baseline stage=prefix:generated:capture input_ptr=0x62cfd5817d90 input_len=3523 output_ptr=0x62cfd5817d90 output_len=3523 mode=borrow status=ok
LITCHI0691_PART profile=baseline stage=process_part uri=/ppt/slides/slide8.xml visible_ptr=0x62cfd5818b60 visible_len=3523 arc_struct_ptr=0x62cfd580bad0 arc_bytes_ptr=0x62cfd5818b60 arc_len=3523 alias=true
LITCHI0691_CODEC call=23 profile=baseline stage=prefix:generated:capture input_ptr=0x62cfd5818b60 input_len=3523 output_ptr=0x62cfd5818b60 output_len=3523 mode=borrow status=ok
LITCHI0691_PART profile=baseline stage=process_part uri=/ppt/slides/slide9.xml visible_ptr=0x62cfd5819930 visible_len=3523 arc_struct_ptr=0x62cfd580bd00 arc_bytes_ptr=0x62cfd5819930 arc_len=3523 alias=true
LITCHI0691_CODEC call=24 profile=baseline stage=prefix:generated:capture input_ptr=0x62cfd5819930 input_len=3523 output_ptr=0x62cfd5819930 output_len=3523 mode=borrow status=ok
LITCHI0691_PART profile=baseline stage=process_part uri=/ppt/slides/slide10.xml visible_ptr=0x62cfd585f760 visible_len=3523 arc_struct_ptr=0x62cfd580c090 arc_bytes_ptr=0x62cfd585f760 arc_len=3523 alias=true
LITCHI0691_CODEC call=25 profile=baseline stage=prefix:generated:capture input_ptr=0x62cfd585f760 input_len=3523 output_ptr=0x62cfd585f760 output_len=3523 mode=borrow status=ok
LITCHI0691_PART profile=baseline stage=process_part uri=/ppt/slides/slide11.xml visible_ptr=0x62cfd5860530 visible_len=3523 arc_struct_ptr=0x62cfd5847ec0 arc_bytes_ptr=0x62cfd5860530 arc_len=3523 alias=true
LITCHI0691_CODEC call=26 profile=baseline stage=prefix:generated:capture input_ptr=0x62cfd5860530 input_len=3523 output_ptr=0x62cfd5860530 output_len=3523 mode=borrow status=ok
LITCHI0691_PART profile=baseline stage=process_part uri=/ppt/slides/slide12.xml visible_ptr=0x62cfd5861300 visible_len=3523 arc_struct_ptr=0x62cfd5874ce0 arc_bytes_ptr=0x62cfd5861300 arc_len=3523 alias=true
LITCHI0691_CODEC call=27 profile=baseline stage=prefix:generated:capture input_ptr=0x62cfd5861300 input_len=3523 output_ptr=0x62cfd5861300 output_len=3523 mode=borrow status=ok
LITCHI0691_CODEC call=28 profile=baseline stage=prefix:generated:capture input_ptr=0x62cfd5808db0 input_len=976 output_ptr=0x62cfd5808db0 output_len=976 mode=borrow status=ok
LITCHI0691_CODEC call=29 profile=baseline stage=prefix:generated:capture input_ptr=0x62cfd5808db0 input_len=976 output_ptr=0x62cfd5808db0 output_len=976 mode=borrow status=ok
LITCHI0691_CODEC call=30 profile=baseline stage=prefix:generated:capture input_ptr=0x62cfd585e990 input_len=3523 output_ptr=0x62cfd585e990 output_len=3523 mode=borrow status=ok
LITCHI0691_CODEC call=31 profile=baseline stage=prefix:generated:capture input_ptr=0x62cfd58620d0 input_len=3523 output_ptr=0x62cfd58620d0 output_len=3523 mode=borrow status=ok
LITCHI0691_CODEC call=32 profile=baseline stage=prefix:generated:capture input_ptr=0x62cfd5862ea0 input_len=3523 output_ptr=0x62cfd5862ea0 output_len=3523 mode=borrow status=ok
LITCHI0691_CODEC call=33 profile=baseline stage=prefix:generated:capture input_ptr=0x62cfd5863c70 input_len=3523 output_ptr=0x62cfd5863c70 output_len=3523 mode=borrow status=ok
LITCHI0691_CODEC call=34 profile=baseline stage=prefix:generated:capture input_ptr=0x62cfd58161f0 input_len=3523 output_ptr=0x62cfd58161f0 output_len=3523 mode=borrow status=ok
LITCHI0691_CODEC call=35 profile=baseline stage=prefix:generated:capture input_ptr=0x62cfd5816fc0 input_len=3523 output_ptr=0x62cfd5816fc0 output_len=3523 mode=borrow status=ok
LITCHI0691_CODEC call=36 profile=baseline stage=prefix:generated:capture input_ptr=0x62cfd5817d90 input_len=3523 output_ptr=0x62cfd5817d90 output_len=3523 mode=borrow status=ok
LITCHI0691_CODEC call=37 profile=baseline stage=prefix:generated:capture input_ptr=0x62cfd5818b60 input_len=3523 output_ptr=0x62cfd5818b60 output_len=3523 mode=borrow status=ok
LITCHI0691_CODEC call=38 profile=baseline stage=prefix:generated:capture input_ptr=0x62cfd5819930 input_len=3523 output_ptr=0x62cfd5819930 output_len=3523 mode=borrow status=ok
LITCHI0691_CODEC call=39 profile=baseline stage=prefix:generated:capture input_ptr=0x62cfd585f760 input_len=3523 output_ptr=0x62cfd585f760 output_len=3523 mode=borrow status=ok
LITCHI0691_CODEC call=40 profile=baseline stage=prefix:generated:capture input_ptr=0x62cfd5860530 input_len=3523 output_ptr=0x62cfd5860530 output_len=3523 mode=borrow status=ok
LITCHI0691_CODEC call=41 profile=baseline stage=prefix:generated:capture input_ptr=0x62cfd5861300 input_len=3523 output_ptr=0x62cfd5861300 output_len=3523 mode=borrow status=ok
LITCHI0691_CODEC call=42 profile=baseline stage=prefix:generated:capture input_ptr=0x62cfd5848ee0 input_len=7626 output_ptr=0x62cfd5848ee0 output_len=7626 mode=borrow status=ok
LITCHI0691_CODEC call=43 profile=baseline stage=prefix:generated:capture input_ptr=0x62cfd58824c0 input_len=7653 output_ptr=0x62cfd58824c0 output_len=7653 mode=borrow status=ok
LITCHI0691_MODEL profile=baseline stage=capture_success parts=33 slides=12
