LITCHI0691_PART profile=baseline stage=process_part uri=/ppt/presentation.xml visible_ptr=0x60488ba1d120 visible_len=2357 arc_struct_ptr=0x60488ba21680 arc_bytes_ptr=0x60488ba1d120 arc_len=2357 alias=true
LITCHI0691_CODEC call=0 profile=baseline stage=prefix:real:apply input_ptr=0x60488ba1d120 input_len=2357 output_ptr=0x60488ba68fa0 output_len=2801 mode=owned status=ok
LITCHI0691_MODEL profile=baseline stage=capture_begin parts=58
LITCHI0691_PART profile=baseline stage=process_part uri=/ppt/presentation.xml visible_ptr=0x60488ba1d120 visible_len=2357 arc_struct_ptr=0x60488ba21680 arc_bytes_ptr=0x60488ba1d120 arc_len=2357 alias=true
LITCHI0691_CODEC call=1 profile=baseline stage=prefix:real:apply input_ptr=0x60488ba1d120 input_len=2357 output_ptr=0x60488ba68fa0 output_len=2801 mode=owned status=ok
LITCHI0691_PART profile=baseline stage=process_part uri=/ppt/presentation.xml visible_ptr=0x60488ba1d120 visible_len=2357 arc_struct_ptr=0x60488ba21680 arc_bytes_ptr=0x60488ba1d120 arc_len=2357 alias=true
LITCHI0691_CODEC call=2 profile=baseline stage=prefix:real:apply input_ptr=0x60488ba1d120 input_len=2357 output_ptr=0x60488ba68fa0 output_len=2801 mode=owned status=ok
LITCHI0691_PART profile=baseline stage=process_part uri=/ppt/presentation.xml visible_ptr=0x60488ba1d120 visible_len=2357 arc_struct_ptr=0x60488ba21680 arc_bytes_ptr=0x60488ba1d120 arc_len=2357 alias=true
LITCHI0691_CODEC call=3 profile=baseline stage=prefix:real:apply input_ptr=0x60488ba1d120 input_len=2357 output_ptr=0x60488ba68fa0 output_len=2801 mode=owned status=ok
LITCHI0691_PART profile=baseline stage=process_part uri=/ppt/slides/slide1.xml visible_ptr=0x60488bae3510 visible_len=2589 arc_struct_ptr=0x60488ba205e0 arc_bytes_ptr=0x60488bae3510 arc_len=2589 alias=true
LITCHI0691_CODEC call=4 profile=baseline stage=prefix:real:apply input_ptr=0x60488bae3510 input_len=2589 output_ptr=0x60488b9fe450 output_len=2737 mode=owned status=ok
LITCHI0691_PART profile=baseline stage=process_part uri=/ppt/slides/slide2.xml visible_ptr=0x60488badf290 visible_len=17006 arc_struct_ptr=0x60488ba206e0 arc_bytes_ptr=0x60488badf290 arc_len=17006 alias=true
LITCHI0691_CODEC call=5 profile=baseline stage=prefix:real:apply input_ptr=0x60488badf290 input_len=17006 output_ptr=0x60488ba3e080 output_len=19418 mode=owned status=ok
LITCHI0691_PART profile=baseline stage=process_part uri=/ppt/slides/slide3.xml visible_ptr=0x60488bad7770 visible_len=3038 arc_struct_ptr=0x60488ba241c0 arc_bytes_ptr=0x60488bad7770 arc_len=3038 alias=true
LITCHI0691_CODEC call=6 profile=baseline stage=prefix:real:apply input_ptr=0x60488bad7770 input_len=3038 output_ptr=0x60488ba021f0 output_len=3237 mode=owned status=ok
LITCHI0691_PART profile=baseline stage=process_part uri=/ppt/slides/slide4.xml visible_ptr=0x60488bacfdb0 visible_len=31153 arc_struct_ptr=0x60488ba20f10 arc_bytes_ptr=0x60488bacfdb0 arc_len=31153 alias=true
LITCHI0691_CODEC call=7 profile=baseline stage=prefix:real:apply input_ptr=0x60488bacfdb0 input_len=31153 output_ptr=0x60488ba24210 output_len=35854 mode=owned status=ok
LITCHI0691_PART profile=baseline stage=process_part uri=/ppt/slides/slide5.xml visible_ptr=0x60488bac7b80 visible_len=17833 arc_struct_ptr=0x60488ba20bf0 arc_bytes_ptr=0x60488bac7b80 arc_len=17833 alias=true
LITCHI0691_CODEC call=8 profile=baseline stage=prefix:real:apply input_ptr=0x60488bac7b80 input_len=17833 output_ptr=0x60488ba3e080 output_len=20569 mode=owned status=ok
LITCHI0691_PART profile=baseline stage=process_part uri=/ppt/slides/slide6.xml visible_ptr=0x60488bac6f90 visible_len=3037 arc_struct_ptr=0x60488ba21320 arc_bytes_ptr=0x60488bac6f90 arc_len=3037 alias=true
LITCHI0691_CODEC call=9 profile=baseline stage=prefix:real:apply input_ptr=0x60488bac6f90 input_len=3037 output_ptr=0x60488ba021f0 output_len=3236 mode=owned status=ok
LITCHI0691_PART profile=baseline stage=process_part uri=/ppt/slides/slide7.xml visible_ptr=0x60488bad8360 visible_len=28449 arc_struct_ptr=0x60488ba20f90 arc_bytes_ptr=0x60488bad8360 arc_len=28449 alias=true
LITCHI0691_CODEC call=10 profile=baseline stage=prefix:real:apply input_ptr=0x60488bad8360 input_len=28449 output_ptr=0x60488ba24210 output_len=32716 mode=owned status=ok
LITCHI0691_PART profile=baseline stage=process_part uri=/ppt/slides/slide8.xml visible_ptr=0x60488bacc140 visible_len=2674 arc_struct_ptr=0x60488ba20d10 arc_bytes_ptr=0x60488bacc140 arc_len=2674 alias=true
LITCHI0691_CODEC call=11 profile=baseline stage=prefix:real:apply input_ptr=0x60488bacc140 input_len=2674 output_ptr=0x60488b9fe450 output_len=2842 mode=owned status=ok
LITCHI0691_PART profile=baseline stage=process_part uri=/ppt/slides/slide9.xml visible_ptr=0x60488bacf330 visible_len=2676 arc_struct_ptr=0x60488ba240a0 arc_bytes_ptr=0x60488bacf330 arc_len=2676 alias=true
LITCHI0691_CODEC call=12 profile=baseline stage=prefix:real:apply input_ptr=0x60488bacf330 input_len=2676 output_ptr=0x60488b9fe450 output_len=2844 mode=owned status=ok
LITCHI0691_PART profile=baseline stage=process_part uri=/ppt/slides/slide10.xml visible_ptr=0x60488baccbc0 visible_len=3037 arc_struct_ptr=0x60488ba23ec0 arc_bytes_ptr=0x60488baccbc0 arc_len=3037 alias=true
LITCHI0691_CODEC call=13 profile=baseline stage=prefix:real:apply input_ptr=0x60488baccbc0 input_len=3037 output_ptr=0x60488ba04ad0 output_len=3236 mode=owned status=ok
LITCHI0691_PART profile=baseline stage=process_part uri=/ppt/slides/slide11.xml visible_ptr=0x60488bae3f40 visible_len=121498 arc_struct_ptr=0x60488ba3bcc0 arc_bytes_ptr=0x60488bae3f40 arc_len=121498 alias=true
LITCHI0691_CODEC call=14 profile=baseline stage=prefix:real:apply input_ptr=0x60488bae3f40 input_len=121498 output_ptr=0x78cd14b3f010 output_len=141788 mode=owned status=ok
LITCHI0691_PART profile=baseline stage=process_part uri=/ppt/slides/slide12.xml visible_ptr=0x60488babfd90 visible_len=29160 arc_struct_ptr=0x60488ba21140 arc_bytes_ptr=0x60488babfd90 arc_len=29160 alias=true
LITCHI0691_CODEC call=15 profile=baseline stage=prefix:real:apply input_ptr=0x60488babfd90 input_len=29160 output_ptr=0x60488ba24210 output_len=33731 mode=owned status=ok
LITCHI0691_PART profile=baseline stage=process_part uri=/ppt/slides/slide13.xml visible_ptr=0x60488bacd7b0 visible_len=7028 arc_struct_ptr=0x60488ba23fe0 arc_bytes_ptr=0x60488bacd7b0 arc_len=7028 alias=true
LITCHI0691_CODEC call=16 profile=baseline stage=prefix:real:apply input_ptr=0x60488bacd7b0 input_len=7028 output_ptr=0x60488b9f85e0 output_len=7850 mode=owned status=ok
LITCHI0691_PART profile=baseline stage=process_part uri=/ppt/slides/slide1.xml visible_ptr=0x60488bae3510 visible_len=2589 arc_struct_ptr=0x60488ba205e0 arc_bytes_ptr=0x60488bae3510 arc_len=2589 alias=true
LITCHI0691_CODEC call=17 profile=baseline stage=prefix:real:apply input_ptr=0x60488bae3510 input_len=2589 output_ptr=0x60488b9fe450 output_len=2737 mode=owned status=ok
LITCHI0691_PART profile=baseline stage=process_part uri=/ppt/slides/slide2.xml visible_ptr=0x60488badf290 visible_len=17006 arc_struct_ptr=0x60488ba206e0 arc_bytes_ptr=0x60488badf290 arc_len=17006 alias=true
LITCHI0691_CODEC call=18 profile=baseline stage=prefix:real:apply input_ptr=0x60488badf290 input_len=17006 output_ptr=0x60488ba3e080 output_len=19418 mode=owned status=ok
LITCHI0691_PART profile=baseline stage=process_part uri=/ppt/slides/slide3.xml visible_ptr=0x60488bad7770 visible_len=3038 arc_struct_ptr=0x60488ba241c0 arc_bytes_ptr=0x60488bad7770 arc_len=3038 alias=true
LITCHI0691_CODEC call=19 profile=baseline stage=prefix:real:apply input_ptr=0x60488bad7770 input_len=3038 output_ptr=0x60488ba04ad0 output_len=3237 mode=owned status=ok
LITCHI0691_PART profile=baseline stage=process_part uri=/ppt/slides/slide4.xml visible_ptr=0x60488bacfdb0 visible_len=31153 arc_struct_ptr=0x60488ba20f10 arc_bytes_ptr=0x60488bacfdb0 arc_len=31153 alias=true
LITCHI0691_CODEC call=20 profile=baseline stage=prefix:real:apply input_ptr=0x60488bacfdb0 input_len=31153 output_ptr=0x60488ba24210 output_len=35854 mode=owned status=ok
LITCHI0691_PART profile=baseline stage=process_part uri=/ppt/slides/slide5.xml visible_ptr=0x60488bac7b80 visible_len=17833 arc_struct_ptr=0x60488ba20bf0 arc_bytes_ptr=0x60488bac7b80 arc_len=17833 alias=true
LITCHI0691_CODEC call=21 profile=baseline stage=prefix:real:apply input_ptr=0x60488bac7b80 input_len=17833 output_ptr=0x60488ba3e080 output_len=20569 mode=owned status=ok
LITCHI0691_PART profile=baseline stage=process_part uri=/ppt/slides/slide6.xml visible_ptr=0x60488bac6f90 visible_len=3037 arc_struct_ptr=0x60488ba21320 arc_bytes_ptr=0x60488bac6f90 arc_len=3037 alias=true
LITCHI0691_CODEC call=22 profile=baseline stage=prefix:real:apply input_ptr=0x60488bac6f90 input_len=3037 output_ptr=0x60488ba04ad0 output_len=3236 mode=owned status=ok
LITCHI0691_PART profile=baseline stage=process_part uri=/ppt/slides/slide7.xml visible_ptr=0x60488bad8360 visible_len=28449 arc_struct_ptr=0x60488ba20f90 arc_bytes_ptr=0x60488bad8360 arc_len=28449 alias=true
LITCHI0691_CODEC call=23 profile=baseline stage=prefix:real:apply input_ptr=0x60488bad8360 input_len=28449 output_ptr=0x60488ba24210 output_len=32716 mode=owned status=ok
LITCHI0691_PART profile=baseline stage=process_part uri=/ppt/slides/slide8.xml visible_ptr=0x60488bacc140 visible_len=2674 arc_struct_ptr=0x60488ba20d10 arc_bytes_ptr=0x60488bacc140 arc_len=2674 alias=true
LITCHI0691_CODEC call=24 profile=baseline stage=prefix:real:apply input_ptr=0x60488bacc140 input_len=2674 output_ptr=0x60488ba04ad0 output_len=2842 mode=owned status=ok
LITCHI0691_PART profile=baseline stage=process_part uri=/ppt/slides/slide9.xml visible_ptr=0x60488bacf330 visible_len=2676 arc_struct_ptr=0x60488ba240a0 arc_bytes_ptr=0x60488bacf330 arc_len=2676 alias=true
LITCHI0691_CODEC call=25 profile=baseline stage=prefix:real:apply input_ptr=0x60488bacf330 input_len=2676 output_ptr=0x60488ba04ad0 output_len=2844 mode=owned status=ok
LITCHI0691_PART profile=baseline stage=process_part uri=/ppt/slides/slide10.xml visible_ptr=0x60488baccbc0 visible_len=3037 arc_struct_ptr=0x60488ba23ec0 arc_bytes_ptr=0x60488baccbc0 arc_len=3037 alias=true
LITCHI0691_CODEC call=26 profile=baseline stage=prefix:real:apply input_ptr=0x60488baccbc0 input_len=3037 output_ptr=0x60488ba04ad0 output_len=3236 mode=owned status=ok
LITCHI0691_PART profile=baseline stage=process_part uri=/ppt/slides/slide11.xml visible_ptr=0x60488bae3f40 visible_len=121498 arc_struct_ptr=0x60488ba3bcc0 arc_bytes_ptr=0x60488bae3f40 arc_len=121498 alias=true
LITCHI0691_CODEC call=27 profile=baseline stage=prefix:real:apply input_ptr=0x60488bae3f40 input_len=121498 output_ptr=0x60488bb019f0 output_len=141788 mode=owned status=ok
LITCHI0691_PART profile=baseline stage=process_part uri=/ppt/slides/slide12.xml visible_ptr=0x60488babfd90 visible_len=29160 arc_struct_ptr=0x60488ba21140 arc_bytes_ptr=0x60488babfd90 arc_len=29160 alias=true
LITCHI0691_CODEC call=28 profile=baseline stage=prefix:real:apply input_ptr=0x60488babfd90 input_len=29160 output_ptr=0x60488ba24210 output_len=33731 mode=owned status=ok
LITCHI0691_PART profile=baseline stage=process_part uri=/ppt/slides/slide13.xml visible_ptr=0x60488bacd7b0 visible_len=7028 arc_struct_ptr=0x60488ba23fe0 arc_bytes_ptr=0x60488bacd7b0 arc_len=7028 alias=true
LITCHI0691_CODEC call=29 profile=baseline stage=prefix:real:apply input_ptr=0x60488bacd7b0 input_len=7028 output_ptr=0x60488b9f85e0 output_len=7850 mode=owned status=ok
LITCHI0691_CODEC call=30 profile=baseline stage=prefix:real:apply input_ptr=0x60488ba1d120 input_len=2357 output_ptr=0x60488ba04ad0 output_len=2801 mode=owned status=ok
LITCHI0691_CODEC call=31 profile=baseline stage=prefix:real:apply input_ptr=0x60488ba1d120 input_len=2357 output_ptr=0x60488ba04ad0 output_len=2801 mode=owned status=ok
LITCHI0691_CODEC call=32 profile=baseline stage=prefix:real:apply input_ptr=0x60488bae3510 input_len=2589 output_ptr=0x60488ba04ad0 output_len=2737 mode=owned status=ok
LITCHI0691_CODEC call=33 profile=baseline stage=prefix:real:apply input_ptr=0x60488badf290 input_len=17006 output_ptr=0x60488ba3e080 output_len=19418 mode=owned status=ok
LITCHI0691_CODEC call=34 profile=baseline stage=prefix:real:apply input_ptr=0x60488bad7770 input_len=3038 output_ptr=0x60488ba05e40 output_len=3237 mode=owned status=ok
LITCHI0691_CODEC call=35 profile=baseline stage=prefix:real:apply input_ptr=0x60488bacfdb0 input_len=31153 output_ptr=0x60488ba24210 output_len=35854 mode=owned status=ok
LITCHI0691_CODEC call=36 profile=baseline stage=prefix:real:apply input_ptr=0x60488bac7b80 input_len=17833 output_ptr=0x60488ba3e080 output_len=20569 mode=owned status=ok
LITCHI0691_CODEC call=37 profile=baseline stage=prefix:real:apply input_ptr=0x60488bac6f90 input_len=3037 output_ptr=0x60488ba059b0 output_len=3236 mode=owned status=ok
LITCHI0691_CODEC call=38 profile=baseline stage=prefix:real:apply input_ptr=0x60488bad8360 input_len=28449 output_ptr=0x60488ba24210 output_len=32716 mode=owned status=ok
LITCHI0691_CODEC call=39 profile=baseline stage=prefix:real:apply input_ptr=0x60488bacc140 input_len=2674 output_ptr=0x60488ba059b0 output_len=2842 mode=owned status=ok
LITCHI0691_CODEC call=40 profile=baseline stage=prefix:real:apply input_ptr=0x60488bacf330 input_len=2676 output_ptr=0x60488ba05c60 output_len=2844 mode=owned status=ok
LITCHI0691_CODEC call=41 profile=baseline stage=prefix:real:apply input_ptr=0x60488baccbc0 input_len=3037 output_ptr=0x60488ba05c60 output_len=3236 mode=owned status=ok
LITCHI0691_CODEC call=42 profile=baseline stage=prefix:real:apply input_ptr=0x60488bae3f40 input_len=121498 output_ptr=0x60488bb019f0 output_len=141788 mode=owned status=ok
LITCHI0691_CODEC call=43 profile=baseline stage=prefix:real:apply input_ptr=0x60488babfd90 input_len=29160 output_ptr=0x60488ba24210 output_len=33731 mode=owned status=ok
LITCHI0691_CODEC call=44 profile=baseline stage=prefix:real:apply input_ptr=0x60488bacd7b0 input_len=7028 output_ptr=0x60488b9f85e0 output_len=7850 mode=owned status=ok
LITCHI0691_MODEL profile=baseline stage=capture_success parts=58 slides=13
LITCHI0691_PART profile=baseline stage=process_part uri=/ppt/presentation.xml visible_ptr=0x60488ba07b20 visible_len=2357 arc_struct_ptr=0x60488ba02790 arc_bytes_ptr=0x60488ba07b20 arc_len=2357 alias=true
LITCHI0691_CODEC call=45 profile=baseline stage=prefix:real:apply input_ptr=0x60488ba07b20 input_len=2357 output_ptr=0x60488b9f85e0 output_len=2801 mode=owned status=ok
LITCHI0691_MODEL profile=baseline stage=capture_begin parts=58
LITCHI0691_PART profile=baseline stage=process_part uri=/ppt/presentation.xml visible_ptr=0x60488ba07b20 visible_len=2357 arc_struct_ptr=0x60488ba02790 arc_bytes_ptr=0x60488ba07b20 arc_len=2357 alias=true
LITCHI0691_CODEC call=46 profile=baseline stage=prefix:real:apply input_ptr=0x60488ba07b20 input_len=2357 output_ptr=0x60488b9f85e0 output_len=2801 mode=owned status=ok
LITCHI0691_PART profile=baseline stage=process_part uri=/ppt/presentation.xml visible_ptr=0x60488ba07b20 visible_len=2357 arc_struct_ptr=0x60488ba02790 arc_bytes_ptr=0x60488ba07b20 arc_len=2357 alias=true
LITCHI0691_CODEC call=47 profile=baseline stage=prefix:real:apply input_ptr=0x60488ba07b20 input_len=2357 output_ptr=0x60488b9f85e0 output_len=2801 mode=owned status=ok
LITCHI0691_PART profile=baseline stage=process_part uri=/ppt/presentation.xml visible_ptr=0x60488ba07b20 visible_len=2357 arc_struct_ptr=0x60488ba02790 arc_bytes_ptr=0x60488ba07b20 arc_len=2357 alias=true
LITCHI0691_CODEC call=48 profile=baseline stage=prefix:real:apply input_ptr=0x60488ba07b20 input_len=2357 output_ptr=0x60488b9f85e0 output_len=2801 mode=owned status=ok
LITCHI0691_PART profile=baseline stage=process_part uri=/ppt/slides/slide1.xml visible_ptr=0x60488ba68570 visible_len=2589 arc_struct_ptr=0x60488ba22e20 arc_bytes_ptr=0x60488ba68570 arc_len=2589 alias=true
LITCHI0691_CODEC call=49 profile=baseline stage=prefix:real:apply input_ptr=0x60488ba68570 input_len=2589 output_ptr=0x60488ba23dd0 output_len=2737 mode=owned status=ok
LITCHI0691_PART profile=baseline stage=process_part uri=/ppt/slides/slide2.xml visible_ptr=0x60488bb1a850 visible_len=17006 arc_struct_ptr=0x60488ba3baf0 arc_bytes_ptr=0x60488bb1a850 arc_len=17006 alias=true
LITCHI0691_CODEC call=50 profile=baseline stage=prefix:real:apply input_ptr=0x60488bb1a850 input_len=17006 output_ptr=0x60488ba6a840 output_len=19418 mode=owned status=ok
LITCHI0691_PART profile=baseline stage=process_part uri=/ppt/slides/slide3.xml visible_ptr=0x60488b9fba00 visible_len=3038 arc_struct_ptr=0x60488ba1cc40 arc_bytes_ptr=0x60488b9fba00 arc_len=3038 alias=true
LITCHI0691_CODEC call=51 profile=baseline stage=prefix:real:apply input_ptr=0x60488b9fba00 input_len=3038 output_ptr=0x60488ba25a80 output_len=3237 mode=owned status=ok
LITCHI0691_PART profile=baseline stage=process_part uri=/ppt/slides/slide4.xml visible_ptr=0x60488baf61c0 visible_len=31153 arc_struct_ptr=0x60488bb0a8e0 arc_bytes_ptr=0x60488baf61c0 arc_len=31153 alias=true
LITCHI0691_CODEC call=52 profile=baseline stage=prefix:real:apply input_ptr=0x60488baf61c0 input_len=31153 output_ptr=0x60488ba6a840 output_len=35854 mode=owned status=ok
LITCHI0691_PART profile=baseline stage=process_part uri=/ppt/slides/slide5.xml visible_ptr=0x60488baf1c00 visible_len=17833 arc_struct_ptr=0x60488ba2e380 arc_bytes_ptr=0x60488baf1c00 arc_len=17833 alias=true
LITCHI0691_CODEC call=53 profile=baseline stage=prefix:real:apply input_ptr=0x60488baf1c00 input_len=17833 output_ptr=0x60488ba6a840 output_len=20569 mode=owned status=ok
LITCHI0691_PART profile=baseline stage=process_part uri=/ppt/slides/slide6.xml visible_ptr=0x60488ba28620 visible_len=3037 arc_struct_ptr=0x60488b9ffc30 arc_bytes_ptr=0x60488ba28620 arc_len=3037 alias=true
LITCHI0691_CODEC call=54 profile=baseline stage=prefix:real:apply input_ptr=0x60488ba28620 input_len=3037 output_ptr=0x60488ba25a80 output_len=3236 mode=owned status=ok
LITCHI0691_PART profile=baseline stage=process_part uri=/ppt/slides/slide7.xml visible_ptr=0x60488bb13920 visible_len=28449 arc_struct_ptr=0x60488ba077e0 arc_bytes_ptr=0x60488bb13920 arc_len=28449 alias=true
LITCHI0691_CODEC call=55 profile=baseline stage=prefix:real:apply input_ptr=0x60488bb13920 input_len=28449 output_ptr=0x60488ba6a840 output_len=32716 mode=owned status=ok
LITCHI0691_PART profile=baseline stage=process_part uri=/ppt/slides/slide8.xml visible_ptr=0x60488bb114e0 visible_len=2674 arc_struct_ptr=0x60488ba087a0 arc_bytes_ptr=0x60488bb114e0 arc_len=2674 alias=true
LITCHI0691_CODEC call=56 profile=baseline stage=prefix:real:apply input_ptr=0x60488bb114e0 input_len=2674 output_ptr=0x60488ba25a80 output_len=2842 mode=owned status=ok
LITCHI0691_PART profile=baseline stage=process_part uri=/ppt/slides/slide9.xml visible_ptr=0x60488bb11f60 visible_len=2676 arc_struct_ptr=0x60488bb0a880 arc_bytes_ptr=0x60488bb11f60 arc_len=2676 alias=true
LITCHI0691_CODEC call=57 profile=baseline stage=prefix:real:apply input_ptr=0x60488bb11f60 input_len=2676 output_ptr=0x60488ba25a80 output_len=2844 mode=owned status=ok
LITCHI0691_PART profile=baseline stage=process_part uri=/ppt/slides/slide10.xml visible_ptr=0x60488ba67980 visible_len=3037 arc_struct_ptr=0x60488bb0a940 arc_bytes_ptr=0x60488ba67980 arc_len=3037 alias=true
LITCHI0691_CODEC call=58 profile=baseline stage=prefix:real:apply input_ptr=0x60488ba67980 input_len=3037 output_ptr=0x60488ba04d20 output_len=3236 mode=owned status=ok
LITCHI0691_PART profile=baseline stage=process_part uri=/ppt/slides/slide11.xml visible_ptr=0x60488bb1ead0 visible_len=121498 arc_struct_ptr=0x60488ba00080 arc_bytes_ptr=0x60488bb1ead0 arc_len=121498 alias=true
LITCHI0691_CODEC call=59 profile=baseline stage=prefix:real:apply input_ptr=0x60488bb1ead0 input_len=121498 output_ptr=0x60488bb3c580 output_len=141788 mode=owned status=ok
LITCHI0691_PART profile=baseline stage=process_part uri=/ppt/slides/slide12.xml visible_ptr=0x60488baeaa00 visible_len=29160 arc_struct_ptr=0x60488bb0c720 arc_bytes_ptr=0x60488baeaa00 arc_len=29160 alias=true
LITCHI0691_CODEC call=60 profile=baseline stage=prefix:real:apply input_ptr=0x60488baeaa00 input_len=29160 output_ptr=0x60488ba6a840 output_len=33731 mode=owned status=ok
LITCHI0691_PART profile=baseline stage=process_part uri=/ppt/slides/slide13.xml visible_ptr=0x60488b9f9e80 visible_len=7028 arc_struct_ptr=0x60488ba08c40 arc_bytes_ptr=0x60488b9f9e80 arc_len=7028 alias=true
LITCHI0691_CODEC call=61 profile=baseline stage=prefix:real:apply input_ptr=0x60488b9f9e80 input_len=7028 output_ptr=0x60488ba1d120 output_len=7850 mode=owned status=ok
LITCHI0691_PART profile=baseline stage=process_part uri=/ppt/slides/slide1.xml visible_ptr=0x60488ba68570 visible_len=2589 arc_struct_ptr=0x60488ba22e20 arc_bytes_ptr=0x60488ba68570 arc_len=2589 alias=true
LITCHI0691_CODEC call=62 profile=baseline stage=prefix:real:apply input_ptr=0x60488ba68570 input_len=2589 output_ptr=0x60488ba23dd0 output_len=2737 mode=owned status=ok
LITCHI0691_PART profile=baseline stage=process_part uri=/ppt/slides/slide2.xml visible_ptr=0x60488bb1a850 visible_len=17006 arc_struct_ptr=0x60488ba3baf0 arc_bytes_ptr=0x60488bb1a850 arc_len=17006 alias=true
LITCHI0691_CODEC call=63 profile=baseline stage=prefix:real:apply input_ptr=0x60488bb1a850 input_len=17006 output_ptr=0x60488ba6a840 output_len=19418 mode=owned status=ok
LITCHI0691_PART profile=baseline stage=process_part uri=/ppt/slides/slide3.xml visible_ptr=0x60488b9fba00 visible_len=3038 arc_struct_ptr=0x60488ba1cc40 arc_bytes_ptr=0x60488b9fba00 arc_len=3038 alias=true
LITCHI0691_CODEC call=64 profile=baseline stage=prefix:real:apply input_ptr=0x60488b9fba00 input_len=3038 output_ptr=0x60488ba04d20 output_len=3237 mode=owned status=ok
LITCHI0691_PART profile=baseline stage=process_part uri=/ppt/slides/slide4.xml visible_ptr=0x60488baf61c0 visible_len=31153 arc_struct_ptr=0x60488bb0a8e0 arc_bytes_ptr=0x60488baf61c0 arc_len=31153 alias=true
LITCHI0691_CODEC call=65 profile=baseline stage=prefix:real:apply input_ptr=0x60488baf61c0 input_len=31153 output_ptr=0x60488ba6a840 output_len=35854 mode=owned status=ok
LITCHI0691_PART profile=baseline stage=process_part uri=/ppt/slides/slide5.xml visible_ptr=0x60488baf1c00 visible_len=17833 arc_struct_ptr=0x60488ba2e380 arc_bytes_ptr=0x60488baf1c00 arc_len=17833 alias=true
LITCHI0691_CODEC call=66 profile=baseline stage=prefix:real:apply input_ptr=0x60488baf1c00 input_len=17833 output_ptr=0x60488ba6a840 output_len=20569 mode=owned status=ok
LITCHI0691_PART profile=baseline stage=process_part uri=/ppt/slides/slide6.xml visible_ptr=0x60488ba28620 visible_len=3037 arc_struct_ptr=0x60488b9ffc30 arc_bytes_ptr=0x60488ba28620 arc_len=3037 alias=true
LITCHI0691_CODEC call=67 profile=baseline stage=prefix:real:apply input_ptr=0x60488ba28620 input_len=3037 output_ptr=0x60488ba04d20 output_len=3236 mode=owned status=ok
LITCHI0691_PART profile=baseline stage=process_part uri=/ppt/slides/slide7.xml visible_ptr=0x60488bb13920 visible_len=28449 arc_struct_ptr=0x60488ba077e0 arc_bytes_ptr=0x60488bb13920 arc_len=28449 alias=true
LITCHI0691_CODEC call=68 profile=baseline stage=prefix:real:apply input_ptr=0x60488bb13920 input_len=28449 output_ptr=0x60488ba6a840 output_len=32716 mode=owned status=ok
LITCHI0691_PART profile=baseline stage=process_part uri=/ppt/slides/slide8.xml visible_ptr=0x60488bb114e0 visible_len=2674 arc_struct_ptr=0x60488ba087a0 arc_bytes_ptr=0x60488bb114e0 arc_len=2674 alias=true
LITCHI0691_CODEC call=69 profile=baseline stage=prefix:real:apply input_ptr=0x60488bb114e0 input_len=2674 output_ptr=0x60488ba25a80 output_len=2842 mode=owned status=ok
LITCHI0691_PART profile=baseline stage=process_part uri=/ppt/slides/slide9.xml visible_ptr=0x60488bb11f60 visible_len=2676 arc_struct_ptr=0x60488bb0a880 arc_bytes_ptr=0x60488bb11f60 arc_len=2676 alias=true
LITCHI0691_CODEC call=70 profile=baseline stage=prefix:real:apply input_ptr=0x60488bb11f60 input_len=2676 output_ptr=0x60488ba25a80 output_len=2844 mode=owned status=ok
LITCHI0691_PART profile=baseline stage=process_part uri=/ppt/slides/slide10.xml visible_ptr=0x60488ba67980 visible_len=3037 arc_struct_ptr=0x60488bb0a940 arc_bytes_ptr=0x60488ba67980 arc_len=3037 alias=true
LITCHI0691_CODEC call=71 profile=baseline stage=prefix:real:apply input_ptr=0x60488ba67980 input_len=3037 output_ptr=0x60488ba04d20 output_len=3236 mode=owned status=ok
LITCHI0691_PART profile=baseline stage=process_part uri=/ppt/slides/slide11.xml visible_ptr=0x60488bb1ead0 visible_len=121498 arc_struct_ptr=0x60488ba00080 arc_bytes_ptr=0x60488bb1ead0 arc_len=121498 alias=true
LITCHI0691_CODEC call=72 profile=baseline stage=prefix:real:apply input_ptr=0x60488bb1ead0 input_len=121498 output_ptr=0x60488bb3c580 output_len=141788 mode=owned status=ok
LITCHI0691_PART profile=baseline stage=process_part uri=/ppt/slides/slide12.xml visible_ptr=0x60488baeaa00 visible_len=29160 arc_struct_ptr=0x60488bb0c720 arc_bytes_ptr=0x60488baeaa00 arc_len=29160 alias=true
LITCHI0691_CODEC call=73 profile=baseline stage=prefix:real:apply input_ptr=0x60488baeaa00 input_len=29160 output_ptr=0x60488ba6a840 output_len=33731 mode=owned status=ok
LITCHI0691_PART profile=baseline stage=process_part uri=/ppt/slides/slide13.xml visible_ptr=0x60488b9f9e80 visible_len=7028 arc_struct_ptr=0x60488ba08c40 arc_bytes_ptr=0x60488b9f9e80 arc_len=7028 alias=true
LITCHI0691_CODEC call=74 profile=baseline stage=prefix:real:apply input_ptr=0x60488b9f9e80 input_len=7028 output_ptr=0x60488ba1d120 output_len=7850 mode=owned status=ok
LITCHI0691_CODEC call=75 profile=baseline stage=prefix:real:apply input_ptr=0x60488ba07b20 input_len=2357 output_ptr=0x60488b9f85e0 output_len=2801 mode=owned status=ok
LITCHI0691_CODEC call=76 profile=baseline stage=prefix:real:apply input_ptr=0x60488ba07b20 input_len=2357 output_ptr=0x60488b9f85e0 output_len=2801 mode=owned status=ok
LITCHI0691_CODEC call=77 profile=baseline stage=prefix:real:apply input_ptr=0x60488ba68570 input_len=2589 output_ptr=0x60488ba25a80 output_len=2737 mode=owned status=ok
LITCHI0691_CODEC call=78 profile=baseline stage=prefix:real:apply input_ptr=0x60488bb1a850 input_len=17006 output_ptr=0x60488ba6a840 output_len=19418 mode=owned status=ok
LITCHI0691_CODEC call=79 profile=baseline stage=prefix:real:apply input_ptr=0x60488b9fba00 input_len=3038 output_ptr=0x60488ba04d20 output_len=3237 mode=owned status=ok
LITCHI0691_CODEC call=80 profile=baseline stage=prefix:real:apply input_ptr=0x60488baf61c0 input_len=31153 output_ptr=0x60488ba6a840 output_len=35854 mode=owned status=ok
LITCHI0691_CODEC call=81 profile=baseline stage=prefix:real:apply input_ptr=0x60488baf1c00 input_len=17833 output_ptr=0x60488ba6a840 output_len=20569 mode=owned status=ok
LITCHI0691_CODEC call=82 profile=baseline stage=prefix:real:apply input_ptr=0x60488ba28620 input_len=3037 output_ptr=0x60488ba04d20 output_len=3236 mode=owned status=ok
LITCHI0691_CODEC call=83 profile=baseline stage=prefix:real:apply input_ptr=0x60488bb13920 input_len=28449 output_ptr=0x60488ba6a840 output_len=32716 mode=owned status=ok
LITCHI0691_CODEC call=84 profile=baseline stage=prefix:real:apply input_ptr=0x60488bb114e0 input_len=2674 output_ptr=0x60488ba25a80 output_len=2842 mode=owned status=ok
LITCHI0691_CODEC call=85 profile=baseline stage=prefix:real:apply input_ptr=0x60488bb11f60 input_len=2676 output_ptr=0x60488ba25a80 output_len=2844 mode=owned status=ok
LITCHI0691_CODEC call=86 profile=baseline stage=prefix:real:apply input_ptr=0x60488ba67980 input_len=3037 output_ptr=0x60488ba04d20 output_len=3236 mode=owned status=ok
LITCHI0691_CODEC call=87 profile=baseline stage=prefix:real:apply input_ptr=0x60488bb1ead0 input_len=121498 output_ptr=0x60488bb3c580 output_len=141788 mode=owned status=ok
LITCHI0691_CODEC call=88 profile=baseline stage=prefix:real:apply input_ptr=0x60488baeaa00 input_len=29160 output_ptr=0x60488ba6a840 output_len=33731 mode=owned status=ok
LITCHI0691_CODEC call=89 profile=baseline stage=prefix:real:apply input_ptr=0x60488b9f9e80 input_len=7028 output_ptr=0x60488ba1d120 output_len=7850 mode=owned status=ok
LITCHI0691_MODEL profile=baseline stage=capture_success parts=58 slides=13
LITCHI0691_MODEL profile=baseline stage=capture_begin parts=58
LITCHI0691_PART profile=baseline stage=process_part uri=/ppt/presentation.xml visible_ptr=0x60488ba07b20 visible_len=2357 arc_struct_ptr=0x60488ba02790 arc_bytes_ptr=0x60488ba07b20 arc_len=2357 alias=true
LITCHI0691_CODEC call=90 profile=baseline stage=prefix:real:apply input_ptr=0x60488ba07b20 input_len=2357 output_ptr=0x60488ba43fb0 output_len=2801 mode=owned status=ok
LITCHI0691_PART profile=baseline stage=process_part uri=/ppt/presentation.xml visible_ptr=0x60488ba07b20 visible_len=2357 arc_struct_ptr=0x60488ba02790 arc_bytes_ptr=0x60488ba07b20 arc_len=2357 alias=true
LITCHI0691_CODEC call=91 profile=baseline stage=prefix:real:apply input_ptr=0x60488ba07b20 input_len=2357 output_ptr=0x60488ba43f90 output_len=2801 mode=owned status=ok
LITCHI0691_PART profile=baseline stage=process_part uri=/ppt/presentation.xml visible_ptr=0x60488ba07b20 visible_len=2357 arc_struct_ptr=0x60488ba02790 arc_bytes_ptr=0x60488ba07b20 arc_len=2357 alias=true
LITCHI0691_CODEC call=92 profile=baseline stage=prefix:real:apply input_ptr=0x60488ba07b20 input_len=2357 output_ptr=0x60488ba43f90 output_len=2801 mode=owned status=ok
LITCHI0691_PART profile=baseline stage=process_part uri=/ppt/slides/slide1.xml visible_ptr=0x60488ba68570 visible_len=2589 arc_struct_ptr=0x60488ba22e20 arc_bytes_ptr=0x60488ba68570 arc_len=2589 alias=true
LITCHI0691_CODEC call=93 profile=baseline stage=prefix:real:apply input_ptr=0x60488ba68570 input_len=2589 output_ptr=0x60488ba43f90 output_len=2737 mode=owned status=ok
LITCHI0691_PART profile=baseline stage=process_part uri=/ppt/slides/slide2.xml visible_ptr=0x60488ba3bcb0 visible_len=16935 arc_struct_ptr=0x60488ba2ed20 arc_bytes_ptr=0x60488ba3bcb0 arc_len=16935 alias=true
LITCHI0691_CODEC call=94 profile=baseline stage=prefix:real:apply input_ptr=0x60488ba3bcb0 input_len=16935 output_ptr=0x60488ba43f90 output_len=19348 mode=owned status=ok
LITCHI0691_PART profile=baseline stage=process_part uri=/ppt/slides/slide3.xml visible_ptr=0x60488b9fba00 visible_len=3038 arc_struct_ptr=0x60488ba1cc40 arc_bytes_ptr=0x60488b9fba00 arc_len=3038 alias=true
LITCHI0691_CODEC call=95 profile=baseline stage=prefix:real:apply input_ptr=0x60488b9fba00 input_len=3038 output_ptr=0x60488ba43f90 output_len=3237 mode=owned status=ok
LITCHI0691_PART profile=baseline stage=process_part uri=/ppt/slides/slide4.xml visible_ptr=0x60488baf61c0 visible_len=31153 arc_struct_ptr=0x60488bb0a8e0 arc_bytes_ptr=0x60488baf61c0 arc_len=31153 alias=true
LITCHI0691_CODEC call=96 profile=baseline stage=prefix:real:apply input_ptr=0x60488baf61c0 input_len=31153 output_ptr=0x60488ba43f90 output_len=35854 mode=owned status=ok
LITCHI0691_PART profile=baseline stage=process_part uri=/ppt/slides/slide5.xml visible_ptr=0x60488baf1c00 visible_len=17833 arc_struct_ptr=0x60488ba2e380 arc_bytes_ptr=0x60488baf1c00 arc_len=17833 alias=true
LITCHI0691_CODEC call=97 profile=baseline stage=prefix:real:apply input_ptr=0x60488baf1c00 input_len=17833 output_ptr=0x60488ba489e0 output_len=20569 mode=owned status=ok
LITCHI0691_PART profile=baseline stage=process_part uri=/ppt/slides/slide6.xml visible_ptr=0x60488ba28620 visible_len=3037 arc_struct_ptr=0x60488b9ffc30 arc_bytes_ptr=0x60488ba28620 arc_len=3037 alias=true
LITCHI0691_CODEC call=98 profile=baseline stage=prefix:real:apply input_ptr=0x60488ba28620 input_len=3037 output_ptr=0x60488ba45010 output_len=3236 mode=owned status=ok
LITCHI0691_PART profile=baseline stage=process_part uri=/ppt/slides/slide7.xml visible_ptr=0x60488bb13920 visible_len=28449 arc_struct_ptr=0x60488ba077e0 arc_bytes_ptr=0x60488bb13920 arc_len=28449 alias=true
LITCHI0691_CODEC call=99 profile=baseline stage=prefix:real:apply input_ptr=0x60488bb13920 input_len=28449 output_ptr=0x60488ba4b910 output_len=32716 mode=owned status=ok
LITCHI0691_PART profile=baseline stage=process_part uri=/ppt/slides/slide8.xml visible_ptr=0x60488bb114e0 visible_len=2674 arc_struct_ptr=0x60488ba087a0 arc_bytes_ptr=0x60488bb114e0 arc_len=2674 alias=true
LITCHI0691_CODEC call=100 profile=baseline stage=prefix:real:apply input_ptr=0x60488bb114e0 input_len=2674 output_ptr=0x60488ba44ff0 output_len=2842 mode=owned status=ok
LITCHI0691_PART profile=baseline stage=process_part uri=/ppt/slides/slide9.xml visible_ptr=0x60488bb11f60 visible_len=2676 arc_struct_ptr=0x60488bb0a880 arc_bytes_ptr=0x60488bb11f60 arc_len=2676 alias=true
LITCHI0691_CODEC call=101 profile=baseline stage=prefix:real:apply input_ptr=0x60488bb11f60 input_len=2676 output_ptr=0x60488ba44ff0 output_len=2844 mode=owned status=ok
LITCHI0691_PART profile=baseline stage=process_part uri=/ppt/slides/slide10.xml visible_ptr=0x60488ba67980 visible_len=3037 arc_struct_ptr=0x60488bb0a940 arc_bytes_ptr=0x60488ba67980 arc_len=3037 alias=true
LITCHI0691_CODEC call=102 profile=baseline stage=prefix:real:apply input_ptr=0x60488ba67980 input_len=3037 output_ptr=0x60488ba45230 output_len=3236 mode=owned status=ok
LITCHI0691_PART profile=baseline stage=process_part uri=/ppt/slides/slide11.xml visible_ptr=0x60488bb1ead0 visible_len=121498 arc_struct_ptr=0x60488ba00080 arc_bytes_ptr=0x60488bb1ead0 arc_len=121498 alias=true
LITCHI0691_CODEC call=103 profile=baseline stage=prefix:real:apply input_ptr=0x60488bb1ead0 input_len=121498 output_ptr=0x60488bb3c580 output_len=141788 mode=owned status=ok
LITCHI0691_PART profile=baseline stage=process_part uri=/ppt/slides/slide12.xml visible_ptr=0x60488baeaa00 visible_len=29160 arc_struct_ptr=0x60488bb0c720 arc_bytes_ptr=0x60488baeaa00 arc_len=29160 alias=true
LITCHI0691_CODEC call=104 profile=baseline stage=prefix:real:apply input_ptr=0x60488baeaa00 input_len=29160 output_ptr=0x60488ba4b700 output_len=33731 mode=owned status=ok
LITCHI0691_PART profile=baseline stage=process_part uri=/ppt/slides/slide13.xml visible_ptr=0x60488b9f9e80 visible_len=7028 arc_struct_ptr=0x60488ba08c40 arc_bytes_ptr=0x60488b9f9e80 arc_len=7028 alias=true
LITCHI0691_CODEC call=105 profile=baseline stage=prefix:real:apply input_ptr=0x60488b9f9e80 input_len=7028 output_ptr=0x60488ba44d20 output_len=7850 mode=owned status=ok
LITCHI0691_PART profile=baseline stage=process_part uri=/ppt/slides/slide1.xml visible_ptr=0x60488ba68570 visible_len=2589 arc_struct_ptr=0x60488ba22e20 arc_bytes_ptr=0x60488ba68570 arc_len=2589 alias=true
LITCHI0691_CODEC call=106 profile=baseline stage=prefix:real:apply input_ptr=0x60488ba68570 input_len=2589 output_ptr=0x60488ba44d20 output_len=2737 mode=owned status=ok
LITCHI0691_PART profile=baseline stage=process_part uri=/ppt/slides/slide2.xml visible_ptr=0x60488ba3bcb0 visible_len=16935 arc_struct_ptr=0x60488ba2ed20 arc_bytes_ptr=0x60488ba3bcb0 arc_len=16935 alias=true
LITCHI0691_CODEC call=107 profile=baseline stage=prefix:real:apply input_ptr=0x60488ba3bcb0 input_len=16935 output_ptr=0x60488ba4b700 output_len=19348 mode=owned status=ok
LITCHI0691_PART profile=baseline stage=process_part uri=/ppt/slides/slide3.xml visible_ptr=0x60488b9fba00 visible_len=3038 arc_struct_ptr=0x60488ba1cc40 arc_bytes_ptr=0x60488b9fba00 arc_len=3038 alias=true
LITCHI0691_CODEC call=108 profile=baseline stage=prefix:real:apply input_ptr=0x60488b9fba00 input_len=3038 output_ptr=0x60488ba44d20 output_len=3237 mode=owned status=ok
LITCHI0691_PART profile=baseline stage=process_part uri=/ppt/slides/slide4.xml visible_ptr=0x60488baf61c0 visible_len=31153 arc_struct_ptr=0x60488bb0a8e0 arc_bytes_ptr=0x60488baf61c0 arc_len=31153 alias=true
LITCHI0691_CODEC call=109 profile=baseline stage=prefix:real:apply input_ptr=0x60488baf61c0 input_len=31153 output_ptr=0x60488ba4b700 output_len=35854 mode=owned status=ok
LITCHI0691_PART profile=baseline stage=process_part uri=/ppt/slides/slide5.xml visible_ptr=0x60488baf1c00 visible_len=17833 arc_struct_ptr=0x60488ba2e380 arc_bytes_ptr=0x60488baf1c00 arc_len=17833 alias=true
LITCHI0691_CODEC call=110 profile=baseline stage=prefix:real:apply input_ptr=0x60488baf1c00 input_len=17833 output_ptr=0x60488ba4b700 output_len=20569 mode=owned status=ok
LITCHI0691_PART profile=baseline stage=process_part uri=/ppt/slides/slide6.xml visible_ptr=0x60488ba28620 visible_len=3037 arc_struct_ptr=0x60488b9ffc30 arc_bytes_ptr=0x60488ba28620 arc_len=3037 alias=true
LITCHI0691_CODEC call=111 profile=baseline stage=prefix:real:apply input_ptr=0x60488ba28620 input_len=3037 output_ptr=0x60488ba44d20 output_len=3236 mode=owned status=ok
LITCHI0691_PART profile=baseline stage=process_part uri=/ppt/slides/slide7.xml visible_ptr=0x60488bb13920 visible_len=28449 arc_struct_ptr=0x60488ba077e0 arc_bytes_ptr=0x60488bb13920 arc_len=28449 alias=true
LITCHI0691_CODEC call=112 profile=baseline stage=prefix:real:apply input_ptr=0x60488bb13920 input_len=28449 output_ptr=0x60488ba4b700 output_len=32716 mode=owned status=ok
LITCHI0691_PART profile=baseline stage=process_part uri=/ppt/slides/slide8.xml visible_ptr=0x60488bb114e0 visible_len=2674 arc_struct_ptr=0x60488ba087a0 arc_bytes_ptr=0x60488bb114e0 arc_len=2674 alias=true
LITCHI0691_CODEC call=113 profile=baseline stage=prefix:real:apply input_ptr=0x60488bb114e0 input_len=2674 output_ptr=0x60488ba44d20 output_len=2842 mode=owned status=ok
LITCHI0691_PART profile=baseline stage=process_part uri=/ppt/slides/slide9.xml visible_ptr=0x60488bb11f60 visible_len=2676 arc_struct_ptr=0x60488bb0a880 arc_bytes_ptr=0x60488bb11f60 arc_len=2676 alias=true
LITCHI0691_CODEC call=114 profile=baseline stage=prefix:real:apply input_ptr=0x60488bb11f60 input_len=2676 output_ptr=0x60488ba44d20 output_len=2844 mode=owned status=ok
LITCHI0691_PART profile=baseline stage=process_part uri=/ppt/slides/slide10.xml visible_ptr=0x60488ba67980 visible_len=3037 arc_struct_ptr=0x60488bb0a940 arc_bytes_ptr=0x60488ba67980 arc_len=3037 alias=true
LITCHI0691_CODEC call=115 profile=baseline stage=prefix:real:apply input_ptr=0x60488ba67980 input_len=3037 output_ptr=0x60488ba44d20 output_len=3236 mode=owned status=ok
LITCHI0691_PART profile=baseline stage=process_part uri=/ppt/slides/slide11.xml visible_ptr=0x60488bb1ead0 visible_len=121498 arc_struct_ptr=0x60488ba00080 arc_bytes_ptr=0x60488bb1ead0 arc_len=121498 alias=true
LITCHI0691_CODEC call=116 profile=baseline stage=prefix:real:apply input_ptr=0x60488bb1ead0 input_len=121498 output_ptr=0x60488bb3c580 output_len=141788 mode=owned status=ok
LITCHI0691_PART profile=baseline stage=process_part uri=/ppt/slides/slide12.xml visible_ptr=0x60488baeaa00 visible_len=29160 arc_struct_ptr=0x60488bb0c720 arc_bytes_ptr=0x60488baeaa00 arc_len=29160 alias=true
LITCHI0691_CODEC call=117 profile=baseline stage=prefix:real:apply input_ptr=0x60488baeaa00 input_len=29160 output_ptr=0x60488ba4b700 output_len=33731 mode=owned status=ok
LITCHI0691_PART profile=baseline stage=process_part uri=/ppt/slides/slide13.xml visible_ptr=0x60488b9f9e80 visible_len=7028 arc_struct_ptr=0x60488ba08c40 arc_bytes_ptr=0x60488b9f9e80 arc_len=7028 alias=true
LITCHI0691_CODEC call=118 profile=baseline stage=prefix:real:apply input_ptr=0x60488b9f9e80 input_len=7028 output_ptr=0x60488ba44d20 output_len=7850 mode=owned status=ok
LITCHI0691_CODEC call=119 profile=baseline stage=prefix:real:apply input_ptr=0x60488ba07b20 input_len=2357 output_ptr=0x60488ba44d20 output_len=2801 mode=owned status=ok
LITCHI0691_CODEC call=120 profile=baseline stage=prefix:real:apply input_ptr=0x60488ba07b20 input_len=2357 output_ptr=0x60488ba44d20 output_len=2801 mode=owned status=ok
LITCHI0691_CODEC call=121 profile=baseline stage=prefix:real:apply input_ptr=0x60488ba68570 input_len=2589 output_ptr=0x60488ba466d0 output_len=2737 mode=owned status=ok
LITCHI0691_CODEC call=122 profile=baseline stage=prefix:real:apply input_ptr=0x60488ba3bcb0 input_len=16935 output_ptr=0x60488ba4b700 output_len=19348 mode=owned status=ok
LITCHI0691_CODEC call=123 profile=baseline stage=prefix:real:apply input_ptr=0x60488b9fba00 input_len=3038 output_ptr=0x60488ba46b10 output_len=3237 mode=owned status=ok
LITCHI0691_CODEC call=124 profile=baseline stage=prefix:real:apply input_ptr=0x60488baf61c0 input_len=31153 output_ptr=0x60488ba4b700 output_len=35854 mode=owned status=ok
LITCHI0691_CODEC call=125 profile=baseline stage=prefix:real:apply input_ptr=0x60488baf1c00 input_len=17833 output_ptr=0x60488ba4b700 output_len=20569 mode=owned status=ok
LITCHI0691_CODEC call=126 profile=baseline stage=prefix:real:apply input_ptr=0x60488ba28620 input_len=3037 output_ptr=0x60488ba46b10 output_len=3236 mode=owned status=ok
LITCHI0691_CODEC call=127 profile=baseline stage=prefix:real:apply input_ptr=0x60488bb13920 input_len=28449 output_ptr=0x60488ba4b700 output_len=32716 mode=owned status=ok
LITCHI0691_CODEC call=128 profile=baseline stage=prefix:real:apply input_ptr=0x60488bb114e0 input_len=2674 output_ptr=0x60488ba46680 output_len=2842 mode=owned status=ok
LITCHI0691_CODEC call=129 profile=baseline stage=prefix:real:apply input_ptr=0x60488bb11f60 input_len=2676 output_ptr=0x60488ba46680 output_len=2844 mode=owned status=ok
LITCHI0691_CODEC call=130 profile=baseline stage=prefix:real:apply input_ptr=0x60488ba67980 input_len=3037 output_ptr=0x60488ba46da0 output_len=3236 mode=owned status=ok
LITCHI0691_CODEC call=131 profile=baseline stage=prefix:real:apply input_ptr=0x60488bb1ead0 input_len=121498 output_ptr=0x60488bb3c580 output_len=141788 mode=owned status=ok
LITCHI0691_CODEC call=132 profile=baseline stage=prefix:real:apply input_ptr=0x60488baeaa00 input_len=29160 output_ptr=0x60488ba4b700 output_len=33731 mode=owned status=ok
LITCHI0691_CODEC call=133 profile=baseline stage=prefix:real:apply input_ptr=0x60488b9f9e80 input_len=7028 output_ptr=0x60488ba468f0 output_len=7850 mode=owned status=ok
LITCHI0691_MODEL profile=baseline stage=capture_success parts=58 slides=13
LITCHI0691_PART profile=baseline stage=process_part uri=/ppt/presentation.xml visible_ptr=0x60488ba07b20 visible_len=2357 arc_struct_ptr=0x60488ba02790 arc_bytes_ptr=0x60488ba07b20 arc_len=2357 alias=true
LITCHI0691_CODEC call=134 profile=baseline stage=prefix:real:apply input_ptr=0x60488ba07b20 input_len=2357 output_ptr=0x60488ba80450 output_len=2801 mode=owned status=ok
