    Checking zeroize v1.9.0
   Compiling syn v2.0.114
    Checking cfg-if v1.0.4
    Checking typenum v1.20.1
    Checking libc v0.2.189
    Checking generic-array v0.14.9
    Checking const-oid v0.9.6
    Checking subtle v2.6.1
    Checking memchr v2.8.3
    Checking block-buffer v0.10.4
    Checking crypto-common v0.1.6
    Checking digest v0.10.7
    Checking serde_core v1.0.229
    Checking crossbeam-utils v0.8.22
    Checking once_cell v1.21.4
    Checking crossbeam-epoch v0.9.20
    Checking cpufeatures v0.2.17
    Checking sha2 v0.10.9
    Checking crossbeam-deque v0.8.7
    Checking bitflags v2.13.1
    Checking rayon-core v1.13.0
    Checking linux-raw-sys v0.12.1
    Checking either v1.18.0
    Checking zlib-rs v0.6.7
    Checking rayon v1.12.0
    Checking flate2 v1.1.10
    Checking rustix v1.1.4
    Checking crc32fast v1.5.1
    Checking getrandom v0.3.4
    Checking fastrand v2.5.0
    Checking soapberry-zip v0.0.1 (/home/zhuhe/code/litchi/crates/soapberry-zip)
    Checking tempfile v3.27.0
    Checking hybrid-array v0.4.14
    Checking smallvec v1.16.0
    Checking rand_core v0.10.1
    Checking cpufeatures v0.3.1
    Checking crypto-common v0.2.2
    Checking block-buffer v0.12.1
   Compiling thiserror-impl v2.0.18
    Checking const-oid v0.10.2
    Checking digest v0.11.3
    Checking num-traits v0.2.19
    Checking serde v1.0.229
    Checking thiserror v2.0.18
    Checking getrandom v0.4.3
    Checking zmij v1.0.19
    Checking chacha20 v0.10.2
    Checking itoa v1.0.18
    Checking iana-time-zone v0.1.65
    Checking serde_json v1.0.149
    Checking chrono v0.4.45
    Checking rand v0.10.2
    Checking zerocopy v0.8.56
    Checking sha2 v0.11.0
    Checking quick-xml v0.41.0
    Checking base64 v0.22.1
    Checking fast-float2 v0.2.4
   Compiling xml-minifier-macros v0.1.0 (/home/zhuhe/code/litchi/crates/xml-minifier-macros)
    Checking debug_unsafe v0.1.4
    Checking atoi_simd v0.18.1
    Checking xml-minifier v0.1.0 (/home/zhuhe/code/litchi/crates/xml-minifier)
   Compiling synstructure v0.13.2
   Compiling zerofrom-derive v0.1.6
    Checking litchi-core v0.0.1 (/home/zhuhe/code/litchi/crates/litchi-core)
    Checking zerofrom v0.1.4
   Compiling yoke-derive v0.7.5
    Checking litchi-opc v0.0.1 (/home/zhuhe/code/litchi/crates/litchi-opc)
    Checking stable_deref_trait v1.2.1
    Checking yoke v0.7.4
   Compiling zerovec-derive v0.10.4
    Checking zerovec v0.10.4
   Compiling displaydoc v0.2.6
    Checking tinystr v0.7.6
    Checking litemap v0.7.3
   Compiling icu_locid_transform_data v1.5.1
    Checking writeable v0.5.5
    Checking icu_locid v1.5.0
   Compiling icu_provider_macros v1.5.0
   Compiling icu_properties_data v1.5.1
    Checking icu_provider v1.5.0
   Compiling icu_normalizer_data v1.5.1
    Checking icu_collections v1.5.0
    Checking icu_locid_transform v1.5.0
    Checking utf16_iter v1.0.5
    Checking write16 v1.0.0
    Checking utf8_iter v1.0.4
    Checking icu_properties v1.5.1
    Checking tinyvec_macros v0.1.1
    Checking tinyvec v1.12.0
    Checking percent-encoding v2.3.2
    Checking form_urlencoded v1.2.2
    Checking unicode-normalization v0.1.25
    Checking caseless v0.2.2
    Checking ryu v1.0.22
    Checking litchi-sheet v0.0.1 (/home/zhuhe/code/litchi/crates/litchi-sheet)
    Checking litchi-xldm v0.0.1 (/home/zhuhe/code/litchi/crates/litchi-xldm)
    Checking icu_normalizer v1.5.0
    Checking idna_adapter v1.2.0
    Checking idna v1.1.0
    Checking url v2.5.8
    Checking litchi-ooxml-common v0.0.1 (/home/zhuhe/code/litchi/crates/litchi-ooxml-common)
    Checking getrandom v0.2.17
    Checking rand_core v0.6.4
    Checking base64ct v1.6.0
    Checking pem-rfc7468 v0.7.0
    Checking der v0.7.10
    Checking spki v0.7.3
    Checking pkcs8 v0.10.2
    Checking ff v0.13.1
    Checking base16ct v0.2.0
    Checking sec1 v0.7.3
    Checking group v0.13.0
    Checking crypto-bigint v0.5.5
    Checking elliptic-curve v0.13.8
    Checking hmac v0.12.1
    Checking rfc6979 v0.4.0
    Checking litchi-drawingml v0.0.1 (/home/zhuhe/code/litchi/crates/litchi-drawingml)
    Checking signature v2.2.0
    Checking ecdsa v0.16.9
    Checking primeorder v0.13.6
    Checking p256 v0.13.2
   Compiling equivalent v1.0.2
   Compiling hashbrown v0.16.1
   Compiling winnow v0.7.15
   Compiling semver v1.0.28
   Compiling rustc_version v0.4.1
   Compiling toml_parser v1.0.2
   Compiling indexmap v2.11.4
   Compiling aho-corasick v1.1.5
    Checking litchi-spreadsheet-drawing v0.0.1 (/home/zhuhe/code/litchi/crates/litchi-spreadsheet-drawing)
    Checking litchi-xlsx v0.0.1 (/home/zhuhe/code/litchi/crates/litchi-xlsx)
    Checking litchi-pptx v0.0.1 (/home/zhuhe/code/litchi/crates/litchi-pptx)
    Checking litchi-docx v0.0.1 (/home/zhuhe/code/litchi/crates/litchi-docx)
   Compiling toml_datetime v0.7.1
   Compiling regex-syntax v0.8.11
    Checking regex-automata v0.4.18
   Compiling toml_edit v0.23.5
   Compiling rstest_macros v0.26.1
   Compiling proc-macro-crate v3.4.0
   Compiling regex v1.13.1
   Compiling futures-macro v0.3.31
    Checking pin-project-lite v0.2.17
   Compiling paste v1.0.15
    Checking slab v0.4.12
   Compiling glob v0.3.4
    Checking futures-task v0.3.31
    Checking pin-utils v0.1.0
   Compiling relative-path v1.9.3
    Checking futures-core v0.3.34
    Checking log v0.4.29
    Checking env_logger v0.8.4
    Checking futures-util v0.3.31
    Checking rand v0.8.8
    Checking futures-timer v3.0.4
    Checking jiff-core v0.1.0
    Checking rstest v0.26.1
    Checking quickcheck v1.0.3
    Checking jiff v0.2.35
   Compiling quickcheck_macros v1.1.0
    Finished `dev` profile [unoptimized] target(s) in 54.89s
