{
  "archive_bytes": 1050655,
  "binary": {
    "bytes": 2989816,
    "identity_method": "parent binds SHA-256 of the captured binary",
    "path": "/home/zhuhe/litchi-goal-0552-target/retained/baseline/cap",
    "profile": "release"
  },
  "case": "valid",
  "cells": 4,
  "columns": 2,
  "comment_bytes": 1048576,
  "correctness": {
    "commit_outside_timing": true,
    "empty_commit_is_noop": true,
    "no_op_publication_exact": true,
    "snapshot_a1": 1,
    "snapshot_last_cell": 4,
    "source_bytes_unchanged": true,
    "source_unchanged": true,
    "source_xml_unchanged": true,
    "valid_snapshot_values": true
  },
  "event_cap_relation": "below",
  "event_count": 31,
  "event_count_formula": "5*N*N+2*N+6+I(N<=2) (including EOF)",
  "expected_event_count": 31,
  "fixture_out": "/home/zhuhe/code/litchi/docs/performance/results/change-0552/baseline/cap-r2-2.zip",
  "last_cell": "B2",
  "ordinary_parser_event_cap": 1000000,
  "performance_claim": "none: valid event-cap boundary diagnostic only",
  "phase": {
    "duration_ns": [
      172281,
      172611,
      172461,
      180701,
      172151,
      172161,
      172661,
      172080,
      173250,
      175520,
      171660,
      172470,
      180480,
      172460,
      177070,
      172430,
      182181,
      172851,
      172341,
      171941,
      180961,
      173321,
      172301,
      172371,
      172681,
      172261,
      173671,
      171651,
      172461,
      180661,
      172261,
      176671,
      172181,
      181091,
      172541,
      171881,
      172391,
      179001,
      173431,
      172451,
      172451,
      172671,
      172490,
      172470,
      172010,
      175580,
      179040,
      172860,
      175660,
      171710,
      181040,
      172940,
      172200,
      172790,
      179621,
      172211,
      172151,
      172631,
      172201,
      172681,
      172241,
      171861,
      172281,
      180691,
      172481,
      175771,
      172291,
      180731,
      172291,
      172421,
      172701,
      180701,
      172671,
      172581,
      172941,
      172271,
      172201,
      172491,
      172501,
      172331,
      179301,
      172201,
      177281,
      172160,
      180520,
      171800,
      172650,
      172380,
      180620,
      172840,
      172541,
      172831,
      172081,
      172501,
      172061,
      172061,
      172221,
      178741,
      172511,
      176691,
      172591,
      180621,
      172851,
      172631,
      173091,
      180241,
      172831,
      172471,
      172741,
      172821,
      173051,
      172551,
      172441,
      172611,
      183591,
      171921,
      176991,
      172391,
      180541,
      172080,
      173620,
      172890,
      181030,
      172660,
      172420,
      172200,
      172310,
      172540,
      172001,
      173001,
      171691,
      179171,
      171861,
      177091,
      174511,
      181071,
      171591,
      172251,
      172261,
      181351,
      171941,
      171921,
      172621,
      172461,
      172881,
      173311,
      173011,
      172741,
      181351,
      172811,
      176531,
      172521,
      182371,
      172300,
      172230,
      172710,
      179531,
      174930,
      173150,
      172560,
      171660,
      172840,
      172170,
      172940,
      172720,
      180261,
      172081,
      176551,
      173191,
      180451,
      172891,
      172501,
      172421,
      180261,
      172491,
      172151,
      172771,
      172181,
      172411,
      172201,
      172631,
      172411,
      179651,
      172881,
      175861,
      172881,
      180361,
      173121,
      172951,
      173271,
      180371,
      173050,
      172550,
      172850,
      172470,
      172610,
      172470,
      172730,
      172520,
      180251
    ],
    "name": "edit_sheets",
    "sample_order": [
      0,
      1,
      2,
      3,
      4,
      5,
      6,
      7,
      8,
      9,
      10,
      11,
      12,
      13,
      14,
      15,
      16,
      17,
      18,
      19,
      20,
      21,
      22,
      23,
      24,
      25,
      26,
      27,
      28,
      29,
      30,
      31,
      32,
      33,
      34,
      35,
      36,
      37,
      38,
      39,
      40,
      41,
      42,
      43,
      44,
      45,
      46,
      47,
      48,
      49,
      50,
      51,
      52,
      53,
      54,
      55,
      56,
      57,
      58,
      59,
      60,
      61,
      62,
      63,
      64,
      65,
      66,
      67,
      68,
      69,
      70,
      71,
      72,
      73,
      74,
      75,
      76,
      77,
      78,
      79,
      80,
      81,
      82,
      83,
      84,
      85,
      86,
      87,
      88,
      89,
      90,
      91,
      92,
      93,
      94,
      95,
      96,
      97,
      98,
      99,
      100,
      101,
      102,
      103,
      104,
      105,
      106,
      107,
      108,
      109,
      110,
      111,
      112,
      113,
      114,
      115,
      116,
      117,
      118,
      119,
      120,
      121,
      122,
      123,
      124,
      125,
      126,
      127,
      128,
      129,
      130,
      131,
      132,
      133,
      134,
      135,
      136,
      137,
      138,
      139,
      140,
      141,
      142,
      143,
      144,
      145,
      146,
      147,
      148,
      149,
      150,
      151,
      152,
      153,
      154,
      155,
      156,
      157,
      158,
      159,
      160,
      161,
      162,
      163,
      164,
      165,
      166,
      167,
      168,
      169,
      170,
      171,
      172,
      173,
      174,
      175,
      176,
      177,
      178,
      179,
      180,
      181,
      182,
      183,
      184,
      185,
      186,
      187,
      188,
      189,
      190,
      191,
      192,
      193,
      194,
      195,
      196,
      197,
      198,
      199
    ],
    "samples": 200,
    "timing_scope": "source/editor/selector setup excluded; transaction retained through clock stop; inspection/commit/drop excluded",
    "warmup_iterations": 20
  },
  "rows": 2,
  "samples": 200,
  "schema": "litchi.xlsx.cap-boundary-guard.v1",
  "shared_provisional_event_cap": 131072,
  "size": 2,
  "source": {
    "archive_bytes": 1050655,
    "columns": 2,
    "compression": "stored",
    "encoding": "UTF-8",
    "fixture_dump": "/home/zhuhe/code/litchi/docs/performance/results/change-0552/baseline/cap-r2-2.zip",
    "fixture_kind": "single_worksheet_sparse_numeric_with_comment",
    "format": "OOXML/XLSX",
    "generator": "litchi-xlsx-cap-boundary-stored-grid-v1",
    "identity_method": "parent binds SHA-256 of fixture_dump bytes",
    "marker_free": true,
    "rows": 2,
    "shape": "2x2",
    "source_xml_bytes": 1048841,
    "worksheet_bytes": 1048841,
    "worksheet_member": "xl/worksheets/sheet1.xml",
    "worksheet_xml_bytes": 1048841
  },
  "source_stream_byte_limit": 8388608,
  "source_stream_eligible": true,
  "source_xml_bytes": 1048841,
  "tool": "perf_cap_boundary",
  "warmup_iterations": 20
}
