	Command being timed: "/home/zhuhe/litchi-goal-0552-target/retained/baseline/normal --case xlsx_source_backed_cell_values_one_edit_save --xlsx-cell-crud-shape noncompact --samples 200 --warmup 20 --json /home/zhuhe/code/litchi/docs/performance/results/change-0552/baseline/native-r1-noncompact-c0.json --corpus-manifest /home/zhuhe/code/litchi/docs/performance/results/change-0552/baseline/native-r1-noncompact-c0.catalog.json"
	User time (seconds): 8.01
	System time (seconds): 0.95
	Percent of CPU this job got: 99%
	Elapsed (wall clock) time (h:mm:ss or m:ss): 0:08.97
	Average shared text size (kbytes): 0
	Average unshared data size (kbytes): 0
	Average stack size (kbytes): 0
	Average total size (kbytes): 0
	Maximum resident set size (kbytes): 68064
	Average resident set size (kbytes): 0
	Major (requiring I/O) page faults: 0
	Minor (reclaiming a frame) page faults: 978618
	Voluntary context switches: 30
	Involuntary context switches: 136
	Swaps: 0
	File system inputs: 0
	File system outputs: 952
	Socket messages sent: 0
	Socket messages received: 0
	Signals delivered: 0
	Page size (bytes): 4096
	Exit status: 0
