    Checking num-traits v0.2.19
    Checking litchi-codepage v0.0.1 (/home/zhuhe/code/litchi/crates/litchi-codepage)
   Compiling xml-minifier-macros v0.1.0 (/home/zhuhe/code/litchi/crates/xml-minifier-macros)
    Checking soapberry-zip v0.0.1 (/home/zhuhe/code/litchi/crates/soapberry-zip)
    Checking lazy_static v1.5.0
    Checking font-kit v0.14.3
    Checking chrono v0.4.45
    Checking allsorts v0.17.0
    Checking xml-minifier v0.1.0 (/home/zhuhe/code/litchi/crates/xml-minifier)
    Checking litchi-core v0.0.1 (/home/zhuhe/code/litchi/crates/litchi-core)
    Checking litchi-cfb v0.0.1 (/home/zhuhe/code/litchi/crates/litchi-cfb)
    Checking litchi-opc v0.0.1 (/home/zhuhe/code/litchi/crates/litchi-opc)
    Checking litchi-ole-common v0.0.1 (/home/zhuhe/code/litchi/crates/litchi-ole-common)
    Checking litchi-vba v0.0.1 (/home/zhuhe/code/litchi/crates/litchi-vba)
    Checking litchi-fonts v0.0.1 (/home/zhuhe/code/litchi/crates/litchi-fonts)
    Checking litchi-crypto v0.0.1 (/home/zhuhe/code/litchi/crates/litchi-crypto)
    Checking litchi-ooxml-common v0.0.1 (/home/zhuhe/code/litchi/crates/litchi-ooxml-common)
    Checking litchi-drawingml v0.0.1 (/home/zhuhe/code/litchi/crates/litchi-drawingml)
    Checking litchi-pptx v0.0.1 (/home/zhuhe/code/litchi/crates/litchi-pptx)
    Finished `dev` profile [unoptimized + debuginfo] target(s) in 13.95s
