	Command being timed: "taskset -c 2 /tmp/litchi-goal-0516/before/fallback --samples 20 --warmup 2 --shape tiny,medium,dense-wide --json /home/zhuhe/code/litchi/docs/performance/results/change-0516/before/fallback-pilot-report.json"
	User time (seconds): 106.55
	System time (seconds): 0.20
	Percent of CPU this job got: 99%
	Elapsed (wall clock) time (h:mm:ss or m:ss): 1:46.77
	Average shared text size (kbytes): 0
	Average unshared data size (kbytes): 0
	Average stack size (kbytes): 0
	Average total size (kbytes): 0
	Maximum resident set size (kbytes): 246048
	Average resident set size (kbytes): 0
	Major (requiring I/O) page faults: 0
	Minor (reclaiming a frame) page faults: 188133
	Voluntary context switches: 1
	Involuntary context switches: 1015
	Swaps: 0
	File system inputs: 0
	File system outputs: 56
	Socket messages sent: 0
	Socket messages received: 0
	Signals delivered: 0
	Page size (bytes): 4096
	Exit status: 0
