   Compiling litchi-opc v0.0.1 (/home/zhuhe/code/litchi/crates/litchi-opc)
   Compiling litchi-ooxml-common v0.0.1 (/home/zhuhe/code/litchi/crates/litchi-ooxml-common)
   Compiling litchi-drawingml v0.0.1 (/home/zhuhe/code/litchi/crates/litchi-drawingml)
   Compiling litchi-spreadsheet-drawing v0.0.1 (/home/zhuhe/code/litchi/crates/litchi-spreadsheet-drawing)
   Compiling litchi-xlsx v0.0.1 (/home/zhuhe/code/litchi/crates/litchi-xlsx)
   Compiling litchi-xlsx-commit-guard v0.1.0 (/home/zhuhe/code/litchi/docs/performance/results/change-0516/fallback-probe)
warning: unused import: `Part`
  --> src/main.rs:31:39
   |
31 | use litchi_opc::{OpcPackage, PackURI, Part};
   |                                       ^^^^
   |
   = note: `#[warn(unused_imports)]` (part of `#[warn(unused)]`) on by default

warning: `litchi-xlsx-commit-guard` (bin "litchi-xlsx-commit-guard") generated 1 warning
    Finished `release` profile [optimized] target(s) in 1m 13s
	Command being timed: "cargo build --release --locked --offline --manifest-path /home/zhuhe/code/litchi/docs/performance/results/change-0516/fallback-probe/Cargo.toml --bin litchi-xlsx-commit-guard"
	User time (seconds): 131.77
	System time (seconds): 1.88
	Percent of CPU this job got: 181%
	Elapsed (wall clock) time (h:mm:ss or m:ss): 1:13.81
	Average shared text size (kbytes): 0
	Average unshared data size (kbytes): 0
	Average stack size (kbytes): 0
	Average total size (kbytes): 0
	Maximum resident set size (kbytes): 1748132
	Average resident set size (kbytes): 0
	Major (requiring I/O) page faults: 0
	Minor (reclaiming a frame) page faults: 1543713
	Voluntary context switches: 3853
	Involuntary context switches: 804
	Swaps: 0
	File system inputs: 0
	File system outputs: 16
	Socket messages sent: 0
	Socket messages received: 0
	Signals delivered: 0
	Page size (bytes): 4096
	Exit status: 0
