==3186999== Callgrind, a call-graph generating cache profiler
==3186999== Copyright (C) 2002-2017, and GNU GPL'd, by Josef Weidendorfer et al.
==3186999== Using Valgrind-3.26.0 and LibVEX; rerun with -h for copyright info
==3186999== Command: /tmp/litchi-goal-0516/before/litchi-perf-baseline --case xlsx_one_percent_commit_save --xlsx-shape dense-wide --samples 3 --warmup 0 --json /home/zhuhe/code/litchi/docs/performance/results/change-0516/before/profile-report.json --corpus-manifest /home/zhuhe/code/litchi/docs/performance/results/change-0516/before/profile-catalog.json
==3186999== 
==3186999== For interactive control, run 'callgrind_control -h'.
==3186999== brk segment overflow in thread #1: can't grow to 0x7924000
==3186999== (see section Limitations in user manual)
==3186999== NOTE: further instances of this message will not be shown
==3186999== 
==3186999== Events    : Ir
==3186999== Collected : 14458444767
==3186999== 
==3186999== I   refs:      14,458,444,767
	Command being timed: "taskset -c 2 valgrind --tool=callgrind --collect-atstart=no --toggle-collect=*litchi_perf_baseline::xlsx_commit_save_operation --callgrind-out-file=/home/zhuhe/code/litchi/docs/performance/results/change-0516/before/profile.out /tmp/litchi-goal-0516/before/litchi-perf-baseline --case xlsx_one_percent_commit_save --xlsx-shape dense-wide --samples 3 --warmup 0 --json /home/zhuhe/code/litchi/docs/performance/results/change-0516/before/profile-report.json --corpus-manifest /home/zhuhe/code/litchi/docs/performance/results/change-0516/before/profile-catalog.json"
	User time (seconds): 105.94
	System time (seconds): 0.24
	Percent of CPU this job got: 99%
	Elapsed (wall clock) time (h:mm:ss or m:ss): 1:46.19
	Average shared text size (kbytes): 0
	Average unshared data size (kbytes): 0
	Average stack size (kbytes): 0
	Average total size (kbytes): 0
	Maximum resident set size (kbytes): 212668
	Average resident set size (kbytes): 0
	Major (requiring I/O) page faults: 0
	Minor (reclaiming a frame) page faults: 103566
	Voluntary context switches: 33
	Involuntary context switches: 1127
	Swaps: 0
	File system inputs: 48
	File system outputs: 328
	Socket messages sent: 0
	Socket messages received: 0
	Signals delivered: 0
	Page size (bytes): 4096
	Exit status: 0
