native 0-before-synthetic-tiny-capture PASS
native 0-after-synthetic-tiny-capture PASS
native 0-before-synthetic-tiny-commit PASS
native 0-after-synthetic-tiny-commit PASS
native 0-before-synthetic-tiny-lifecycle PASS
native 0-after-synthetic-tiny-lifecycle PASS
native 0-before-synthetic-medium-capture PASS
native 0-after-synthetic-medium-capture PASS
native 0-before-synthetic-medium-commit PASS
native 0-after-synthetic-medium-commit PASS
native 0-before-synthetic-medium-lifecycle PASS
native 0-after-synthetic-medium-lifecycle PASS
native 0-before-synthetic-large-capture PASS
native 0-after-synthetic-large-capture PASS
native 0-before-synthetic-large-commit PASS
native 0-after-synthetic-large-commit PASS
native 0-before-synthetic-large-lifecycle PASS
native 0-after-synthetic-large-lifecycle PASS
native 0-before-synthetic-vendor-capture PASS
native 0-after-synthetic-vendor-capture PASS
native 0-before-synthetic-vendor-commit PASS
native 0-after-synthetic-vendor-commit PASS
native 0-before-synthetic-vendor-lifecycle PASS
native 0-after-synthetic-vendor-lifecycle PASS
native 0-before-synthetic-unicode-vendor-capture PASS
native 0-after-synthetic-unicode-vendor-capture PASS
native 0-before-synthetic-unicode-vendor-commit PASS
native 0-after-synthetic-unicode-vendor-commit PASS
native 0-before-synthetic-unicode-vendor-lifecycle PASS
native 0-after-synthetic-unicode-vendor-lifecycle PASS
native 0-before-synthetic-valid-4attr-capture PASS
native 0-after-synthetic-valid-4attr-capture PASS
native 0-before-synthetic-valid-4attr-commit PASS
native 0-after-synthetic-valid-4attr-commit PASS
native 0-before-synthetic-valid-4attr-lifecycle PASS
native 0-after-synthetic-valid-4attr-lifecycle PASS
native 0-before-real-direct PASS
native 0-after-real-direct PASS
native 1-after-synthetic-tiny-capture PASS
native 1-before-synthetic-tiny-capture PASS
native 1-after-synthetic-tiny-commit PASS
native 1-before-synthetic-tiny-commit PASS
native 1-after-synthetic-tiny-lifecycle PASS
native 1-before-synthetic-tiny-lifecycle PASS
native 1-after-synthetic-medium-capture PASS
native 1-before-synthetic-medium-capture PASS
native 1-after-synthetic-medium-commit PASS
native 1-before-synthetic-medium-commit PASS
native 1-after-synthetic-medium-lifecycle PASS
native 1-before-synthetic-medium-lifecycle PASS
native 1-after-synthetic-large-capture PASS
native 1-before-synthetic-large-capture PASS
native 1-after-synthetic-large-commit PASS
native 1-before-synthetic-large-commit PASS
native 1-after-synthetic-large-lifecycle PASS
native 1-before-synthetic-large-lifecycle PASS
native 1-after-synthetic-vendor-capture PASS
native 1-before-synthetic-vendor-capture PASS
native 1-after-synthetic-vendor-commit PASS
native 1-before-synthetic-vendor-commit PASS
native 1-after-synthetic-vendor-lifecycle PASS
native 1-before-synthetic-vendor-lifecycle PASS
native 1-after-synthetic-unicode-vendor-capture PASS
native 1-before-synthetic-unicode-vendor-capture PASS
native 1-after-synthetic-unicode-vendor-commit PASS
native 1-before-synthetic-unicode-vendor-commit PASS
native 1-after-synthetic-unicode-vendor-lifecycle PASS
native 1-before-synthetic-unicode-vendor-lifecycle PASS
native 1-after-synthetic-valid-4attr-capture PASS
native 1-before-synthetic-valid-4attr-capture PASS
native 1-after-synthetic-valid-4attr-commit PASS
native 1-before-synthetic-valid-4attr-commit PASS
native 1-after-synthetic-valid-4attr-lifecycle PASS
native 1-before-synthetic-valid-4attr-lifecycle PASS
native 1-after-real-direct PASS
native 1-before-real-direct PASS
native 2-before-synthetic-tiny-capture PASS
native 2-after-synthetic-tiny-capture PASS
native 2-before-synthetic-tiny-commit PASS
native 2-after-synthetic-tiny-commit PASS
native 2-before-synthetic-tiny-lifecycle PASS
native 2-after-synthetic-tiny-lifecycle PASS
native 2-before-synthetic-medium-capture PASS
native 2-after-synthetic-medium-capture PASS
native 2-before-synthetic-medium-commit PASS
native 2-after-synthetic-medium-commit PASS
native 2-before-synthetic-medium-lifecycle PASS
native 2-after-synthetic-medium-lifecycle PASS
native 2-before-synthetic-large-capture PASS
native 2-after-synthetic-large-capture PASS
native 2-before-synthetic-large-commit PASS
native 2-after-synthetic-large-commit PASS
native 2-before-synthetic-large-lifecycle PASS
native 2-after-synthetic-large-lifecycle PASS
native 2-before-synthetic-vendor-capture PASS
native 2-after-synthetic-vendor-capture PASS
native 2-before-synthetic-vendor-commit PASS
native 2-after-synthetic-vendor-commit PASS
native 2-before-synthetic-vendor-lifecycle PASS
native 2-after-synthetic-vendor-lifecycle PASS
native 2-before-synthetic-unicode-vendor-capture PASS
native 2-after-synthetic-unicode-vendor-capture PASS
native 2-before-synthetic-unicode-vendor-commit PASS
native 2-after-synthetic-unicode-vendor-commit PASS
native 2-before-synthetic-unicode-vendor-lifecycle PASS
native 2-after-synthetic-unicode-vendor-lifecycle PASS
native 2-before-synthetic-valid-4attr-capture PASS
native 2-after-synthetic-valid-4attr-capture PASS
native 2-before-synthetic-valid-4attr-commit PASS
native 2-after-synthetic-valid-4attr-commit PASS
native 2-before-synthetic-valid-4attr-lifecycle PASS
native 2-after-synthetic-valid-4attr-lifecycle PASS
native 2-before-real-direct PASS
native 2-after-real-direct PASS
native 3-after-synthetic-tiny-capture PASS
native 3-before-synthetic-tiny-capture PASS
native 3-after-synthetic-tiny-commit PASS
native 3-before-synthetic-tiny-commit PASS
native 3-after-synthetic-tiny-lifecycle PASS
native 3-before-synthetic-tiny-lifecycle PASS
native 3-after-synthetic-medium-capture PASS
native 3-before-synthetic-medium-capture PASS
native 3-after-synthetic-medium-commit PASS
native 3-before-synthetic-medium-commit PASS
native 3-after-synthetic-medium-lifecycle PASS
native 3-before-synthetic-medium-lifecycle PASS
native 3-after-synthetic-large-capture PASS
native 3-before-synthetic-large-capture PASS
native 3-after-synthetic-large-commit PASS
native 3-before-synthetic-large-commit PASS
native 3-after-synthetic-large-lifecycle PASS
native 3-before-synthetic-large-lifecycle PASS
native 3-after-synthetic-vendor-capture PASS
native 3-before-synthetic-vendor-capture PASS
native 3-after-synthetic-vendor-commit PASS
native 3-before-synthetic-vendor-commit PASS
native 3-after-synthetic-vendor-lifecycle PASS
native 3-before-synthetic-vendor-lifecycle PASS
native 3-after-synthetic-unicode-vendor-capture PASS
native 3-before-synthetic-unicode-vendor-capture PASS
native 3-after-synthetic-unicode-vendor-commit PASS
native 3-before-synthetic-unicode-vendor-commit PASS
native 3-after-synthetic-unicode-vendor-lifecycle PASS
native 3-before-synthetic-unicode-vendor-lifecycle PASS
native 3-after-synthetic-valid-4attr-capture PASS
native 3-before-synthetic-valid-4attr-capture PASS
native 3-after-synthetic-valid-4attr-commit PASS
native 3-before-synthetic-valid-4attr-commit PASS
native 3-after-synthetic-valid-4attr-lifecycle PASS
native 3-before-synthetic-valid-4attr-lifecycle PASS
native 3-after-real-direct PASS
native 3-before-real-direct PASS
native 4-after-synthetic-tiny-capture PASS
native 4-before-synthetic-tiny-capture PASS
native 4-after-synthetic-tiny-commit PASS
native 4-before-synthetic-tiny-commit PASS
native 4-after-synthetic-tiny-lifecycle PASS
native 4-before-synthetic-tiny-lifecycle PASS
native 4-after-synthetic-medium-capture PASS
native 4-before-synthetic-medium-capture PASS
native 4-after-synthetic-medium-commit PASS
native 4-before-synthetic-medium-commit PASS
native 4-after-synthetic-medium-lifecycle PASS
native 4-before-synthetic-medium-lifecycle PASS
native 4-after-synthetic-large-capture PASS
native 4-before-synthetic-large-capture PASS
native 4-after-synthetic-large-commit PASS
native 4-before-synthetic-large-commit PASS
native 4-after-synthetic-large-lifecycle PASS
native 4-before-synthetic-large-lifecycle PASS
native 4-after-synthetic-vendor-capture PASS
native 4-before-synthetic-vendor-capture PASS
native 4-after-synthetic-vendor-commit PASS
native 4-before-synthetic-vendor-commit PASS
native 4-after-synthetic-vendor-lifecycle PASS
native 4-before-synthetic-vendor-lifecycle PASS
native 4-after-synthetic-unicode-vendor-capture PASS
native 4-before-synthetic-unicode-vendor-capture PASS
native 4-after-synthetic-unicode-vendor-commit PASS
native 4-before-synthetic-unicode-vendor-commit PASS
native 4-after-synthetic-unicode-vendor-lifecycle PASS
native 4-before-synthetic-unicode-vendor-lifecycle PASS
native 4-after-synthetic-valid-4attr-capture PASS
native 4-before-synthetic-valid-4attr-capture PASS
native 4-after-synthetic-valid-4attr-commit PASS
native 4-before-synthetic-valid-4attr-commit PASS
native 4-after-synthetic-valid-4attr-lifecycle PASS
native 4-before-synthetic-valid-4attr-lifecycle PASS
native 4-after-real-direct PASS
native 4-before-real-direct PASS
native 5-before-synthetic-tiny-capture PASS
native 5-after-synthetic-tiny-capture PASS
native 5-before-synthetic-tiny-commit PASS
native 5-after-synthetic-tiny-commit PASS
native 5-before-synthetic-tiny-lifecycle PASS
native 5-after-synthetic-tiny-lifecycle PASS
native 5-before-synthetic-medium-capture PASS
native 5-after-synthetic-medium-capture PASS
native 5-before-synthetic-medium-commit PASS
native 5-after-synthetic-medium-commit PASS
native 5-before-synthetic-medium-lifecycle PASS
native 5-after-synthetic-medium-lifecycle PASS
native 5-before-synthetic-large-capture PASS
native 5-after-synthetic-large-capture PASS
native 5-before-synthetic-large-commit PASS
native 5-after-synthetic-large-commit PASS
native 5-before-synthetic-large-lifecycle PASS
native 5-after-synthetic-large-lifecycle PASS
native 5-before-synthetic-vendor-capture PASS
native 5-after-synthetic-vendor-capture PASS
native 5-before-synthetic-vendor-commit PASS
native 5-after-synthetic-vendor-commit PASS
native 5-before-synthetic-vendor-lifecycle PASS
native 5-after-synthetic-vendor-lifecycle PASS
native 5-before-synthetic-unicode-vendor-capture PASS
native 5-after-synthetic-unicode-vendor-capture PASS
native 5-before-synthetic-unicode-vendor-commit PASS
native 5-after-synthetic-unicode-vendor-commit PASS
native 5-before-synthetic-unicode-vendor-lifecycle PASS
native 5-after-synthetic-unicode-vendor-lifecycle PASS
native 5-before-synthetic-valid-4attr-capture PASS
native 5-after-synthetic-valid-4attr-capture PASS
native 5-before-synthetic-valid-4attr-commit PASS
native 5-after-synthetic-valid-4attr-commit PASS
native 5-before-synthetic-valid-4attr-lifecycle PASS
native 5-after-synthetic-valid-4attr-lifecycle PASS
native 5-before-real-direct PASS
native 5-after-real-direct PASS
0824 native PASS: 228 reports/6840 samples
