    Checking typenum v1.20.1
    Checking zeroize v1.9.0
    Checking cfg-if v1.0.4
    Checking serde_core v1.0.229
    Checking zerofrom v0.1.4
    Checking cpufeatures v0.3.1
    Checking cmov v0.5.4
    Checking stable_deref_trait v1.2.1
    Checking yoke v0.7.4
    Checking ctutils v0.4.2
    Checking libc v0.2.189
    Checking smallvec v1.16.0
    Checking const-oid v0.10.2
    Checking zerovec v0.10.4
    Checking hybrid-array v0.4.14
    Checking crossbeam-utils v0.8.22
    Checking memchr v2.8.3
    Checking crypto-common v0.2.2
    Checking block-buffer v0.12.1
    Checking rand_core v0.10.1
    Checking crossbeam-epoch v0.9.20
    Checking num-traits v0.2.19
    Checking crossbeam-deque v0.8.7
    Checking digest v0.11.3
    Checking zmij v1.0.19
    Checking serde v1.0.229
    Checking getrandom v0.4.3
    Checking chacha20 v0.10.2
    Checking tinystr v0.7.6
    Checking writeable v0.5.5
    Checking litemap v0.7.3
    Checking iana-time-zone v0.1.65
    Checking once_cell v1.21.4
    Checking itoa v1.0.18
    Checking chrono v0.4.45
    Checking icu_locid v1.5.0
    Checking rand v0.10.2
    Checking serde_json v1.0.149
    Checking thiserror v2.0.18
    Checking sha2 v0.11.0
    Checking rayon-core v1.13.0
    Checking zerocopy v0.8.56
    Checking base64 v0.22.1
    Checking either v1.18.0
    Checking fast-float2 v0.2.4
    Checking icu_provider v1.5.0
    Checking rayon v1.12.0
    Checking icu_locid_transform_data v1.5.1
    Checking block-padding v0.4.2
    Checking inout v0.2.2
    Checking icu_locid_transform v1.5.0
    Checking icu_properties_data v1.5.1
    Checking icu_collections v1.5.0
    Checking cipher v0.5.2
    Checking icu_properties v1.5.1
    Checking icu_normalizer_data v1.5.1
    Checking bitflags v2.13.1
    Checking quick-xml v0.41.0
    Checking encoding_rs v0.8.35
    Checking utf8_iter v1.0.4
    Checking write16 v1.0.0
    Checking fixedbitset v0.5.7
    Checking utf16_iter v1.0.5
    Checking linux-raw-sys v0.12.1
    Checking icu_normalizer v1.5.0
    Checking tinyvec_macros v0.1.1
    Checking zlib-rs v0.6.7
    Checking litchi-codepage v0.0.1 (/home/zhuhe/code/litchi/crates/litchi-codepage)
    Checking tinyvec v1.12.0
    Checking idna_adapter v1.2.0
    Checking rustix v1.1.4
    Checking getrandom v0.3.4
   Compiling xml-minifier-macros v0.1.0 (/home/zhuhe/code/litchi/crates/xml-minifier-macros)
    Checking litchi-core v0.0.1 (/home/zhuhe/code/litchi/crates/litchi-core)
    Checking crc32fast v1.5.1
    Checking flate2 v1.1.10
    Checking fastrand v2.5.0
    Checking debug_unsafe v0.1.4
    Checking cpubits v0.1.1
    Checking percent-encoding v2.3.2
    Checking soapberry-zip v0.0.1 (/home/zhuhe/code/litchi/crates/soapberry-zip)
    Checking form_urlencoded v1.2.2
    Checking aes v0.9.3
    Checking atoi_simd v0.18.1
    Checking tempfile v3.27.0
    Checking xml-minifier v0.1.0 (/home/zhuhe/code/litchi/crates/xml-minifier)
    Checking unicode-normalization v0.1.25
    Checking litchi-cfb v0.0.1 (/home/zhuhe/code/litchi/crates/litchi-cfb)
    Checking idna v1.1.0
    Checking cbc v0.2.1
    Checking rc4 v0.2.0
    Checking hmac v0.13.0
    Checking sha1 v0.11.0
    Checking subtle v2.6.1
    Checking caseless v0.2.2
    Checking url v2.5.8
    Checking ryu v1.0.22
    Checking litchi-sheet v0.0.1 (/home/zhuhe/code/litchi/crates/litchi-sheet)
    Checking litchi-opc v0.0.1 (/home/zhuhe/code/litchi/crates/litchi-opc)
    Checking litchi-ole-common v0.0.1 (/home/zhuhe/code/litchi/crates/litchi-ole-common)
    Checking litchi-vba v0.0.1 (/home/zhuhe/code/litchi/crates/litchi-vba)
    Checking litchi-crypto v0.0.1 (/home/zhuhe/code/litchi/crates/litchi-crypto)
    Checking litchi-ooxml-common v0.0.1 (/home/zhuhe/code/litchi/crates/litchi-ooxml-common)
    Checking litchi-drawingml v0.0.1 (/home/zhuhe/code/litchi/crates/litchi-drawingml)
error: module has the same name as its containing module
   --> crates/litchi-ooxml-common/src/mce/tests.rs:297:1
    |
297 | / mod tests {
298 | |     use super::*;
299 | |
300 | |     fn source_offset(xml: &[u8], needle: &[u8]) -> u32 {
...   |
670 | | }
    | |_^
    |
    = help: for further information visit https://rust-lang.github.io/rust-clippy/rust-1.98.0/index.html#module_inception
    = note: `-D clippy::module-inception` implied by `-D clippy::all`
    = help: to override `-D clippy::all` add `#[allow(clippy::module_inception)]`

error: could not compile `litchi-ooxml-common` (lib test) due to 1 previous error
warning: build failed, waiting for other jobs to finish...
