
/home/zhuhe/litchi-goal-0555-target/retained/candidate/normal:     file format elf64-x86-64


Disassembly of section .text:

0000000001fa9f20 <_ZN10litchi_cfb4file16OleFile$LT$R$GT$31validate_physical_sector_layout17h6ed39d904937106fE>:
 1fa9f20:	53                   	push   %rbx
 1fa9f21:	48 83 ec 40          	sub    $0x40,%rsp
 1fa9f25:	48 89 fb             	mov    %rdi,%rbx
 1fa9f28:	48 8b 86 88 00 00 00 	mov    0x88(%rsi),%rax
 1fa9f2f:	48 85 c0             	test   %rax,%rax
 1fa9f32:	74 1a                	je     1fa9f4e <_ZN10litchi_cfb4file16OleFile$LT$R$GT$31validate_physical_sector_layout17h6ed39d904937106fE+0x2e>
 1fa9f34:	48 8b 96 80 00 00 00 	mov    0x80(%rsi),%rdx
 1fa9f3b:	31 c9                	xor    %ecx,%ecx
 1fa9f3d:	0f 1f 00             	nopl   (%rax)
 1fa9f40:	80 3c 0a 01          	cmpb   $0x1,(%rdx,%rcx,1)
 1fa9f44:	74 43                	je     1fa9f89 <_ZN10litchi_cfb4file16OleFile$LT$R$GT$31validate_physical_sector_layout17h6ed39d904937106fE+0x69>
 1fa9f46:	48 ff c1             	inc    %rcx
 1fa9f49:	48 39 c8             	cmp    %rcx,%rax
 1fa9f4c:	75 f2                	jne    1fa9f40 <_ZN10litchi_cfb4file16OleFile$LT$R$GT$31validate_physical_sector_layout17h6ed39d904937106fE+0x20>
 1fa9f4e:	48 8b 4e 10          	mov    0x10(%rsi),%rcx
 1fa9f52:	48 39 c1             	cmp    %rax,%rcx
 1fa9f55:	73 25                	jae    1fa9f7c <_ZN10litchi_cfb4file16OleFile$LT$R$GT$31validate_physical_sector_layout17h6ed39d904937106fE+0x5c>
 1fa9f57:	48 89 0c 24          	mov    %rcx,(%rsp)
 1fa9f5b:	48 89 e0             	mov    %rsp,%rax
 1fa9f5e:	48 89 44 24 18       	mov    %rax,0x18(%rsp)
 1fa9f63:	48 8b 05 16 12 11 01 	mov    0x1111216(%rip),%rax        # 30bb180 <_DYNAMIC+0x588>
 1fa9f6a:	48 89 44 24 20       	mov    %rax,0x20(%rsp)
 1fa9f6f:	48 8d 7b 08          	lea    0x8(%rbx),%rdi
 1fa9f73:	48 8d 35 6e 2e 11 fe 	lea    -0x1eed192(%rip),%rsi        # bcde8 <anon.014c8679b72370fb6b5da1e074dd914f.114.llvm.14608447848585021679+0x10e>
 1fa9f7a:	eb 57                	jmp    1fa9fd3 <_ZN10litchi_cfb4file16OleFile$LT$R$GT$31validate_physical_sector_layout17h6ed39d904937106fE+0xb3>
 1fa9f7c:	48 c7 03 0b 00 00 00 	movq   $0xb,(%rbx)
 1fa9f83:	48 83 c4 40          	add    $0x40,%rsp
 1fa9f87:	5b                   	pop    %rbx
 1fa9f88:	c3                   	ret
 1fa9f89:	48 89 4c 24 10       	mov    %rcx,0x10(%rsp)
 1fa9f8e:	48 3b 4e 10          	cmp    0x10(%rsi),%rcx
 1fa9f92:	73 57                	jae    1fa9feb <_ZN10litchi_cfb4file16OleFile$LT$R$GT$31validate_physical_sector_layout17h6ed39d904937106fE+0xcb>
 1fa9f94:	48 8d 7b 08          	lea    0x8(%rbx),%rdi
 1fa9f98:	48 8b 46 08          	mov    0x8(%rsi),%rax
 1fa9f9c:	8b 04 88             	mov    (%rax,%rcx,4),%eax
 1fa9f9f:	89 04 24             	mov    %eax,(%rsp)
 1fa9fa2:	48 8d 44 24 10       	lea    0x10(%rsp),%rax
 1fa9fa7:	48 89 44 24 18       	mov    %rax,0x18(%rsp)
 1fa9fac:	48 8b 05 cd 11 11 01 	mov    0x11111cd(%rip),%rax        # 30bb180 <_DYNAMIC+0x588>
 1fa9fb3:	48 89 44 24 20       	mov    %rax,0x20(%rsp)
 1fa9fb8:	48 89 e0             	mov    %rsp,%rax
 1fa9fbb:	48 89 44 24 28       	mov    %rax,0x28(%rsp)
 1fa9fc0:	48 8b 05 99 11 11 01 	mov    0x1111199(%rip),%rax        # 30bb160 <_DYNAMIC+0x568>
 1fa9fc7:	48 89 44 24 30       	mov    %rax,0x30(%rsp)
 1fa9fcc:	48 8d 35 5a 81 43 fe 	lea    -0x1bc7ea6(%rip),%rsi        # 3e212d <anon.6dff197d2df2a358d1ce67c586f4855a.4.llvm.7440159666864992714+0x6fd>
 1fa9fd3:	48 8d 54 24 18       	lea    0x18(%rsp),%rdx
 1fa9fd8:	ff 15 22 12 11 01    	call   *0x1111222(%rip)        # 30bb200 <_DYNAMIC+0x608>
 1fa9fde:	48 c7 03 08 00 00 00 	movq   $0x8,(%rbx)
 1fa9fe5:	48 83 c4 40          	add    $0x40,%rsp
 1fa9fe9:	5b                   	pop    %rbx
 1fa9fea:	c3                   	ret
 1fa9feb:	48 8d 44 24 10       	lea    0x10(%rsp),%rax
 1fa9ff0:	48 89 04 24          	mov    %rax,(%rsp)
 1fa9ff4:	48 8b 05 85 11 11 01 	mov    0x1111185(%rip),%rax        # 30bb180 <_DYNAMIC+0x588>
 1fa9ffb:	48 89 44 24 08       	mov    %rax,0x8(%rsp)
 1faa000:	48 8d 7c 24 20       	lea    0x20(%rsp),%rdi
 1faa005:	48 8d 35 dc 2d 11 fe 	lea    -0x1eed224(%rip),%rsi        # bcde8 <anon.014c8679b72370fb6b5da1e074dd914f.114.llvm.14608447848585021679+0x10e>
 1faa00c:	48 89 e2             	mov    %rsp,%rdx
 1faa00f:	ff 15 eb 11 11 01    	call   *0x11111eb(%rip)        # 30bb200 <_DYNAMIC+0x608>
 1faa015:	8b 44 24 20          	mov    0x20(%rsp),%eax
 1faa019:	0f 10 44 24 30       	movups 0x30(%rsp),%xmm0
 1faa01e:	0f 11 43 18          	movups %xmm0,0x18(%rbx)
 1faa022:	0f 10 44 24 24       	movups 0x24(%rsp),%xmm0
 1faa027:	0f 11 43 0c          	movups %xmm0,0xc(%rbx)
 1faa02b:	89 43 08             	mov    %eax,0x8(%rbx)
 1faa02e:	48 c7 03 08 00 00 00 	movq   $0x8,(%rbx)
 1faa035:	48 83 c4 40          	add    $0x40,%rsp
 1faa039:	5b                   	pop    %rbx
 1faa03a:	c3                   	ret

Disassembly of section .init:

Disassembly of section .fini:

Disassembly of section .plt:
