
/home/zhuhe/litchi-goal-0555-target/retained/candidate/normal:     file format elf64-x86-64


Disassembly of section .text:

00000000027d56f0 <_ZN10litchi_cfb4file16OleFile$LT$R$GT$31validate_physical_sector_layout17h32d74b246e64e63aE>:
 27d56f0:	53                   	push   %rbx
 27d56f1:	48 83 ec 40          	sub    $0x40,%rsp
 27d56f5:	48 89 fb             	mov    %rdi,%rbx
 27d56f8:	48 8b 86 88 00 00 00 	mov    0x88(%rsi),%rax
 27d56ff:	48 85 c0             	test   %rax,%rax
 27d5702:	74 1a                	je     27d571e <_ZN10litchi_cfb4file16OleFile$LT$R$GT$31validate_physical_sector_layout17h32d74b246e64e63aE+0x2e>
 27d5704:	48 8b 96 80 00 00 00 	mov    0x80(%rsi),%rdx
 27d570b:	31 c9                	xor    %ecx,%ecx
 27d570d:	0f 1f 00             	nopl   (%rax)
 27d5710:	80 3c 0a 01          	cmpb   $0x1,(%rdx,%rcx,1)
 27d5714:	74 43                	je     27d5759 <_ZN10litchi_cfb4file16OleFile$LT$R$GT$31validate_physical_sector_layout17h32d74b246e64e63aE+0x69>
 27d5716:	48 ff c1             	inc    %rcx
 27d5719:	48 39 c8             	cmp    %rcx,%rax
 27d571c:	75 f2                	jne    27d5710 <_ZN10litchi_cfb4file16OleFile$LT$R$GT$31validate_physical_sector_layout17h32d74b246e64e63aE+0x20>
 27d571e:	48 8b 4e 10          	mov    0x10(%rsi),%rcx
 27d5722:	48 39 c1             	cmp    %rax,%rcx
 27d5725:	73 25                	jae    27d574c <_ZN10litchi_cfb4file16OleFile$LT$R$GT$31validate_physical_sector_layout17h32d74b246e64e63aE+0x5c>
 27d5727:	48 89 0c 24          	mov    %rcx,(%rsp)
 27d572b:	48 89 e0             	mov    %rsp,%rax
 27d572e:	48 89 44 24 18       	mov    %rax,0x18(%rsp)
 27d5733:	48 8b 05 46 5a 8e 00 	mov    0x8e5a46(%rip),%rax        # 30bb180 <_DYNAMIC+0x588>
 27d573a:	48 89 44 24 20       	mov    %rax,0x20(%rsp)
 27d573f:	48 8d 7b 08          	lea    0x8(%rbx),%rdi
 27d5743:	48 8d 35 9e 76 8e fd 	lea    -0x2718962(%rip),%rsi        # bcde8 <anon.014c8679b72370fb6b5da1e074dd914f.114.llvm.14608447848585021679+0x10e>
 27d574a:	eb 57                	jmp    27d57a3 <_ZN10litchi_cfb4file16OleFile$LT$R$GT$31validate_physical_sector_layout17h32d74b246e64e63aE+0xb3>
 27d574c:	48 c7 03 0b 00 00 00 	movq   $0xb,(%rbx)
 27d5753:	48 83 c4 40          	add    $0x40,%rsp
 27d5757:	5b                   	pop    %rbx
 27d5758:	c3                   	ret
 27d5759:	48 89 4c 24 10       	mov    %rcx,0x10(%rsp)
 27d575e:	48 3b 4e 10          	cmp    0x10(%rsi),%rcx
 27d5762:	73 57                	jae    27d57bb <_ZN10litchi_cfb4file16OleFile$LT$R$GT$31validate_physical_sector_layout17h32d74b246e64e63aE+0xcb>
 27d5764:	48 8d 7b 08          	lea    0x8(%rbx),%rdi
 27d5768:	48 8b 46 08          	mov    0x8(%rsi),%rax
 27d576c:	8b 04 88             	mov    (%rax,%rcx,4),%eax
 27d576f:	89 04 24             	mov    %eax,(%rsp)
 27d5772:	48 8d 44 24 10       	lea    0x10(%rsp),%rax
 27d5777:	48 89 44 24 18       	mov    %rax,0x18(%rsp)
 27d577c:	48 8b 05 fd 59 8e 00 	mov    0x8e59fd(%rip),%rax        # 30bb180 <_DYNAMIC+0x588>
 27d5783:	48 89 44 24 20       	mov    %rax,0x20(%rsp)
 27d5788:	48 89 e0             	mov    %rsp,%rax
 27d578b:	48 89 44 24 28       	mov    %rax,0x28(%rsp)
 27d5790:	48 8b 05 c9 59 8e 00 	mov    0x8e59c9(%rip),%rax        # 30bb160 <_DYNAMIC+0x568>
 27d5797:	48 89 44 24 30       	mov    %rax,0x30(%rsp)
 27d579c:	48 8d 35 cb eb c7 fd 	lea    -0x2381435(%rip),%rsi        # 45436e <anon.33e1a2cbdf7912c5eed91479188f7d51.564.llvm.10837711031071163743+0x773>
 27d57a3:	48 8d 54 24 18       	lea    0x18(%rsp),%rdx
 27d57a8:	ff 15 52 5a 8e 00    	call   *0x8e5a52(%rip)        # 30bb200 <_DYNAMIC+0x608>
 27d57ae:	48 c7 03 08 00 00 00 	movq   $0x8,(%rbx)
 27d57b5:	48 83 c4 40          	add    $0x40,%rsp
 27d57b9:	5b                   	pop    %rbx
 27d57ba:	c3                   	ret
 27d57bb:	48 8d 44 24 10       	lea    0x10(%rsp),%rax
 27d57c0:	48 89 04 24          	mov    %rax,(%rsp)
 27d57c4:	48 8b 05 b5 59 8e 00 	mov    0x8e59b5(%rip),%rax        # 30bb180 <_DYNAMIC+0x588>
 27d57cb:	48 89 44 24 08       	mov    %rax,0x8(%rsp)
 27d57d0:	48 8d 7c 24 20       	lea    0x20(%rsp),%rdi
 27d57d5:	48 8d 35 0c 76 8e fd 	lea    -0x27189f4(%rip),%rsi        # bcde8 <anon.014c8679b72370fb6b5da1e074dd914f.114.llvm.14608447848585021679+0x10e>
 27d57dc:	48 89 e2             	mov    %rsp,%rdx
 27d57df:	ff 15 1b 5a 8e 00    	call   *0x8e5a1b(%rip)        # 30bb200 <_DYNAMIC+0x608>
 27d57e5:	8b 44 24 20          	mov    0x20(%rsp),%eax
 27d57e9:	0f 10 44 24 30       	movups 0x30(%rsp),%xmm0
 27d57ee:	0f 11 43 18          	movups %xmm0,0x18(%rbx)
 27d57f2:	0f 10 44 24 24       	movups 0x24(%rsp),%xmm0
 27d57f7:	0f 11 43 0c          	movups %xmm0,0xc(%rbx)
 27d57fb:	89 43 08             	mov    %eax,0x8(%rbx)
 27d57fe:	48 c7 03 08 00 00 00 	movq   $0x8,(%rbx)
 27d5805:	48 83 c4 40          	add    $0x40,%rsp
 27d5809:	5b                   	pop    %rbx
 27d580a:	c3                   	ret

Disassembly of section .init:

Disassembly of section .fini:

Disassembly of section .plt:
