
/home/zhuhe/litchi-goal-0555-target/retained/candidate/normal:     file format elf64-x86-64


Disassembly of section .text:

0000000002832cd0 <_ZN10litchi_cfb4file16OleFile$LT$R$GT$31validate_physical_sector_layout17hc6d894f09f4e71e8E>:
 2832cd0:	53                   	push   %rbx
 2832cd1:	48 83 ec 40          	sub    $0x40,%rsp
 2832cd5:	48 89 fb             	mov    %rdi,%rbx
 2832cd8:	48 8b 86 88 00 00 00 	mov    0x88(%rsi),%rax
 2832cdf:	48 85 c0             	test   %rax,%rax
 2832ce2:	74 1a                	je     2832cfe <_ZN10litchi_cfb4file16OleFile$LT$R$GT$31validate_physical_sector_layout17hc6d894f09f4e71e8E+0x2e>
 2832ce4:	48 8b 96 80 00 00 00 	mov    0x80(%rsi),%rdx
 2832ceb:	31 c9                	xor    %ecx,%ecx
 2832ced:	0f 1f 00             	nopl   (%rax)
 2832cf0:	80 3c 0a 01          	cmpb   $0x1,(%rdx,%rcx,1)
 2832cf4:	74 43                	je     2832d39 <_ZN10litchi_cfb4file16OleFile$LT$R$GT$31validate_physical_sector_layout17hc6d894f09f4e71e8E+0x69>
 2832cf6:	48 ff c1             	inc    %rcx
 2832cf9:	48 39 c8             	cmp    %rcx,%rax
 2832cfc:	75 f2                	jne    2832cf0 <_ZN10litchi_cfb4file16OleFile$LT$R$GT$31validate_physical_sector_layout17hc6d894f09f4e71e8E+0x20>
 2832cfe:	48 8b 4e 10          	mov    0x10(%rsi),%rcx
 2832d02:	48 39 c1             	cmp    %rax,%rcx
 2832d05:	73 25                	jae    2832d2c <_ZN10litchi_cfb4file16OleFile$LT$R$GT$31validate_physical_sector_layout17hc6d894f09f4e71e8E+0x5c>
 2832d07:	48 89 0c 24          	mov    %rcx,(%rsp)
 2832d0b:	48 89 e0             	mov    %rsp,%rax
 2832d0e:	48 89 44 24 18       	mov    %rax,0x18(%rsp)
 2832d13:	48 8b 05 66 84 88 00 	mov    0x888466(%rip),%rax        # 30bb180 <_DYNAMIC+0x588>
 2832d1a:	48 89 44 24 20       	mov    %rax,0x20(%rsp)
 2832d1f:	48 8d 7b 08          	lea    0x8(%rbx),%rdi
 2832d23:	48 8d 35 be a0 88 fd 	lea    -0x2775f42(%rip),%rsi        # bcde8 <anon.014c8679b72370fb6b5da1e074dd914f.114.llvm.14608447848585021679+0x10e>
 2832d2a:	eb 57                	jmp    2832d83 <_ZN10litchi_cfb4file16OleFile$LT$R$GT$31validate_physical_sector_layout17hc6d894f09f4e71e8E+0xb3>
 2832d2c:	48 c7 03 0b 00 00 00 	movq   $0xb,(%rbx)
 2832d33:	48 83 c4 40          	add    $0x40,%rsp
 2832d37:	5b                   	pop    %rbx
 2832d38:	c3                   	ret
 2832d39:	48 89 4c 24 10       	mov    %rcx,0x10(%rsp)
 2832d3e:	48 3b 4e 10          	cmp    0x10(%rsi),%rcx
 2832d42:	73 57                	jae    2832d9b <_ZN10litchi_cfb4file16OleFile$LT$R$GT$31validate_physical_sector_layout17hc6d894f09f4e71e8E+0xcb>
 2832d44:	48 8d 7b 08          	lea    0x8(%rbx),%rdi
 2832d48:	48 8b 46 08          	mov    0x8(%rsi),%rax
 2832d4c:	8b 04 88             	mov    (%rax,%rcx,4),%eax
 2832d4f:	89 04 24             	mov    %eax,(%rsp)
 2832d52:	48 8d 44 24 10       	lea    0x10(%rsp),%rax
 2832d57:	48 89 44 24 18       	mov    %rax,0x18(%rsp)
 2832d5c:	48 8b 05 1d 84 88 00 	mov    0x88841d(%rip),%rax        # 30bb180 <_DYNAMIC+0x588>
 2832d63:	48 89 44 24 20       	mov    %rax,0x20(%rsp)
 2832d68:	48 89 e0             	mov    %rsp,%rax
 2832d6b:	48 89 44 24 28       	mov    %rax,0x28(%rsp)
 2832d70:	48 8b 05 e9 83 88 00 	mov    0x8883e9(%rip),%rax        # 30bb160 <_DYNAMIC+0x568>
 2832d77:	48 89 44 24 30       	mov    %rax,0x30(%rsp)
 2832d7c:	48 8d 35 5b 65 c2 fd 	lea    -0x23d9aa5(%rip),%rsi        # 4592de <anon.014c8679b72370fb6b5da1e074dd914f.108.llvm.14608447848585021679+0x843>
 2832d83:	48 8d 54 24 18       	lea    0x18(%rsp),%rdx
 2832d88:	ff 15 72 84 88 00    	call   *0x888472(%rip)        # 30bb200 <_DYNAMIC+0x608>
 2832d8e:	48 c7 03 08 00 00 00 	movq   $0x8,(%rbx)
 2832d95:	48 83 c4 40          	add    $0x40,%rsp
 2832d99:	5b                   	pop    %rbx
 2832d9a:	c3                   	ret
 2832d9b:	48 8d 44 24 10       	lea    0x10(%rsp),%rax
 2832da0:	48 89 04 24          	mov    %rax,(%rsp)
 2832da4:	48 8b 05 d5 83 88 00 	mov    0x8883d5(%rip),%rax        # 30bb180 <_DYNAMIC+0x588>
 2832dab:	48 89 44 24 08       	mov    %rax,0x8(%rsp)
 2832db0:	48 8d 7c 24 20       	lea    0x20(%rsp),%rdi
 2832db5:	48 8d 35 2c a0 88 fd 	lea    -0x2775fd4(%rip),%rsi        # bcde8 <anon.014c8679b72370fb6b5da1e074dd914f.114.llvm.14608447848585021679+0x10e>
 2832dbc:	48 89 e2             	mov    %rsp,%rdx
 2832dbf:	ff 15 3b 84 88 00    	call   *0x88843b(%rip)        # 30bb200 <_DYNAMIC+0x608>
 2832dc5:	8b 44 24 20          	mov    0x20(%rsp),%eax
 2832dc9:	0f 10 44 24 30       	movups 0x30(%rsp),%xmm0
 2832dce:	0f 11 43 18          	movups %xmm0,0x18(%rbx)
 2832dd2:	0f 10 44 24 24       	movups 0x24(%rsp),%xmm0
 2832dd7:	0f 11 43 0c          	movups %xmm0,0xc(%rbx)
 2832ddb:	89 43 08             	mov    %eax,0x8(%rbx)
 2832dde:	48 c7 03 08 00 00 00 	movq   $0x8,(%rbx)
 2832de5:	48 83 c4 40          	add    $0x40,%rsp
 2832de9:	5b                   	pop    %rbx
 2832dea:	c3                   	ret

Disassembly of section .init:

Disassembly of section .fini:

Disassembly of section .plt:
