allocation before doc-tiny 0 PASS
allocation after doc-tiny 0 PASS
allocation before doc-large 0 PASS
allocation after doc-large 0 PASS
allocation before doc-payload 0 PASS
allocation after doc-payload 0 PASS
allocation before cfb-tiny 0 PASS
allocation after cfb-tiny 0 PASS
allocation before cfb-large 0 PASS
allocation after cfb-large 0 PASS
allocation before cfb-large-only 0 PASS
allocation after cfb-large-only 0 PASS
allocation before cfb-mini-only 0 PASS
allocation after cfb-mini-only 0 PASS
allocation before cfb-v4 0 PASS
allocation after cfb-v4 0 PASS
allocation before cfb-difat 0 PASS
allocation after cfb-difat 0 PASS
allocation after cfb-difat 1 PASS
allocation before cfb-difat 1 PASS
allocation after cfb-v4 1 PASS
allocation before cfb-v4 1 PASS
allocation after cfb-mini-only 1 PASS
allocation before cfb-mini-only 1 PASS
allocation after cfb-large-only 1 PASS
allocation before cfb-large-only 1 PASS
allocation after cfb-large 1 PASS
allocation before cfb-large 1 PASS
allocation after cfb-tiny 1 PASS
allocation before cfb-tiny 1 PASS
allocation after doc-payload 1 PASS
allocation before doc-payload 1 PASS
allocation after doc-large 1 PASS
allocation before doc-large 1 PASS
allocation after doc-tiny 1 PASS
allocation before doc-tiny 1 PASS
allocation before doc-tiny 2 PASS
allocation after doc-tiny 2 PASS
allocation before doc-large 2 PASS
allocation after doc-large 2 PASS
allocation before doc-payload 2 PASS
allocation after doc-payload 2 PASS
allocation before cfb-tiny 2 PASS
allocation after cfb-tiny 2 PASS
allocation before cfb-large 2 PASS
allocation after cfb-large 2 PASS
allocation before cfb-large-only 2 PASS
allocation after cfb-large-only 2 PASS
allocation before cfb-mini-only 2 PASS
allocation after cfb-mini-only 2 PASS
allocation before cfb-v4 2 PASS
allocation after cfb-v4 2 PASS
allocation before cfb-difat 2 PASS
allocation after cfb-difat 2 PASS
allocation after cfb-difat 3 PASS
allocation before cfb-difat 3 PASS
allocation after cfb-v4 3 PASS
allocation before cfb-v4 3 PASS
allocation after cfb-mini-only 3 PASS
allocation before cfb-mini-only 3 PASS
allocation after cfb-large-only 3 PASS
allocation before cfb-large-only 3 PASS
allocation after cfb-large 3 PASS
allocation before cfb-large 3 PASS
allocation after cfb-tiny 3 PASS
allocation before cfb-tiny 3 PASS
allocation after doc-payload 3 PASS
allocation before doc-payload 3 PASS
allocation after doc-large 3 PASS
allocation before doc-large 3 PASS
allocation after doc-tiny 3 PASS
allocation before doc-tiny 3 PASS
allocation before doc-tiny 4 PASS
allocation after doc-tiny 4 PASS
allocation before doc-large 4 PASS
allocation after doc-large 4 PASS
allocation before doc-payload 4 PASS
allocation after doc-payload 4 PASS
allocation before cfb-tiny 4 PASS
allocation after cfb-tiny 4 PASS
allocation before cfb-large 4 PASS
allocation after cfb-large 4 PASS
allocation before cfb-large-only 4 PASS
allocation after cfb-large-only 4 PASS
allocation before cfb-mini-only 4 PASS
allocation after cfb-mini-only 4 PASS
allocation before cfb-v4 4 PASS
allocation after cfb-v4 4 PASS
allocation before cfb-difat 4 PASS
allocation after cfb-difat 4 PASS
allocation after cfb-difat 5 PASS
allocation before cfb-difat 5 PASS
allocation after cfb-v4 5 PASS
allocation before cfb-v4 5 PASS
allocation after cfb-mini-only 5 PASS
allocation before cfb-mini-only 5 PASS
allocation after cfb-large-only 5 PASS
allocation before cfb-large-only 5 PASS
allocation after cfb-large 5 PASS
allocation before cfb-large 5 PASS
allocation after cfb-tiny 5 PASS
allocation before cfb-tiny 5 PASS
allocation after doc-payload 5 PASS
allocation before doc-payload 5 PASS
allocation after doc-large 5 PASS
allocation before doc-large 5 PASS
allocation after doc-tiny 5 PASS
allocation before doc-tiny 5 PASS
